03-27 15:45:32.325 1947-2718/? I/GsaVoiceInteractionSrv: disregardVoiceMatch: false
03-27 15:45:32.325 1947-2718/? I/GsaVoiceInteractionSrv: Cannot start hotword, hotword has been explicitly disabled.
03-27 15:45:32.326 672-2070/? D/CoreBackPreview: Window{69317b6 u0 com.example/com.example.MainActivity}: Setting back callback null
03-27 15:45:32.326 672-2765/? W/InputManager-JNI: Input channel object '69317b6 com.example/com.example.MainActivity (client)' was disposed without first being removed with the input manager!
03-27 15:45:32.329 482-520/? W/TransactionTracing: Could not find layer handle 0x7321fa2548d0
03-27 15:45:32.329 482-520/? W/TransactionTracing: Could not find layer handle 0x7321fa257630
03-27 15:45:32.334 672-704/? W/InputManager-JNI: Input channel object '2ebf911 Splash Screen com.example.test (client)' was disposed without first being removed with the input manager!
03-27 15:45:32.337 2141-2141/? W/A: Can't get WAA status for Mavatar!
03-27 15:45:32.337 2141-2141/? W/A: java.lang.NullPointerException: Attempt to invoke virtual method 'java.lang.Class java.lang.Object.getClass()' on a null object reference
03-27 15:45:32.337 2141-2141/? W/A: 	at com.google.apps.tiktok.dataservice.z.b(PG:1)
03-27 15:45:32.337 2141-2141/? W/A: 	at com.google.apps.tiktok.dataservice.at.a(PG:1)
03-27 15:45:32.337 2141-2141/? W/A: 	at com.google.apps.tiktok.tracing.ec.a(PG:2)
03-27 15:45:32.337 2141-2141/? W/A: 	at com.google.common.util.concurrent.aj.a(PG:2)
03-27 15:45:32.337 2141-2141/? W/A: 	at com.google.common.util.concurrent.ac.apply(PG:1)
03-27 15:45:32.337 2141-2141/? W/A: 	at com.google.common.util.concurrent.h.e(PG:2)
03-27 15:45:32.337 2141-2141/? W/A: 	at com.google.common.util.concurrent.j.run(PG:9)
03-27 15:45:32.337 2141-2141/? W/A: 	at com.google.common.util.concurrent.bf.execute(PG:1)
03-27 15:45:32.337 2141-2141/? W/A: 	at com.google.common.util.concurrent.d.i(PG:1)
03-27 15:45:32.337 2141-2141/? W/A: 	at com.google.common.util.concurrent.d.l(PG:12)
03-27 15:45:32.337 2141-2141/? W/A: 	at com.google.common.util.concurrent.d.n(PG:2)
03-27 15:45:32.337 2141-2141/? W/A: 	at com.google.common.util.concurrent.i.f(PG:1)
03-27 15:45:32.337 2141-2141/? W/A: 	at com.google.common.util.concurrent.j.run(PG:12)
03-27 15:45:32.337 2141-2141/? W/A: 	at com.google.android.libraries.i.ae.run(PG:1)
03-27 15:45:32.337 2141-2141/? W/A: 	at java.util.concurrent.ThreadPoolExecutor.runWorker(ThreadPoolExecutor.java:1137)
03-27 15:45:32.337 2141-2141/? W/A: 	at java.util.concurrent.ThreadPoolExecutor$Worker.run(ThreadPoolExecutor.java:637)
03-27 15:45:32.337 2141-2141/? W/A: 	at com.google.android.libraries.i.k.run(PG:2)
03-27 15:45:32.337 2141-2141/? W/A: 	at com.google.android.libraries.i.p.run(PG:4)
03-27 15:45:32.337 2141-2141/? W/A: 	at java.lang.Thread.run(Thread.java:1012)
03-27 15:45:32.349 482-520/? W/TransactionTracing: Could not find layer handle 0x7321fa2583b0
03-27 15:45:32.349 482-520/? W/TransactionTracing: Could not find layer handle 0x7321fa2578d0
03-27 15:45:32.349 482-520/? W/TransactionTracing: Could not find layer handle 0x7321fa2589b0
03-27 15:45:32.349 482-520/? W/TransactionTracing: Could not find layer handle 0x7321fa2589b0
03-27 15:45:32.351 672-983/? D/CoreBackPreview: Window{c8f2714 u0 com.example.test/androidx.test.core.app.InstrumentationActivityInvoker$EmptyActivity}: Setting back callback null
03-27 15:45:32.352 1668-1668/? I/GoogleInputMethodService: GoogleInputMethodService.onFinishInput():3220 
03-27 15:45:32.352 672-2765/? W/InputManager-JNI: Input channel object 'c8f2714 com.example.test/androidx.test.core.app.InstrumentationActivityInvoker$EmptyActivity (client)' was disposed without first being removed with the input manager!
03-27 15:45:32.352 1668-1668/? I/GoogleInputMethodService: GoogleInputMethodService.updateDeviceLockedStatus():2114 repeatCheckTimes = 0, unlocked = true
03-27 15:45:32.352 1668-1668/? I/GoogleInputMethodService: GoogleInputMethodService.onStartInput():1919 onStartInput(EditorInfo{inputType=0x0(NULL) imeOptions=0x0 privateImeOptions=null actionName=UNSPECIFIED actionLabel=null actionId=0 initialSelStart=-1 initialSelEnd=-1 initialCapsMode=0x0 hintText=null label=null packageName=com.google.android.apps.nexuslauncher fieldId=-1 fieldName=null extras=null}, false)
03-27 15:45:32.355 1668-1668/? I/GoogleInputMethodService: GoogleInputMethodService.up
03-27 15:45:32.355 1668-1668/? I/GoogleInputMethodService: dateDeviceLockedStatus():2114 repeatCheckTimes = 2, unlocked = true
03-27 15:45:32.365 482-520/? W/TransactionTracing: Could not find layer handle 0x7321fa2587d0
03-27 15:45:32.365 482-520/? W/TransactionTracing: Could not find layer handle 0x7321fa257930
03-27 15:45:32.366 482-520/? W/TransactionTracing: Could not find layer id -1
03-27 15:45:32.366 482-520/? W/TransactionTracing: Could not find layer id -1
03-27 15:45:32.367 902-1191/? D/EGL_emulation: app_time_stats: avg=2651.50ms min=218.70ms max=5084.30ms count=2
03-27 15:45:32.367 672-805/? W/WindowManager: Failed looking up window session=Session{d160504 902:u0a10142} callers=com.android.server.wm.WindowManagerService.windowForClientLocked:5972 com.android.server.wm.WindowManagerService.relayoutWindow:2264 com.android.server.wm.Session.relayout:253 
03-27 15:45:32.369 672-805/? W/WindowManager: Failed looking up window session=Session{d160504 902:u0a10142} callers=com.android.server.wm.WindowManagerService.windowForClientLocked:5972 com.android.server.wm.Session.setOnBackInvokedCallbackInfo:943 android.view.IWindowSession$Stub.onTransact:1180 
03-27 15:45:32.369 672-805/? E/WindowManager: setOnBackInvokedCallback(): No window state for package:com.android.systemui
03-27 15:45:32.369 672-2070/? W/WindowManager: Failed looking up window session=Session{d160504 902:u0a10142} callers=com.android.server.wm.WindowManagerService.windowForClientLocked:5972 com.android.server.wm.WindowManagerService.removeWindow:2047 com.android.server.wm.Session.remove:230 
03-27 15:45:32.370 26872-26893/? I/TestRunner: run finished: 1 tests, 0 failed, 0 ignored
03-27 15:45:32.375 672-2070/? I/ActivityManager: Force stopping com.example appid=10181 user=0: finished inst
03-27 15:45:32.376 672-2070/? I/ActivityManager: Killing 26872:com.example/u0a181 (adj 0): stop com.example due to finished inst
03-27 15:45:32.377 26897-26927/? I/MPEG4Writer: setStartTimestampUs: 4151955884
03-27 15:45:32.377 26852-26852/? I/app_process: System.exit called, status: 0
03-27 15:45:32.377 26852-26852/? I/AndroidRuntime: VM exiting with result code 0.
03-27 15:45:32.380 482-520/? W/TransactionTracing: Could not find layer id -1
03-27 15:45:32.380 482-520/? W/TransactionTracing: Could not find layer id -1
03-27 15:45:32.382 26897-26919/? W/GraphicBufferSource: released unpopulated slots: [4, 5, 6, 7, 8, 9, 10, 11, 12, 13, 14, 15, 16, 17, 18, 19, 20, 21, 22, 23, 24, 25, 26, 27, 28, 29, 30, 31, 32, 33, 34, 35, 36, 37, 38, 39, 40, 41, 42, 43, 44, 45, 46, 47, 48, 49, 50, 51, 52, 53, 54, 55, 56, 57, 58, 59, 60, 61, 62, 63]
03-27 15:45:32.390 26897-26912/? D/PipelineWatcher: onInputBufferReleased: frameIndex not found (29); ignored
03-27 15:45:32.396 26897-26897/? D/MPEG4Writer: reset()
03-27 15:45:32.396 26897-26897/? D/MPEG4Writer: Video track stopping. Stop source
03-27 15:45:32.396 26897-26926/? V/MediaWriter: Track event err/info msg:101, trackId:1, type:1000,val:-1011
03-27 15:45:32.396 26897-26897/? D/MPEG4Writer: Video track source stopping
03-27 15:45:32.396 26897-26897/? D/MPEG4Writer: Video track source stopped
03-27 15:45:32.396 26897-26927/? V/MediaWriter: Track event err/info msg:101, trackId:2, type:1000,val:
03-27 15:45:32.396 26897-26927/? V/MediaWriter: -1011
03-27 15:45:32.396 26897-26927/? W/MPEG4Writer: 0-duration samples found: 1
03-27 15:45:32.396 26897-26926/? I/MPEG4Writer: Received total/0-length (28/0) buffers and encoded 28 frames. - Video
03-27 15:45:32.396 26897-26927/? I/MPEG4Writer: Received total/0-length (1/0) buffers and encoded 1 frames. - Metadata
03-27 15:45:32.396 26897-26897/? D/MPEG4Writer: Video track stopped. Status:0. Stop source
03-27 15:45:32.397 26897-26897/? D/MPEG4Writer: Metadata track stopping. Stop source
03-27 15:45:32.397 26897-26897/? D/MPEG4Writer: Metadata track source stopping
03-27 15:45:32.397 26897-26897/? D/MPEG4Writer: Metadata track source stopped
03-27 15:45:32.397 26897-26897/? D/MPEG4Writer: Metadata track stopped. Status:0. Stop source
03-27 15:45:32.397 26897-26897/? D/MPEG4Writer: Duration from tracks range is [0, 5220530] us
03-27 15:45:32.397 26897-26924/? D/MPEG4Writer: 0 chunks are written in the last batch
03-27 15:45:32.397 26897-26897/? D/MPEG4Writer: WriterThread stopped. Status:0
03-27 15:45:32.397 26897-26897/? I/MPEG4Writer: Adjust the moov start time from 4151955884 us -> 4151955884 us
03-27 15:45:32.397 26897-26897/? I/MPEG4Writer: MOOV atom was written to the file
03-27 15:45:32.397 26897-26897/? D/MPEG4Writer: release()
03-27 15:45:32.397 26897-26897/? D/MPEG4Writer: ftruncate mPreAllocateFileEndOffset:57051 mOffset:1548 mMdatEndOffset:54495 diff:2556
03-27 15:45:32.399 26897-26897/? D/MPEG4Writer: final fsync() takes 1 ms, file size 54495
03-27 15:45:32.399 26897-26897/? D/MPEG4Writer: MP4WtrCtrlHlpLooper stopped
03-27 15:45:32.399 26897-26897/? D/MPEG4Writer: Top 5 write durations(microseconds): #1:5 #2:19 #3:165 #4:246 #5:413
03-27 15:45:32.400 672-2070/? W/ActivityTaskManager: takeTaskSnapshot: taskId=187 not found or not visible
03-27 15:45:32.400 26897-26906/? I/hw-BpHwBinder: onLastStrongRef automatically unlinking death recipients
03-27 15:45:32.400 578-1078/? I/hw-BpHwBinder: onLastStrongRef automatically unlinking death recipients
03-27 15:45:32.400 578-1078/? I/hw-BpHwBinder: onLastStrongRef automatically unlinking death recipients
03-27 15:45:32.400 672-2070/? W/ActivityTaskManager: takeTaskSnapshot: taskId=188 not found or not visible
03-27 15:45:32.401 578-1078/? V/C2Store: in ~ComponentModule
03-27 15:45:32.401 578-1078/? V/C2Store: unloading dll
03-27 15:45:32.404 672-805/? V/ActivityManager: Got obituary of 26872:com.example
03-27 15:45:32.405 672-704/? W/ActivityManager: setHasOverlayUi called on unknown pid: 26872
03-27 15:29:25.223 0-0/? I/binder: undelivered TRANSACTION_COMPLETE
03-27 15:29:25.224 0-0/? I/binder: undelivered transaction 879260, process died.
03-27 15:29:25.224 0-0/? I/binder: undelivered transaction 879264, process died.
03-27 15:29:25.225 0-0/? I/binder: undelivered transaction 879244, process died.
03-27 15:45:32.406 429-429/? I/Zygote: Process 26872 exited due to signal 9 (Killed)
03-27 15:45:32.408 672-714/? I/libprocessgroup: Successfully killed process cgroup uid 10181 pid 26872 in 31ms
03-27 15:45:32.418 1876-3215/? I/MediaProvider: Begin Intent { act=android.intent.action.MEDIA_SCANNER_SCAN_FILE dat=file:///... flg=0x1400010 cmp=com.google.android.providers.media.module/com.android.providers.media.MediaService }
03-27 15:45:32.418 26897-26897/? D/ScreenRecord: success
03-27 15:45:32.420 26897-26897/? I/BpBinder: onLastStrongRef automatically unlinking death recipients: <uncached descriptor>
03-27 15:45:32.420 26897-26897/? I/BpBinder: onLastStrongRef automatically unlinking death recipients: <uncached descriptor>
03-27 15:45:32.421 578-1077/? D/BufferPoolAccessor2.0: Destruction - bufferpool2 0x753898b01a38 cached: 0/0M, 0/0% in use; allocs: 29, 97% recycled; transfers: 29, 97% unfetched
03-27 15:45:32.429 482-520/? W/TransactionTracing: Could not find layer id -1
03-27 15:45:32.439 1876-3215/? V/MediaProvider: Inserted id:1000000103 less than next row id backup:1000001000.
03-27 15:45:32.440 1876-3215/? I/MediaProvider: End Intent { act=android.intent.action.MEDIA_SCANNER_SCAN_FILE dat=file:///... flg=0x1400010 cmp=com.google.android.providers.media.module/com.android.providers.media.MediaService }
03-27 15:45:32.455 1394-14480/? I/NetworkScheduler.Stats: Task com.google.android.gms/com.google.android.gms.ipa.base.IpaGcmTaskService started execution. cause:9 exec_start_elapsed_seconds: 4157 [CONTEXT service_id=218 ]
03-27 15:45:32.458 1394-25328/? I/NetworkScheduler.Stats: Task com.google.android.gms/com.google.android.gms.ipa.base.IpaGcmTaskService finished executing. cause:9 result: 1 elapsed_millis: 7 uptime_millis: 7 exec_start_elapsed_seconds: 4157 [CONTEXT service_id=218 ]
03-27 15:45:32.713 482-520/? W/TransactionTracing: Could not find layer handle 0x7321fa2580b0
03-27 15:45:32.713 482-520/? W/TransactionTracing: Could not find layer id -1
03-27 15:45:32.713 482-520/? W/TransactionTracing: Could not find layer id -1
03-27 15:45:32.713 482-520/? W/TransactionTracing: Could not find layer id -1
03-27 15:45:32.713 482-520/? W/TransactionTracing: [ 03-27 15:45:32.714   482:  520 W/TransactionTr
03-27 15:45:32.713 482-520/? W/TransactionTracing: acing ]
03-27 15:45:32.713 482-520/? W/TransactionTracing: Could not find layer id -1
03-27 15:45:32.714 482-520/? W/TransactionTracing: Could not find layer id -1
03-27 15:45:32.714 482-520/? W/TransactionTracing: Could not find layer id -1
03-27 15:45:32.714 482-520/? W/TransactionTracing: Could not find layer id -1
03-27 15:45:33.009 1876-1995/? I/MediaProvider: Deleted 0 0 0 1 0 0 0 items on external_primary due to com.android.shell
