03-27 15:45:41.301 428-27509/? I/resolv: GetAddrInfoHandler::run: {101 101 101 983141 10181 0}
03-27 15:45:41.320 27483-27504/? W/FileTestStorage: Output properties is not supported.
03-27 15:45:41.320 27483-27504/? I/Tracing: Tracer added: class androidx.test.platform.tracing.AndroidXTracer
03-27 15:45:41.326 27483-27504/? D/EventInjectionStrategy: Creating injection strategy with input manager.
03-27 15:45:41.326 27483-27504/? W/com.example: Accessing hidden method Landroid/hardware/input/InputManager;->getInstance()Landroid/hardware/input/InputManager; (unsupported, reflection, allowed)
03-27 15:45:41.326 27483-27504/? W/com.example: Accessing hidden method Landroid/hardware/input/InputManager;->injectInputEvent(Landroid/view/InputEvent;I)Z (unsupported, reflection, allo
03-27 15:45:41.326 27483-27504/? W/com.example: wed)
03-27 15:45:41.326 27483-27504/? W/com.example: Accessing hidden field Landroid/hardware/input/InputManager;->INJECT_INPUT_EVENT_MODE_WAIT_FOR_FINISH:I (unsupported, reflection, allowed)
03-27 15:45:41.338 27483-27504/? W/Settings: Setting always_finish_activities has moved from android.provider.Settings.System to android.provider.Settings.Global, returning read-only value.
03-27 15:45:41.342 1876-1995/? W/MediaProvider: isAppCloneUserPair for user 0: false
03-27 15:45:41.343 1876-1995/? V/MediaProvider: Inserted id:1000000106 less than next row id backup:1000001000.
03-27 15:45:41.343 672-763/? I/ActivityTaskManager: START u0 {act=android.intent.action.MAIN cat=[android.intent.category.LAUNCHER] flg=0x10008000 cmp=com.example/.MainActivity} from uid 10181
03-27 15:45:41.344 672-763/? D/CompatibilityChangeReporter: Compat change id reported: 194480991; UID 10181; state: ENABLED
03-27 15:45:41.346 672-763/? D/CompatibilityChangeReporter: Compat change id reported: 174042980; UID 10181; state: DISABLED
03-27 15:45:41.346 672-763/? D/CompatibilityChangeReporter: Compat change id reported: 184838306; UID 10181; state: DISABLED
03-27 15:45:41.346 672-763/? D/CompatibilityChangeReporter: Compat change id reported: 185004937; UID 10181; state: DISABLED
03-27 15:45:41.346 672-763/? D/CompatibilityChangeReporter: Compat change id reported: 181136395; UID 10181; state: DISABLED
03-27 15:45:41.347 672-763/? D/CompatibilityChangeReporter: Compat change id reported: 174042936; UID 10181; state: DISABLED
03-27 15:45:41.347 27508-27508/? D/MediaCodecList: codecHandlesFormat: no format, so no extra checks
03-27 15:45:41.347 672-763/? D/CompatibilityChangeReporter: Compat change id reported: 197654537; UID 10181; state: ENABLED
03-27 15:45:41.348 672-763/? V/SplashScreenExceptionList: SplashScreen checking exception for package com.example (target sdk:33) -> false
03-27 15:45:41.348 672-763/? D/CompatibilityChangeReporter: Compat change id reported: 205907456; UID 10181; state: ENABLED
03-27 15:45:41.349 27508-27513/? D/CCodec: allocate(c2.android.avc.encoder)
03-27 15:45:41.350 27508-27513/? I/Codec2Client: Available Codec2 services: "default" "software"
03-27 15:45:41.353 672-763/? D/CompatibilityChangeReporter: Compat change id reported: 194833441; UID 10181; state: ENABLED
03-27 15:45:41.353 902-1083/? D/SplashScreenView: Build android.window.SplashScreenView{f0931c4 V.E...... ......ID 0,0-0,0}
03-27 15:45:41.353 902-1083/? D/SplashScreenView: Icon: view: null drawable: null size: 0
03-27 15:45:41.353 902-1083/? D/SplashScreenView: Branding: view: android.view.View{5ac18ad G.ED..... ......I. 0,0-0,0 #10204db android:id/splashscreen_branding_view} drawable: null size w: 0 h: 0
03-27 15:45:41.359 672-2376/? D/CoreBackPreview: Window{1dc16b u0 Splash Screen com.example}: Setting back callback OnBackInvokedCallbackInfo{mCallback=android.window.IOnBackInvokedCallback$Stub$Proxy@220c961, mPriority=0}
03-27 15:45:41.362 672-711/? D/IntervalStats: Unable to parse usage stats packages: [186, 187, 188, 189]
03-27 15:45:41.362 672-711/? D/IntervalStats: Unable to parse event packages: [188, 189]
03-27 15:45:41.367 450-484/? D/goldfish-address-space: claimShared: Ask to claim region [0x3ea848000 0x3eb16e000]
03-27 15:45:41.372 1394-14480/? I/NetworkScheduler.Stats: Task com.google.android.gms/com.google.android.gms.ipa.base.IpaGcmTaskService started execution. cause:9 exec_start_elapsed_seconds: 4166 [CONTEXT service_id=218 ]
03-27 15:45:41.376 1394-25328/? I/NetworkScheduler.Stats: Task com.google.android.gms/com.google.android.gms.ipa.base.IpaGcmTaskSer
03-27 15:45:41.376 1394-25328/? I/NetworkScheduler.Stats: vice finished executing. cause:9 result: 1 elapsed_millis: 12 uptime_millis: 12 exec_start_elapsed_seconds: 4166 [CONTEXT service_id=218 ]
03-27 15:45:41.377 27508-27513/? I/CCodec: setting up 'default' as default (vendor) store
03-27 15:45:41.377 27483-27517/? D/libEGL: loaded /vendor/lib64/egl/libEGL_emulation.so
03-27 15:45:41.378 27483-27483/? D/LifecycleMonitor: Lifecycle status change: com.example.MainActivity@dbbe86d in: PRE_ON_CREATE
03-27 15:45:41.379 27483-27517/? D/libEGL: loaded /vendor/lib64/egl/libGLESv1_CM_emulation.so
03-27 15:45:41.379 27483-27483/? V/ActivityScenario: Activity lifecycle changed event received but ignored because the reported transition was not ON_CREATE while the last known transition was PRE_ON_CREATE
03-27 15:45:41.380 27483-27517/? D/libEGL: loaded /vendor/lib64/egl/libGLESv2_emulation.so
03-27 15:45:41.382 578-1078/? V/C2Store: in init
03-27 15:45:41.382 578-1078/? V/C2Store: loading dll
03-27 15:45:41.383 450-484/? D/goldfish-address-space: claimShared: Ask to claim region [0x3e8926000 0x3e924c000]
03-27 15:45:41.383 578-1078/? I/mediaswcodec: missing struct descriptor #Param::CoreIndex(--004) for field values of struct #Param::CoreIndex(F-12004)
03-27 15:45:41.383 578-1078/? I/mediaswcodec: missing struct descriptor #Param::CoreIndex(--1812) for field values of struct #Param::CoreIndex(F-11812)
03-27 15:45:41.383 578-1078/? I/mediaswcodec: missing struct descriptor #Param::CoreIndex(--004) for field values of struct #Param::CoreIndex(F-12004)
03-27 15:45:41.383 578-1078/? I/mediaswcodec: missing struct descriptor #Param::CoreIndex(--1812) for field values of struct #Param::CoreIndex(F-11812)
03-27 15:45:41.384 450-484/? D/goldfish-address-space: claimShared: Ask to claim region [0x3e924c000 0x3e9b72000]
03-27 15:45:41.384 27508-27513/? I/CCodec: Created component [c2.android.avc.encoder]
03-27 15:45:41.384 902-1191/? W/Parcel: Expecting binder but got null!
03-27 15:45:41.385 27508-27513/? D/CCodecConfig: read media type: video/avc
03-27 15:45:41.388 27508-27513/? D/ReflectedParamUpdater: extent() != 1 for single value type: algo.buffers.max-count.values
03-27 15:45:41.388 27508-27513/? D/ReflectedParamUpdater: extent() != 1 for single value type: output.subscribed-indices.values
03-27 15:45:41.388 27508-27513/? D/ReflectedParamUpdater: extent() != 1 for single value type: input.buffers.allocator-ids.values
03-27 15:45:41.388 27508-27513/? D/ReflectedParamUpdater: extent() != 1 for single value type: output.buffers.allocator-ids.values
03-27 15:45:41.388 27508-27513/? D/ReflectedParamUpdater: extent() != 1 for single value type: algo.buffers.allocator-ids.values
03-27 15:45:41.388 27508-27513/? D/ReflectedParamUpdater: extent() != 1 for single value type: output.buffers.pool-ids.values
03-27 15:45:41.388 27508-27513/? D/ReflectedParamUpdater: extent() != 1 for single value type: algo.buffers.pool-ids.va
03-27 15:45:41.388 27508-27513/? D/ReflectedParamUpdater: lues
03-27 15:45:41.389 27508-27513/? D/ReflectedParamUpdater: ignored struct field coding.gop.values
03-27 15:45:41.389 27508-27513/? D/ReflectedParamUpdater: ignored struct field coding.qp.values
03-27 15:45:41.389 27508-27513/? D/CCodecConfig: ignoring local param raw.color (0xc2001809) as it is already supported
03-27 15:45:41.390 27508-27513/? I/CCodecConfig: query failed after returning 12 values (BAD_INDEX)
03-27 15:45:41.390 27508-27513/? D/CCodecConfig: c2 config diff is Dict {
03-27 15:45:41.390 27508-27513/? D/CCodecConfig:   c2::i32 coded.average-qp.value = 0
03-27 15:45:41.390 27508-27513/? D/CCodecConfig:   c2::u32 coded.bitrate.value = 64000
03-27 15:45:41.390 27508-27513/? D/CCodecConfig:   c2::float coded.frame-rate.value = 1
03-27 15:45:41.390 27508-27513/? D/CCodecConfig:   c2::u32 coded.picture-type.value = 0
03-27 15:45:41.390 27508-27513/? D/CCodecConfig:   c2::u32 coded.pl.level = 20492
03-27 15:45:41.390 27508-27513/? D/CCodecConfig:   c2::u32 coded.pl.profile = 20481
03-27 15:45:41.390 27508-27513/? D/CCodecConfig:   c2::u32 coded.vui.color.matrix = 0
03-27 15:45:41.390 27508-27513/? D/CCodecConfig:   c2::u32 coded.vui.color.primaries = 0
03-27 15:45:41.390 27508-27513/? D/CCodecConfig:   c2::u32 coded.vui.color.range = 0
03-27 15:45:41.390 27508-27513/? D/CCodecConfig:   c2::u32 coded.vui.color.transfer = 0
03-27 15:45:41.390 27508-27513/? D/CCodecConfig:   c2::u32 coding.intra-refresh.mode = 0
03-27 15:45:41.390 27508-27513/? D/CCodecConfig:   c2::float coding.intra-refresh.period = 0
03-27 15:45:41.390 27508-27513/? D/CCodecConfig:   c2::u32 coding.request-sync-frame.value = 0
03-27 15:45:41.390 27508-27513/? D/CCodecConfig:   c2::i64 coding.sync-frame-interval.value = 1000000
03-27 15:45:41.390 27508-27513/? D/CCodecConfig:   c2::u32 input.delay.value = 0
03-27 15:45:41.390 27508-27513/? D/CCodecConfig:   string input.media-type.value = "video/raw"
03-27 15:45:41.390 27508-27513/? D/CCodecConfig:   string output.media-type.value = "video/avc"
03-27 15:45:41.390 27508-27513/? D/CCodecConfig:   c2::u32 raw.color.matrix = 0
03-27 15:45:41.390 27508-27513/? D/CCodecConfig:   c2::u32 raw.color.primaries = 0
03-27 15:45:41.390 27508-27513/? D/CCodecConfig:   c2::u32 raw.color.range = 0
03-27 15:45:41.390 27508-27513/? D/CCodecConfig:   c2::u32 raw.color.transfer = 0
03-27 15:45:41.390 27508-27513/? D/CCodecConfig:   c2::u32 raw.size.height = 16
03-27 15:45:41.390 27508-27513/? D/CCodecConfig:   c2::u32 raw.size.width = 16
03-27 15:45:41.390 27508-27513/? D/CCodecConfig: }
03-27 15:45:41.390 27508-27513/? W/ColorUtils: expected specified color aspects (0:0:0:0)
03-27 15:45:41.393 27508-27508/? D/CodecSeeding: Seed: codec c2.android.avc.encoder, mediatype video/avc, overrideable 1
03-27 15:45:41.393 27508-27508/? D/CodecProperties: setTuningValue(vq-target-bpp,0)
03-27 15:45:41.393 27508-27508/? D/CodecProperties: setTuningValue(vq-target-bpp-1080p,1.90)
03-27 15:45:41.393 27508-27508/? D/CodecProperties: setTuningValue(vq-target-bpp-720p,2.25)
03-27 15:45:41.393 27508-27508/? D/CodecProperties: setTuningValue(vq-target-bpp-540p,2.65)
03-27 15:45:41.393 27508-27508/? D/CodecProperties: setTuningValue(vq-target-bpp-480p,3.00)
03-27 15:45:41.393 27508-27508/? D/CodecProperties: setTuningValue(vq-target-bpp-320x240,0)
03-27 15:45:41.393 27508-27508/? D/CodecProperties: setTuningValue(vq-target-qpmax,-1)
03-27 15:45:41.393 27508-27508/? D/CodecProperties: setTuningValue(vq-target-qpmax-1080p,45)
03-27 15:45:41.393 27508-27508/? D/CodecProperties: setTuningValue(vq-target-qpmax-720p,43)
03-27 15:45:41.393 27508-27508/? D/CodecProperties: setTuningValue(vq-target-qpmax-540p,42)
03-27 15:45:41.393 27508-27508/? D/CodecProperties: setTuningValue(vq-target-qpmax-480p,38)
03-27 15:45:41.393 27508-27508/? D/CodecProperties: setTuningValue(vq-bitrate-phaseout,1.75)
03-27 15:45:41.393 27508-27508/? D/CodecProperties: setTuningValue(vq-boost-missing-qp,0.20)
03-27 15:45:41.393 27508-27508/? D/CodecProperties: setFeatureValue(intra-refresh,0)
03-27 15:45:41.393 27508-27508/? D/CodecProperties: setFeatureValue(qp-bounds,0)
03-27 15:45:41.393 27508-27508/? D/CodecProperties: setFeatureValue(_vq_eligible.device,1)
03-27 15:45:41.393 27508-27508/? D/CodecProperties: setFeatureValue(_quality.target,1)
03-27 15:45:41.393 27508-27508/? D/CodecSeeding: Seed: codec c2.android.avc.encoder, mediatype video/avc, overrideable 0
03-27 15:45:41.393 27508-27508/? D/VQApply: raise bitrate: configured 1000000 to floor 2073600
03-27 15:45:41.393 27508-27508/? D/VQApply: minquality by QP: inject video-qp-max=43
03-27 15:45:41.393 27508-27508/? D/VQApply: minqu
03-27 15:45:41.393 27508-27508/? D/VQApply: ality/target bitrate raised from 1000000 to 2073600 bps
03-27 15:45:41.393 27508-27508/? D/MediaCodec: shapeMediaFormat: deltas(6): AMessage(what = 0x00000000) = {
03-27 15:45:41.393 27508-27508/? D/MediaCodec:     int32_t bitrate = 2073600
03-27 15:45:41.393 27508-27508/? D/MediaCodec:     int32_t android._encoding-quality-level = 0
03-27 15:45:41.393 27508-27508/? D/MediaCodec:     int32_t video-qp-max = 43
03-27 15:45:41.393 27508-27508/? D/MediaCodec:     int32_t video-qp-i-max = 43
03-27 15:45:41.393 27508-27508/? D/MediaCodec:     int32_t video-qp-p-max = 46
03-27 15:45:41.393 27508-27508/? D/MediaCodec:     int32_t video-qp-b-max = 49
03-27 15:45:41.393 27508-27508/? D/MediaCodec:   }
03-27 15:45:41.393 27508-27513/? D/CCodec: [c2.android.avc.encoder] buffers are bound to CCodec for this session
03-27 15:45:41.394 27508-27513/? D/CCodecConfig: no c2 equivalents for color-format
03-27 15:45:41.394 27508-27513/? D/CCodecConfig: no c2 equivalents for max-bframes
03-27 15:45:41.394 27508-27513/? D/CCodecConfig: no c2 equivalents for video-qp-max
03-27 15:45:41.394 27508-27513/? D/CCodecConfig: no c2 equivalents for video-qp-i-max
03-27 15:45:41.394 27508-27513/? D/CCodecConfig: no c2 equivalents for video-qp-p-max
03-27 15:45:41.394 27508-27513/? D/CCodecConfig: no c2 equivalents for video-qp-b-max
03-27 15:45:41.394 27508-27513/? D/CCodecConfig: no c2 equivalents for flags
03-27 15:45:41.394 27508-27513/? D/CCodecConfig: no c2 equivalents for encoder
03-27 15:45:41.394 27508-27513/? D/CCodecConfig: c2 config diff is   c2::u32 coded.bitrate.value = 2073600
03-27 15:45:41.394 27508-27513/? D/CCodecConfig:   c2::float coded.frame-rate.value = 60
03-27 15:45:41.394 27508-27513/? D/CCodecConfig:   c2::i64 coding.sync-frame-interval.value = 10000000
03-27 15:45:41.394 27508-27513/? D/CCodecConfig:   c2::u32 raw.size.height = 1280
03-27 15:45:41.394 27508-27513/? D/CCodecConfig:   c2::u32 raw.size.width = 720
03-27 15:45:41.394 27508-27513/? W/ColorUtils: expected specified color aspects (0:0:0:0)
03-27 15:45:41.394 27508-27513/? D/CCodec: encoding statistics level = 0
03-27 15:45:41.394 27508-27513/? D/CCodec: setup formats input: AMessage(what = 0x00000000) = {
03-27 15:45:41.394 27508-27513/? D/CCodec:   Rect crop(0, 0, 719, 1279)
03-27 15:45:41.394 27508-27513/? D/CCodec:   int32_t color-standard = 0
03-27 15:45:41.394 27508-27513/? D/CCodec:   int32_t color-range = 0
03-27 15:45:41.394 27508-27513/? D/CCodec:   int32_t color-transfer = 0
03-27 15:45:41.394 27508-27513/? D/CCodec:   int32_t frame-rate = 60
03-27 15:45:41.394 27508-27513/? D/CCodec:   int32_t height = 1280
03-27 15:45:41.394 27508-27513/? D/CCodec:   int32_t intra-refresh-period = 0
03-27 15:45:41.394 27508-27513/? D/CCodec:   string mime = "video/raw"
03-27 15:45:41.394 27508-27513/? D/CCodec:   int32_t video-qp-average = 0
03-27 15:45:41.394 27508-27513/? D/CCodec:   int32_t width = 720
03-27 15:45:41.394 27508-27513/? D/CCodec:   int32_t android._dataspace = 0
03-27 15:45:41.394 27508-27513/? D/CCodec:   int32_t using-sw-read-often = 1
03-27 15:45:41.394 27508-27513/? D/CCodec:   int64_t android._C2MemoryUsage = 1
03-27 15:45:41.394 27508-27513/? D/CCodec:   int32_t color-format = 2130708361
03-27 15:45:41.394 27508-27513/? D/CCodec:   int32_t android._color-format = 2130708361
03-27 15:45:41.394 27508-27513/? D/CCodec: }
03-27 15:45:41.395 27508-27513/? D/CCodec: setup formats output: AMessage(what = 0x00000000) = {
03-27 15:45:41.395 27508-27513/? D/CCodec:   int32_t bitrate = 2073600
03-27 15:45:41.395 27508-27513/? D/CCodec:   Rect crop(0, 0, 719, 1279)
03-27 15:45:41.395 27508-27513/? D/CCodec:   int32_t color-standard = 0
03-27 15:45:41.395 27508-27513/? D/CCodec:   int32_t color-range = 0
03-27 15:45:41.395 27508-27513/? D/CCodec:   int32_t color-transfer = 0
03-27 15:45:41.395 27508-27513/? D/CCodec:   int32_t frame-rate = 60
03-27 15:45:41.395 27508-27513/? D/CCodec:   int32_t height = 1280
03-27 15:45:41.395 27508-27513/? D/CCodec:   int32_t intra-refresh-period = 0
03-27 15:45:41.395 27508-27513/? D/CCodec:   int32_t level = 4096
03-27 15:45:41.395 27508-27513/? D/CCodec:   int32_t max-bitrate = 2073600
03-27 15:45:41.395 27508-27513/? D/CCodec:   string mime = "video/avc"
03-27 15:45:41.395 27508-27513/? D/CCodec:   int32_t profile = 65536
03-27 15:45:41.395 27508-27513/? D/CCodec:   int32_t video-qp-average = 0
03-27 15:45:41.395 27508-27513/? D/CCodec:   int32_t width = 720
03-27 15:45:41.395 27508-27513/? D/CCodec: }
03-27 15:45:41.395 27508-27513/? I/CCodecConfig: query failed after returning 13 values (BAD_INDEX)
03-27 15:45:41.395 27508-27513/? D/CCodec: input format changed to AMessage(what = 0x00000000) = {
03-27 15:45:41.395 27508-27513/? D/CCodec:   Rect crop(0, 0, 719, 1279)
03-27 15:45:41.395 27508-27513/? D/CCodec:   int32_t color-standard = 1
03-27 15:45:41.395 27508-27513/? D/CCodec:   int32_t color-range = 2
03-27 15:45:41.395 27508-27513/? D/CCodec:   int32_t color-transfer = 3
03-27 15:45:41.395 27508-27513/? D/CCodec:   int32_t frame-rate = 60
03-27 15:45:41.395 27508-27513/? D/CCodec:   int32_t height = 1280
03-27 15:45:41.395 27508-27513/? D/CCodec:   int32_t intra-refresh-period = 0
03-27 15:45:41.395 27508-27513/? D/CCodec:   string mime = "video/raw"
03-27 15:45:41.395 27508-27513/? D/CCodec:   int32_t video-qp-average = 0
03-27 15:45:41.395 27508-27513/? D/CCodec:   int32_t width = 720
03-27 15:45:41.395 27508-27513/? D/CCodec:   int32_t android._dataspace = 260
03-27 15:45:41.395 27508-27513/? D/CCodec:   int32_t using-sw-read-often = 1
03-27 15:45:41.395 27508-27513/? D/CCodec:   int64_t android._C2MemoryUsage = 1
03-27 15:45:41.395 27508-27513/? D/CCodec:   int32_t color-format = 2130708361
03-27 15:45:41.395 27508-27513/? D/CCodec:   int32_t android._color-format = 2130708361
03-27 15:45:41.395 27508-27513/? D/CCodec: }
03-27 15:45:41.395 27508-27513/? D/GraphicBufferSource: setting dataspace: 0x104, acquired=0
03-27 15:45:41.395 27508-27513/? D/CCodec: ISConfig not changed
03-27 15:45:41.396 27508-27513/? W/Codec2Client: query -- param skipped: index = 1342179345.
03-27 15:45:41.396 27508-27513/? W/Codec2Client: query -- param skipped: index = 2415921170.
03-27 15:45:41.396 27508-27513/? D/CCodecBufferChannel: [c2.android.avc.encoder#900] Using basic input block pool with poolID 1 => got 1 - OK (0)
03-27 15:45:41.397 27508-27513/? D/C2Store: Using DMABUF Heaps
03-27 15:45:41.400 1318-2193/? D/EGL_emulation: app_time_stats: avg=1060.16ms min=18.39ms max=4168.50ms count=4
03-27 15:45:41.401 27508-27513/? I/CCodecBufferChannel: [c2.android.avc.encoder#900] Created output block pool with allocatorID 16 => poolID 88 - OK
03-27 15:45:41.401 27508-27513/? D/CCodecBufferChannel: [c2.android.avc.encoder#900] Configured output block pool ids 88 => OK
03-27 15:45:41.404 570-7511/? W/ResourceManagerService: Ignoring request to add new resource entry with value <= 0
03-27 15:45:41.414 482-520/? W/TransactionTracing: Could not find layer handle 0x7321fa259310
03-27 15:45:41.414 482-520/? W/TransactionTracing: Could not find layer handle 0x7321fa258530
03-27 15:45:41.414 482-520/? W/TransactionTracing: Could not find layer handle 0x7321fa258530
03-27 15:45:41.414 482-520/? W/TransactionTracing: Could not find layer handle 0x7321fa259310
03-27 15:45:41.417 279-279/? I/hwservicemanager: getTransport: Cannot find entry android.hardware.graphics.mapper@4.0::IMapper/default in either framework or device VINTF manifest.
03-27 15:45:41.417 27508-27511/? I/Gralloc4: mapper 4.x is not supported
03-27 15:45:41.417 27483-27483/? D/CompatibilityChangeReporter: Compat change id reported: 210923482; UID 10181; state: ENABLED
03-27 15:45:41.419 1876-1994/? I/MediaProvider: Deleted 0 0 0 1 0 0 0 items on external_primary due to com.android.shell
03-27 15:45:41.421 1876-1994/? W/MediaProvider: isAppCloneUserPair for user 0: false
03-27 15:45:41.421 1876-1994/? V/MediaProvider: Inserted id:1000000106 less than next row id backup:1000001000.
03-27 15:45:41.422 27508-27508/? D/MPEG4Writer: PreAllocation enabled
03-27 15:45:41.425 27508-27511/? D/HostConnection: createUnique: call
03-27 15:45:41.425 27508-27511/? D/HostConnection: HostConnection::get() New Host Connection established 0x74c5e89cf590, tid 27511
03-27 15:45:41.425 27483-27483/? D/LifecycleMonitor: Lifecycle status change: com.example.MainActivity@dbbe86d in: CREATED
03-27 15:45:41.426 27508-27511/? D/goldfish-address-space: allocate: Ask for block of size 0x100
03-27 15:45:41.426 27508-27511/? D/goldfish-address-space: allocate: ioctl allocate returned offset 0x3e7ffe000 size 0x2000
03-27 15:45:41.426 27483-27483/? V/ActivityScenario: Update currentActivityStage to CREATED, currentActivity=com.example.MainActivity@dbbe86d
03-27 15:45:41.426 27483-27483/? D/LifecycleMonitor: Lifecycle status change
03-27 15:45:41.426 27483-27483/? D/LifecycleMonitor: : com.example.MainActivity@dbbe86d in: STARTED
03-27 15:45:41.426 27483-27483/? V/ActivityScenario: Update currentActivityStage to STARTED, currentActivity=com.example.MainActivity@dbbe86d
03-27 15:45:41.428 27483-27483/? D/LifecycleMonitor: Lifecycle status change: com.example.MainActivity@dbbe86d in: RESUMED
03-27 15:45:41.428 27483-27483/? V/ActivityScenario: Update currentActivityStage to RESUMED, currentActivity=com.example.MainActivity@dbbe86d
03-27 15:45:41.452 279-279/? I/hwservicemanager: getTransport: Cannot find entry android.hardware.graphics.allocator@4.0::IAllocator/default in either framework or device VINTF manifest.
03-27 15:45:41.453 278-278/? I/servicemanager: Could not find android.hardware.graphics.allocator.IAllocator/default in the VINTF manifest.
03-27 15:45:41.453 27508-27511/? W/Gralloc4: allocator 4.x is not supported
03-27 15:45:41.455 450-484/? D/goldfish-address-space: claimShared: Ask to claim region [0x3eb885000 0x3ebc09000]
03-27 15:45:41.457 672-2070/? W/ActivityManager: Unable to start service Intent { act=android.service.smartspace.SmartspaceService cmp=com.google.android.as/com.google.android.apps.miphone.aiai.app.AiAiSmartspaceService } U=0: not found
03-27 15:45:41.457 672-2070/? W/RemoteSmartspaceService: could not bind to Intent { act=android.service.smartspace.SmartspaceService cmp=com.google.android.as/com.google.android.apps.miphone.aiai.app.AiAiSmartspaceService } using flags 67112961
03-27 15:45:41.458 672-672/? W/ActivityManager: Unbind failed: could not find connection for android.app.LoadedApk$ServiceDispatcher$InnerConnection@da8c41
03-27 15:45:41.461 1394-14480/? I/NetworkScheduler.Stats: Task com.google.android.gms/com.google.android.gms.ipa.base.IpaGcmTaskService started execution. cause:9 exec_start_elapsed_seconds: 4166 [CONTEXT service_id=218 ]
03-27 15:45:41.464 27508-27511/? D/HostConnection: HostComposition ext ANDROID_EMU_CHECKSUM_HELPER_v1 ANDROID_EMU_native_sync_v2 ANDROID_EMU_native_sync_v3 ANDROID_EMU_native_sync_v4 ANDROID_EMU_dma_v1 ANDROID_EMU_direct_mem ANDROID_EMU_host_composition_v1 ANDROID_EMU_host_composition_v2 ANDROID_EMU_vulkan ANDROID_EMU_deferred_vulkan_commands ANDROID_EMU_vulkan_null_optional_strings ANDROID_EMU_vulkan_create_resources_with_requirements ANDROID_EMU_YUV_Cache ANDROID_EMU_vulkan_ignored_handles ANDROID_EMU_has_shared_slots_host_memory_allocator ANDROID_EMU_vulkan_free_memory_sync ANDROID_EMU_vulkan_shader_float16_int8 ANDROID_EMU_vulkan_async_queue_submit ANDROID_EMU_vulkan_queue_submit_with_commands ANDROID_EMU_sync_buffer_data ANDROID_EMU_vulkan_async_qsri ANDROID_EMU_read_color_buffer_dma ANDROID_EMU_hwc_multi_configs GL_OES_EGL_image_external_essl3 GL_OES_vertex_array_object GL_KHR_texture_compression_astc_ldr ANDROID_EMU_host_side_tracing ANDROID_EMU_gles_max_version_3_1 
03-27 15:45:41.464 672-763/? D/CoreBackPreview: Window{c460dd4 u0 com.example/com.example.MainActivity}: Setting back callback OnBackInvokedCallbackInfo{mCallback=android.window.IOnBackInvokedCallback$Stub$Proxy@9114a72, mPriority=0}
03-27 15:45:41.467 1394-14480/? I/NetworkScheduler.Stats: Task com.google.android.gms/com.google.android.gms.ipa.base.IpaGcmTaskService finished executing. cause:9 result: 1 elapsed_millis: 36 uptime_millis: 36 exec_start_elapsed_seconds: 4166 [CONTEXT service_id=218 ]
03-27 15:45:41.467 27508-27511/? D/GraphicBufferSource: got buffer with new dataSpace #104
03-27 15:45:41.467 27508-27511/? D/C2OMXNode: dataspace changed to 0x104 pixel format: 0x1
03-27 15:45:41.468 279-279/? I/hwservicemanager: getTransport: Cannot find entry android.hardware.graphics.mapper@4.0::IMapper/default in either framework or device VINTF manifest.
03-27 15:45:41.476 450-484/? D/goldfish-address-space: claimShared: Ask to claim region [0x3e9b72000 0x3e9ef6000]
03-27 15:45:41.477 578-27522/? D/SimpleC2Component: Using output block pool with poolID 88 => got 88 - 0
03-27 15:45:41.477 578-27522/? D/SimpleC2Component: applied 2 configUpdates => BAD_INDEX (6)
03-27 15:45:41.477 578-27522/? D/C2SoftAvcEnc: Params width 720 height 1280 level 41 colorFormat 0 bframes 0
03-27 15:45:41.481 450-484/? D/goldfish-address-space: claimShared: Ask to claim region [0x3e9ef6000 0x3ea27a000]
03-27 15:45:41.488 450-484/? D/goldfish-address-space: claimShared: Ask to claim region [0x3ebcd5000 0x3ebf1f000]
03-27 15:45:41.494 27483-27515/? D/HostConnection: createUnique: call
03-27 15:45:41.494 27483-27515/? D/HostConnection: HostConnection::get() New Host Connection established 0x7d62837e59d0, tid 27515
03-27 15:45:41.499 450-484/? D/goldfish-address-space: claimShared: Ask to claim region [0x3ef087000 0x3ef40b000]
03-27 15:45:41.500 578-27522/? E/C2SoftAvcEnc: Unable to set air params = 0x1ad
03-27 15:45:41.502 27483-27515/? D/HostConnection: HostComposition ext ANDROID_EMU_CHECKSUM_HELPER_v1 ANDROID_EMU_native_sync_v2 ANDROID_EMU_native_sync_v3 ANDROID_EMU_native_sync_v4 ANDROID_EMU_dma_v1 ANDROID_EMU_direct_mem ANDROID_EMU_host_composition_v1 ANDROID_EMU_host_composition_v2 ANDROID_EMU_vulkan ANDROID_EMU_deferred_vulkan_commands ANDROID_EMU_vulkan_null_optional_strings ANDROID_EMU_vulkan_create_resources_with_requirements ANDROID_EMU_YUV_Cache A
03-27 15:45:41.502 27483-27515/? D/HostConnection: NDROID_EMU_vulkan_ignored_handles ANDROID_EMU_has_shared_slots_host_memory_allocator ANDROID_EMU_vulkan_free_memory_sync ANDROID_EMU_vulkan_shader_float16_int8 ANDROID_EMU_vulkan_async_queue_submit ANDROID_EMU_vulkan_queue_submit_with_commands ANDROID_EMU_sync_buffer_data ANDROID_EMU_vulkan_async_qsri ANDROID_EMU_read_color_buffer_dma ANDROID_EMU_hwc_multi_configs GL_OES_EGL_image_external_essl3 GL_OES_vertex_array_object GL_KHR_texture_compression_astc_ldr ANDROID_EMU_host_side_tracing ANDROID_EMU_gles_max_version_3_1 
03-27 15:45:41.512 27483-27515/? W/OpenGLRenderer: Failed to choose config with EGL_SWAP_BEHAVIOR_PRESERVED, retrying without...
03-27 15:45:41.513 27483-27515/? W/OpenGLRenderer: Failed to initialize 101010-2 format, error = EGL_SUCCESS
03-27 15:45:41.514 27483-27515/? D/EGL_emulation: eglCreateContext: 0x7d62837e5310: maj 3 min 1 rcv 4
03-27 15:45:41.517 27483-27515/? D/EGL_emulation: eglMakeCurrent: 0x7d62837e5310: ver 3 1 (tinfo 0x7d64b7275080) (first time)
03-27 15:45:41.518 450-484/? D/goldfish-address-space: claimShared: Ask to claim region [0x3e8000000 0x3e8384000]
03-27 15:45:41.521 1947-1947/? I/GsaVoiceInteractionSrv: Handling ACTION_STOP_HOTWORD
03-27 15:45:41.523 1947-2711/? E/HwDetectorWithState: a: 3
03-27 15:45:41.525 279-279/? I/hwservicemanager: getTransport: Cannot find entry android.hardware.graphics.mapper@4.0::IMapper/default in either framework or device VINTF manifest.
03-27 15:45:41.525 27483-27515/? I/Gralloc4: mapper 4.x is not supported
03-27 15:45:41.526 27483-27515/? D/HostConnection: createUnique: call
03-27 15:45:41.527 27483-27515/? D/HostConnection: HostConnection::get() New Host Connection established 0x7d62837e50d0, tid 27515
03-27 15:45:41.527 27483-27515/? D/goldfish-address-space: allocate: Ask for block of size 0x100
03-27 15:45:41.527 27483-27515/? D/goldfish-address-space: allocate: ioctl allocate returned offset 0x3e7ffe000 size 0x2000
03-27 15:45:41.545 27508-27513/? D/CCodecConfig: c2 config diff is   Buffer coded.init-data.value = {
03-27 15:45:41.545 27508-27513/? D/CCodecConfig:     00000000:  00 00 00 01 67 42 c0 29  8d 68 0b 40 a1 a4 20 20  ....gB.).h.@..  
03-27 15:45:41.545 27508-27513/? D/CCodecConfig:     00000010:  20 20 f0 88 46 a0 00 00  00 01 68 ce 01 a8 35 c8    ..F.....h...5.
03-27 15:45:41.545 27508-27513/? D/CCodecConfig:   }
03-27 15:45:41.559 27508-27508/? D/MPEG4Writer: fpathconf _PC_FILESIZEBITS:64
03-27 15:45:41.559 27508-27508/? D/MPEG4Writer: File size limit set to 4503599
03-27 15:45:41.559 27508-27508/? D/MPEG4Writer: 627370495 bytes implicitly
03-27 15:45:41.560 27508-27508/? D/MPEG4Writer: MP4WtrCtrlHlpLooper Started
03-27 15:45:41.561 27508-27508/? I/MPEG4Writer: limits: 4503599627370495/0 bytes/us, bit rate: -1 bps and the estimated moov size 3192 bytes
03-27 15:45:41.562 279-279/? I/hwservicemanager: getTransport: Cannot find entry android.hardware.graphics.allocator@4.0::IAllocator/default in either framework or device VINTF manifest.
03-27 15:45:41.562 278-278/? I/servicemanager: Could not find android.hardware.graphics.allocator.IAllocator/default in the VINTF manifest.
03-27 15:45:41.562 27483-27515/? W/Gralloc4: allocator 4.x is not supported
03-27 15:45:41.563 450-484/? D/goldfish-address-space: claimShared: Ask to claim region [0x3ec000000 0x3ec926000]
03-27 15:45:41.564 27508-27533/? I/MPEG4Writer: setStartTimestampUs: 4166295096
03-27 15:45:41.564 27508-27533/? I/MPEG4Writer: Earliest track starting time: 4166295096
03-27 15:45:41.566 482-520/? W/TransactionTracing: Could not find layer handle 0x7321fa257d50
03-27 15:45:41.566 482-520/? W/TransactionTracing: Could not find layer handle 0x7321fa257d50
03-27 15:45:41.568 450-484/? D/goldfish-address-space: claimShared: Ask to claim region [0x3e8384000 0x3e8708000]
03-27 15:45:41.568 902-1191/? D/EGL_emulation: app_time_stats: avg=1199.19ms min=49.69ms max=4430.63ms count=4
03-27 15:45:41.571 27483-27515/? D/HostConnection: HostComposition ext ANDROID_EMU_CHECKSUM_HELPER_v1 ANDROID_EMU_native_sync_v2 ANDROID_EMU_native_sync_v3 ANDROID_EMU_native_sync_v4 ANDROID_EMU_dma_v1 ANDROID_EMU_direct_mem ANDROID_EMU_host_composition_v1 ANDROID_EMU_host_composition_v2 ANDROID_EMU_vulkan ANDROID_EMU_deferred_vulkan_commands ANDROID_EMU_vulkan_null_optional_strings ANDROID_EMU_vulkan_create_resources_with_requirements ANDROID_EMU_YUV_Cache ANDROID_EMU_vulkan_ignored_handles ANDROID_EMU_ha
03-27 15:45:41.571 27483-27515/? D/HostConnection: s_shared_slots_host_memory_allocator ANDROID_EMU_vulkan_free_memory_sync ANDROID_EMU_vulkan_shader_float16_int8 ANDROID_EMU_vulkan_async_queue_submit ANDROID_EMU_vulkan_queue_submit_with_commands ANDROID_EMU_sync_buffer_data ANDROID_EMU_vulkan_async_qsri ANDROID_EMU_read_color_buffer_dma ANDROID_EMU_hwc_multi_configs GL_OES_EGL_image_external_essl3 GL_OES_vertex_array_object GL_KHR_texture_compression_astc_ldr ANDROID_EMU_host_side_tracing ANDROID_EMU_gles_max_version_3_1 
03-27 15:45:41.578 450-484/? D/goldfish-address-space: claimShared: Ask to claim region [0x3ef40b000 0x3efd31000]
03-27 15:45:41.579 450-484/? D/goldfish-address-space: claimShared: Ask to claim region [0x3f1827000 0x3f214d000]
03-27 15:45:41.582 450-530/? D/goldfish-address-space: claimShared: Ask to claim region [0x3ed24c000 0x3ed5d0000]
03-27 15:45:41.608 27483-27515/? W/Parcel: Expecting binder but got null!
03-27 15:45:41.616 672-701/? W/ziparchive: Unable to open '/data/app/~~AZmbGuQphIT3mSc4dUbQqQ==/com.example-JYplKpqG1IJkb3-k22IhFw==/base.dm': No such file or directory
03-27 15:45:41.618 672-701/? I/ActivityTaskManager: Displayed com.example/.MainActivity: +269ms
03-27 15:45:41.628 1020-1341/? D/BtGatt.ScanManager: uid 10106 isForeground true scanMode -1
03-27 15:45:41.628 1020-1341/? D/BtGatt.ScanManager: uid 10106 isForeground true scanMode -1
03-27 15:45:41.633 672-2070/? D/CompatibilityChangeReporter: Compat change id reported: 214016041; UID 10181; state: ENABLED
03-27 15:45:41.637 1668-1668/? I/GoogleInputMethodService: GoogleInputMethodService.onFinishInput():3220 
03-27 15:45:41.638 1668-1668/? I/GoogleInputMethodService: GoogleInputMethodService.updateDeviceLockedStatus():2114 repeatCheckTimes = 0, unlocked = true
03-27 15:45:41.638 1668-1668/? I/GoogleInputMethodService: GoogleInputMethodService.onStartInput():1919 onStartInput(EditorInfo{inputType=0x0(NULL) imeOptions=0x0 privateImeOptions=null actionName=UNSPECIFIED actionLabel=null actionId=0 initialSelStart=-1 initialSelEnd=-1 initialCapsMode=0x0 hintText=null label=null packageName=com.example fieldId=
03-27 15:45:41.638 1668-1668/? I/GoogleInputMethodService: -1 fieldName=null extras=null}, false)
03-27 15:45:41.638 1668-1668/? I/GoogleInputMethodService: GoogleInputMethodService.updateDeviceLockedStatus():2114 repeatCheckTimes = 2, unlocked = true
03-27 15:45:41.649 450-530/? D/goldfish-address-space: claimShared: Ask to claim region [0x3f3974000 0x3f3cf8000]
03-27 15:45:41.656 902-1191/? D/EGL_emulation: app_time_stats: avg=2414.69ms min=156.80ms max=4672.58ms count=2
03-27 15:45:41.663 482-520/? W/TransactionTracing: Could not find layer handle 0x7321fa255b30
03-27 15:45:41.663 482-520/? W/TransactionTracing: Could not find layer handle 0x7321fa2545d0
03-27 15:45:41.667 450-530/? D/goldfish-address-space: claimShared: Ask to claim region [0x3e8708000 0x3e8a8c000]
03-27 15:45:41.667 672-2070/? D/CoreBackPreview: Window{1dc16b u0 Splash Screen com.example EXITING}: Setting back callback null
03-27 15:45:41.678 672-805/? W/InputManager-JNI: Input channel object '1dc16b Splash Screen com.example (client)' was disposed without first being removed with the input manager!
03-27 15:45:41.679 482-520/? W/TransactionTracing: Could not find layer id -1
03-27 15:45:41.680 482-520/? W/TransactionTracing: Could not find layer id -1
03-27 15:45:41.680 482-520/? W/TransactionTracing: Could not find layer id -1
03-27 15:45:41.680 482-520/? W/TransactionTracing: Could not find layer id -1
03-27 15:45:41.680 482-520/? W/TransactionTracing: Could not find layer id -1
03-27 15:45:41.698 482-520/? W/TransactionTracing: Could not find layer handle 0x7321fa2593d0
03-27 15:45:41.698 482-520/? W/TransactionTracing: Could not find layer handle 0x7321fa259370
03-27 15:45:41.698 482-520/? W/TransactionTracing: Could not find layer handle 0x7321fa2548d0
03-27 15:45:41.698 482-520/? W/TransactionTracing: Could not find layer handle 0x7321fa259370
03-27 15:45:41.698 482-520/? W/TransactionTracing: Could not find layer handle 0x7321fa2548d0
03-27 15:45:41.698 482-520/? W/TransactionTracing: [ 03-27 15:4
03-27 15:45:41.698 482-520/? W/TransactionTracing: 5:41.698   482:  520 W/TransactionTracing ]
03-27 15:45:41.698 482-520/? W/TransactionTracing: Could not find layer handle 0x7321fa2548d0
03-27 15:45:41.698 482-520/? W/TransactionTracing: Could not find layer id -1
03-27 15:45:41.735 672-805/? I/ActivityTaskManager: START u0 {act=android.intent.action.MAIN cat=[android.intent.category.LAUNCHER] flg=0x10000000 cmp=com.example.test/androidx.test.core.app.InstrumentationActivityInvoker$EmptyActivity} from uid 10181
03-27 15:45:41.738 672-805/? V/SplashScreenExceptionList: SplashScreen checking exception for package com.example.test (target sdk:33) -> false
03-27 15:45:41.741 27483-27483/? D/LifecycleMonitor: Lifecycle status change: com.example.MainActivity@dbbe86d in: PAUSED
03-27 15:45:41.741 27483-27483/? V/ActivityScenario: Update currentActivityStage to PAUSED, currentActivity=com.example.MainActivity@dbbe86d
03-27 15:45:41.742 672-2070/? W/ActivityTaskManager: Tried to set launchTime (0) < mLastActivityLaunchTime (4161850)
03-27 15:45:41.743 902-1083/? D/SplashScreenView: Build android.window.SplashScreenView{a7e93f4 V.E...... ......ID 0,0-0,0}
03-27 15:45:41.743 902-1083/? D/SplashScreenView: Icon: view: null drawable: null size: 0
03-27 15:45:41.743 902-1083/? D/SplashScreenView: Branding: view: android.view.View{bb1871d G.ED..... ......I. 0,0-0,0 #10204db android:id/splashscreen_branding_view} drawable: null size w: 0 h: 0
03-27 15:45:41.749 672-2376/? D/CoreBackPreview: Window{ac8b4b8 u0 Splash Screen com.example.test}: Setting back callback OnBackInvokedCallbackInfo{mCallback=android.window.IOnBackInvokedCallback$Stub$Proxy@954e5f6, mPriority=0}
03-27 15:45:41.752 450-530/? D/goldfish-address-space: claimShared: Ask to claim region [0x3ea848000 0x3eb16e000]
03-27 15:45:41.753 672-711/? D/IntervalStats: Unable to parse usage stats packages: [186, 187, 188, 189]
03-27 15:45:41.754 672-711/? D/IntervalStats: Unable to parse event packages: [188, 189]
03-27 15:45:41.761 450-530/? D/goldfish-address-space: claimShared: Ask to claim region [0x3e8a8c000 0x3e93b2000]
03-27 15:45:41.762 902-1191/? W/Parcel: Expecting binder but got null!
03-27 15:45:41.762 450-530/? D/goldfish-address-space: claimShared: Ask to claim region [0x3ec926000 0x3ed24c000]
03-27 15:45:41.768 450-530/? D/goldfish-address-space: claimShared: Ask to claim region [0x3e93b2000 0x3e998d000]
03-27 15:45:41.828 672-805/? D/CoreBackPreview: Window{75562e7 u0 com.example.test/androidx.test.core.app.InstrumentationActivityInvoker$EmptyActivity}: Setting back callback OnBackInvokedCallbackInfo{mCallback=android.window.IOnBackInvokedCallback$Stub$Proxy@28b4683, mPriority=0}
03-27 15:45:41.834 482-520/? W/TransactionTracing: Could not find layer handle 0x7321fa256df0
03-27 15:45:41.834 482-520/? W/TransactionTracing: Could not find layer handle 0x7321fa2570f0
03-27 15:45:41.834 482-520/? W/TransactionTracing: Could not find layer handle 0x7321fa256df0
03-27 15:45:41.834 482-520/? W/TransactionTracing: Could not find layer handle 0x7321fa256df0
03-27 15:45:41.834 482-520/? W/TransactionTracing: Could not find layer han
03-27 15:45:41.834 482-520/? W/TransactionTracing: dle 0x7321fa2570f0
03-27 15:45:41.834 482-520/? W/TransactionTracing: Could not find layer handle 0x7321fa2570f0
03-27 15:45:41.834 482-520/? W/TransactionTracing: Could not find layer handle 0x7321fa255f50
03-27 15:45:41.848 450-530/? D/goldfish-address-space: claimShared: Ask to claim region [0x3ee761000 0x3ef087000]
03-27 15:45:41.853 450-530/? D/goldfish-address-space: claimShared: Ask to claim region [0x3ed5d0000 0x3edef6000]
03-27 15:45:41.854 450-530/? D/goldfish-address-space: claimShared: Ask to claim region [0x3f214d000 0x3f2a73000]
03-27 15:45:41.865 25552-25587/? W/Parcel: Expecting binder but got null!
03-27 15:45:41.868 672-701/? W/ziparchive: Unable to open '/data/app/~~ofbq2_DhVsNnXQxU-96oJQ==/com.example.test-4NJ2mXyXDxuLw3b6Y7_HtA==/base.dm': No such file or directory
03-27 15:45:41.869 672-701/? I/ActivityTaskManager: Displayed com.example.test/androidx.test.core.app.InstrumentationActivityInvoker$EmptyActivity: +133ms
03-27 15:45:41.869 450-530/? D/goldfish-address-space: claimShared: Ask to claim region [0x3f2a73000 0x3f304e000]
03-27 15:45:41.881 27483-27483/? D/LifecycleMonitor: Lifecycle status change: com.example.MainActivity@dbbe86d in: STOPPED
03-27 15:45:41.881 27483-27483/? V/ActivityScenario: Update currentActivityStage to STOPPED, currentActivity=com.example.MainActivity@dbbe86d
03-27 15:45:41.883 27483-27483/? D/LifecycleMonitor: Lifecycle status change: com.example.MainActivity@dbbe86d in: DESTROYED
03-27 15:45:41.883 27483-27483/? V/ActivityScenario: Update currentActivityStage to DESTROYED, currentActivity=null
03-27 15:45:41.900 450-530/? D/goldfish-address-space: claimShared: Ask to claim region [0x3e8a8c000 0x3e93b2000]
03-27 15:45:41.903 672-2793/? D/CoreBackPreview: Window{c460dd4 u0 com.example/com.example.MainActivity}: Setting back callback null
03-27 15:45:41.903 1020-1341/? D/BtGatt.ScanManager: uid 10106 isForeground true scanMode -1
03-27 15:45:41.903 1020-1341/? D/BtGatt.ScanManager: uid 10106 isForeground true scanMode -1
03-27 15:45:41.903 672-1256/? W/InputManager-JNI: Input channel object 'c460dd4 com.example/com.example.MainActivity (client)' was disposed without first being removed with the input manager!
03-27 15:45:41.904 450-530/? D/goldfish-address-space: claimShared: Ask to claim region [0x3ec926000 0x3ed24c000]
03-27 15:45:41.906 672-763/? W/ActivityManager: Unable to start service Intent { act=android.service.smartspace.SmartspaceService cmp=com.google.android.as/com.google.android.apps.miphone.aiai.app.AiAiSmartspaceService } U=0: not found
03-27 15:45:41.906 672-763/? W/RemoteSmartspaceService: could not bind to Intent { act=android.service.smartspace.SmartspaceService cmp=com.google.android.as/com.google.android.apps.miphone.aiai.app.Ai
03-27 15:45:41.906 672-763/? W/RemoteSmartspaceService: AiSmartspaceService } using flags 67112961
03-27 15:45:41.906 672-2776/? W/InputManager-JNI: Input channel object 'ac8b4b8 Splash Screen com.example.test (client)' was disposed without first being removed with the input manager!
03-27 15:45:41.907 672-763/? W/ActivityManager: Unable to start service Intent { act=android.service.smartspace.SmartspaceService cmp=com.google.android.as/com.google.android.apps.miphone.aiai.app.AiAiSmartspaceService } U=0: not found
03-27 15:45:41.907 672-763/? W/RemoteSmartspaceService: could not bind to Intent { act=android.service.smartspace.SmartspaceService cmp=com.google.android.as/com.google.android.apps.miphone.aiai.app.AiAiSmartspaceService } using flags 67112961
03-27 15:45:41.908 672-984/? D/CoreBackPreview: Window{ac8b4b8 u0 Splash Screen com.example.test EXITING}: Setting back callback null
03-27 15:45:41.908 672-672/? W/ActivityManager: Unbind failed: could not find connection for android.app.LoadedApk$ServiceDispatcher$InnerConnection@468cbde
03-27 15:45:41.908 672-672/? W/ActivityManager: Unbind failed: could not find connection for android.app.LoadedApk$ServiceDispatcher$InnerConnection@a70a1bf
03-27 15:45:41.910 672-672/? D/BatterySaverPolicy: accessibility changed to true, updating policy.
03-27 15:45:41.909 27483-27593/? V/UiAutomation: Init UiAutomation@76a6cdc[id=16, flags=0]
03-27 15:45:41.913 482-520/? W/TransactionTracing: Could not find layer handle 0x7321fa257810
03-27 15:45:41.913 482-520/? W/TransactionTracing: Could not find layer handle 0x7321fa258650
03-27 15:45:41.913 482-520/? W/TransactionTracing: Could not find layer id -1
03-27 15:45:41.913 482-520/? W/TransactionTracing: Could not find layer id -1
03-27 15:45:41.913 482-520/? W/TransactionTracing: Could not find layer id -1
03-27 15:45:41.913 482-520/? W/TransactionTracing: Could not find layer id -1
03-27 15:45:41.913 482-520/? W/TransactionTracing: Could not find layer id -1
03-27 15:45:41.913 482-520/? W/TransactionTracing: Could not find layer id -1
03-27 15:45:41.918 1220-1220/? V/SafetyCenterAccessibilityListener: accessibility event occurred, safety center feature not enabled.
03-27 15:45:41.924 450-530/? D/goldfish-address-space: claimShared: Ask to claim region [0x3ec000000 0x3ec926000]
03-27 15:45:41.970 450-530/? D/goldfish-address-space: claimShared: Ask to claim region [0x3ef40b000 0x3efd31000]
03-27 15:45:41.972 279-279/? I/hwservicemanager: getTransport: Cannot find entry android.hardware.graphics.mapper@4.0::IMapper/default in either framework or device VINTF manifest.
03-27 15:45:41.972 27463-27475/? I/Gralloc4: mapper 4.x is not supported
03-27 15:45:41.973 450-530/? D/goldfish-address-space: claimShared: Ask to claim region [0x3f1827000 0x3f214d000]
03-27 15:45:41.979 1394-3514/? I/FontLog: Received query Noto Color Emoji Compat, URI content://com.google.android.gms.fonts [CONTEXT service_id=132 ]
03-27 15:45:41.979 450-484/? D/goldfish-address-space: claimShared: Ask to claim region [0x3f0000000 0x3f0926000]
03-27 15:45:41.980 1394-3514/? I/FontLog: Query [emojicompat-emoji-font] resolved to {Noto Color Emoji Compat, wdth 100.0, wght 400, ital 0.0, bestEffort false} [CONTEXT service_id=132 ]
03-27 15:45:41.982 1394-3514/? I/FontLog: Fetch {Noto Color Emoji Compat, wdth 100.0, wght 400, ital 0.0, bestEffort false} end status Status{statusCode=SUCCESS, resolution=null} [CONTEXT service_id=132 ]
03-27 15:45:41.983 27463-27475/? D/HostConnection: createUnique: call
03-27 15:45:41.983 27463-27475/? D/HostConnection: HostConnection::get() New Host Connection established 0x76b50ec9f1d0, tid 27475
03-27 15:45:41.983 27463-27475/? D/goldfish-address-space: allocate: Ask for block of size 0x100
03-27 15:45:41.983 27463-27475/? D/goldfish-address-space: allocate: ioctl allocate returned offset 0x3e7ffe000 size 0x2000
03-27 15:45:41.984 1947-1947/? I/GsaVoiceInteractionSrv: Handling ACTION_START_HOTWORD
03-27 15:45:41.985 1394-3514/? I/FontLog: Pulling font file for id = 56, cache size = 10 [CONTEXT service_id=132 ]
03-27 15:45:41.985 1394-3514/? I/FontLog: [ 03-27 15:45:42.003  1947: 2718 I/GsaVoiceInteractionSr
03-27 15:45:41.985 1394-3514/? I/FontLog: v ]
03-27 15:45:41.985 1394-3514/? I/FontLog: disregardVoiceMatch: false
03-27 15:45:42.003 1947-2718/? I/GsaVoiceInteractionSrv: Cannot start hotword, hotword has been explicitly disabled.
03-27 15:45:42.018 450-484/? D/goldfish-address-space: claimShared: Ask to claim region [0x3f0926000 0x3f124c000]
03-27 15:45:42.020 450-530/? D/goldfish-address-space: claimShared: Ask to claim region [0x3f78df000 0x3f7c63000]
03-27 15:45:42.020 2141-2680/? I/A: NGA disabled due to not being eligible.
03-27 15:45:42.025 1394-3514/? I/FontLog: Pulling font file for id = 56, cache size = 10 [CONTEXT service_id=132 ]
03-27 15:45:42.026 27463-27475/? D/HostConnection: HostComposition ext ANDROID_EMU_CHECKSUM_HELPER_v1 ANDROID_EMU_native_sync_v2 ANDROID_EMU_native_sync_v3 ANDROID_EMU_native_sync_v4 ANDROID_EMU_dma_v1 ANDROID_EMU_direct_mem ANDROID_EMU_host_composition_v1 ANDROID_EMU_host_composition_v2 ANDROID_EMU_vulkan ANDROID_EMU_deferred_vulkan_commands ANDROID_EMU_vulkan_null_optional_strings ANDROID_EMU_vulkan_create_resources_with_requirements ANDROID_EMU_YUV_Cache ANDROID_EMU_vulkan_ignored_handles ANDROID_EMU_has_shared_slots_host_memory_allocator ANDROID_EMU_vulkan_free_memory_sync ANDROID_EMU_vulkan_shader_float16_int8 ANDROID_EMU_vulkan_async_queue_submit ANDROID_EMU_vulkan_queue_submit_with_commands ANDROID_EMU_sync_buffer_data ANDROID_EMU_vulkan_async_qsri ANDROID_EMU_read_color_buffer_dma ANDROID_EMU_hwc_multi_configs GL_OES_EGL_image_external_essl3 GL_OES_vertex_array_object GL_KHR_texture_compression_astc_ldr ANDROID_EMU_host_side_tracing ANDROID_EMU_gles_max_version_3_1 
03-27 15:45:42.031 2141-2141/? W/A: Can't get WAA status for Mavatar!
03-27 15:45:42.031 2141-2141/? W/A: java.lang.NullPointerException: Attempt to invoke virtual method 'java.lang.Class java.lang.Object.getClass()' on a null object reference
03-27 15:45:42.031 2141-2141/? W/A: 	at com.google.apps.tiktok.dataservice.z.b(PG:1)
03-27 15:45:42.031 2141-2141/? W/A: 	at com.google.apps.tiktok.dataservice.at.a(PG:1)
03-27 15:45:42.031 2141-2141/? W/A: 	at com.google.apps.tiktok.tracing.ec.a(PG:2)
03-27 15:45:42.031 2141-2141/? W/A: 	at com.google.common.util.concurrent.aj.a(PG:2)
03-27 15:45:42.031 2141-2141/? W/A: 	at com.google.common.util.concurrent.ac.apply(PG:1)
03-27 15:45:42.031 2141-2141/? W/A: 	at com.google.common.util.concurrent.h.e(PG:2)
03-27 15:45:42.031 2141-2141/? W/A: 	at com.google.common.util.concurrent.j.run(PG:9)
03-27 15:45:42.031 2141-2141/? W/A: 	at com.google.common.util.concurrent.bf.execute(PG:1)
03-27 15:45:42.031 2141-2141/? W/A: 	at com.google.common.util.concurrent.d.i(PG:1)
03-27 15:45:42.031 2141-2141/? W/A: 	at com.google.common.util.concurrent.d.iq(PG:5)
03-27 15:45:42.031 2141-2141/? W/A: 	at com.google.common.util.concurrent.j.h(PG:2)
03-27 15:45:42.031 2141-2141/? W/A: 	at com.google.common.util.concurrent.ax.d(PG:1)
03-27 15:45:42.031 2141-2141/? W/A: 	at com.google.apps.tiktok.dataservice.au.a(PG:5)
03-27 15:45:42.031 2141-2141/? W/A: 	at com.google.apps.tiktok.dataservice.dr.c(PG:5)
03-27 15:45:42.031 2141-2141/? W/A: 	at com.google.apps.tiktok.dataservice.dp.run(PG:6)
03-27 15:45:42.031 2141-2141/? W/A: 	at com.google.apps.tiktok.concurrent.ak.run(PG:6)
03-27 15:45:42.031 2141-2141/? W/A: 	at com.g
03-27 15:45:42.031 2141-2141/? W/A: oogle.apps.tiktok.tracing.ei.run(PG:2)
03-27 15:45:42.031 2141-2141/? W/A: 	at java.util.concurrent.Executors$RunnableAdapter.call(Executors.java:463)
03-27 15:45:42.031 2141-2141/? W/A: 	at com.google.common.util.concurrent.dy.a(PG:1)
03-27 15:45:42.031 2141-2141/? W/A: 	at com.google.common.util.concurrent.cv.run(PG:4)
03-27 15:45:42.031 2141-2141/? W/A: 	at com.google.common.util.concurrent.dz.run(PG:1)
03-27 15:45:42.031 2141-2141/? W/A: 	at android.os.Handler.handleCallback(Handler.java:942)
03-27 15:45:42.031 2141-2141/? W/A: 	at android.os.Handler.dispatchMessage(Handler.java:99)
03-27 15:45:42.031 2141-2141/? W/A: 	at android.os.Looper.loopOnce(Looper.java:201)
03-27 15:45:42.031 2141-2141/? W/A: 	at android.os.Looper.loop(Looper.java:288)
03-27 15:45:42.031 2141-2141/? W/A: 	at android.app.ActivityThread.main(ActivityThread.java:7872)
03-27 15:45:42.031 2141-2141/? W/A: 	at java.lang.reflect.Method.invoke(Native Method)
03-27 15:45:42.031 2141-2141/? W/A: 	at com.android.internal.os.RuntimeInit$MethodAndArgsCaller.run(RuntimeInit.java:548)
03-27 15:45:42.031 2141-2141/? W/A: 	at com.android.internal.os.ZygoteInit.main(ZygoteInit.java:936)
03-27 15:45:42.032 450-484/? D/goldfish-address-space: claimShared: Ask to claim region [0x3f7c63000 0x3f7fe7000]
03-27 15:45:42.036 482-520/? W/TransactionTracing: Could not find layer id -1
03-27 15:45:42.036 482-520/? W/TransactionTracing: Could not find layer id -1
03-27 15:45:42.036 482-520/? W/TransactionTracing: Could not find layer id -1
03-27 15:45:42.036 482-520/? W/TransactionTracing: Could not find layer id -1
03-27 15:45:42.044 672-763/? D/CoreBackPreview: Window{75562e7 u0 com.example.test/androidx.test.core.app.InstrumentationActivityInvoker$EmptyActivity}: Setting back callback null
