03-27 15:45:09.251 1668-1668/? I/GoogleInputMethodService: GoogleInputMethodService.onStartInput():1919 onStartInput(EditorInfo{inputType=0x0(NULL) imeOptions=0x0 privateImeOptions=null actionName=UNSPECIFIED actionLabel=null actionId=0 initialSelStart=-1 initialSelEnd=-1 initialCapsMode=0x0 hintText=null label=null packageName=com.google.android.apps.nexuslauncher fieldId=-1 fieldName=null extras=null}, false)
03-27 15:45:09.252 1668-1668/? I/GoogleInputMethodService: GoogleInputMethodService.updateDeviceLockedStatus():2114 repeatCheckTimes = 2, unlocked = true
03-27 15:45:09.256 26156-26185/? I/TestRunner: run finished: 1 tests, 0 failed, 0 ignored
03-27 15:45:09.257 672-2376/? D/CoreBackPreview: Window{ca89f85 u0 com.example.test/androidx.test.core.app.InstrumentationActivityInvoker$EmptyActivity}: Setting back callback null
03-27 15:45:09.258 672-2376/? W/InputManager-JNI: Input channel object 'ca89f85 com.example.test/androidx.test.core.app.InstrumentationActivityInvoker$EmptyActivity (client)' was disposed without first being removed with the input manager!
03-27 15:45:09.265 482-520/? W/TransactionTracing: Could not find layer handle 0x7321fa258d70
03-27 15:45:09.266 482-520/? W/TransactionTracing: Could not find layer handle 0x7321fa258350
03-27 15:45:09.266 482-520/? W/TransactionTracing: Could not find layer handle 0x7321fa257f30
03-27 15:45:09.266 482-520/? W/TransactionTracing: Could not find layer handle 0x7321fa2516f0
03-27 15:45:09.266 482-520/? W/TransactionTracing: Could not find layer handle 0x7321fa2516f0
03-27 15:45:09.266 482-520/? W/TransactionTracing: Could not find layer handle 0x7321fa255c
03-27 15:45:09.266 482-520/? W/TransactionTracing: 50
03-27 15:45:09.266 482-520/? W/TransactionTracing: Could not find layer handle 0x7321fa258d70
03-27 15:45:09.266 482-520/? W/TransactionTracing: Could not find layer handle 0x7321fa257570
03-27 15:45:09.267 672-2376/? I/ActivityManager: Force stopping com.example appid=10181 user=0: finished inst
03-27 15:45:09.267 672-2376/? I/ActivityManager: Killing 26156:com.example/u0a181 (adj 0): stop com.example due to finished inst
03-27 15:45:09.275 672-714/? I/libprocessgroup: Successfully killed process cgroup uid 10181 pid 26156 in 5ms
03-27 15:45:09.278 902-911/? I/ndroid.systemui: NativeAlloc concurrent copying GC freed 64143(2521KB) AllocSpace objects, 6(120KB) LOS objects, 49% free, 13MB/27MB, paused 82us,39us total 109.987ms
03-27 15:45:09.280 26136-26136/? I/app_process: System.exit called, status: 0
03-27 15:45:09.280 26136-26136/? I/AndroidRuntime: VM exiting with result code 0.
03-27 15:45:09.283 672-805/? W/ActivityTaskManager: takeTaskSnapshot: taskId=181 not found or not visible
03-27 15:45:09.285 672-983/? W/ActivityTaskManager: takeTaskSnapshot: taskId=182 not found or not visible
03-27 15:45:09.291 26189-26213/? I/MPEG4Writer: setStartTimestampUs: 4133101487
03-27 15:45:09.296 482-520/? W/TransactionTracing: Could not find layer id -1
03-27 15:45:09.296 482-520/? W/TransactionTracing: Could not find layer id -1
03-27 15:45:09.296 672-805/? V/ActivityManager: Got obituary of 26156:com.example
03-27 15:29:02.115 0-0/? I/binder: undelivered transaction 862529, process died.
03-27 15:29:02.116 0-0/? I/binder: undelivered TRANSACTION_COMPLETE
03-27 15:29:02.116 0-0/? I/binder: undelivered transaction 862550, proce
03-27 15:29:02.116 0-0/? I/binder: ss died.
03-27 15:29:02.117 0-0/? I/binder: undelivered transaction 862563, process died.
03-27 15:45:09.298 429-429/? I/Zygote: Process 26156 exited due to signal 9 (Killed)
03-27 15:45:09.299 672-704/? W/ActivityManager: setHasOverlayUi called on unknown pid: 26156
03-27 15:45:09.299 26189-26191/? W/GraphicBufferSource: released unpopulated slots: [5, 6, 7, 8, 9, 10, 11, 12, 13, 14, 15, 16, 17, 18, 19, 20, 21, 22, 23, 24, 25, 26, 27, 28, 29, 30, 31, 32, 33, 34, 35, 36, 37, 38, 39, 40, 41, 42, 43, 44, 45, 46, 47, 48, 49, 50, 51, 52, 53, 54, 55, 56, 57, 58, 59, 60, 61, 62, 63]
03-27 15:45:09.306 26189-26189/? D/MPEG4Writer: reset()
03-27 15:45:09.306 26189-26212/? V/MediaWriter: Track event err/info msg:101, trackId:1, type:1000,val:-1011
03-27 15:45:09.306 26189-26189/? D/MPEG4Writer: Video track stopping. Stop source
03-27 15:45:09.306 26189-26189/? D/MPEG4Writer: Video track source stopping
03-27 15:45:09.306 26189-26189/? D/MPEG4Writer: Video track source stopped
03-27 15:45:09.306 26189-26213/? V/MediaWriter: Track event err/info msg:101, trackId:2, type:1000,val:-1011
03-27 15:45:09.306 26189-26213/? W/MPEG4Writer: 0-duration samples found: 1
03-27 15:45:09.306 26189-26212/? I/MPEG4Writer: Received total/0-length (38/0) buffers and encoded 38 frames. - Video
03-27 15:45:09.306 26189-26213/? I/MPEG4Writer: Received total/0-length (1/0) buffers and encoded 1 frames. - Metadata
03-27 15:45:09.307 26189-26189/? D/MPEG4Writer: Video track stopped. Status:0. Stop source
03-27 15:45:09.307 26189-26189/? D/MPEG4Writer: Metadata track stopping. Stop source
03-27 15:45:09.307 26189-26189/? D/MPEG4Writer: Metadata track source stopping
03-27 15:45:09.307 26189-26189/? D/MPEG4Writer: Metadata track source stopped
03-27 15:45:09.307 26189-26189/? D/MPEG4Writer: Metadata track stopped. Status:0. Stop source
03-27 15:45:09.307 26189-26189/? D/MPEG4Writer: Duration from tracks range is [0, 963055] us
03-27 15:45:09.307 26189-26210/? D/MPEG4Writer: 0 chunks are written in the last batch
03-27 15:45:09.307 26189-26189/? D/MPEG4Writer: WriterThread stopped. Status:0
03-27 15:45:09.307 26189-26189/? I/MPEG4Writer: Adjust the moov start time from 4133101487 us -> 4133101487 us
03-27 15:45:09.307 26189-26189/? I/MPEG4Writer: MOOV atom was written to the file
03-27 15:45:09.307 26189-26189/? D/MPEG4Writer: release()
03-27 15:45:09.307 26189-26189/? D/MPEG4Writer: ftruncate mPreAllocateFileEndOffset:45787 mOffset:1664 mMdatEndOffset:43115 diff:2672
03-27 15:45:09.310 26189-26189/? D/MPEG4Writer: final fsync() takes 2 ms, file size 43115
03-27 15:45:09.310 26189-26189/? D/MPEG4Writer: MP4WtrCtrlHlpLooper stopped
03-27 15:45:09.310 26189-26189/? D/MPEG4Writer: Top 5 write durations(microseconds): #1:7 #2:8 #3:12 #4:345 #5:394
03-27 15:45:09.312 26189-26194/? I/hw-BpHwBinder: onLastStrongRef automatically unlinking death recipients
03-27 15:45:09.313 578-1078/? I/hw-BpHwBinder: onLastStrongRef automatically unlinking death recipients
03-27 15:45:09.313 578-1078/? I/hw-BpHwBinder: onLastStrongRef automatically unlinking death recipients
03-27 15:45:09.314 578-1078/? V/C2Store: in ~ComponentModule
03-27 15:45:09.314 578-1078/? V/C2Store: unloading dll
03-27 15:45:09.316 902-1191/? D/EGL_emulation: app_time_stats: avg=254.04ms min=17.36ms max=559.88ms count=4
03-27 15:45:09.335 1876-3215/? I/MediaProvider: Begin Intent { act=android.intent.action.MEDIA_SCANNER_SCAN_FILE dat=file:///... flg=0x1400010 cmp=com.google.android.providers.media.module/com.android.providers.media.MediaService }
03-27 15:45:09.337 26189-26189/? D/ScreenRecord: success
03-27 15:45:09.338 26189-26189/? I/BpBinder: onLastStrongRef automatically unlinking death recipients: <uncached descriptor>
03-27 15:45:09.338 26189-26189/? I/BpBinder: onLastStrongRef automatically unlinking death recipients: <uncached descriptor>
03-27 15:45:09.339 578-1078/? D/BufferPoolAccessor2.0: Destruction - bufferpool2 0x753898b03a98 cached: 0/0M, 0/0% in use; allocs: 39, 97% recycled; transfers: 39, 97% unfetched
03-27 15:45:09.357 1876-3215/? V/MediaProvider: Inserted id:1000000100 less than next row id backup:1000001000.
03-27 15:45:09.359 1876-3215/? I/MediaProvider: End Intent { act=android.intent.action.MEDIA_SCANNER_SCAN_FILE dat=file:///... flg=0x1400010 cmp=com.google.android.providers.media.module/com.android.providers.media.MediaService }
03-27 15:45:09.363 482-520/? W/TransactionTracing: Could not find layer id -1
03-27 15:45:09.384 1394-19817/? I/NetworkScheduler.Stats: Task com.google.android.gms/com.google.android.gms.ipa.base.IpaGcmTaskService started execution. cause:9 exec_start_elapsed_seconds: 4134 [CONTEXT service_id=218 ]
03-27 15:45:09.390 1394-25328/? I/NetworkScheduler.Stats: Task com.google.android.gms/com.google.android.gms.ipa.base.IpaGcmTaskService finished executing. cause:9 result: 1 elapsed_millis: 12 uptime_millis: 12 exec_start_elapsed_seconds: 4134 [CONTEXT service_id=218 ]
03-27 15:45:09.405 672-686/? I/system_server: NativeAlloc concurrent copying GC freed 180285(8895KB) AllocSpace objects, 8(160KB) LOS objects, 49% free, 21MB/43MB, paused 134us,56us total 114.841ms
03-27 15:45:09.563 482-520/? W/TransactionTracing: Could not find layer handle 0x7321fa2572d0
03-27 15:45:09.947 1876-2098/? I/MediaProvider: Deleted 0 0 0 1 0 0 0 items on external_primary due to com.android.shell
