03-27 15:45:19.957 19748-19748/? I/ProvidersCache: Updating roots due to change on user 0at content://com.android.providers.media.documents/root
03-27 15:45:19.971 19748-26656/? I/ProvidersCache: Provider returned no roots. Possibly naughty: com.google.android.apps.docs.storage
03-27 15:45:19.975 428-26659/? I/resolv: GetAddrInfoHandler::run: {101 101 101 983141 10181 0}
03-27 15:45:19.992 26623-26648/? W/FileTestStorage: Output properties is not supported.
03-27 15:45:19.992 26623-26648/? I/Tracing: Tracer added: class androidx.test.platform.tracing.AndroidXTracer
03-27 15:45:19.997 26623-26648/? D/EventInjectionStrategy: Creating injection strategy with input manager.
03-27 15:45:19.997 26623-26648/? W/com.example: Accessing hidden method Landroid/hardware/input/InputManager;->getInstance()Landroid/hardware/input/InputManager; (unsupported, reflection, allowed)
03-27 15:45:19.998 26623-26648/? W/com.example: Accessing hidden method Landroid/hardware/input/InputManager;->injectInputEvent(Landroid/view/InputEvent;I)Z (unsupported, reflection, allowed)
03-27 15:45:19.999 26623-26648/? W/com.example: Accessing hidden field Landroid/hardware/input/InputManager;->INJECT_INPUT_EVENT_MODE_WAIT_FOR_FINISH:I (unsupported, reflection, allowed)
03-27 15:45:20.005 1876-2099/? W/MediaProvider: isAppCloneUserPair for user 0: false
03-27 15:45:20.007 1876-2099/? V/MediaProvider: Inserted id:1000000102 less than next row id backup:1000001000.
03-27 15:45:20.011 26623-26648/? W/Settings: Setting always_finish_activities has moved from android.provider.Settings.System to android.provider.Settings.Global, returning read-only value.
03-27 15:45:20.011 26652-26652/? D/MediaCodecList: codecHandlesFormat: no format, so no extra checks
03-27 15:45:20.013 26652-26663/? D/CCodec: allocate(c2.android.avc.encoder)
03-27 15:45:20.014 26652-26663/? I/Codec2Client: Available Codec2 services: "default" "software"
03-27 15:45:20.015 26652-26663/? I/CCodec: setting up 'default' as default (vendor) store
03-27 15:45:20.017 578-1077/? V/C2Store: in init
03-27 15:45:20.017 578-1077/? V/C2Store: loading dll
03-27 15:45:20.018 578-1077/? I/mediaswcodec: missing struct descriptor #Param::CoreIndex(--004) for field values of struct #Param::CoreIndex(F-12004)
03-27 15:45:20.018 578-1077/? I/mediaswcodec: missing struct descriptor #Param::CoreIndex(--1812) for field values of struct #Param::CoreIndex(F-11812)
03-27 15:45:20.018 578-1077/? I/mediaswcodec: missing struct descriptor #Param::CoreIndex(--004) for field values of struct #Param::CoreIndex(F-12004)
03-27 15:45:20.018 578-1077/? I/mediaswcodec: missing struct descriptor #Param::CoreIndex(--1812) for field values of struct #Param::CoreIndex(F-11812)
03-27 15:45:20.019 26652-26663/? I/CCodec: Created component [c2.android.avc.encoder]
03-27 15:45:20.019 672-2776/? I/ActivityTaskManager: START u0 {act=android.intent.action.MAIN cat=[android.intent.category.LAUNCHER] flg=0x10008000 cmp=com.example/.MainActivity} from uid 10181
03-27 15:45:20.019 26652-26663/? D/CCodecConfig: read media type: video/avc
03-27 15:45:20.020 672-2776/? D/CompatibilityChangeReporter: Compat change id reported: 194480991; UID 10181; state: ENABLED
03-27 15:45:20.020 26652-26663/? D/ReflectedParamUpdater: extent() != 1 for single value type: algo.buffers.max-count.values
03-27 15:45:20.020 26652-26663/? D/ReflectedParamUpdater: extent() != 1 for single value type: output.subscribed-indices.values
03-27 15:45:20.020 26652-26663/? D/ReflectedParamUpdater: extent() != 1 for single value type: input.buffers.allocator-ids.values
03-27 15:45:20.020 26652-26663/? D/ReflectedParamUpdater: [ 03-27 15:
03-27 15:45:20.020 26652-26663/? D/ReflectedParamUpdater: 45:20.020 26652:26663 D/ReflectedParamUpdater ]
03-27 15:45:20.020 26652-26663/? D/ReflectedParamUpdater: extent() != 1 for single value type: output.buffers.allocator-ids.values
03-27 15:45:20.021 26652-26663/? D/ReflectedParamUpdater: extent() != 1 for single value type: algo.buffers.allocator-ids.values
03-27 15:45:20.021 26652-26663/? D/ReflectedParamUpdater: extent() != 1 for single value type: output.buffers.pool-ids.values
03-27 15:45:20.021 26652-26663/? D/ReflectedParamUpdater: extent() != 1 for single value type: algo.buffers.pool-ids.values
03-27 15:45:20.021 26652-26663/? D/ReflectedParamUpdater: ignored struct field coding.gop.values
03-27 15:45:20.021 26652-26663/? D/ReflectedParamUpdater: ignored struct field coding.qp.values
03-27 15:45:20.022 26652-26663/? D/CCodecConfig: ignoring local param raw.color (0xc2001809) as it is already supported
03-27 15:45:20.022 672-2776/? D/CompatibilityChangeReporter: Compat change id reported: 174042980; UID 10181; state: DISABLED
03-27 15:45:20.022 672-2776/? D/CompatibilityChangeReporter: Compat change id reported: 184838306; UID 10181; state: DISABLED
03-27 15:45:20.022 672-2776/? D/CompatibilityChangeReporter: Compat change id reported: 185004937; UID 10181; state: DISABLED
03-27 15:45:20.022 672-2776/? D/CompatibilityChangeReporter: Compat change id reported: 181136395; UID 10181; state
03-27 15:45:20.022 672-2776/? D/CompatibilityChangeReporter: : DISABLED
03-27 15:45:20.022 672-2776/? D/CompatibilityChangeReporter: Compat change id reported: 174042936; UID 10181; state: DISABLED
03-27 15:45:20.022 26652-26663/? I/CCodecConfig: query failed after returning 12 values (BAD_INDEX)
03-27 15:45:20.022 672-2776/? D/CompatibilityChangeReporter: Compat change id reported: 197654537; UID 10181; state: ENABLED
03-27 15:45:20.022 26652-26663/? D/CCodecConfig: c2 config diff is Dict {
03-27 15:45:20.022 26652-26663/? D/CCodecConfig:   c2::i32 coded.average-qp.value = 0
03-27 15:45:20.022 26652-26663/? D/CCodecConfig:   c2::u32 coded.bitrate.value = 64000
03-27 15:45:20.022 26652-26663/? D/CCodecConfig:   c2::float coded.frame-rate.value = 1
03-27 15:45:20.022 26652-26663/? D/CCodecConfig:   c2::u32 coded.picture-type.value = 0
03-27 15:45:20.022 26652-26663/? D/CCodecConfig:   c2::u32 coded.pl.level = 20492
03-27 15:45:20.022 26652-26663/? D/CCodecConfig:   c2::u32 coded.pl.profile = 20481
03-27 15:45:20.022 26652-26663/? D/CCodecConfig:   c2::u32 coded.vui.color.matrix = 0
03-27 15:45:20.022 26652-26663/? D/CCodecConfig:   c2::u32 coded.vui.color.primaries = 0
03-27 15:45:20.022 26652-26663/? D/CCodecConfig:   c2::u32 coded.vui.color.range = 0
03-27 15:45:20.022 26652-26663/? D/CCodecConfig:   c2::u32 coded.vui.color.transfer = 0
03-27 15:45:20.022 26652-26663/? D/CCodecConfig:   c2::u32 coding.intra-refresh.mode = 0
03-27 15:45:20.022 26652-26663/? D/CCodecConfig:   c2::float coding.intra-refresh.period = 0
03-27 15:45:20.022 26652-26663/? D/CCodecConfig:   c2::u32 coding.request-sync-frame.value = 0
03-27 15:45:20.022 26652-26663/? D/CCodecConfig:   c2::i64 coding.sync-frame-interval.value = 1000000
03-27 15:45:20.022 26652-26663/? D/CCodecConfig:   c2::u32 input.delay.value = 0
03-27 15:45:20.022 26652-26663/? D/CCodecConfig:   string input.media-type.value = "video/raw"
03-27 15:45:20.022 26652-26663/? D/CCodecConfig:   string output.media-type.value = "video/avc"
03-27 15:45:20.022 26652-26663/? D/CCodecConfig:   c2::u32 raw.color.matrix = 0
03-27 15:45:20.022 26652-26663/? D/CCodecConfig:   c2::u32 raw.color.primaries = 0
03-27 15:45:20.022 26652-26663/? D/CCodecConfig:   c2::u32 raw.color.range = 0
03-27 15:45:20.022 26652-26663/? D/CCodecConfig:   c2::u32 raw.color.transfer = 0
03-27 15:45:20.022 26652-26663/? D/CCodecConfig:   c2::u32 raw.size.height = 16
03-27 15:45:20.022 26652-26663/? D/CCodecConfig:   c2::u32 raw.size.width = 16
03-27 15:45:20.022 26652-26663/? D/CCodecConfig: }
03-27 15:45:20.022 26652-26663/? W/ColorUtils: expected specified color aspects (0:0:0:0)
03-27 15:45:20.023 672-2776/? V/SplashScreenExceptionList: SplashScreen checking exception for package com.example (target sdk:33) -> false
03-27 15:45:20.023 672-2776/? D/CompatibilityChangeReporter: Compat change id reported: 205907456; UID 10181; state: ENABLED
03-27 15:45:20.025 672-2776/? D/CompatibilityChangeReporter: Compat change id reported: 194833441; UID 10181; state: ENABLED
03-27 15:45:20.025 26652-26652/? D/CodecSeeding: Seed: codec c2.android.avc.encoder, mediatype video/avc, overrideable 1
03-27 15:45:20.025 26652-26652/? D/CodecProperties: setTuningValue(vq-target-bpp,0)
03-27 15:45:20.025 26652-26652/? D/CodecProperties: setTuningValue(vq-target-bpp-1080p,1.90)
03-27 15:45:20.025 26652-26652/? D/CodecProperties: setTuningValue(vq-target-bpp-720p,2.25)
03-27 15:45:20.025 26652-26652/? D/CodecProperties: setTuningValue(vq-target-bpp-540p,2.65)
03-27 15:45:20.025 26652-26652/? D/CodecProperties: setTuningValue(vq-target-bpp-480p,3.00)
03-27 15:45:20.025 26652-26652/? D/CodecProperties: setTuningValue(vq-target-bpp-320x240,0)
03-27 15:45:20.025 26652-26652/? D/CodecProperties: setTuningValue(vq-target-qpmax,-1)
03-27 15:45:20.025 26652-26652/? D/CodecProperties: setTuningValue(vq-target-qpmax-1080p,45)
03-27 15:45:20.025 26652-26652/? D/CodecProperties: setTuningValue(vq-target-qpmax-720p,43)
03-27 15:45:20.025 26652-26652/? D/CodecProperties: setTuningValue(vq-target-qpmax-540p,42)
03-27 15:45:20.025 26652-26652/? D/CodecProperties: setTuningValue(vq-target-qpmax-480p,38)
03-27 15:45:20.025 26652-26652/? D/CodecProperties: setTuningValue(vq-bitrate-phaseout,1.75)
03-27 15:45:20.025 26652-26652/? D/CodecProperties: setTuningValue(vq-boost-missing-qp,0.20)
03-27 15:45:20.025 26652-26652/? D/CodecProperties: setFeatureValue(intra-refresh,0)
03-27 15:45:20.025 26652-26652/? D/CodecProperties: setFeatureValue(qp-bounds,0)
03-27 15:45:20.025 26652-26652/? D/CodecProperties: setFeatureValue(_vq_eligible.device,1)
03-27 15:45:20.025 26652-26652/? D/CodecProperties: setFeatureValue(_quality.target,1)
03-27 15:45:20.025 902-1083/? D/SplashScreenView: Build android.window.SplashScreenView{f96b05a V.E...... ......ID 0,0-0,0}
03-27 15:45:20.025 902-1083/? D/SplashScreenView: Icon: view: null drawable: null size: 0
03-27 15:45:20.025 902-1083/? D/SplashScreenView: Branding: view: android.view.View{c80b28b G.ED..... ......I. 0,0-0,0 #10204db android:id/splashscreen_branding_view} drawable: null size w: 0 h: 0
03-27 15:45:20.025 26652-26652/? D/CodecSeeding: Seed: codec c2.android.avc.encoder, mediatype video/avc, overrideable 0
03-27 15:45:20.025 26652-26652/? D/VQApply: raise bitrate: configured 1000000 to floor 2073600
03-27 15:45:20.025 26652-26652/? D/VQApply: minquality by QP: inject video-qp-max=43
03-27 15:45:20.025 26652-26652/? D/VQApply: minquality/target bitrate raised from 1000000 to 2073600 bps
03-27 15:45:20.025 26652-26652/? D/MediaCodec: shapeMediaFormat: deltas(6): AMessage(what = 0x00000000) = {
03-27 15:45:20.025 26652-26652/? D/MediaCodec:     int32_t bitrate = 2073600
03-27 15:45:20.025 26652-26652/? D/MediaCodec:     int32_t android._encoding-quality-level = 0
03-27 15:45:20.025 26652-26652/? D/MediaCodec:     int32_t video-qp-max = 43
03-27 15:45:20.025 26652-26652/? D/MediaCodec:     int32_t video-qp-i-max = 43
03-27 15:45:20.025 26652-26652/? D/MediaCodec:     int32_t video-qp-p-max = 46
03-27 15:45:20.025 26652-26652/? D/MediaCodec:     int32_t video-qp-b-max = 49
03-27 15:45:20.025 26652-26652/? D/MediaCodec:   }
03-27 15:45:20.025 26652-26663/? D/CCodec: [c2.android.avc.encoder] buffers are bound to CCodec for this session
03-27 15:45:20.026 26652-26663/? D/CCodecConfig: no c2 equivalents for color-format
03-27 15:45:20.026 26652-26663/? D/CCodecConfig: no c2 equivalents for max-bframes
03-27 15:45:20.026 26652-26663/? D/CCodecConfig: no c2 equivalents for video-qp-max
03-27 15:45:20.026 26652-26663/? D/CCodecConfig: no c2 equivalents for video-qp-i-max
03-27 15:45:20.026 26652-26663/? D/CCodecConfig: no c2 equivalents for video-qp-p-max
03-27 15:45:20.026 26652-26663/? D/CCodecConfig: no c2 equivalents for video-qp-b-max
03-27 15:45:20.026 26652-26663/? D/CCodecConfig: no c2 equivalents for flags
03-27 15:45:20.026 26652-26663/? D/CCodecConfig: no c2 equivalents for encoder
03-27 15:45:20.027 26652-26663/? D/CCodecConfig: c2 config diff is   c2::u32 coded.bitrate.value = 2073600
03-27 15:45:20.027 26652-26663/? D/CCodecConfig:   c2::float coded.frame-rate.value = 60
03-27 15:45:20.027 26652-26663/? D/CCodecConfig:   c2::i64 coding.sync-frame-interval.value = 10000000
03-27 15:45:20.027 26652-26663/? D/CCodecConfig:   c2::u32 raw.size.height = 1280
03-27 15:45:20.027 26652-26663/? D/CCodecConfig:   c2::u32 raw.size.width = 720
03-27 15:45:20.027 26652-26663/? W/ColorUtils: expected specified color aspects (0:0:0:0)
03-27 15:45:20.027 26652-26663/? D/CCodec: encoding statistics level = 0
03-27 15:45:20.027 26652-26663/? D/CCodec: setup formats input: AMessage(what = 0x00000000) = {
03-27 15:45:20.027 26652-26663/? D/CCodec:   Rect crop(0, 0, 719, 1279)
03-27 15:45:20.027 26652-26663/? D/CCodec:   int32_t color-standard = 0
03-27 15:45:20.027 26652-26663/? D/CCodec:   int32_t color-range = 0
03-27 15:45:20.027 26652-26663/? D/CCodec:   int32_t color-transfer = 0
03-27 15:45:20.027 26652-26663/? D/CCodec:   int32_t frame-rate = 60
03-27 15:45:20.027 26652-26663/? D/CCodec:   int32_t height = 1280
03-27 15:45:20.027 26652-26663/? D/CCodec:   int32_t intra-refresh-period = 0
03-27 15:45:20.027 26652-26663/? D/CCodec:   string mime = "video/raw"
03-27 15:45:20.027 26652-26663/? D/CCodec:   int32_t video-qp-average = 0
03-27 15:45:20.027 26652-26663/? D/CCodec:   int32_t width = 720
03-27 15:45:20.027 26652-26663/? D/CCodec:   int32_t android._dataspace = 0
03-27 15:45:20.027 26652-26663/? D/CCodec:   int32_t using-sw-read-often = 1
03-27 15:45:20.027 26652-26663/? D/CCodec:   int64_t android._C2MemoryUsage = 1
03-27 15:45:20.027 26652-26663/? D/CCodec:   int32_t color-format = 2130708361
03-27 15:45:20.027 26652-26663/? D/CCodec:   int32_t android._color-format = 2130708361
03-27 15:45:20.027 26652-26663/? D/CCodec: }
03-27 15:45:20.027 26652-26663/? D/CCodec: setup formats output: AMessage(what = 0x00000000) = {
03-27 15:45:20.027 26652-26663/? D/CCodec:   int32_t bitrate = 2073600
03-27 15:45:20.027 26652-26663/? D/CCodec:   Rect crop(0, 0, 719, 1279)
03-27 15:45:20.027 26652-26663/? D/CCodec:   int32_t color-standard = 0
03-27 15:45:20.027 26652-26663/? D/CCodec:   int32_t color-range = 0
03-27 15:45:20.027 26652-26663/? D/CCodec:   int32_t color-transfer = 0
03-27 15:45:20.027 26652-26663/? D/CCodec:   int32_t frame-rate = 60
03-27 15:45:20.027 26652-26663/? D/CCodec:   int32_t height = 1280
03-27 15:45:20.027 26652-26663/? D/CCodec:   int32_t intra-refresh-period = 0
03-27 15:45:20.027 26652-26663/? D/CCodec:   int32_t level = 4096
03-27 15:45:20.027 26652-26663/? D/CCodec:   int32_t max-bitrate = 2073600
03-27 15:45:20.027 26652-26663/? D/CCodec:   string mime = "video/avc"
03-27 15:45:20.027 26652-26663/? D/CCodec:   int32_t profile = 65536
03-27 15:45:20.027 26652-26663/? D/CCodec:   int32_t video-qp-average = 0
03-27 15:45:20.027 26652-26663/? D/CCodec:   int32_t width = 720
03-27 15:45:20.027 26652-26663/? D/CCodec: }
03-27 15:45:20.027 26652-26663/? I/CCodecConfig: query failed after returning 13 values (BAD_INDEX)
03-27 15:45:20.028 26652-26663/? D/CCodec: input format changed to AMessage(what = 0x00000000) = {
03-27 15:45:20.028 26652-26663/? D/CCodec:   Rect crop(0, 0, 719, 1279)
03-27 15:45:20.028 26652-26663/? D/CCodec:   int32_t color-standard = 1
03-27 15:45:20.028 26652-26663/? D/CCodec:   int32_t color-range = 2
03-27 15:45:20.028 26652-26663/? D/CCodec:   int32_t color-transfer = 3
03-27 15:45:20.028 26652-26663/? D/CCodec:   int32_t frame-rate = 60
03-27 15:45:20.028 26652-26663/? D/CCodec:   int32_t height = 1280
03-27 15:45:20.028 26652-26663/? D/CCodec:   int32_t intra-refresh-period = 0
03-27 15:45:20.028 26652-26663/? D/CCodec:   string mime = "video/raw"
03-27 15:45:20.028 26652-26663/? D/CCodec:   int32_t video-qp-average = 0
03-27 15:45:20.028 26652-26663/? D/CCodec:   int32_t width = 720
03-27 15:45:20.028 26652-26663/? D/CCodec:   int32_t android._dataspace = 260
03-27 15:45:20.028 26652-26663/? D/CCodec:   int32_t using-sw-read-often = 1
03-27 15:45:20.028 26652-26663/? D/CCodec:   int64_t android._C2MemoryUsage = 1
03-27 15:45:20.028 26652-26663/? D/CCodec:   int32_t color-format = 2130708361
03-27 15:45:20.028 26652-26663/? D/CCodec:   int32_t android._color-format = 2130708361
03-27 15:45:20.028 26652-26663/? D/CCodec: }
03-27 15:45:20.030 672-2776/? D/CoreBackPreview: Window{ab23caf u0 Splash Screen com.example}: Setting back callback OnBackInvokedCallbackInfo{mCallback=android.window.IOnBackInvokedCallback$Stub$Proxy@d0c939a, mPriority=0}
03-27 15:45:20.030 672-704/? I/ActivityManager: Killing 18717:com.android.providers.calendar/u0a61 (adj 975): empty #17
03-27 15:45:20.032 450-450/? D/goldfish-address-space: claimShared: Ask to claim region [0x3e9827000 0x3ea14d000]
03-27 15:45:20.034 672-711/? D/IntervalStats: Unable to parse usage stats packages: [186, 187, 188, 189]
03-27 15:45:20.034 672-711/? D/IntervalStats: Unable to parse event packages: [188, 189]
03-27 15:45:20.039 1394-19817/? I/NetworkScheduler.Stats: Task com.google.android.gms/com.google.android.gms.ipa.base.IpaGcmTaskService started execution. cause:9 exec_start_elapsed_seconds: 4144 [CONTEXT service_id=218 ]
03-27 15:45:20.041 1394-14480/? I/NetworkScheduler.Stats: Task com.google.android.gms/com.google.android.gms.ipa.base.IpaGcmTaskService finished executing. cause:9 result: 1 elapsed_millis: 10 uptime_millis: 10 exec_start_elapsed_seconds: 4144 [CONTEXT service_id=218 ]
03-27 15:45:20.046 482-520/? W/TransactionTracing: Could not find layer id -1
03-27 15:45:20.046 482-520/? W/TransactionTracing: Could not find layer id -1
03-27 15:45:20.046 482-520/? W/TransactionTracing: Could not find layer id -1
03-27 15:45:20.046 482-520/? W/TransactionTracing: Could not find layer id -1
03-27 15:45:20.046 482-520/? W/TransactionTracing: Could not find layer id -1
03-27 15:45:20.046 482-520/? W/TransactionTracing: Could not find layer
03-27 15:45:20.046 482-520/? W/TransactionTracing:  id -1
03-27 15:45:20.054 26652-26663/? D/GraphicBufferSource: setting dataspace: 0x104, acquired=0
03-27 15:45:20.054 26652-26663/? D/CCodec: ISConfig not changed
03-27 15:45:20.055 450-450/? D/goldfish-address-space: claimShared: Ask to claim region [0x3ea14d000 0x3eaa73000]
03-27 15:45:20.055 26652-26663/? W/Codec2Client: query -- param skipped: index = 1342179345.
03-27 15:45:20.055 26652-26663/? W/Codec2Client: query -- param skipped: index = 2415921170.
03-27 15:45:20.055 26652-26663/? D/CCodecBufferChannel: [c2.android.avc.encoder#274] Using basic input block pool with poolID 1 => got 1 - OK (0)
03-27 15:45:20.055 26652-26663/? D/C2Store: Using DMABUF Heaps
03-27 15:45:20.056 26652-26663/? I/CCodecBufferChannel: [c2.android.avc.encoder#274] Created output block pool with allocatorID 16 => poolID 84 - OK
03-27 15:45:20.056 26652-26663/? D/CCodecBufferChannel: [c2.android.avc.encoder#274] Configured output block pool ids 84 => OK
03-27 15:45:20.056 450-450/? D/goldfish-address-space: claimShared: Ask to claim region [0x3e8000000 0x3e8926000]
03-27 15:45:20.057 672-714/? I/libprocessgroup: Successfully killed process cgroup uid 10061 pid 18717 in 25ms
03-27 15:45:20.057 570-598/? W/ResourceManagerService: Ignoring request to add new resource entry with value <= 0
03-27 15:45:20.058 902-1191/? W/Parcel: Expecting binder but got null!
03-27 15:45:20.059 26623-26673/? D/libEGL: loaded /vendor/lib64/egl/libEGL_emulation.so
03-27 15:45:20.059 26623-26623/? D/LifecycleMonitor: Lifecycle status change: com.example.MainActivity@2bb6884 in: PRE_ON_CREATE
03-27 15:45:20.060 26623-26673/? D/libEGL: loaded /vendor/lib64/egl/libGLESv1_CM_emulation.so
03-27 15:45:20.060 26623-26623/? V/ActivityScenario: Activity lifecycle changed event received but ignored because the reported transition was not ON_CREATE while the last known transition was PRE_ON_CREATE
03-27 15:45:20.060 26623-26673/? D/libEGL: loaded /vendor/lib64/egl/libGLESv2_emulation.so
03-27 15:45:20.063 482-520/? W/TransactionTracing: Could not find layer id -1
03-27 15:45:20.063 482-520/? W/TransactionTracing: Could not find layer id -1
03-27 15:45:20.067 1318-2193/? D/EGL_emulation: app_time_stats: avg=3570.13ms min=3570.13ms max=3570.13ms count=1
03-27 15:45:20.067 1876-2098/? I/MediaProvider: Deleted 0 0 0 1 0 0 0 items on external_primary due to com.android.shell
03-27 15:45:20.067 279-279/? I/hwservicemanager: getTransport: Cannot find entry android.hardware.graphics.mapper@4.0::IMapper/default in either framework or device VINTF manifest.
03-27 15:45:20.067 26652-26661/? I/Gralloc4: mapper 4.x is not supported
03-27 15:45:20.069 1876-2098/? W/MediaProvider: isAppCloneUserPair for user 0: false
03-27 15:45:20.070 1876-2098/? V/MediaProvider: Inserted id:1000000102 less than next row id backup:1000001000.
03-27 15:45:20.073 26652-26652/? D/MPEG4Writer: PreAllocation enabled
03-27 15:45:20.075 26652-26661/? D/HostConnection: createUnique: call
03-27 15:45:20.076 429-429/? I/Zygote: Process 18717 exited due to signal 9 (Killed)
03-27 15:45:20.076 26652-26661/? D/HostConnection: HostConnection::get() New Host Connection established 0x77a5a6653d10, tid 26661
03-27 15:45:20.076 26652-26661/? D/goldfish-address-space: allocate: Ask for block of size 0x100
03-27 15:45:20.076 26652-26661/? D/goldfish-address-space: allocate: ioctl allocate returned offset 0x3e7ffe000 size 0x2000
03-27 15:45:20.097 279-279/? I/hwservicemanager: getTransport: Cannot find entry android.hardware.graphics.allocator@4.0::IAllocator/default in either framework or device VINTF manifest.
03-27 15:45:20.097 278-278/? I/servicemanager: Could not find android.hardware.graphics.allocator.IAllocator/default in the VINTF manifest.
03-27 15:45:20.097 26652-26661/? W/Gralloc4: allocator 4.x is not supported
03-27 15:45:20.098 450-450/? D/goldfish-address-space: claimShared: Ask to claim region [0x3eaa73000 0x3eadf7000]
03-27 15:45:20.099 672-2776/? W/ActivityManager: Unable to start service Intent { act=android.service.smartspace.SmartspaceService cmp=com.google.android.as/com.google.android.apps.miphone.aiai.app.AiAiSmartspaceService } U=0: not found
03-27 15:45:20.099 672-2776/? W/RemoteSmartspaceService: could not bind to Intent { act=android.service.smartspac
03-27 15:45:20.099 672-2776/? W/RemoteSmartspaceService: e.SmartspaceService cmp=com.google.android.as/com.google.android.apps.miphone.aiai.app.AiAiSmartspaceService } using flags 67112961
03-27 15:45:20.099 672-672/? W/ActivityManager: Unbind failed: could not find connection for android.app.LoadedApk$ServiceDispatcher$InnerConnection@8835b69
03-27 15:45:20.107 26652-26661/? D/HostConnection: HostComposition ext ANDROID_EMU_CHECKSUM_HELPER_v1 ANDROID_EMU_native_sync_v2 ANDROID_EMU_native_sync_v3 ANDROID_EMU_native_sync_v4 ANDROID_EMU_dma_v1 ANDROID_EMU_direct_mem ANDROID_EMU_host_composition_v1 ANDROID_EMU_host_composition_v2 ANDROID_EMU_vulkan ANDROID_EMU_deferred_vulkan_commands ANDROID_EMU_vulkan_null_optional_strings ANDROID_EMU_vulkan_create_resources_with_requirements ANDROID_EMU_YUV_Cache ANDROID_EMU_vulkan_ignored_handles ANDROID_EMU_has_shared_slots_host_memory_allocator ANDROID_EMU_vulkan_free_memory_sync ANDROID_EMU_vulkan_shader_float16_int8 ANDROID_EMU_vulkan_async_queue_submit ANDROID_EMU_vulkan_queue_submit_with_commands ANDROID_EMU_sync_buffer_data ANDROID_EMU_vulkan_async_qsri ANDROID_EMU_read_color_buffer_dma ANDROID_EMU_hwc_multi_configs GL_OES_EGL_image_external_essl3 GL_OES_vertex_array_object GL_KHR_texture_compression_astc_ldr ANDROID_EMU_host_side_tracing ANDROID_EMU_gles_max_version_3_1 
03-27 15:45:20.110 26652-26676/? D/GraphicBufferSource: got buffer with new dataSpace #104
03-27 15:45:20.110 26652-26676/? D/C2OMXNode: dataspace changed to 0x104 pixel format: 0x1
03-27 15:45:20.111 279-279/? I/hwservicemanager: getTransport: Cannot find entry android.hardware.graphics.mapper@4.0::IMapper/default in either framework or device VINTF manifest.
03-27 15:45:20.113 482-520/? W/TransactionTracing: Could not find layer id -1
03-27 15:45:20.113 482-520/? W/TransactionTracing: Could not find layer id -1
03-27 15:45:20.113 482-520/? W/TransactionTracing: Could not find layer id -1
03-27 15:45:20.115 26623-26623/? D/CompatibilityChangeReporter: Compat change id reported: 210923482; UID 10181; state: ENABLED
03-27 15:45:20.117 450-450/? D/goldfish-address-space: claimShared: Ask to claim region [0x3eadf7000 0x3eb17b000]
03-27 15:45:20.117 578-26668/? D/SimpleC2Component: Using output block pool with poolID 84 => got 84 - 0
03-27 15:45:20.118 578-26668/? D/SimpleC2Component: applied 2 configUpdates => BAD_INDEX (6)
03-27 15:45:20.118 578-26668/? D/C2SoftAvcEnc: Params width 720 height 1280 level 41 colorFormat 0 bframes 0
03-27 15:45:20.119 1394-25328/? I/NetworkScheduler.Stats: Task com.google.android.gms/com.google.android.gms.ipa.base.IpaGcmTaskService started execution. cause:9 exec_start_elapsed_seconds: 4144 [CONTEXT service_id=218 ]
03-27 15:45:20.123 450-450/? D/goldfish-address-space: claimShared: Ask to claim region [0x3e8926000 0x3e8caa000]
03-27 15:45:20.124 1394-14480/? I/NetworkScheduler.Stats: Task com.google.android.gms/com.google.android.gms.ipa.base.IpaGcmTaskService finished executing. cause:9 result: 1 elapsed_millis: 17 uptime_millis: 17 exec_start_elapsed_seconds: 4144 [CONTEXT service_id=218 ]
03-27 15:45:20.129 26623-26623/? D/LifecycleMonitor: Lifecycle status change: com.example.MainActivity@2bb6884 in: CREATED
03-27 15:45:20.130 26623-26623/? V/ActivityScenario: Update currentActivityStage to CREATED, currentActivity=com.example.MainActivity@2bb6884
03-27 15:45:20.131 26623-26623/? D/LifecycleMonitor: Lifecycle status change: com.example.MainActivity@2bb6884 in: STARTED
03-27 15:45:20.131 1947-1947/? I/GsaVoiceInteractionSrv: Handling ACTION_STOP_HOTWO
03-27 15:45:20.131 1947-1947/? I/GsaVoiceInteractionSrv: RD
03-27 15:45:20.131 26623-26623/? V/ActivityScenario: Update currentActivityStage to STARTED, currentActivity=com.example.MainActivity@2bb6884
03-27 15:45:20.131 450-450/? D/goldfish-address-space: claimShared: Ask to claim region [0x3e8caa000 0x3e902e000]
03-27 15:45:20.132 1947-2796/? E/HwDetectorWithState: a: 3
03-27 15:45:20.134 578-26668/? E/C2SoftAvcEnc: Unable to set air params = 0x1ad
03-27 15:45:20.139 26623-26623/? D/LifecycleMonitor: Lifecycle status change: com.example.MainActivity@2bb6884 in: RESUMED
03-27 15:45:20.139 26623-26623/? V/ActivityScenario: Update currentActivityStage to RESUMED, currentActivity=com.example.MainActivity@2bb6884
03-27 15:45:20.148 450-450/? D/goldfish-address-space: claimShared: Ask to claim region [0x3eed2f000 0x3ef0b3000]
03-27 15:45:20.148 902-1191/? D/EGL_emulation: app_time_stats: avg=273.60ms min=0.77ms max=2649.35ms count=13
03-27 15:45:20.149 672-2776/? D/CoreBackPreview: Window{5440e23 u0 com.example/com.example.MainActivity}: Setting back callback OnBackInvokedCallbackInfo{mCallback=android.window.IOnBackInvokedCallback$Stub$Proxy@56cf0d9, mPriority=0}
03-27 15:45:20.155 26652-26663/? D/CCodecConfig: c2 config diff is   Buffer coded.init-data.value = {
03-27 15:45:20.155 26652-26663/? D/CCodecConfig:     00000000:  00 00 00 01 67 42 c0 29  8d 68 0b 40 a1 a4 20 20  ....gB.).h.@..  
03-27 15:45:20.155 26652-26663/? D/CCodecConfig:     00000010:  20 20 f0 88 46 a0 00 00  00 01 68 ce 01 a8 35 c8    ..F.....h...5.
03-27 15:45:20.155 26652-26663/? D/CCodecConfig:   }
03-27 15:45:20.156 450-450/? D/goldfish-address-space: claimShared: Ask to claim region [0x3ef0b3000 0x3ef2fd000]
03-27 15:45:20.156 26652-26652/? D/MPEG4Writer: fpathconf _PC_FILESIZEBITS:64
03-27 15:45:20.156 26652-26652/? D/MPEG4Writer: [ 03-27 15:45:20.156 2
03-27 15:45:20.156 26652-26652/? D/MPEG4Writer: 6652:26652 D/MPEG4Writer ]
03-27 15:45:20.156 26652-26652/? D/MPEG4Writer: File size limit set to 4503599627370495 bytes implicitly
03-27 15:45:20.156 26652-26652/? D/MPEG4Writer: MP4WtrCtrlHlpLooper Started
03-27 15:45:20.157 26652-26652/? I/MPEG4Writer: limits: 4503599627370495/0 bytes/us, bit rate: -1 bps and the estimated moov size 3192 bytes
03-27 15:45:20.158 26652-26683/? I/MPEG4Writer: setStartTimestampUs: 4144938373
03-27 15:45:20.158 26652-26683/? I/MPEG4Writer: Earliest track starting time: 4144938373
03-27 15:45:20.165 672-6881/? D/HostConnection: createUnique: call
03-27 15:45:20.166 672-6881/? D/HostConnection: HostConnection::get() New Host Connection established 0x7d6283805050, tid 6881
03-27 15:45:20.172 672-6881/? D/HostConnection: HostComposition ext ANDROID_EMU_CHECKSUM_HELPER_v1 ANDROID_EMU_native_sync_v2 ANDROID_EMU_native_sync_v3 ANDROID_EMU_native_sync_v4 ANDROID_EMU_dma_v1 ANDROID_EMU_direct_mem ANDROID_EMU_host_composition_v1 ANDROID_EMU_host_composition_v2 ANDROID_EMU_vulkan ANDROID_EMU_deferred_vulkan_commands ANDROID_EMU_vulkan_null_optional_strings ANDROID_EMU_vulkan_create_resources_with_requirements ANDROID_EMU_YUV_Cache ANDROID_EMU_vulkan_ignored_handles ANDROID_EMU_has_shared_slots_host_memory_allocator ANDROID_EMU_vulkan_free_memory_sync ANDROID_EMU_vulkan_shader_float16_int8 ANDROID_EMU_vulkan_async_queue_submit ANDROID_EMU_vulkan_queue_submit_with_commands ANDROID_EMU_sync_buffer_data ANDROID_EMU_vulkan_async_qsri ANDROID_EMU_read_color_buffer_dma ANDROID_EMU_hwc_multi_configs GL_OES_EGL_image_external_essl3 GL_OES_vertex_array_object GL_KHR_texture_compression_astc_ldr ANDROID_EMU_host_side_tracing ANDROID_EMU_gles_max_version_3_1 
03-27 15:45:20.178 672-6881/? W/OpenGLRenderer: Failed to choose config with EGL_SWAP_BEHAVIOR_PRESERVED, retrying without...
03-27 15:45:20.178 672-6881/? W/OpenGLRenderer: Failed to initialize 101010-2 format, error = EGL_SUCCESS
03-27 15:45:20.179 672-6881/? D/EGL_emulation: eglCreateContext: 0x7d628380fc10: maj 3 min 1 rcv 4
03-27 15:45:20.181 672-6881/? D/EGL_emulation: eglMakeCurrent: 0x7d628380fc10: ver 3 1 (tinfo 0x7d6495337100) (first time)
03-27 15:45:20.185 26623-26671/? D/HostConnection: createUnique: call
03-27 15:45:20.186 26623-26671/? D/HostConnection: HostConnection::get() New Host Connection established 0x7d62837e6750, tid 26671
03-27 15:45:20.191 26623-26671/? D/HostConnection: HostComposition ext ANDROID_EMU_CHECKSUM_HELPER_v1 ANDROID_EMU_native_sync_v2 ANDROID_EMU_native_sync_v3 ANDROID_EMU_native_sync_v4 ANDROID_EMU_dma_v1 ANDROID_EMU_direct_mem ANDROID_EMU_host_composition_v1 ANDROID_EMU_host_composition_v2 ANDROID_EMU_vulkan ANDROID_EMU_deferred_vulkan_commands ANDROID_EMU_vulkan_null_optional_strings ANDROID_EMU_vulkan_create_resources_with_requirements ANDROID_EMU_YUV_Cache ANDROID_EMU_vulkan_ignored_handle
03-27 15:45:20.191 26623-26671/? D/HostConnection: s ANDROID_EMU_has_shared_slots_host_memory_allocator ANDROID_EMU_vulkan_free_memory_sync ANDROID_EMU_vulkan_shader_float16_int8 ANDROID_EMU_vulkan_async_queue_submit ANDROID_EMU_vulkan_queue_submit_with_commands ANDROID_EMU_sync_buffer_data ANDROID_EMU_vulkan_async_qsri ANDROID_EMU_read_color_buffer_dma ANDROID_EMU_hwc_multi_configs GL_OES_EGL_image_external_essl3 GL_OES_vertex_array_object GL_KHR_texture_compression_astc_ldr ANDROID_EMU_host_side_tracing ANDROID_EMU_gles_max_version_3_1 
03-27 15:45:20.196 26623-26671/? W/OpenGLRenderer: Failed to choose config with EGL_SWAP_BEHAVIOR_PRESERVED, retrying without...
03-27 15:45:20.196 26623-26671/? W/OpenGLRenderer: Failed to initialize 101010-2 format, error = EGL_SUCCESS
03-27 15:45:20.197 26623-26671/? D/EGL_emulation: eglCreateContext: 0x7d62837e6990: maj 3 min 1 rcv 4
03-27 15:45:20.198 482-520/? W/TransactionTracing: Could not find layer id -1
03-27 15:45:20.198 26623-26671/? D/EGL_emulation: eglMakeCurrent: 0x7d62837e6990: ver 3 1 (tinfo 0x7d64b7275080) (first time)
03-27 15:45:20.198 482-520/? W/TransactionTracing: Could not find layer id -1
03-27 15:45:20.198 482-520/? W/TransactionTracing: Could not find layer id -1
03-27 15:45:20.198 482-520/? W/TransactionTracing: Could not find layer id -1
03-27 15:45:20.200 902-1191/? D/EGL_emulation: app_time_stats: avg=1402.27ms min=1402.27ms max=1402.27ms count=1
03-27 15:45:20.205 279-279/? I/hwservicemanager: getTransport: Cannot find entry android.hardware.graphics.mapper@4.0::IMapper/default in either framework or device VINTF manifest.
03-27 15:45:20.205 26623-26671/? I/Gralloc4: mapper 4.x is not supported
03-27 15:45:20.206 26623-26671/? D/HostConnection: createUnique: call
03-27 15:45:20.206 26623-26671/? D/HostConnection: HostConnection::get() New Host Connection established 0x7d62837e7410, tid 26671
03-27 15:45:20.206 26623-26671/? D/goldfish-address-space: allocate: Ask for block of size 0x100
03-27 15:45:20.207 26623-26671/? D/goldfish-address-space: allocate: ioctl allocate returned offset 0x3e7ffe000 size 0x2000
03-27 15:45:20.224 279-279/? I/hwservicemanager: getTransport: Cannot find entry android.hardware.graphics.allocator@4.0::IAllocator/default in either framework or device VINTF manifest.
03-27 15:45:20.225 278-278/? I/servicemanager: Could not find android.hardware.graphics.allocator.IAllocator/default in the VINTF manifest.
03-27 15:45:20.225 26623-26671/? W/Gralloc4: allocator 4.x is not supported
03-27 15:45:20.230 482-520/? W/TransactionTracing: Could not find layer handle 0x7321fa258b90
03-27 15:45:20.231 450-450/? D/goldfish-address-space: claimShared: Ask to claim region [0x3ef2fd000 0x3ef681000]
03-27 15:45:20.238 450-450/? D/goldfish-address-space: claimShared: Ask to claim region [0x3ef681000 0x3effa7000]
03-27 15:45:20.250 26623-26671/? D/HostConnection: HostComposition ext ANDROID_EMU_CHECKSUM_HELPER_v1 ANDROID_EMU_native_sync_v2 ANDROID_EMU_native_sync_v3 ANDROID_EMU_native_sync_v4 ANDROID_EMU_dma_v1 ANDROID_EMU_direct_mem ANDROID_EMU_host_composition_v1 ANDROID_EMU_host_composition_v2 ANDROID_EMU_vulkan ANDROID_EMU_deferred_vulkan_commands ANDROID_EMU_vulkan_null_optional_strings ANDROID_EMU_vulkan_create_resources_with_requirements ANDROID_EMU_YUV_Cache A
03-27 15:45:20.250 26623-26671/? D/HostConnection: NDROID_EMU_vulkan_ignored_handles ANDROID_EMU_has_shared_slots_host_memory_allocator ANDROID_EMU_vulkan_free_memory_sync ANDROID_EMU_vulkan_shader_float16_int8 ANDROID_EMU_vulkan_async_queue_submit ANDROID_EMU_vulkan_queue_submit_with_commands ANDROID_EMU_sync_buffer_data ANDROID_EMU_vulkan_async_qsri ANDROID_EMU_read_color_buffer_dma ANDROID_EMU_hwc_multi_configs GL_OES_EGL_image_external_essl3 GL_OES_vertex_array_object GL_KHR_texture_compression_astc_ldr ANDROID_EMU_host_side_tracing ANDROID_EMU_gles_max_version_3_1 
03-27 15:45:20.252 450-450/? D/goldfish-address-space: claimShared: Ask to claim region [0x3ec000000 0x3ec926000]
03-27 15:45:20.254 450-450/? D/goldfish-address-space: claimShared: Ask to claim region [0x3ec926000 0x3ed24c000]
03-27 15:45:20.278 26623-26671/? W/Parcel: Expecting binder but got null!
03-27 15:45:20.279 482-520/? W/TransactionTracing: Could not find layer id -1
03-27 15:45:20.279 482-520/? W/TransactionTracing: Could not find layer id -1
03-27 15:45:20.279 482-520/? W/TransactionTracing: Could not find layer id -1
03-27 15:45:20.283 672-701/? W/ziparchive: Unable to open '/data/app/~~AZmbGuQphIT3mSc4dUbQqQ==/com.example-JYplKpqG1IJkb3-k22IhFw==/base.dm': No such file or directory
03-27 15:45:20.285 672-701/? I/ActivityTaskManager: Displayed com.example/.MainActivity: +262ms
03-27 15:45:20.301 672-805/? D/CoreBackPreview: Window{ab23caf u0 Splash Screen com.example EXITING}: Setting back callback null
03-27 15:45:20.302 672-2793/? W/InputManager-JNI: Input channel object 'ab23caf Splash Screen com.example (client)' was disposed without first being removed with the input manager!
03-27 15:45:20.303 672-805/? D/CompatibilityChangeReporter: Compat change id reported: 214016041; UID 10181; state: ENABLED
03-27 15:45:20.306 1668-1668/? I/GoogleInputMethodService: GoogleInputMethodService.onFinishInput():3220 
03-27 15:45:20.308 1668-1668/? I/GoogleInputMethodService: GoogleInputMethodService.updateDeviceLockedStatus():2114 repeatCheckTimes = 0, unlocked = true
03-27 15:45:20.308 1668-1668/? I/GoogleInputMethodService: GoogleInputMethodService.onStartInput():1919 onStartInput(EditorInfo{inputType=0x0(NULL) imeOptions=0x0 privateImeOptions=null actionName=UNSPECIFIED actionLabel=null actionId=0 initialSelStart=-1 initialSelEnd=-1 initialCapsMode=0x0 hintText=null label=null packageName=com.example fieldId=-1 fieldName=null extras=null}, false)
03-27 15:45:20.308 1668-1668/? I/GoogleInputMethodService: GoogleInputMethodService.updateDeviceLockedStatus():2114 repeatCheckTimes = 2, unlocked = true
03-27 15:45:20.310 1020-1341/? D/BtGatt.ScanManager: uid 10106 isForeground true scanMode -1
03-27 15:45:20.310 1020-1341/? D/BtGatt.ScanManager: uid 10106 isForeground true scanMode -1
03-27 15:45:20.329 482-520/? W/TransactionTracing: Could not find layer handle 0x7321fa256f10
03-27 15:45:20.329 482-520/? W/TransactionTracing: Could not find layer handle 0x7321fa258d10
03-27 15:45:20.330 482-520/? W/TransactionTracing: Could not find layer handle 0x7321fa258e30
03-27 15:45:20.330 482-520/? W/TransactionTracing: Could not find layer handle 0x7321fa257db0
03-27 15:45:20.330 482-520/? W/TransactionTracing: [ 03-27 15:45:20
03-27 15:45:20.330 482-520/? W/TransactionTracing: .330   482:  520 W/TransactionTracing ]
03-27 15:45:20.330 482-520/? W/TransactionTracing: Could not find layer handle 0x7321fa259430
03-27 15:45:20.330 482-520/? W/TransactionTracing: Could not find layer handle 0x7321fa259430
03-27 15:45:20.330 482-520/? W/TransactionTracing: Could not find layer handle 0x7321fa257db0
03-27 15:45:20.529 482-520/? W/TransactionTracing: Could not find layer handle 0x7321fa2587d0
03-27 15:45:20.652 1020-1341/? D/BtGatt.ScanManager: uid 10106 isForeground true scanMode -1
03-27 15:45:20.652 1020-1341/? D/BtGatt.ScanManager: uid 10106 isForeground true scanMode -1
03-27 15:45:20.655 1394-3138/? I/FontLog: Received query Noto Color Emoji Compat, URI content://com.google.android.gms.fonts [CONTEXT service_id=132 ]
03-27 15:45:20.655 1394-3138/? I/FontLog: Query [emojicompat-emoji-font] resolved to {Noto Color Emoji Compat, wdth 100.0, wght 400, ital 0.0, bestEffort false} [CONTEXT service_id=132 ]
03-27 15:45:20.658 1394-3138/? I/FontLog: Fetch {Noto Color Emoji Compat, wdth 100.0, wght 400, ital 0.0, bestEffort false} end status Status{statusCode=SUCCESS, resolution=null} [CONTEXT service_id=132 ]
03-27 15:45:20.663 1394-3138/? I/FontLog: Pulling font file for id = 52, cache size = 8 [CONTEXT service_id=132 ]
03-27 15:45:20.668 1394-3138/? I/FontLog: Pulling font file for id = 52, cache size = 8 [CONTEXT service_id=132 ]
03-27 15:45:22.487 11429-15092/? I/ContentMaintenance: Internal cache bytes used: 0; limit: 100000000; download size: 0
03-27 15:45:22.493 11429-15092/? I/RealtimeCacheCleanup: Beginning Realtime garbage collection.
03-27 15:45:22.494 11429-15092/? I/RealtimeCacheCleanup: Finished Realtime garbage collection.
03-27 15:45:22.499 578-964/? D/BufferPoolAccessor2.0: evictor expired: 1, evicted: 0
03-27 15:45:23.674 19748-19748/? I/ProvidersCache: Updating roots due to change on user 0at content://com.android.providers.media.documents/root
03-27 15:45:23.683 19748-26778/? I/ProvidersCache: Provider returned no roots. Possibly naughty: com.google.android.apps.docs.storage
03-27 15:45:23.757 19748-19748/? I/ProvidersCache: Updating roots due to change on user 0at content://com.android.providers.media.documents/root
03-27 15:45:23.772 19748-26784/? I/ProvidersCache: Provider returned no roots. Possibly naughty: com.google.android.apps.docs.storage
03-27 15:45:24.415 11429-26788/? I/GmscoreIpa: Starting mediastore instant index [CONTEXT service_id=255 ]
03-27 15:45:25.077 1876-1952/? D/PickerSyncController: Fetching SyncRequestParams. Authority: com.android.providers.media.photopicker. LatestMediaCollectionInfo: Bundle[{last_media_sync_generation=878, media_collection_id=1308:97918640-8f5b-475f-98df-bd3a43174ee9:1707-2009:external_primary}]. CachedMediaCollectionInfo: Bundle[{last_media_sync_generation=802, media_collection_id=1308:97918640-8f5b-475f-98df-bd3a43174ee9:1707-2009:external_pri
03-27 15:45:25.077 1876-1952/? D/PickerSyncController: mary}]
03-27 15:45:25.077 1876-1952/? D/PickerSyncController: SyncRequestParams. Authority: com.android.providers.media.photopicker. Result: SYNC_TYPE_INCREMENTAL
03-27 15:45:25.077 1876-1952/? I/PickerSyncController: Executing SyncAdd. authority: com.android.providers.media.photopicker
03-27 15:45:25.079 1876-1952/? I/PickerSyncController: Paged sync successful. QueryArgs: Bundle[{android.provider.extra.SYNC_GENERATION=802}]. Result count: 0. Cursor count: 0
03-27 15:45:25.079 1876-1952/? I/PickerSyncController: Executing SyncRemove. authority: com.android.providers.media.photopicker
03-27 15:45:25.081 1876-1952/? W/PickerDbFacade: Unable to promote cloud media with localId: 1000000096
03-27 15:45:25.081 1876-1952/? W/PickerDbFacade: Unable to promote cloud media with localId: 1000000098
03-27 15:45:25.081 1876-1952/? W/PickerDbFacade: Unable to promote cloud media with localId: 1000000099
03-27 15:45:25.081 1876-1952/? W/PickerDbFacade: Unable to promote cloud media with localId: 1000000100
03-27 15:45:25.081 1876-1952/? W/PickerDbFacade: Unable to promote cloud media with localId: 1000000101
03-27 15:45:25.081 1876-1952/? W/PickerDbFacade: Unable to promote cloud media with localId: 1000000102
03-27 15:45:25.081 1876-1952/? I/PickerSyncController: Paged sync successful. QueryArgs: Bundle[{android.provider.extra.SYNC_GENERATION=802}]. Result count: 0. Cursor count: 6
03-27 15:45:25.082 1876-1952/? D/PickerSyncController: Fetching SyncRequestParams. Null cloud authority. Result: SYNC_TYPE_RESET
03-27 15:45:25.082 1876-1952/? I/PickerSyncController: Executing SyncReset. authority: null
03-27 15:45:25.082 1876-1952/? I/PickerSyncController: SyncReset. Authority: null. Result count: 0
03-27 15:45:25.082 1876-1952/? D/PickerSyncController: Ignoring cache media info for null authority with bundle: null
03-27 15:45:25.083 1876-1952/? I/PickerSyncController: Executing SyncAlbumReset. authority: com.android.providers.media.photopicker. albumId: null
03-27 15:45:25.083 1876-1952/? I/PickerSyncController: Successfully executed SyncResetAlbum. authority: com.android.providers.media.photopicker. albumId: null. Result count: 0
03-27 15:45:25.083 1876-1952/? I/PickerSyncController: Executing SyncAlbumReset. authority: null. albumId: null
03-27 15:45:25.083 1876-1952/? I/PickerSyncController: Successfully executed SyncResetAlbum. authority: null. albumId: null. Result count: 0
03-27 15:45:25.335 26623-26623/? W/com.example: Accessing hidden method Landroid/os/MessageQueue;->next()Landroid/os/Message; (unsupported, reflection, allowed)
03-27 15:45:25.335 26623-26623/? W/com.example: Accessing hidden field Landroid/os/MessageQueue;->mMessages:Landroid/os/Message; (unsupported, reflection, allowed)
03-27 15:45:25.335 26623-26623/? W/com.example: Accessing hidden method Landroid/os/Message;->recycleUnchecked()V (unsupported, reflection, allowed)
03-27 15:45:25.336 26623-26623/? W/com.example: Accessing hidden method Landroid/view/WindowManagerGlobal;->getInstance()Landroid/view/WindowManagerGlobal; (unsupported, reflection, allowed)
03-27 15:45:25.336 26623-26623/? W/com.example: Accessing hidden field Landroid/view/WindowManagerGlobal;->mViews:Ljava/util/ArrayList; (unsupported, reflection, allowed)
03-27 15:45:25.336 26623-26623/? W/com.example: Accessing hidden field Landroid/view/WindowManagerGlobal;->mParams:Ljava/util/ArrayList; (unsupported, reflection, allowed)
03-27 15:45:25.338 26623-26623/? I/ViewInteraction: Checking 'MatchesViewAssertion{viewMatcher=an instance of android.widget.TextView and view.getText() with or without transformation to match: is "Test"}' assertion on view (view.getId() is <2131230838/com.example:id/edittext>)
03-27 15:45:25.340 672-2376/? I/ActivityTaskManager: START u0 {act=android.intent.action.MAIN cat=[android.intent.category.LAUNCHER] flg=0x10000000 cmp=com.example.test/androidx.test.core.app.InstrumentationActivityInvoker$EmptyActivity} from uid 10181
03-27 15:45:25.343 672-2376/? V/SplashScreenExceptionList: SplashScreen checking exception for package com.example.test (target sdk:33) -> false
03-27 15:45:25.345 902-1083/? D/SplashScreenView: Build android.window.SplashScreenView{867547b V.E...... ......ID 0,0-0,0}
03-27 15:45:25.345 902-1083/? D/SplashScreenView: Icon: view: null drawable: null size: 0
03-27 15:45:25.345 902-1083/? D/SplashScreenView: Branding: view: android.view.View{1dea298 G.ED..... ......I. 0,0-0,0 #10204db android:id/splashscreen_branding_view} drawable: null size w: 0 h: 0
03-27 15:45:25.346 26623-26623/? D/LifecycleMonitor: Lifecycle status change: com.example.MainActivity@2bb6884 in: PAUSED
03-27 15:45:25.346 26623-26623/? V/ActivityScenario: Update currentActivityStage to PAUSED, currentActivity=com.example.MainActivity@2bb6884
03-27 15:45:25.347 672-2793/? D/CoreBackPreview: Window{7d664ae u0 Splash Screen com.example.test}: Setting back callback OnBackInvokedCallbackInfo{mCallback=android.window.IOnBackInvokedCallback$Stub$Proxy@5780ddc, mPriority=0}
03-27 15:45:25.347 672-805/? W/ActivityTaskManager: Tried to set launchTime (0) < mLastActivityLaunchTime (4139704)
03-27 15:45:25.352 578-26668/? D/BufferPoolAccessor2.0: bufferpool2 0x753898b02378 : 2(2764800 size) total buffers - 1(1382400 size) used buffers - 26/28 (recycle/alloc) - 2/27 (fetch/transfer)
03-27 15:45:25.356 450-450/? D/goldfish-address-space: claimShared: Ask to claim region [0x3e8000000 0x3e8926000]
03-27 15:45:25.361 672-711/? D/IntervalStats: Unable to parse usage stats packages: [186, 187, 188, 189]
03-27 15:45:25.361 672-711/? D/IntervalStats: Unable to parse event packages: [188, 189]
03-27 15:45:25.369 450-450/? D/goldfish-address-space: claimShared: Ask to claim region [0x3e9827000 0x3ea14d000]
03-27 15:45:25.372 902-1191/? W/Parcel: Expecting binder but got null!
03-27 15:45:25.376 450-450/? D/goldfish-address-space: claimShared: Ask to claim region [0x3ea14d000 0x3eaa73000]
03-27 15:45:25.379 450-484/? D/goldfish-address-space: claimShared: Ask to claim region [0x3ed24c000 0x3ed827000]
03-27 15:45:25.387 26623-26671/? D/EGL_emulation: app_time_stats: avg=1703.24ms min=6.66ms max=5070.14ms count=3
03-27 15:45:25.390 672-2793/? D/CoreBackPreview: Window{963c74 u0 com.example.test/androidx.test.core.app.InstrumentationActivityInvoker$EmptyActivity}: Setting back callback OnBackInvokedCallbackInfo{mCallback=android.window.IOnBackInvokedCallback$Stub$Proxy@ce016f8, mPriority=0}
03-27 15:45:25.394 450-484/? D/goldfish-address-space: claimShared: Ask to claim region [0x3ed827000 0x3ee14d000]
03-27 15:45:25.397 1020-1341/? D/BtGatt.ScanManager: uid 10106 isForeground true scanMode -1
03-27 15:45:25.397 1020-1341/? D/BtGatt.ScanManager: uid 10106 isForeground true scanMode -1
03-27 15:45:25.397 450-484/? D/goldfish-address-space: claimShared: Ask to claim region [0x3ee14d000 0x3eea73000]
03-27 15:45:25.397 450-484/? D/goldfish-address-space: claimShared: Ask to claim
03-27 15:45:25.397 450-484/? D/goldfish-address-space:  region [0x3f0000000 0x3f0926000]
03-27 15:45:25.399 902-1191/? D/EGL_emulation: app_time_stats: avg=2599.42ms min=192.82ms max=5006.01ms count=2
03-27 15:45:25.401 482-520/? W/TransactionTracing: Could not find layer id -1
03-27 15:45:25.406 25552-25587/? W/Parcel: Expecting binder but got null!
03-27 15:45:25.409 672-701/? W/ziparchive: Unable to open '/data/app/~~ofbq2_DhVsNnXQxU-96oJQ==/com.example.test-4NJ2mXyXDxuLw3b6Y7_HtA==/base.dm': No such file or directory
03-27 15:45:25.409 450-484/? D/goldfish-address-space: claimShared: Ask to claim region [0x3f2d03000 0x3f32de000]
03-27 15:45:25.411 672-701/? I/ActivityTaskManager: Displayed com.example.test/androidx.test.core.app.InstrumentationActivityInvoker$EmptyActivity: +67ms
03-27 15:45:25.438 672-2776/? D/CoreBackPreview: Window{7d664ae u0 Splash Screen com.example.test EXITING}: Setting back callback null
03-27 15:45:25.438 672-983/? W/InputManager-JNI: Input channel object '7d664ae Splash Screen com.example.test (client)' was disposed without first being removed with the input manager!
03-27 15:45:25.442 672-805/? D/CompatibilityChangeReporter: Compat change id reported: 214016041; UID 10182; state: ENABLED
03-27 15:45:25.442 26623-26623/? D/LifecycleMonitor: Lifecycle status change: com.example.MainActivity@2bb6884 in: STOPPED
03-27 15:45:25.443 26623-26623/? V/ActivityScenario: Update currentActivityStage to STOPPED, currentActivity=com.example.MainActivity@2bb6884
03-27 15:45:25.444 1668-1668/? I/GoogleInputMethodService: GoogleInputMethodService.onFinishInput():3220 
03-27 15:45:25.444 1668-1668/? I/GoogleInputMethodService: GoogleInputMethodService.updateDeviceLockedStatus():2114 repeatCheckTimes = 0, unlocked = true
03-27 15:45:25.444 1668-1668/? I/GoogleInputMethodService: GoogleInputMethodService.onStartInput():1919 onStartInput(EditorInfo{inputType=0x0(NULL) imeOptions=0x0 privateImeOptions=null actionName=UNSPECIFIED actionLabel=null actionId=0 initialSelStart=-1 initialSelEnd=-1 initialCapsMo
03-27 15:45:25.444 1668-1668/? I/GoogleInputMethodService: de=0x0 hintText=null label=null packageName=com.example.test fieldId=-1 fieldName=null extras=null}, false)
03-27 15:45:25.444 1668-1668/? I/GoogleInputMethodService: GoogleInputMethodService.updateDeviceLockedStatus():2114 repeatCheckTimes = 2, unlocked = true
03-27 15:45:25.446 482-520/? W/TransactionTracing: Could not find layer id -1
03-27 15:45:25.449 450-484/? D/goldfish-address-space: claimShared: Ask to claim region [0x3e9827000 0x3ea14d000]
03-27 15:45:25.453 26623-26623/? D/LifecycleMonitor: Lifecycle status change: com.example.MainActivity@2bb6884 in: DESTROYED
03-27 15:45:25.453 26623-26623/? V/ActivityScenario: Update currentActivityStage to DESTROYED, currentActivity=null
03-27 15:45:25.456 450-450/? D/goldfish-address-space: claimShared: Ask to claim region [0x3ea14d000 0x3eaa73000]
