03-27 15:45:42.048 672-2776/? W/InputManager-JNI: Input channel object '75562e7 com.example.test/androidx.test.core.app.InstrumentationActivityInvoker$EmptyActivity (client)' was disposed without first being removed with the input manager!
03-27 15:45:42.050 450-484/? D/goldfish-address-space: claimShared: Ask to claim region [0x3ed5d0000 0x3ed954000]
03-27 15:45:42.053 27463-27606/? D/libEGL: loaded /vendor/lib64/egl/libEGL_emulation.so
03-27 15:45:42.055 27463-27606/? D/libEGL: loaded /vendor/lib64/egl/libGLESv1_CM_emulation.so
03-27 15:45:42.056 27463-27606/? D/libEGL: loaded /vendor/lib64/egl/libGLESv2_emulation.so
03-27 15:45:42.059 1668-1668/? I/GoogleInputMethodService: GoogleInputMethodService.onFinishInput():3220 
03-27 15:45:42.060 1668-1668/? I/GoogleInputMethodService: GoogleInputMethodService.updateDeviceLockedStatus():2114 repeatCheckTimes = 0, unlocked = true
03-27 15:45:42.061 1668-1668/? I/GoogleInputMethodService: GoogleInputMethodService.onStartInput():1919 onStartInput(EditorInfo{inputType=0x0(NULL) imeOptions=0x0 privateImeOptions=null actionName=UNSPECIFIED actionLabel=null actionId=0 initialSelStart=-1 initialSelEnd=-1 initialCapsMode=0x0 hintText=null label=null packageName=com.google.android.apps.nexuslauncher fieldId=-1 fieldName=null extras=null}, false)
03-27 15:45:42.061 1668-1668/? I/GoogleInputMethodService: GoogleInputMethodService.updateDeviceLockedStatus():2114 repeatCheckTimes = 2, unlocked = true
03-27 15:45:42.066 450-484/? D/goldfish-address-space: claimShared: Ask to claim region [0x3ea848000 0x3eabcc000]
03-27 15:45:42.070 482-520/? W/TransactionTracing: Could not find layer handle 0x7321fa2548d0
03-27 15:45:42.070 482-520/? W/TransactionTracing: Could not find layer handle 0x7321fa258950
03-27 15:45:42.070 482-520/? W/TransactionTracing: Could not find layer handle 0x7321fa2586b0
03-27 15:45:42.070 482-520/? W/TransactionTracing: Could not find layer handle 0x7321fa257330
03-27 15:45:42.070 482-520/? W/TransactionTracing: Could not find layer handle 0x7321fa2587d0
03-27 15:45:42.070 482-520/? W/TransactionTracing: Could not find layer handle 0x7321fa257330
03-27 15:45:42.070 482-520/? W/TransactionTracing: Could not find layer handle 0x7321fa2591f0
03-27 15:45:42.070 482-520/? W/TransactionTracing: Could not find layer handle 0x7321fa258950
03-27 15:45:42.070 482-520/? W/TransactionTracing: Could not find layer handle 0x7321fa257750
03-27 15:45:42.070 482-520/? W/TransactionTracing: Could not find layer handle 0x7321fa258890
03-27 15:45:42.070 482-520/? W/TransactionTracing: Could not find layer handle 0x7321fa2567f0
03-27 15:45:42.070 482-520/? W/TransactionTracing: Could not find layer handle 0x7321fa2567f0
03-27 15:45:42.070 482-520/? W/TransactionTracing: Could not find layer handle 0x7321fa2587d0
03-27 15:45:42.070 482-520/? W/TransactionTracing: Could not find layer handle 0x7321fa258890
03-27 15:45:42.070 482-520/? W/TransactionTracing: Could not find layer handle 0x7321fa257750
03-27 15:45:42.070 482-520/? W/TransactionTracing: Could not find layer id -1
03-27 15:45:42.070 482-520/? W/TransactionTracing: Could not find layer id -1
03-27 15:45:42.070 482-520/? W/TransactionTracing: Could not find layer id -1
03-27 15:45:42.070 482-520/? W/TransactionTracing: Could not find layer id -1
03-27 15:45:42.070 482-520/? W/TransactionTracing: Could not find layer id -1
03-27 15:45:42.070 482-520/? W/TransactionTracing: Could not find layer id -1
03-27 15:45:42.070 482-520/? W/TransactionTracing: Could not find layer id -1
03-27 15:45:42.070 482-520/? W/TransactionTracing: Could not find layer id -1
03-27 15:45:42.075 27463-27606/? D/HostConnection: createUnique: call
03-27 15:45:42.075 27463-27606/? D/HostConnection: HostConnection::get() New Host Connection established 0x76b50ec9e150, tid 27606
03-27 15:45:42.086 27463-27606/? D/HostConnection: HostComposition ext ANDROID_EMU_CHECKSUM_HELPER_v1 ANDROID_EMU_native_sync_v2 ANDROID_EMU_native_sync_v3 ANDROID_EMU_native_sync_v4 ANDROID_EMU_dma_v1 ANDROID_EMU_direct_mem ANDROID_EMU_host_composition_v1 ANDROID_EMU_host_composition_v2 ANDROID_EMU_vulkan ANDROID_EMU_deferred_vulkan_commands ANDROID_EMU_vulkan_null_optional_strings ANDROID_EMU_vulkan_create_resources_with_requirements ANDROID_EMU_YUV_Cache ANDROID_EMU_vulkan_ignored_handles ANDROID_EMU_has_shared_slots_host_memory_allocator ANDROID_EMU_vulkan_free_memory_sync ANDROID_EMU_vulkan_shader_float16_int8 ANDROID_EMU_vulkan_async_queue_submit ANDROID_EMU_vulkan_queue_submit_with_commands ANDROID_EMU_sync_buffer_data ANDROID_EMU_vulkan_async_qsri ANDROID_EMU_read_color_buffer_dma ANDROID_EMU_hwc_multi_configs GL_OES_EGL_image_external_essl3 GL_OES_vertex_array_object GL_KHR_texture_compression_astc_ldr ANDROID_EMU_host_side_tracing ANDROID_EMU_gles_max_version_3_1 
03-27 15:45:42.086 27463-27606/? W/OpenGLRenderer: Failed to choose config with EGL_SWAP_BEHAVIOR_PRESERVED, retrying without...
03-27 15:45:42.086 27463-27606/? W/OpenGLRenderer: Failed to initialize 101010-2 format, error = EGL_SUCCESS
03-27 15:45:42.087 27463-27606/? D/EGL_emulation: eglCreateContext: 0x76b50ec9e5d0: maj 3 min 1 rcv 4
03-27 15:45:42.088 27463-27606/? D/EGL_emulation: eglMakeCurrent: 0x76b50ec9e5d0: ver 3 1 (tinfo 0x76b7413ff080) (first time)
03-27 15:45:42.138 894-894/? I/wpa_supplicant: wlan0: CTRL-EVENT-BEACON-LOSS 
03-27 15:45:42.177 672-686/? I/system_server: NativeAlloc concurrent copying GC freed 188796(9083KB) AllocSpace objects, 8(160KB) LOS objects, 49% free, 21MB/43MB, paused 155us,204us total 304.234ms
03-27 15:45:42.267 27483-27504/? E/TestRunner: failed: testTextFlaky5(com.example.MainActivityFlakyTest)
03-27 15:45:42.267 27483-27504/? E/TestRunner: ----- begin exception -----
03-27 15:45:42.268 27483-27504/? E/TestRunner: java.lang.AssertionError
03-27 15:45:42.268 27483-27504/? E/TestRunner: 	at org.junit.Assert.fail(Assert.java:87)
03-27 15:45:42.268 27483-27504/? E/TestRunner: 	at org.junit.Assert.assertTrue(Assert.java:42)
03-27 15:45:42.268 27483-27504/? E/TestRunner: 	at org.junit.Assert.assertTrue(Assert.java:53)
03-27 15:45:42.268 27483-27504/? E/TestRunner: 	at com.example.MainActivityFlakyTest.testTextFlaky5(MainActivityFlakyTest.kt:61)
03-27 15:45:42.268 27483-27504/? E/TestRunner: 	at java.lang.reflect.Method.invoke(Native Method)
03-27 15:45:42.268 27483-27504/? E/TestRunner: 	at org.junit.runners.model.FrameworkMethod$1.runReflectiveCall(FrameworkMethod.java:59)
03-27 15:45:42.268 27483-27504/? E/TestRunner: 	at org.junit.internal.runners.model.ReflectiveCallable.run(ReflectiveCallable.
03-27 15:45:42.268 27483-27504/? E/TestRunner: java:12)
03-27 15:45:42.268 27483-27504/? E/TestRunner: 	at org.junit.runners.model.FrameworkMethod.invokeExplosively(FrameworkMethod.java:56)
03-27 15:45:42.268 27483-27504/? E/TestRunner: 	at org.junit.internal.runners.statements.InvokeMethod.evaluate(InvokeMethod.java:17)
03-27 15:45:42.268 27483-27504/? E/TestRunner: 	at org.junit.rules.ExternalResource$1.evaluate(ExternalResource.java:54)
03-27 15:45:42.268 27483-27504/? E/TestRunner: 	at io.qameta.allure.android.rules.ScreenshotRule$apply$1.evaluate(ScreenshotRule.kt:22)
03-27 15:45:42.268 27483-27504/? E/TestRunner: 	at org.junit.runners.ParentRunner$3.evaluate(ParentRunner.java:306)
03-27 15:45:42.268 27483-27504/? E/TestRunner: 	at org.junit.runners.BlockJUnit4ClassRunner$1.evaluate(BlockJUnit4ClassRunner.java:100)
03-27 15:45:42.268 27483-27504/? E/TestRunner: 	at org.junit.runners.ParentRunner.runLeaf(ParentRunner.java:366)
03-27 15:45:42.268 27483-27504/? E/TestRunner: 	at org.junit.runners.BlockJUnit4ClassRunner.runChild(BlockJUnit4ClassRunner.java:103)
03-27 15:45:42.268 27483-27504/? E/TestRunner: 	at org.junit.runners.BlockJUnit4ClassRunner.runChild(BlockJUnit4ClassRunner.java:63)
03-27 15:45:42.268 27483-27504/? E/TestRunner: 	at org.junit.runners.ParentRunner$4.run(ParentRunner.java:331)
03-27 15:45:42.268 27483-27504/? E/TestRunner: 	at org.junit.runners.ParentRunner$1.schedule(ParentRunner.java:79)
03-27 15:45:42.268 27483-27504/? E/TestRunner: 	at org.junit.runners.ParentRunner.runChildren(ParentRunner.java:329)
03-27 15:45:42.268 27483-27504/? E/TestRunner: 	at org.junit.runners.ParentRunner.access$100(ParentRunner.java:66)
03-27 15:45:42.268 27483-27504/? E/TestRunner: 	at org.junit.runners.ParentRunner$2.evaluate(ParentRunner.java:293)
03-27 15:45:42.268 27483-27504/? E/TestRunner: 	at org.junit.runners.ParentRunner$3.evaluate(ParentRunner.java:306)
03-27 15:45:42.268 27483-27504/? E/TestRunner: 	at org.junit.runners.ParentRunner.run(ParentRunner.java:413)
03-27 15:45:42.268 27483-27504/? E/TestRunner: 	at androidx.test.ext.junit.runners.AndroidJUnit4.run(AndroidJUnit4.java:162)
03-27 15:45:42.268 27483-27504/? E/TestRunner: 	at io.qameta.allure.android.runners.AllureAndroidJUnit4.run(AllureAndroidJUnitRunners.kt:29)
03-27 15:45:42.268 27483-27504/? E/TestRunner: 	at org.junit.runners.Suite.runChild(Suite.java:128)
03-27 15:45:42.268 27483-27504/? E/TestRunner: 	at org.junit.runners.Suite.runChild(Suite.java:27)
03-27 15:45:42.268 27483-27504/? E/TestRunner: 	at org.junit.runners.ParentRunner$4.run(ParentRunner.java:331)
03-27 15:45:42.268 27483-27504/? E/TestRunner: 	at org.junit.runners.ParentRunner$1.schedule(ParentRunner.java:79)
03-27 15:45:42.268 27483-27504/? E/TestRunner: 	at org.junit.runners.ParentRunner.runChildren(ParentRunner.java:329)
03-27 15:45:42.268 27483-27504/? E/TestRunner: 	at org.junit.runners.ParentRunner.access$100(ParentRunner.java:66)
03-27 15:45:42.268 27483-27504/? E/TestRunner: 	at org.junit.runners.ParentRunner$2.evaluate(ParentRunner.java:293)
03-27 15:45:42.268 27483-27504/? E/TestRunner: 	at org.junit.runners.ParentRunner$3.evaluate(ParentRunner.java:306)
03-27 15:45:42.268 27483-27504/? E/TestRunner: 	at org.junit.runners.ParentRunner.run(ParentRunner.java:413)
03-27 15:45:42.268 27483-27504/? E/TestRunner: 	at org.junit.runner.JUnitCore.run(JUnitCore.java:137)
03-27 15:45:42.268 27483-27504/? E/TestRunner: 	at org.junit.runner.JUnitCore.run(JUnitCore.java:115)
03-27 15:45:42.268 27483-27504/? E/TestRunner: 	at androidx.test.internal.runner.TestExecutor.execute(TestExecutor.java:67)
03-27 15:45:42.268 27483-27504/? E/TestRunner: 	at androidx.test.internal.runner.TestExecutor.execute(TestExecutor.java:58)
03-27 15:45:42.268 27483-27504/? E/TestRunner: 	at androidx.test.runner.AndroidJUnitRunner.onStart(AndroidJUnitRunner.java:446)
03-27 15:45:42.268 27483-27504/? E/TestRunner: 	at android.app.Instrumentation$InstrumentationThread.run(Instrumentation.java:2361)
03-27 15:45:42.268 27483-27504/? E/TestRunner: ----- end exception -----
03-27 15:45:42.271 27483-27504/? I/TestRunner: finished: testTextFlaky5(com.example.MainActivityFlakyTest)
03-27 15:45:42.283 27483-27504/? I/TestRunner: run finished: 1 tests, 1 failed, 0 ignored
03-27 15:45:42.292 672-984/? I/ActivityManager: Force stopping com.example appid=10181 user=0: finished inst
03-27 15:45:42.293 672-672/? D/BatterySaverPolicy: accessibility changed to false, updating policy.
03-27 15:45:42.293 2141-2657/? I/A: NGA disabled due to not being eligible.
03-27 15:45:42.295 672-984/? I/ActivityManager: Killing 27483:com.example/u0a181 (adj 0): stop com.example due to finished inst
03-27 15:45:42.298 482-520/? W/TransactionTracing: Could not find layer id -1
03-27 15:45:42.298 27463-27463/? I/app_process: System.exit called, status: 0
03-27 15:45:42.299 27463-27463/? I/AndroidRuntime: VM exiting with result code 0.
03-27 15:45:42.301 672-714/? I/libprocessgroup: Successfully killed process cgroup uid 10181 pid 27483 in 5ms
03-27 15:45:42.368 27508-27534/? I/MPEG4Writer: setStartTimestampUs: 4166295096
03-27 15:45:42.370 27508-27508/? D/MPEG4Writer: reset()
03-27 15:45:42.370 27508-27533/? V/MediaWriter: Track event err/info msg:101, trackId:1, type:1000,val:-1011
03-27 15:45:42.370 27508-27508/? D/MPEG4Writer: Video track stopping. Stop source
03-27 15:45:42.370 27508-27508/? D/MPEG4Writer: Video track source stopping
03-27 15:45:42.370 27508-27534/? V/MediaWriter: Track event err/info msg:101, trackId:2, type:1000,val:-1011
03-27 15:45:42.370 27508-27508/? D/MPEG4Writer: Video track source st
03-27 15:45:42.370 27508-27508/? D/MPEG4Writer: opped
03-27 15:45:42.370 27508-27534/? W/MPEG4Writer: 0-duration samples found: 1
03-27 15:45:42.370 27508-27533/? I/MPEG4Writer: Received total/0-length (35/0) buffers and encoded 35 frames. - Video
03-27 15:45:42.370 27508-27508/? D/MPEG4Writer: Video track stopped. Status:0. Stop source
03-27 15:45:42.370 27508-27534/? I/MPEG4Writer: Received total/0-length (1/0) buffers and encoded 1 frames. - Metadata
03-27 15:45:42.370 27508-27508/? D/MPEG4Writer: Metadata track stopping. Stop source
03-27 15:45:42.370 27508-27508/? D/MPEG4Writer: Metadata track source stopping
03-27 15:45:42.370 27508-27508/? D/MPEG4Writer: Metadata track source stopped
03-27 15:45:42.370 27508-27508/? D/MPEG4Writer: Metadata track stopped. Status:0. Stop source
03-27 15:45:42.370 27508-27508/? D/MPEG4Writer: Duration from tracks range is [0, 916482] us
03-27 15:45:42.370 27508-27531/? D/MPEG4Writer: 0 chunks are written in the last batch
03-27 15:45:42.371 27508-27508/? D/MPEG4Writer: WriterThread stopped. Status:0
03-27 15:45:42.371 27508-27508/? I/MPEG4Writer: Adjust the moov start time from 4166295096 us -> 4166295096 us
03-27 15:45:42.371 27508-27508/? I/MPEG4Writer: MOOV atom was written to the file
03-27 15:45:42.371 27508-27508/? D/MPEG4Writer: release()
03-27 15:45:42.371 27508-27508/? D/MPEG4Writer: ftruncate mPreAllocateFileEndOffset:228599 mOffset:1628 mMdatEndOffset:225963 diff:2636
03-27 15:45:42.373 27508-27508/? D/MPEG4Writer: final fsync() takes 2 ms, file size 225963
03-27 15:45:42.373 27508-27508/? D/MPEG4Writer: MP4WtrCtrlHlpLooper stopped
03-27 15:45:42.373 27508-27508/? D/MPEG4Writer: Top 5 write durations(microseconds): #1:5 #2:8 #3:55 #4:346 #5:701
03-27 15:45:42.377 27508-27523/? I/hw-BpHwBinder: onLastStrongRef automatically unlinking death recipients
03-27 15:45:42.377 578-1077/? I/hw-BpHwBinder: onLastStrongRef automatically unlinking death recipients
03-27 15:45:42.377 578-1077/? I/hw-BpHwBinder: onLastStrongRef automatically unlinking death recipients
03-27 15:45:42.377 578-1077/? V/C2Store: in ~ComponentModule
03-27 15:45:42.377 578-1077/? V/C2Store: unloading dll
03-27 15:45:42.382 27508-27535/? I/BpBinder: onLastStrongRef automatically unlinking death recipients: <uncached descriptor>
03-27 15:45:42.401 27508-27508/? D/ScreenRecord: success
03-27 15:45:42.401 1876-3215/? I/MediaProvider: Begin Intent { act=android.intent.action.MEDIA_SCANNER_SCAN_FILE dat=file:///... flg=0x1400010 cmp=com.google.android.providers.media.module/com.android.providers.media.MediaService }
03-27 15:45:42.402 27508-27508/? I/BpBinder: onLastStrongRef automatically unlinking death recipients: <uncached descriptor>
03-27 15:45:42.403 27508-27508/? I/BpBinder: onLastStrongRef automatically unlinking death recipients: <uncached descriptor>
03-27 15:45:42.404 578-1077/? D/BufferPoolAccessor2.0: Destruction - bufferpool2 0x753898afebf8 cached: 0/0M, 0/0% in use; allocs: 35, 97% recycled; transfers: 35, 97% unfetched
03-27 15:45:42.425 1876-3215/? V/MediaProvider: Inserted id:1000000106 less than next row id backup:1000001000.
03-27 15:45:42.428 1876-3215/? I/MediaProvider: End Intent { act=android.intent.action.MEDIA_SCANNER_SCAN_FILE dat=file:///... flg=0x1400010 cmp=com.google.android.providers.media.module/com.android.providers.media.MediaService }
03-27 15:45:42.448 1394-14480/? I/NetworkScheduler.Stats: Task com.google.android.gms/com.google.android.gms.ipa.base.IpaGcmTaskService started execution. cause:9 exec_start_elapsed_seconds: 4167 [CONTEXT service_id=218 ]
03-27 15:45:42.451 1394-25328/? I/NetworkScheduler.Stats: Task com.google.android.gms/com.google.android.gms.ipa.base.IpaGcmTaskService finished executing. cause:9 result: 1 elapsed_millis: 11 uptime_millis: 11 exec_start_elapsed_seconds: 4167 [CONTEXT service_id=218 ]
03-27 15:45:42.504 578-964/? D/BufferPoolAccessor2.0: evictor expired: 1, evicted: 0
03-27 15:29:35.357 0-0/? I/binder: undelivered transaction 894870, process died.
03-27 15:29:35.357 0-0/? I/binder: undelivered TRANSACTION_COMPLETE
03-27 15:29:35.358 0-0/? I/binder: undelivered transaction 894891, process died.
03-27 15:45:42.538 672-1256/? V/ActivityManager: Got obituary of 27483:com.example
03-27 15:45:42.539 672-704/? W/ActivityManager: setHasOverlayUi called on unknown pid: 27483
03-27 15:45:42.540 429-429/? I/Zygote: Process 27483 exited due to signal 9 (Killed)
03-27 15:29:35.359 0-0/? I/binder: undelivered transaction 894896, process died.
03-27 15:45:43.026 19748-19748/? I/ProvidersCache: Updating roots due to change on user 0at content://com.android.providers.media.documents/root
03-27 15:45:43.046 19748-27681/? I/ProvidersCache: Provider returned no roots. Possibly naughty: com.google.android.apps.docs.storage
03-27 15:45:43.087 1876-2098/? I/MediaProvider: Deleted 0 0 0 1 0 0 0 items on external_primary due to com.android.shell
