03-27 15:45:01.378 428-25748/? I/resolv: GetAddrInfoHandler::run: {101 101 101 983141 10181 0}
03-27 15:45:01.402 25722-25743/? W/FileTestStorage: Output properties is not supported.
03-27 15:45:01.403 25722-25743/? I/Tracing: Tracer added: class androidx.test.platform.tracing.AndroidXTracer
03-27 15:45:01.409 25722-25743/? D/EventInjectionStrategy: Creating injection strategy with input manager.
03-27 15:45:01.410 25722-25743/? W/com.example: Accessing hidden method Landroid/hardware/input/InputManager;->getInstance()Landroid/hardware/input/InputManager; (unsupported, reflection, allowed)
03-27 15:45:01.410 25722-25743/? W/com.example: Accessing hidden method Landroid/hardware/input/InputManager;->injectInputEvent(Landroid/view/InputEvent;I)Z (unsupported, reflection, allowed)
03-27 15:45:01.410 25722-25743/? W/com.example: [ 03-27 15
03-27 15:45:01.410 25722-25743/? W/com.example: :45:01.410 25722:25743 W/com.example ]
03-27 15:45:01.410 25722-25743/? W/com.example: Accessing hidden field Landroid/hardware/input/InputManager;->INJECT_INPUT_EVENT_MODE_WAIT_FOR_FINISH:I (unsupported, reflection, allowed)
03-27 15:45:01.410 1876-2098/? W/MediaProvider: isAppCloneUserPair for user 0: false
03-27 15:45:01.411 1876-2098/? V/MediaProvider: Inserted id:1000000098 less than next row id backup:1000001000.
03-27 15:45:01.415 25747-25747/? D/MediaCodecList: codecHandlesFormat: no format, so no extra checks
03-27 15:45:01.416 25747-25752/? D/CCodec: allocate(c2.android.avc.encoder)
03-27 15:45:01.418 25747-25752/? I/Codec2Client: Available Codec2 services: "default" "software"
03-27 15:45:01.419 25747-25752/? I/CCodec: setting up 'default' as default (vendor) store
03-27 15:45:01.420 578-7319/? V/C2Store: in init
03-27 15:45:01.420 578-7319/? V/C2Store: loading dll
03-27 15:45:01.421 578-7319/? I/mediaswcodec: missing struct descriptor #Param::CoreIndex(--004) for field values of struct #Param::CoreIndex(F-12004)
03-27 15:45:01.421 578-7319/? I/mediaswcodec: missing struct descriptor #Param::CoreIndex(--1812) for field values of struct #Param::CoreIndex(F-11812)
03-27 15:45:01.421 578-7319/? I/mediaswcodec: missing struct descriptor #Param::CoreIndex(--004) for field values of struct #Param::CoreIndex(F-12004)
03-27 15:45:01.421 578-7319/? I/mediaswcodec: missing struct descriptor #Param::CoreIndex(--1812) for field values of struct #Param::CoreIndex(F-11812)
03-27 15:45:01.422 25747-25752/? I/CCodec: Created component [c2.android.avc.encoder]
03-27 15:45:01.422 25747-25752/? D/CCodecConfig: read media type: video/avc
03-27 15:45:01.423 25722-25743/? W/Settings: Setting always_finish_activities has moved from android.provider.Settings.System to android.provider.Settings.Global, returning read-only value.
03-27 15:45:01.423 25747-25752/? D/ReflectedParamUpdater: extent() != 1 for single value type: algo.buffers.max-count.values
03-27 15:45:01.423 25747-25752/? D/ReflectedParamUpdater: extent() != 1 for single value type: output.subscribed-indices.values
03-27 15:45:01.424 25747-25752/? D/ReflectedParamUpdater: extent() != 1 for single value type: input.buffers.allocator-ids.values
03-27 15:45:01.424 25747-25752/? D/ReflectedParamUpdater: extent() != 1 for single value type: output.buffers.allocator-ids.values
03-27 15:45:01.424 25747-25752/? D/ReflectedParamUpdater: extent() != 1 for single v
03-27 15:45:01.424 25747-25752/? D/ReflectedParamUpdater: alue type: algo.buffers.allocator-ids.values
03-27 15:45:01.424 25747-25752/? D/ReflectedParamUpdater: extent() != 1 for single value type: output.buffers.pool-ids.values
03-27 15:45:01.424 25747-25752/? D/ReflectedParamUpdater: extent() != 1 for single value type: algo.buffers.pool-ids.values
03-27 15:45:01.424 25747-25752/? D/ReflectedParamUpdater: ignored struct field coding.gop.values
03-27 15:45:01.424 25747-25752/? D/ReflectedParamUpdater: ignored struct field coding.qp.values
03-27 15:45:01.425 25747-25752/? D/CCodecConfig: ignoring local param raw.color (0xc2001809) as it is already supported
03-27 15:45:01.425 25747-25752/? I/CCodecConfig: query failed after returning 12 values (BAD_INDEX)
03-27 15:45:01.425 25747-25752/? D/CCodecConfig: c2 config diff is Dict {
03-27 15:45:01.425 25747-25752/? D/CCodecConfig:   c2::i32 coded.average-qp.value = 0
03-27 15:45:01.425 25747-25752/? D/CCodecConfig:   c2::u32 coded.bitrate.value = 64000
03-27 15:45:01.425 25747-25752/? D/CCodecConfig:   c2::float coded.frame-rate.value = 1
03-27 15:45:01.425 25747-25752/? D/CCodecConfig:   c2::u32 coded.picture-type.value = 0
03-27 15:45:01.425 25747-25752/? D/CCodecConfig:   c2::u32 coded.pl.level = 20492
03-27 15:45:01.425 25747-25752/? D/CCodecConfig:   c2::u32 coded.pl.profile = 20481
03-27 15:45:01.425 25747-25752/? D/CCodecConfig:   c2::u32 coded.vui.color.matrix = 0
03-27 15:45:01.425 25747-25752/? D/CCodecConfig:   c2::u32 coded.vui.color.primaries = 0
03-27 15:45:01.425 25747-25752/? D/CCodecConfig:   c2::u32 coded.vui.color.range = 0
03-27 15:45:01.425 25747-25752/? D/CCodecConfig:   c2::u32 coded.vui.color.transfer = 0
03-27 15:45:01.425 25747-25752/? D/CCodecConfig:   c2::u32 coding.intra-refresh.mode = 0
03-27 15:45:01.425 25747-25752/? D/CCodecConfig:   c2::float coding.intra
03-27 15:45:01.425 25747-25752/? D/CCodecConfig: -refresh.period = 0
03-27 15:45:01.425 25747-25752/? D/CCodecConfig:   c2::u32 coding.request-sync-frame.value = 0
03-27 15:45:01.425 25747-25752/? D/CCodecConfig:   c2::i64 coding.sync-frame-interval.value = 1000000
03-27 15:45:01.425 25747-25752/? D/CCodecConfig:   c2::u32 input.delay.value = 0
03-27 15:45:01.425 25747-25752/? D/CCodecConfig:   string input.media-type.value = "video/raw"
03-27 15:45:01.425 25747-25752/? D/CCodecConfig:   string output.media-type.value = "video/avc"
03-27 15:45:01.425 25747-25752/? D/CCodecConfig:   c2::u32 raw.color.matrix = 0
03-27 15:45:01.425 25747-25752/? D/CCodecConfig:   c2::u32 raw.color.primaries = 0
03-27 15:45:01.425 25747-25752/? D/CCodecConfig:   c2::u32 raw.color.range = 0
03-27 15:45:01.425 25747-25752/? D/CCodecConfig:   c2::u32 raw.color.transfer = 0
03-27 15:45:01.425 25747-25752/? D/CCodecConfig:   c2::u32 raw.size.height = 16
03-27 15:45:01.425 25747-25752/? D/CCodecConfig:   c2::u32 raw.size.width = 16
03-27 15:45:01.425 25747-25752/? D/CCodecConfig: }
03-27 15:45:01.425 25747-25752/? W/ColorUtils: expected specified color aspects (0:0:0:0)
03-27 15:45:01.427 672-805/? I/ActivityTaskManager: START u0 {act=android.intent.action.MAIN cat=[android.intent.category.LAUNCHER] flg=0x10008000 cmp=com.example/.MainActivity} from uid 10181
03-27 15:45:01.428 672-805/? D/CompatibilityChangeReporter: Compat change id reported: 194480991; UID 10181; state: ENABLED
03-27 15:45:01.428 25747-25747/? D/CodecSeeding: Seed: codec c2.android.avc.encoder, mediatype video/avc, overrideable 1
03-27 15:45:01.428 25747-25747/? D/CodecProperties: setTuningValue(vq-target-bpp,0)
03-27 15:45:01.428 25747-25747/? D/CodecProperties: setTuningValue(vq-target-bpp-1080p,1.90)
03-27 15:45:01.428 25747-25747/? D/CodecProperties: setTuningValue(vq-target-bpp-720p,2.25)
03-27 15:45:01.428 25747-25747/? D/CodecProperties: setTuningValue(vq-target-bpp-540p,2.65)
03-27 15:45:01.428 25747-25747/? D/CodecProperties: setTuningValue(vq-target-bpp-480p,3.00)
03-27 15:45:01.428 25747-25747/? D/CodecProperties: setTuningValue(vq-target-bpp-320x240,0)
03-27 15:45:01.428 25747-25747/? D/CodecProperties: setTuningValue(vq-target-qpmax,-1)
03-27 15:45:01.428 25747-25747/? D/CodecProperties: setTuningValue(vq-target-qpmax-1080p,45)
03-27 15:45:01.428 25747-25747/? D/CodecProperties: setTuningValue(vq-target-qpmax-720p,43)
03-27 15:45:01.428 25747-25747/? D/CodecProperties: setTuningValue(vq-target-qpmax-540p,42)
03-27 15:45:01.428 25747-25747/? D/CodecProperties: setTuningValue(vq-target-qpmax-480p,38)
03-27 15:45:01.428 25747-25747/? D/CodecProperties: setTuningValue(vq-bitrate-phaseout,1.75)
03-27 15:45:01.428 25747-25747/? D/CodecProperties: setTuningValue(vq-boost-missing-qp,0.20)
03-27 15:45:01.428 25747-25747/? D/CodecProperties: setFeatureValue(intra-refresh,0)
03-27 15:45:01.428 25747-25747/? D/CodecProperties: setFeatureValue(qp-bounds,0)
03-27 15:45:01.428 25747-25747/? D/CodecProperties: setFeatureValue(_vq_eligible.device,1)
03-27 15:45:01.428 25747-25747/? D/CodecProperties: setFeatureValue(_quality.target,1)
03-27 15:45:01.428 25747-25747/? D/CodecSeeding: Seed: codec c2.android.avc.encoder, mediatype video/avc, overrideable 0
03-27 15:45:01.428 25747-25747/? D/VQApply: raise bitrate: configured 1000000 to floor 2073600
03-27 15:45:01.428 25747-25747/? D/VQApply: minquality by QP: inject video-qp-max=43
03-27 15:45:01.428 25747-25747/? D/VQApply: minquality/target bitrate raised from 1000000 to 2073600 bps
03-27 15:45:01.428 25747-25747/? D/MediaCodec: shapeMediaFormat: deltas(6): AMessage(what = 0x00000000) = {
03-27 15:45:01.428 25747-25747/? D/MediaCodec:     int32_t bitrate = 2073600
03-27 15:45:01.428 25747-25747/? D/MediaCodec:     int32_t android._encoding-quality-level = 0
03-27 15:45:01.428 25747-25747/? D/MediaCodec:     int32_t video-qp-max = 43
03-27 15:45:01.428 25747-25747/? D/MediaCodec:     int32_t video-qp-i-max = 43
03-27 15:45:01.428 25747-25747/? D/MediaCodec:     int32_t video-qp-p-max = 46
03-27 15:45:01.428 25747-25747/? D/MediaCodec:     int32_t video-qp-b-max = 49
03-27 15:45:01.428 25747-25747/? D/MediaCodec:   }
03-27 15:45:01.428 25747-25752/? D/CCodec: [c2.android.avc.encoder] buffers are bound to CCodec for this session
03-27 15:45:01.428 25747-25752/? D/CCodecConfig: no c2 equivalents for color-format
03-27 15:45:01.428 25747-25752/? D/CCodecConfig: no c2 equivalents for max-bframes
03-27 15:45:01.428 25747-25752/? D/CCodecConfig: no c2 equivalents for video-qp-max
03-27 15:45:01.428 25747-25752/? D/CCodecConfig: no c2 equivalents for video-qp-i-max
03-27 15:45:01.428 25747-25752/? D/CCodecConfig: no c2 equivalents for video-qp-p-max
03-27 15:45:01.428 25747-25752/? D/CCodecConfig: no c2 equivalents for video-qp-b-max
03-27 15:45:01.428 25747-25752/? D/CCodecConfig: no c2 equivalents for flags
03-27 15:45:01.428 25747-25752/? D/CCodecConfig: no c2 equivalents for encoder
03-27 15:45:01.432 25747-25752/? D/CCodecConfig: c2 config diff is   c2::u32 coded.bitrate.value = 2073600
03-27 15:45:01.432 25747-25752/? D/CCodecConfig:   c2::float coded.frame-rate.value = 60
03-27 15:45:01.432 25747-25752/? D/CCodecConfig:   c2::i64 coding.sync-frame-interval.value = 10000000
03-27 15:45:01.432 25747-25752/? D/CCodecConfig:   c2::u32 raw.size.height = 1280
03-27 15:45:01.432 25747-25752/? D/CCodecConfig:   c2::u32 raw.size.width = 720
03-27 15:45:01.432 25747-25752/? W/ColorUtils: expected specified color aspects (0:0:0:0)
03-27 15:45:01.432 672-805/? D/CompatibilityChangeReporter: Compat change id reported: 174042980; UID 10181; state: DISABLED
03-27 15:45:01.432 672-805/? D/CompatibilityChangeReporter: Compat change id reported: 184838306; UID 10181; state: DISABLED
03-27 15:45:01.432 672-805/? D/CompatibilityChangeReporter: Compat change id reported: 185004937; UID 10181; state: DISABLED
03-27 15:45:01.432 672-805/? D/CompatibilityChangeReporter: Compat change id reported: 181136395; UID 10181; state: DISABLED
03-27 15:45:01.433 672-805/? D/CompatibilityChangeReporter: Compat change id reported: 174042936; UID 10181; state: DISABLED
03-27 15:45:01.433 25747-25752/? D/CCodec: encoding statistics level = 0
03-27 15:45:01.433 25747-25752/? D/CCodec: setup formats input: AMessage(what = 0x00000000) = {
03-27 15:45:01.433 25747-25752/? D/CCodec:   Rect crop(0, 0, 719, 1279)
03-27 15:45:01.433 25747-25752/? D/CCodec:   int32_t color-standard = 0
03-27 15:45:01.433 25747-25752/? D/CCodec:   int32_t color-range = 0
03-27 15:45:01.433 25747-25752/? D/CCodec:   int32_t color-transfer = 0
03-27 15:45:01.433 25747-25752/? D/CCodec:   int32_t frame-rate = 60
03-27 15:45:01.433 25747-25752/? D/CCodec:   int32_t height = 1280
03-27 15:45:01.433 25747-25752/? D/CCodec:   int32_t intra-refresh-period = 0
03-27 15:45:01.433 25747-25752/? D/CCodec:   string mime = "video/raw"
03-27 15:45:01.433 25747-25752/? D/CCodec:   int32_t video-qp-average = 0
03-27 15:45:01.433 25747-25752/? D/CCodec:   int32_t width = 720
03-27 15:45:01.433 25747-25752/? D/CCodec:   int32_t android._dataspace = 0
03-27 15:45:01.433 25747-25752/? D/CCodec:   int32_t using-sw-read-often = 1
03-27 15:45:01.433 25747-25752/? D/CCodec:   int64_t android._C2MemoryUsage = 1
03-27 15:45:01.433 25747-25752/? D/CCodec:   int32_t color-format = 2130708361
03-27 15:45:01.433 25747-25752/? D/CCodec:   int32_t android._color-format = 2130708361
03-27 15:45:01.433 25747-25752/? D/CCodec: }
03-27 15:45:01.433 25747-25752/? D/CCodec: setup formats output: AMessage(what = 0x00000000) = {
03-27 15:45:01.433 25747-25752/? D/CCodec:   int32_t bitrate = 2073600
03-27 15:45:01.433 25747-25752/? D/CCodec:   Rect crop(0, 0, 719, 1279)
03-27 15:45:01.433 25747-25752/? D/CCodec:   int32_t color-standard = 0
03-27 15:45:01.433 25747-25752/? D/CCodec:   int32_t color-range = 0
03-27 15:45:01.433 25747-25752/? D/CCodec:   int32_t color-transfer = 0
03-27 15:45:01.433 25747-25752/? D/CCodec:   int32_t frame-rate = 60
03-27 15:45:01.433 25747-25752/? D/CCodec:   int32_t height = 1280
03-27 15:45:01.433 25747-25752/? D/CCodec:   int32_t intra-refresh-period = 0
03-27 15:45:01.433 25747-25752/? D/CCodec:   int32_t level = 4096
03-27 15:45:01.433 25747-25752/? D/CCodec:   int32_t max-bitrate = 2073600
03-27 15:45:01.433 25747-25752/? D/CCodec:   string mime = "video/avc"
03-27 15:45:01.433 25747-25752/? D/CCodec:   int32_t profile = 65536
03-27 15:45:01.433 25747-25752/? D/CCodec:   int32_t video-qp-average = 0
03-27 15:45:01.433 25747-25752/? D/CCodec:   int32_t width = 720
03-27 15:45:01.433 25747-25752/? D/CCodec: }
03-27 15:45:01.433 25747-25752/? I/CCodecConfig: query failed after returning 13 values (BAD_INDEX)
03-27 15:45:01.433 672-805/? D/CompatibilityChangeReporter: Compat change id reported: 197654537; UID 10181; state: ENABLED
03-27 15:45:01.434 25747-25752/? D/CCodec: input format changed to AMessage(what = 0x00000000) = {
03-27 15:45:01.434 25747-25752/? D/CCodec:   Rect crop(0, 0, 719, 1279)
03-27 15:45:01.434 25747-25752/? D/CCodec:   int32_t color-standard = 1
03-27 15:45:01.434 25747-25752/? D/CCodec:   int32_t color-range = 2
03-27 15:45:01.434 25747-25752/? D/CCodec:   int32_t color-transfer = 3
03-27 15:45:01.434 25747-25752/? D/CCodec:   int32_t frame-rate = 60
03-27 15:45:01.434 25747-25752/? D/CCodec:   int32_t height = 1280
03-27 15:45:01.434 25747-25752/? D/CCodec:   int32_t intra-refresh-period = 0
03-27 15:45:01.434 25747-25752/? D/CCodec:   string mime = "video/raw"
03-27 15:45:01.434 25747-25752/? D/CCodec:   int32_t video-qp-average = 0
03-27 15:45:01.434 25747-25752/? D/CCodec:   int32_t width = 720
03-27 15:45:01.434 25747-25752/? D/CCodec:   int32_t android._dataspace = 260
03-27 15:45:01.434 25747-25752/? D/CCodec:   int32_t using-sw-read-often = 1
03-27 15:45:01.434 25747-25752/? D/CCodec:   int64_t android._C2MemoryUsage = 1
03-27 15:45:01.434 25747-25752/? D/CCodec:   int32_t color-format = 2130708361
03-27 15:45:01.434 25747-25752/? D/CCodec:   int32_t android._color-format = 2130708361
03-27 15:45:01.434 25747-25752/? D/CCodec: }
03-27 15:45:01.434 25747-25752/? D/GraphicBufferSource: setting dataspace: 0x104, acquired=0
03-27 15:45:01.434 25747-25752/? D/CCodec: ISConfig not changed
03-27 15:45:01.434 672-805/? V/SplashScreenExceptionList: SplashScreen checking exception for package com.example (target sdk:33) -> false
03-27 15:45:01.434 672-805/? D/CompatibilityChangeReporter: Compat change id reported: 205907456; UID 10181; state: ENABLED
03-27 15:45:01.434 25747-25752/? W/Codec2Client: query -- param skipped: index = 1342179345.
03-27 15:45:01.434 25747-25752/? W/Codec2Client: query -- param skipped: index = 2415921170.
03-27 15:45:01.435 25747-25752/? D/CCodecBufferChannel: [c2.android.avc.encoder#118] Using basic input block pool with poolID 1 => got 1 - OK (0)
03-27 15:45:01.435 25747-25752/? D/C2Store: Using DMABUF Heaps
03-27 15:45:01.436 25747-25752/? I/CCodecBufferChannel: [c2.android.avc.encoder#118] Created output block pool with allocatorID 16 => poolID 80 - OK
03-27 15:45:01.436 25747-25752/? D/CCodecBufferChannel: [c2.android.avc.encoder#118] Configured output block pool ids 80 => OK
03-27 15:45:01.436 570-3980/? W/ResourceManagerService: Ignoring request to add new resource entry with value <= 0
03-27 15:45:01.437 672-805/? D/CompatibilityChangeReporter: Compat change id reported: 194833441; UID 10181; state: ENABLED
03-27 15:45:01.437 902-1083/? D/SplashScreenView: Build android.window.SplashScreenView{85ee64 V.E...... ......ID 0,0-0,0}
03-27 15:45:01.437 902-1083/? D/SplashScreenView: Icon: view: null drawable: null size: 0
03-27 15:45:01.437 902-1083/? D/SplashScreenView: Branding: view: android.view.View{d0128cd G.ED..... ......I. 0,0-0,0 #10204db android:id/splashscreen_branding_view} drawable: null size w: 0 h: 0
03-27 15:45:01.438 672-1737/? D/CompatibilityChangeReporter: Compat change id reported: 168419799; UID 10181; state: DISABLED
03-27 15:45:01.442 1394-25328/? I/NetworkScheduler.Stats: Task com.google.android.gms/com.google.android.gms.ipa.base.IpaGcmTaskService started execution. cause:9 exec_start_elapsed_seconds: 4126 [CONTEXT service_id=218 ]
03-27 15:45:01.442 672-768/? D/CoreBackPreview: Window{b5e872c u0 Splash Screen com.example}: Setting back callback OnBackInvokedCallbackInfo{mCallback=android.window.IOnBackInvokedCallback$Stub$Proxy@c9a09fb, mPriority=0}
03-27 15:45:01.444 1394-19817/? I/NetworkScheduler.Stats: Task com.google.android.gms/com.google.android.gms.ipa.base.IpaGcmTaskService finished executing. cause:9 result: 1 elapsed_millis: 18 uptime_millis: 18 exec_start_elapsed_seconds: 4126 [CONTEXT service_id=218 ]
03-27 15:45:01.445 672-711/? D/IntervalStats: Unable to parse usage stats packages: [186, 187, 188, 189]
03-27 15:45:01.445 672-711/? D/IntervalStats: Unable to parse event packages: [188, 189]
03-27 15:45:01.468 450-530/? D/goldfish-address-space: claimShared: Ask to claim region [0x3e8000000 0x3e8926000]
03-27 15:45:01.470 1876-1994/? I/MediaProvider: Deleted 0 0 0 1 0 0 0 items on external_primary due to com.android.shell
03-27 15:45:01.472 25722-25762/? D/libEGL: loaded /vendor/lib64/egl/libEGL_emulation.so
03-27 15:45:01.472 25722-25722/? D/LifecycleMonitor: Lifecycle status change: com.example.MainActivity@2bb6884 in: PRE_ON_CREATE
03-27 15:45:01.473 25722-25722/? V/ActivityScenario: Activity lifecycle changed event received but ignored because 
03-27 15:45:01.473 25722-25722/? V/ActivityScenario: the reported transition was not ON_CREATE while the last known transition was PRE_ON_CREATE
03-27 15:45:01.473 1876-2099/? W/MediaProvider: isAppCloneUserPair for user 0: false
03-27 15:45:01.473 1876-2099/? V/MediaProvider: Inserted id:1000000098 less than next row id backup:1000001000.
03-27 15:45:01.474 25722-25762/? D/libEGL: loaded /vendor/lib64/egl/libGLESv1_CM_emulation.so
03-27 15:45:01.474 25747-25747/? D/MPEG4Writer: PreAllocation enabled
03-27 15:45:01.475 279-279/? I/hwservicemanager: getTransport: Cannot find entry android.hardware.graphics.mapper@4.0::IMapper/default in either framework or device VINTF manifest.
03-27 15:45:01.475 25747-25750/? I/Gralloc4: mapper 4.x is not supported
03-27 15:45:01.476 25722-25762/? D/libEGL: loaded /vendor/lib64/egl/libGLESv2_emulation.so
03-27 15:45:01.477 450-530/? D/goldfish-address-space: claimShared: Ask to claim region [0x3e8926000 0x3e924c000]
03-27 15:45:01.478 450-530/? D/goldfish-address-space: claimShared: Ask to claim region [0x3e924c000 0x3e9b72000]
03-27 15:45:01.478 902-1191/? W/Parcel: Expecting binder but got null!
03-27 15:45:01.483 25747-25750/? D/HostConnection: createUnique: call
03-27 15:45:01.483 25747-25750/? D/HostConnection: HostConnection::get() New Host Connection established 0x72d6b897de10, tid 25750
03-27 15:45:01.483 25747-25750/? D/goldfish-address-space: allocate: Ask for block of size 0x100
03-27 15:45:01.484 25747-25750/? D/goldfish-address-space: allocate: ioctl allocate returned offset 0x3e7ffe000 size 0x2000
03-27 15:45:01.514 1394-25328/? I/NetworkScheduler.Stats: Task com.google.android.gms/com.google.android.gms.ipa.base.IpaGcmTaskService started execution. cause:9 exec_start_elapsed_seconds: 4126 [CONTEXT service_id=218 ]
03-27 15:45:01.515 672-1737/? W/ActivityManager: Unable to start service Intent { act=android.service.smartspace.SmartspaceService cmp=com.google.android.as/com.google.android.apps.miphone.aiai.app.AiAiSmartspaceService } U=0: not found
03-27 15:45:01.515 279-279/? I/hwservicemanager: getTransport: Cannot find entry android.hardware.graphics.allocator@4.0::IAllocator/default in either framework or device VINTF manifest.
03-27 15:45:01.515 672-1737/? W/RemoteSmartspaceService: could not bind to Intent { act=android.service.smartspace.SmartspaceService cmp=com.google.android.as/com.google.android.apps.miphone.aiai.app.AiAiSmartspaceService } using flags 67112961
03-27 15:45:01.515 672-672/? W/ActivityManager: Unbind failed: could not find connection for android.app.LoadedApk$ServiceDispatcher$InnerConnection@a535e19
03-27 15:45:01.515 278-278/? I/servicemanager: Could not find android.hardware.graphics.allocator.IAllocator/default in the VINTF manifest.
03-27 15:45:01.515 25747-25750/? W/Gralloc4: allocator 4.x is not supported
03-27 15:45:01.517 450-530/? D/goldfish-address-space: claimShared: Ask to claim region [0x3eb885000 0x3ebc09000]
03-27 15:45:01.519 1394-25342/? I/NetworkScheduler.Stats: Task com.google.android.gms/com.google.android.gms.ipa.base.IpaGcmTaskService finished executing. cause:9 result: 1 elapsed_millis: 37 uptime_millis: 37 exec_start_elapsed_seconds: 4126 [CONTEXT service_id=218 ]
03-27 15:45:01.526 25747-25750/? D/HostConnection: HostComposition ext ANDROID_EMU_CHECKSUM_HELPER_v1 ANDROID_EMU_native_sync_v2 ANDROID_EMU_native_sync_v3 ANDROID_EMU_native_sync_v4 ANDROID_EMU_dma_v1 ANDROID_EMU_direct_mem ANDROID_EMU_host_composition_v1 ANDROID_EMU_host_composition_v2 ANDROID_EMU_vulkan ANDROID_EMU_deferred_vulkan_commands ANDROID_EMU_vulkan_null_optional_strings ANDROID_EMU_vulkan_create_resources_with_requirements ANDROID
03-27 15:45:01.526 25747-25750/? D/HostConnection: _EMU_YUV_Cache ANDROID_EMU_vulkan_ignored_handles ANDROID_EMU_has_shared_slots_host_memory_allocator ANDROID_EMU_vulkan_free_memory_sync ANDROID_EMU_vulkan_shader_float16_int8 ANDROID_EMU_vulkan_async_queue_submit ANDROID_EMU_vulkan_queue_submit_with_commands ANDROID_EMU_sync_buffer_data ANDROID_EMU_vulkan_async_qsri ANDROID_EMU_read_color_buffer_dma ANDROID_EMU_hwc_multi_configs GL_OES_EGL_image_external_essl3 GL_OES_vertex_array_object GL_KHR_texture_compression_astc_ldr ANDROID_EMU_host_side_tracing ANDROID_EMU_gles_max_version_3_1 
03-27 15:45:01.530 25747-25750/? D/GraphicBufferSource: got buffer with new dataSpace #104
03-27 15:45:01.530 25747-25750/? D/C2OMXNode: dataspace changed to 0x104 pixel format: 0x1
03-27 15:45:01.530 279-279/? I/hwservicemanager: getTransport: Cannot find entry android.hardware.graphics.mapper@4.0::IMapper/default in either framework or device VINTF manifest.
03-27 15:45:01.532 578-25757/? D/SimpleC2Component: Using output block pool with poolID 80 => got 80 - 0
03-27 15:45:01.532 578-25757/? D/SimpleC2Component: applied 2 configUpdates => BAD_INDEX (6)
03-27 15:45:01.532 578-25757/? D/C2SoftAvcEnc: Params width 720 height 1280 level 41 colorFormat 0 bframes 0
03-27 15:45:01.532 482-520/? W/TransactionTracing: Could not find layer id -1
03-27 15:45:01.532 482-520/? W/TransactionTracing: Could not find layer id -1
03-27 15:45:01.532 482-520/? W/TransactionTracing: Could not find layer id -1
03-27 15:45:01.532 482-520/? W/TransactionTracing: Could not find layer id -1
03-27 15:45:01.532 482-520/? W/TransactionTracing: Could not find layer id -1
03-27 15:45:01.536 450-530/? D/goldfish-address-space: claimShared: Ask to claim region [0x3ead22000 0x3eb0a6000]
03-27 15:45:01.541 1947-1947/? I/GsaVoiceInteractionSrv: Handling ACTION_STOP_HOTWORD
03-27 15:45:01.542 1947-2796/? E/HwDetectorWithState: a: 3
03-27 15:45:01.545 578-25757/? E/C2SoftAvcEnc: Unable to set air params = 0x1ad
03-27 15:45:01.548 25722-25722/? D/CompatibilityChangeReporter: Compat change id reported: 210923482; UID 10181; state: ENABLED
03-27 15:45:01.552 450-530/? D/goldfish-address-space: claimShared: Ask to claim region [0x3ea397000 0x3ea71b000]
03-27 15:45:01.556 450-530/? D/goldfish-address-space: claimShared: Ask to claim region [0x3ebcd5000 0x3ebf1f000]
03-27 15:45:01.557 672-6881/? D/HostConnection: createUnique: call
03-27 15:45:01.558 672-6881/? D/HostConnection: HostConnection::get() New Host Connection established 0x7d6283805050, tid 6881
03-27 15:45:01.560 25722-25722/? D/LifecycleMonitor: Lifecycle status change: com.example.MainActivity@2bb6884 in: CREATED
03-27 15:45:01.560 25722-25722/? V/ActivityScenario: Update currentActivityStage to CREATED, currentActivity=com.example.MainActivity@2bb6884
03-27 15:45:01.560 25722-25722/? V/ActivityScenario: [ 03-27 15:45:01.561 
03-27 15:45:01.560 25722-25722/? V/ActivityScenario: 25722:25722 D/LifecycleMonitor ]
03-27 15:45:01.560 25722-25722/? V/ActivityScenario: Lifecycle status change: com.example.MainActivity@2bb6884 in: STARTED
03-27 15:45:01.562 25722-25722/? V/ActivityScenario: Update currentActivityStage to STARTED, currentActivity=com.example.MainActivity@2bb6884
03-27 15:45:01.563 25747-25752/? D/CCodecConfig: c2 config diff is   Buffer coded.init-data.value = {
03-27 15:45:01.563 25747-25752/? D/CCodecConfig:     00000000:  00 00 00 01 67 42 c0 29  8d 68 0b 40 a1 a4 20 20  ....gB.).h.@..  
03-27 15:45:01.563 25747-25752/? D/CCodecConfig:     00000010:  20 20 f0 88 46 a0 00 00  00 01 68 ce 01 a8 35 c8    ..F.....h...5.
03-27 15:45:01.563 25747-25752/? D/CCodecConfig:   }
03-27 15:45:01.564 25722-25722/? D/LifecycleMonitor: Lifecycle status change: com.example.MainActivity@2bb6884 in: RESUMED
03-27 15:45:01.565 25747-25747/? D/MPEG4Writer: fpathconf _PC_FILESIZEBITS:64
03-27 15:45:01.565 25747-25747/? D/MPEG4Writer: File size limit set to 4503599627370495 bytes implicitly
03-27 15:45:01.565 25722-25722/? V/ActivityScenario: Update currentActivityStage to RESUMED, currentActivity=com.example.MainActivity@2bb6884
03-27 15:45:01.565 25747-25747/? D/MPEG4Writer: MP4WtrCtrlHlpLooper Started
03-27 15:45:01.565 25747-25747/? I/MPEG4Writer: limits: 4503599627370495/0 bytes/us, bit rate: -1 bps and the estimated moov size 3192 bytes
03-27 15:45:01.567 25747-25769/? I/MPEG4Writer: setStartTimestampUs: 4126357684
03-27 15:45:01.567 25747-25769/? I/MPEG4Writer: Earliest track starting time: 4126357684
03-27 15:45:01.569 902-1191/? D/EGL_emulation: app_time_stats: avg=185.40ms min=15.94ms max=2805.24ms count=18
03-27 15:45:01.570 672-6881/? D/HostConnection: HostComposition ext ANDROID_EMU_CHECKSUM_HELPER_v1 ANDROID_EMU_native_sync_v2 ANDROID_EMU_native_sync_v3 ANDROID_EMU_native_sync_v4 ANDROID_EMU_dma_v1 ANDROID_EMU_direct_mem ANDROID_EMU_host_composition_v1 ANDROID_EMU_host_composition_v2 ANDROID_EMU_vulkan ANDROID_EMU_deferred_vulkan_commands ANDROID_EMU_vulkan_null_optional_strings ANDROID_EMU_vulkan_create_resources_with_requirements ANDROID_EMU_YUV_Cache ANDROID_EMU_vulkan_ignored_handles ANDROID_EMU_has_shared_slots_host_memory_allocator ANDROID_EMU_vulkan_free_memory_sync ANDROID_EMU_vulkan_shader_float16_int8 ANDROID_EMU_vulkan_async_queue_submit ANDROID_EMU_vulkan_queue_submit_with_commands ANDROID_EMU_sync_buffer_data ANDROID_EMU_vulkan_async_qsri ANDROID_EMU_read_color_buffer_dma ANDROID_EMU_hwc_multi_configs GL_OES_EGL_image_external_essl3 GL_OES_vertex_array_object GL_KHR_texture_compression_astc_ldr ANDROID_EMU_host_side_tracing ANDROID_EMU_gles_max_version_3_1 
03-27 15:45:01.570 672-6881/? W/OpenGLRenderer: Failed to choose config with EGL_SWAP_BEHAVIOR_PRESERVED, retrying without...
03-27 15:45:01.570 672-6881/? W/OpenGLRenderer: Failed to initialize 101010-2 format, error = EGL_SUCCESS
03-27 15:45:01.571 672-6881/? D/EGL_emulation: eglCreateContext: 0x7d628380fc10: maj 3 min 1 rcv 4
03-27 15:45:01.572 672-6881/? D/EGL_emulation: eglMakeCurrent: 0x7d628380fc10: ver 3 1 (tinfo 0x7d6495337100) (first time)
03-27 15:45:01.573 672-805/? D/HostConnection: createUnique: call
03-27 15:45:01.573 672-805/? D/HostConnection: HostConnection::get() New Host Connection established 0x7d6283811c50, tid 805
03-27 15:45:01.578 672-805/? D/HostConnection: HostComposition ext ANDROID_EMU_CHECKSUM_HELPER_v1 ANDROID_EMU_native_sync_v2 ANDROID_EMU_native_sync_v3 ANDROID_EMU_native_sync_v4 ANDROID_EMU_dma_v1 ANDROID_EMU_direct_mem ANDROID_EMU_host_composition_v1 ANDROID_EMU_host_composition_v2 ANDROID_EMU_vulkan ANDROID_EMU_deferred_vulkan_commands ANDROID_EMU_vulkan_null_optional_strings ANDROID_EMU_vulkan_create_resources_with_requirements ANDROID_EMU_YUV_Cache ANDROID_EMU_vulkan_ignored_handle
03-27 15:45:01.578 672-805/? D/HostConnection: s ANDROID_EMU_has_shared_slots_host_memory_allocator ANDROID_EMU_vulkan_free_memory_sync ANDROID_EMU_vulkan_shader_float16_int8 ANDROID_EMU_vulkan_async_queue_submit ANDROID_EMU_vulkan_queue_submit_with_commands ANDROID_EMU_sync_buffer_data ANDROID_EMU_vulkan_async_qsri ANDROID_EMU_read_color_buffer_dma ANDROID_EMU_hwc_multi_configs GL_OES_EGL_image_external_essl3 GL_OES_vertex_array_object GL_KHR_texture_compression_astc_ldr ANDROID_EMU_host_side_tracing ANDROID_EMU_gles_max_version_3_1 
03-27 15:45:01.579 672-768/? D/CoreBackPreview: Window{c41778d u0 com.example/com.example.MainActivity}: Setting back callback OnBackInvokedCallbackInfo{mCallback=android.window.IOnBackInvokedCallback$Stub$Proxy@ddaf153, mPriority=0}
03-27 15:45:01.596 25722-25759/? D/HostConnection: createUnique: call
03-27 15:45:01.598 25722-25759/? D/HostConnection: HostConnection::get() New Host Connection established 0x7d62837e5310, tid 25759
03-27 15:45:01.604 902-1191/? D/EGL_emulation: app_time_stats: avg=1576.64ms min=1576.64ms max=1576.64ms count=1
03-27 15:45:01.604 25722-25759/? D/HostConnection: HostComposition ext ANDROID_EMU_CHECKSUM_HELPER_v1 ANDROID_EMU_native_sync_v2 ANDROID_EMU_native_sync_v3 ANDROID_EMU_native_sync_v4 ANDROID_EMU_dma_v1 ANDROID_EMU_direct_mem ANDROID_EMU_host_composition_v1 ANDROID_EMU_host_composition_v2 ANDROID_EMU_vulkan ANDROID_EMU_deferred_vulkan_commands ANDROID_EMU_vulkan_null_optional_strings ANDROID_EMU_vulkan_create_resources_with_requirements ANDROID_EMU_YUV_Cache ANDROID_EMU_vulkan_ignored_handles ANDROID_EMU_has_shared_slots_host_memory_allocator ANDROID_EMU_vulkan_free_memory_sync ANDROID_EMU_vulkan_shader_float16_int8 ANDROID_EMU_vulkan_async_queue_submit ANDROID_EMU_vulkan_queue_submit_with_commands ANDROID_EMU_sync_buffer_data ANDROID_EMU_vulkan_async_qsri ANDROID_EMU_read_color_buffer_dma ANDROID_EMU_hwc_multi_configs GL_OES_EGL_image_external_essl3 GL_OES_vertex_array_object GL_KHR_texture_compression_astc_ldr ANDROID_EMU_host_side_tracing ANDROID_EMU_gles_max_version_3_1 
03-27 15:45:01.605 25722-25759/? W/OpenGLRenderer: Failed to choose config with EGL_SWAP_BEHAVIOR_PRESERVED, retrying without...
03-27 15:45:01.605 25722-25759/? W/OpenGLRenderer: Failed to initialize 101010-2 format, error = EGL_SUCCESS
03-27 15:45:01.607 25722-25759/? D/EGL_emulation: eglCreateContext: 0x7d62837e4a10: maj 3 min 1 rcv 4
03-27 15:45:01.608 25722-25759/? D/EGL_emulation: eglMakeCurrent: 0x7d62837e4a10: ver 3 1 (tinfo 0x7d64b7275080) (first time)
03-27 15:45:01.619 279-279/? I/hwservicemanager: getTransport: Cannot find entry android.hardware.graphics.mapper@4.0::IMapper/default in either framework or device VINTF manifest.
03-27 15:45:01.619 25722-25759/? I/Gralloc4: mapper 4.x is not supported
03-27 15:45:01.620 25722-25759/? D/HostConnection: createUnique: call
03-27 15:45:01.621 25722-25759/? D/HostConnection: HostConnection::get() New Host Connection established 0x7d62837e5550, tid 25759
03-27 15:45:01.621 25722-25759/? D/goldfish-address-space: allocate: Ask for block of size 0x100
03-27 15:45:01.621 25722-25759/? D/goldfish-address-space: allocate: ioctl allocate returned offset 0x3e7ffe000 size 0x2000
03-27 15:45:01.640 279-279/? I/hwservicemanager: getTransport: Cannot find entry android.hardware.graphics.allocator@4.0::IAllocator/default in either framework or device VINTF manifest.
03-27 15:45:01.641 278-278/? I/servicemanager: Could not find android.hardware.graphics.allocator.IAllocator/default in the VINTF manifest.
03-27 15:45:01.641 25722-25759/? W/Gralloc4: allocator 4.x is not supported
03-27 15:45:01.642 450-530/? D/goldfish-address-space: cla
03-27 15:45:01.642 450-530/? D/goldfish-address-space: imShared: Ask to claim region [0x3ec000000 0x3ec926000]
03-27 15:45:01.650 25722-25759/? D/HostConnection: HostComposition ext ANDROID_EMU_CHECKSUM_HELPER_v1 ANDROID_EMU_native_sync_v2 ANDROID_EMU_native_sync_v3 ANDROID_EMU_native_sync_v4 ANDROID_EMU_dma_v1 ANDROID_EMU_direct_mem ANDROID_EMU_host_composition_v1 ANDROID_EMU_host_composition_v2 ANDROID_EMU_vulkan ANDROID_EMU_deferred_vulkan_commands ANDROID_EMU_vulkan_null_optional_strings ANDROID_EMU_vulkan_create_resources_with_requirements ANDROID_EMU_YUV_Cache ANDROID_EMU_vulkan_ignored_handles ANDROID_EMU_has_shared_slots_host_memory_allocator ANDROID_EMU_vulkan_free_memory_sync ANDROID_EMU_vulkan_shader_float16_int8 ANDROID_EMU_vulkan_async_queue_submit ANDROID_EMU_vulkan_queue_submit_with_commands ANDROID_EMU_sync_buffer_data ANDROID_EMU_vulkan_async_qsri ANDROID_EMU_read_color_buffer_dma ANDROID_EMU_hwc_multi_configs GL_OES_EGL_image_external_essl3 GL_OES_vertex_array_object GL_KHR_texture_compression_astc_ldr ANDROID_EMU_host_side_tracing ANDROID_EMU_gles_max_version_3_1 
03-27 15:45:01.655 450-530/? D/goldfish-address-space: claimShared: Ask to claim region [0x3ed860000 0x3ee186000]
03-27 15:45:01.657 450-530/? D/goldfish-address-space: claimShared: Ask to claim region [0x3ee186000 0x3eeaac000]
03-27 15:45:01.678 25722-25759/? W/Parcel: Expecting binder but got null!
03-27 15:45:01.684 672-701/? W/ziparchive: Unable to open '/data/app/~~AZmbGuQphIT3mSc4dUbQqQ==/com.example-JYplKpqG1IJkb3-k22IhFw==/base.dm': No such file or directory
03-27 15:45:01.685 672-701/? I/ActivityTaskManager: Displayed com.example/.MainActivity: +256ms
03-27 15:45:01.701 672-805/? D/CompatibilityChangeReporter: Compat change id reported: 214016041; UID 10181; state: ENABLED
03-27 15:45:01.702 672-768/? D/CoreBackPreview: Window{b5e872c u0 Splash Screen com.example EXITING}: Setting back callback null
03-27 15:45:01.704 672-1737/? W/InputManager-JNI: Input channel object 'b5e872c Splash Screen com.example (client)' was disposed without first being removed with the input manager!
03-27 15:45:01.706 1668-1668/? I/GoogleInputMethodService: GoogleInputMethodService.onFinishInput():3220 
03-27 15:45:01.707 1668-1668/? I/GoogleInputMethodService: GoogleInputMethodService.updateDeviceLockedStatus():2114 repeatCheckTimes = 0, unlocked = true
03-27 15:45:01.708 1668-1668/? I/GoogleInputMethodService: GoogleInputMethodService.onStartInput():1919 onStartInput(EditorInfo{inputType=0x0(NULL) imeOptions=0x0 privateImeOptions=null actionName=UNSPECIFIED actionLabel=null actionId=0 initialSelStart=-1 initialSelEnd=-1 initialCapsMode=0x0 hintText=
03-27 15:45:01.708 1668-1668/? I/GoogleInputMethodService: null label=null packageName=com.example fieldId=-1 fieldName=null extras=null}, false)
03-27 15:45:01.708 1668-1668/? I/GoogleInputMethodService: GoogleInputMethodService.updateDeviceLockedStatus():2114 repeatCheckTimes = 2, unlocked = true
03-27 15:45:01.711 1020-1341/? D/BtGatt.ScanManager: uid 10106 isForeground true scanMode -1
03-27 15:45:01.711 1020-1341/? D/BtGatt.ScanManager: uid 10106 isForeground true scanMode -1
03-27 15:45:01.713 482-520/? W/TransactionTracing: Could not find layer handle 0x7321fa258ef0
03-27 15:45:01.820 25552-25565/? W/om.example.test: Cleared Reference was only reachable from finalizer (only reported once)
03-27 15:45:01.946 482-520/? W/TransactionTracing: Could not find layer handle 0x7321fa254450
03-27 15:45:02.076 1020-1341/? D/BtGatt.ScanManager: uid 10106 isForeground true scanMode -1
03-27 15:45:02.076 1020-1341/? D/BtGatt.ScanManager: uid 10106 isForeground true scanMode -1
03-27 15:45:02.079 1394-1417/? I/FontLog: Received query Noto Color Emoji Compat, URI content://com.google.android.gms.fonts [CONTEXT service_id=132 ]
03-27 15:45:02.079 1394-1417/? I/FontLog: Query [emojicompat-emoji-font] resolved to {Noto Color Emoji Compat, wdth 100.0, wght 400, ital 0.0, bestEffort false} [CONTEXT service_id=132 ]
03-27 15:45:02.082 1394-1417/? I/FontLog: Fetch {Noto Color Emoji Compat, wdth 100.0, wght 400, ital 0.0, bestEffort false} end status Status{statusCode=SUCCESS, resolution=null} [CONTEXT service_id=132 ]
03-27 15:45:02.086 1394-1417/? I/FontLog: Pulling font file for id = 48, cache size = 13 [CONTEXT service_id=132 ]
03-27 15:45:02.091 1394-1417/? I/FontLog: Pulling font file for id = 48, cache size = 13 [CONTEXT service_id=132 ]
03-27 15:45:02.202 894-894/? I/wpa_supplicant: wlan0: CTRL-EVENT-BEACON-LOSS 
03-27 15:45:02.238 25722-25722/? W/com.example: Accessing hidden method Landroid/os/MessageQueue;->next()Landroid/os/Message; (unsupported, reflection, allowed)
03-27 15:45:02.238 25722-25722/? W/com.example: Accessing hidden field Landroid/os/MessageQueue;->mMessages:Landroid/os/Message; (unsupported, reflection, allowed)
03-27 15:45:02.238 25722-25722/? W/com.example: Accessing hidden method Landroid/os/Message;->recycleU
03-27 15:45:02.238 25722-25722/? W/com.example: nchecked()V (unsupported, reflection, allowed)
03-27 15:45:02.240 25722-25722/? W/com.example: Accessing hidden method Landroid/view/WindowManagerGlobal;->getInstance()Landroid/view/WindowManagerGlobal; (unsupported, reflection, allowed)
03-27 15:45:02.240 25722-25722/? W/com.example: Accessing hidden field Landroid/view/WindowManagerGlobal;->mViews:Ljava/util/ArrayList; (unsupported, reflection, allowed)
03-27 15:45:02.240 25722-25722/? W/com.example: Accessing hidden field Landroid/view/WindowManagerGlobal;->mParams:Ljava/util/Arr
03-27 15:45:02.240 25722-25722/? W/com.example: ayList; (unsupported, reflection, allowed)
03-27 15:45:02.242 25722-25722/? I/ViewInteraction: Checking 'MatchesViewAssertion{viewMatcher=an instance of android.widget.TextView and view.getText() with or without transformation to match: is "Test"}' assertion on view (view.getId() is <2131230838/com.example:id/edittext>)
03-27 15:45:02.245 672-805/? D/CompatibilityChangeReporter: Compat change id reported: 161145287; UID 10181; state: DISABLED
03-27 15:45:02.246 672-805/? D/CompatibilityChangeReporter: Compat change id reported: 161252188; UID 10182; state: ENABLED
03-27 15:45:02.247 672-805/? I/ActivityTaskManager: START u0 {act=android.intent.action.MAIN cat=[android.intent.category.LAUNCHER] flg=0x10000000 cmp=com.example.test/androidx.test.core.app.InstrumentationActivityInvoker$EmptyActivity} from uid 10181
03-27 15:45:02.247 672-805/? D/CompatibilityChangeReporter: Compat change id reported: 194480991; UID 10182; state: ENABLED
03-27 15:45:02.250 672-805/? D/CompatibilityChangeReporter: Compat change id reported: 174042980; UID 10182; state: DISABLED
03-27 15:45:02.250 672-805/? D/CompatibilityChangeReporter: Compat change id reported: 184838306; UID 10182; state: DISABLED
03-27 15:45:02.250 672-805/? D/CompatibilityChangeReporter: Compat change id reported: 185004937; UID 10182; state: DISABLED
03-27 15:45:02.250 672-805/? D/CompatibilityChangeReporter: Compat change id reported: 181136395; UID 10182; state: DISABLED
03-27 15:45:02.250 672-805/? D/CompatibilityChangeReporter: Compat change id reported: 174042936; UID 10182; state: DISABLED
03-27 15:45:02.250 672-805/? D/CompatibilityChangeReporter: Compat change id reported: 197654537; UID 10182; state: ENABLED
03-27 15:45:02.251 672-805/? V/SplashScreenExceptionList: SplashScreen checking exception for package com.example.test (target sdk:33) -> false
03-27 15:45:02.251 672-805/? D/CompatibilityChangeReporter: Compat change id reported: 205907456; UID 10182; state: ENABLED
03-27 15:45:02.253 672-805/? D/CompatibilityChangeReporter: Compat change id reported: 194833441; UID 10182; state: ENABLED
03-27 15:45:02.254 902-1083/? D/SplashScreenView: Build android.window.SplashScreenView{68354e7 V.E...... ......ID 0,0-0,0}
03-27 15:45:02.254 902-1083/? D/SplashScreenView: Icon: view: null drawable: null size: 0
03-27 15:45:02.254 902-1083/? D/SplashScreenView: Branding: view: android.view.View{b73b894 G.ED..... ......I. 0,0-0,0 #10204db android:id/splashscreen_branding_view} drawable: null size w: 0 h: 0
03-27 15:45:02.255 672-1737/? D/CompatibilityChangeReporter: Compat change id reported: 168419799; UID 10182; state: DISABLED
03-27 15:45:02.255 25722-25722/? D/LifecycleMonitor: Lifecycle status change: com.example.MainActivity@2bb6884 in: PAUSED
03-27 15:45:02.255 25722-25722/? V/ActivityScenario: Update currentActivityStage to PAUSED, currentActivity=com.example.MainActivity@2bb6884
03-27 15:45:02.257 672-805/? W/ActivityTaskManager: Tried to set launchTime (0) < mLastActivityLaunchTime (4120831)
03-27 15:45:02.260 672-1737/? D/CoreBackPreview: Window{4639025 u0 Splash Screen com.example.test}: Setting back callback OnBackInvokedCallbackInfo{mCallback=android.window.IOnBackInvokedCallback$Stub$Proxy@1553e08, mPriority=0}
03-27 15:45:02.287 672-711/? D/IntervalStats: Unable to parse usage stats packages: [186, 187, 188, 189]
03-27 15:45:02.287 672-711/? D/IntervalStats: Unable to parse event packages: [188, 189]
03-27 15:45:02.294 450-530/? D/goldfish-address-space: claimShared: Ask to claim region [0x3e8000000 0x3e8926000]
03-27 15:45:02.309 672-768/? D/CoreBackPreview: Window{81c3123 u0 com.example.test/androidx.test.core.app.InstrumentationActivityInvoker$EmptyActivity}: Setting back callback OnBackInvokedCallbackInfo{mCallback=android.window.IOnBackInvokedCallback$Stub$Proxy@b214bd9, mPriority=0}
03-27 15:45:02.310 450-530/? D/goldfish-address-space: claimShared: Ask to claim region [0x3e8926000 0x3e924c000]
03-27 15:45:02.312 450-530/? D/goldfish-address-space: claimShared: Ask to claim region [0x3e924c000 0x3e9b72000]
03-27 15:45:02.312 902-1191/? W/Parcel: Expecting binder but got null!
03-27 15:45:02.321 450-530/? D/goldfish-address-space: claimShared: Ask to claim region [0x3e9b72000 0x3ea1
03-27 15:45:02.321 450-530/? D/goldfish-address-space: 4d000]
03-27 15:45:02.346 1020-1341/? D/BtGatt.ScanManager: uid 10106 isForeground true scanMode -1
03-27 15:45:02.346 1020-1341/? D/BtGatt.ScanManager: uid 10106 isForeground true scanMode -1
03-27 15:45:02.346 482-520/? W/TransactionTracing: Could not find layer id -1
03-27 15:45:02.347 450-530/? D/goldfish-address-space: claimShared: Ask to claim region [0x3eeaac000 0x3ef3d2000]
03-27 15:45:02.350 450-530/? D/goldfish-address-space: claimShared: Ask to claim region [0x3ef3d2000 0x3efcf8000]
03-27 15:45:02.351 450-530/? D/goldfish-address-space: claimShared: Ask to claim region [0x3f0000000 0x3f0926000]
03-27 15:45:02.353 25552-25587/? W/Parcel: Expecting binder but got null!
03-27 15:45:02.355 450-530/? D/goldfish-address-space: claimShared: Ask to claim region [0x3f0926000 0x3f0f01000]
03-27 15:45:02.376 1020-1341/? D/BtGatt.ScanManager: uid 10106 isForeground true scanMode -1
03-27 15:45:02.376 1020-1341/? D/BtGatt.ScanManager: uid 10106 isForeground true scanMode -1
03-27 15:45:02.377 25722-25722/? D/LifecycleMonitor: Lifecycle status change: com.example.MainActivity@2bb6884 in: STOPPED
03-27 15:45:02.377 25722-25722/? V/ActivityScenario: Update currentActivityStage to STOPPED, currentActivity=com.example.MainActivity@2bb6884
03-27 15:45:02.382 482-520/? W/TransactionTracing: Could not find layer id -1
03-27 15:45:02.382 482-520/? W/TransactionTracing: Could not find layer id -1
03-27 15:45:02.382 482-520/? W/TransactionTracing: Could not find layer id -1
03-27 15:45:02.382 482-520/? W/TransactionTracing: Could not find layer id -1
03-27 15:45:02.382 482-520/? W/TransactionTracing: Could not find layer id -1
03-27 15:45:02.382 482-520/? W/TransactionTracing: [ 03-27 15:4
03-27 15:45:02.382 482-520/? W/TransactionTracing: 5:02.382   482:  520 W/TransactionTracing ]
03-27 15:45:02.382 482-520/? W/TransactionTracing: Could not find layer id -1
03-27 15:45:02.382 482-520/? W/TransactionTracing: Could not find layer id -1
03-27 15:45:02.382 482-520/? W/TransactionTracing: Could not find layer id -1
03-27 15:45:02.382 482-520/? W/TransactionTracing: Could not find layer id -1
03-27 15:45:02.383 672-805/? W/ActivityManager: Unable to start service Intent { act=android.service.smartspace.SmartspaceService cmp=com.google.android.as/com.google.android.apps.miphone.aiai.app.AiAiSmartspaceService } U=0: not found
03-27 15:45:02.383 672-805/? W/RemoteSmartspaceService: could not bind to Intent { act=android.service.smartspace.SmartspaceService cmp=com.google.android.as/com.google.android.apps.miphone.aiai.app.AiAiSmartspaceService } using flags 67112961
03-27 15:45:02.384 672-672/? W/ActivityManager: Unbind failed: could not find connection for android.app.LoadedApk$ServiceDispatcher$InnerConnection@e54d480
03-27 15:45:02.385 450-530/? D/goldfish-address-space: claimShared: Ask to claim region [0x3ed860000 0x3ee186000]
03-27 15:45:02.385 672-768/? W/ActivityManager: Unable to start service Intent { act=android.service.smartspace.SmartspaceService cmp=com.google.android.as/com.google.android.apps.miphone.aiai.app.AiAiSmartspaceService } U=0: not found
03-27 15:45:02.385 672-768/? W/RemoteSmartspaceService: could not bind to Intent { act=android.service.smartspace.SmartspaceService cmp=com.google.android.as/com.google.android.apps.miphone.aiai.app.AiAiSmartspaceService } using flags 67112961
03-27 15:45:02.385 672-672/? W/ActivityManager: Unbind failed: could not find connection for android.app.LoadedApk$ServiceDispatcher$InnerConnection@57c3efe
03-27 15:45:02.387 450-530/? D/goldfish-address-space: claimShared: Ask to claim region [0x3ee186000 0x3eeaac000]
03-27 15:45:02.401 450-530/? D/goldfish-address-space: claimShared: Ask to claim region [0x3ea71b000 0x3eaa9f000]
03-27 15:45:02.402 450-530/? D/goldfish-address-space: claimShared: Ask to claim region [0x3f0f01000 0x3f1827000]
03-27 15:45:02.402 25722-25722/? D/LifecycleMonitor: Lifecycle status change: com.example.MainActivity@2bb6884 in: DESTROYED
03-27 15:45:02.402 25722-25722/? V/ActivityScenario: Update currentActivityStage to DESTROYED, currentActivity=null
03-27 15:45:02.403 450-530/? D/goldfish-address-space: claimShared: Ask to claim region [0x3f1827000 0x3f214d000]
03-27 15:45:02.403 450-530/? D/goldfish-address-space: claimShared: Ask to claim region [0x3f214d000 0x3f2a73000]
03-27 15:45:02.405 25722-25743/? I/TestRunner: finished: testText8(com.example.MainActivityTest)
03-27 15:45:02.407 672-2070/? D/CoreBackPreview: Window{c41778d u0 com.example/com.example.MainActivity}: Setting back callback null
03-27 15:45:02.407 672-2070/? W/InputManager-JNI: Input channel object 'c41778d com.example/com.example.MainActivity (client)' was disposed without first being removed with the input manager!
03-27 15:45:02.409 450-530/? D/goldfish-address-space: claimShared: Ask to claim region [0x3f2a73000 0x3f3399000]
03-27 15:45:02.413 482-520/? W/TransactionTracing: Could not find layer handle 0x7321fa256fd0
03-27 15:45:02.413 482-520/? W/TransactionTracing: Could not find layer handle 0x7321fa257ff0
03-27 15:45:02.413 482-520/? W/TransactionTracing: Could not find layer handle 0x7321fa255e30
03-27 15:45:02.413 482-520/? W/TransactionTracing: Could not find layer id -1
03-27 15:45:02.415 450-530/? D/goldfish-address-space: claimShared: Ask to claim region [0x3ecf01000 0x3ed285000]
03-27 15:45:02.419 1947-1947/? I/GsaVoiceInteractionSrv: Handling ACTION_START_HOTWORD
03-27 15:45:02.419 1947-2711/? I/GsaVoiceInteractionSrv: disregardVoiceMatch: false
03-27 15:45:02.420 1947-2711/? I/GsaVoiceInteractionSrv: Cannot start hotword, hotword has been explicitly disabled.
03-27 15:45:02.421 2141-2141/? W/A: Can't get WAA status for Mavatar!
03-27 15:45:02.421 2141-2141/? W/A: java.lang.NullPointerException: Attempt to invoke virtual method 'java.lang.Class java.lang.Object.getClass()' on a null object referenc
03-27 15:45:02.421 2141-2141/? W/A: e
03-27 15:45:02.421 2141-2141/? W/A: 	at com.google.apps.tiktok.dataservice.z.b(PG:1)
03-27 15:45:02.421 2141-2141/? W/A: 	at com.google.apps.tiktok.dataservice.at.a(PG:1)
03-27 15:45:02.421 2141-2141/? W/A: 	at com.google.apps.tiktok.tracing.ec.a(PG:2)
03-27 15:45:02.421 2141-2141/? W/A: 	at com.google.common.util.concurrent.aj.a(PG:2)
03-27 15:45:02.421 2141-2141/? W/A: 	at com.google.common.util.concurrent.ac.apply(PG:1)
03-27 15:45:02.421 2141-2141/? W/A: 	at com.google.common.util.concurrent.h.e(PG:2)
03-27 15:45:02.421 2141-2141/? W/A: 	at com.google.common.util.concurrent.j.run(PG:9)
03-27 15:45:02.421 2141-2141/? W/A: 	at com.google.common.util.concurrent.bf.execute(PG:1)
03-27 15:45:02.421 2141-2141/? W/A: 	at com.google.common.util.concurrent.d.i(PG:1)
03-27 15:45:02.421 2141-2141/? W/A: 	at com.google.common.util.concurrent.d.l(PG:12)
03-27 15:45:02.421 2141-2141/? W/A: 	at com.google.common.util.concurrent.d.n(PG:2)
03-27 15:45:02.421 2141-2141/? W/A: 	at com.google.common.util.concurrent.i.f(PG:1)
03-27 15:45:02.421 2141-2141/? W/A: 	at com.google.common.util.concurrent.j.run(PG:12)
03-27 15:45:02.421 2141-2141/? W/A: 	at com.google.android.libraries.i.ae.run(PG:1)
03-27 15:45:02.421 2141-2141/? W/A: 	at java.util.concurrent.ThreadPoolExecutor.runWorker(ThreadPoolExecutor.java:1137)
03-27 15:45:02.421 2141-2141/? W/A: 	at java.util.concurrent.ThreadPoolExecutor$Worker.run(ThreadPoolExecutor.java:637)
03-27 15:45:02.421 2141-2141/? W/A: 	at com.google.android.libraries.i.k.run(PG:2)
