03-27 15:45:26.903 428-26898/? I/resolv: GetAddrInfoHandler::run: {101 101 101 983141 10181 0}
03-27 15:45:26.917 26872-26893/? W/FileTestStorage: Output properties is not supported.
03-27 15:45:26.917 26872-26893/? I/Tracing: Tracer added: class androidx.test.platform.tracing.AndroidXTracer
03-27 15:45:26.921 26872-26893/? D/EventInjectionStrategy: Creating injection strategy with input manager.
03-27 15:45:26.921 26872-26893/? W/com.example: Accessing hidden method Landroid/hardware/input/InputManager;->getInstance()Landroid/hardware/input/InputManager; (unsupported, reflection, allowed)
03-27 15:45:26.921 26872-26893/? W/com.example: Accessing hidden method Landroid/hardware/input/InputManager;->injectInputEvent(Landroid/view/InputEvent;I)Z (unsupported, reflection, allo
03-27 15:45:26.921 26872-26893/? W/com.example: wed)
03-27 15:45:26.921 26872-26893/? W/com.example: Accessing hidden field Landroid/hardware/input/InputManager;->INJECT_INPUT_EVENT_MODE_WAIT_FOR_FINISH:I (unsupported, reflection, allowed)
03-27 15:45:26.929 26872-26893/? W/Settings: Setting always_finish_activities has moved from android.provider.Settings.System to android.provider.Settings.Global, returning read-only value.
03-27 15:45:26.933 672-2070/? I/ActivityTaskManager: START u0 {act=android.intent.action.MAIN cat=[android.intent.category.LAUNCHER] flg=0x10008000 cmp=com.example/.MainActivity} from uid 10181
03-27 15:45:26.933 672-2070/? D/CompatibilityChangeReporter: Compat change id reported: 194480991; UID 10181; state: ENABLED
03-27 15:45:26.935 672-2070/? D/CompatibilityChangeReporter: Compat change id reported: 174042980; UID 10181; state: DISABLED
03-27 15:45:26.935 672-2070/? D/CompatibilityChangeReporter: Compat change id reported: 184838306; UID 10181; state: DISABLED
03-27 15:45:26.935 672-2070/? D/CompatibilityChangeReporter: Compat change id reported: 185004937; UID 10181; state: DISABLED
03-27 15:45:26.935 672-2070/? D/CompatibilityChangeReporter: Compat change id reported: 181136395; UID 10181; state: DISABLED
03-27 15:45:26.935 672-2070/? D/CompatibilityChangeReporter: Compat change id reported: 174042936; UID 10181; state: DISABLED
03-27 15:45:26.936 672-2070/? V/SplashScreenExceptionList: SplashScreen checking exception for package com.example (target sdk:33) -> false
03-27 15:45:26.936 672-2070/? D/CompatibilityChangeReporter: Compat change id reported: 205907456; UID 10181; state: ENABLED
03-27 15:45:26.938 902-1083/? D/SplashScreenView: Build android.window.SplashScreenView{cf2526b V.E...... ......ID 0,0-0,0}
03-27 15:45:26.938 902-1083/? D/SplashScreenView: Icon: view: null drawable: null size: 0
03-27 15:45:26.938 902-1083/? D/SplashScreenView: Branding: view: android.view.View{20be1c8 G.ED..... ......I. 0,0-0,0 #10204db android:id/splashscreen_branding_view} drawable: null size w: 0 h: 0
03-27 15:45:26.939 672-2070/? D/CompatibilityChangeReporter: Compat change id reported: 194833441; UID 10181; state: ENABLED
03-27 15:45:26.942 672-805/? D/CoreBackPreview: Window{3e93973 u0 Splash Screen com.example}: Setting back callback OnBackInvokedCallbackInfo{mCallback=android.window.IOnBackInvokedCallback$Stub$Proxy@e413a2e, mPriority=0}
03-27 15:45:26.943 672-711/? D/IntervalStats: Unable to parse usage stats packages: [186, 187, 188, 189]
03-27 15:45:26.943 672-711/? D/IntervalStats: Unable to parse event packages: [188, 189]
03-27 15:45:26.949 450-450/? D/goldfish-address-space: claimShared: Ask to claim region [0x3e8926000 0x3e924c000]
03-27 15:45:26.963 450-450/? D/goldfish-address-space: claimShared: Ask to claim region [0x3ed24c000 0x3edb72000]
03-27 15:45:26.965 450-450/? D/goldfish-address-space: claimShared: Ask to claim region [0x3edb72000 0x3ee498000]
03-27 15:45:26.967 902-1191/? W/Parcel: Expecting binder but got null!
03-27 15:45:26.969 26872-26872/? D/LifecycleMonitor: Lifecycle status change: com.example.MainActivity@2bb6884 in: PRE_ON_CREATE
03-27 15:45:26.969 26872-26902/? D/libEGL: loaded /vendor/lib64/egl/libEGL_emulation.so
03-27 15:45:26.969 26872-26872/? V/ActivityScenario: Activity lifecycle changed event received but ignored because the reported transition was not ON_CREATE while the last known transition was PRE_ON_CREATE
03-27 15:45:26.971 26872-26902/? D/libEGL: loaded /vendor/lib64/egl/libGLESv1_CM_emulation.so
03-27 15:45:26.973 26872-26902/? D/libEGL: loaded /vendor/lib64/egl/libGLESv2_emulation.so
03-27 15:45:26.983 1318-2193/? D/EGL_emulation: app_time_stats: avg=64.15ms min=9.86ms max=1112.46ms count=23
03-27 15:45:26.999 482-520/? W/TransactionTracing: Could not find layer handle 0x7321fa2553b0
03-27 15:45:26.999 482-520/? W/TransactionTracing: Could not find layer handle 0x7321fa257ed0
03-27 15:45:26.999 482-520/? W/TransactionTracing: Could not find layer handle 0x7321fa257ed0
03-27 15:45:26.999 482-520/? W/TransactionTracing: Could not find layer handle 0x7321fa2553b0
03-27 15:45:27.003 26872-26872/? D/CompatibilityChangeReporter: Compat change id reported: 210923482; UID 10181; state: ENABLED
03-27 15:45:27.008 26872-26872/? D/LifecycleMonitor: Lifecycle status change: com.example.MainActivity@2bb6884 in: CREATED
03-27 15:45:27.008 26872-26872/? V/ActivityScenario: Update currentActivityStage to CREATED, currentActivity=com.example.MainActivity@2bb6884
03-27 15:45:27.009 26872-26872/? D/LifecycleMonitor: Lifecycle status change: com.example.MainActivity@2bb6884 in: STARTED
03-27 15:45:27.009 26872-26872/? V/ActivityScenario: Update currentActivityStage to STARTED, currentActivity=com.example.MainActivity@2bb6884
03-27 15:45:27.010 26872-26872/? D/LifecycleMonitor: Lifecycle status change: com.example.MainActivity@2bb6884 in: RESUMED
03-27 15:45:27.010 26872-26872/? V/ActivityScenario: Update currentActivityStage to RESUMED, currentActivity=com.example.MainActivity@2bb6884
03-27 15:45:27.013 672-2765/? W/ActivityManager: Unable to start service Intent { act=android.service.smartspace.SmartspaceService cmp=com.google.android.as/com.google.android.apps.miphone.aiai.app.AiAiSmartspaceService } U=0: not found
03-27 15:45:27.013 672-2765/? W/RemoteSmartspaceService: could not bind to Intent { act=android.service.smartspace.SmartspaceService cmp=c
03-27 15:45:27.013 672-2765/? W/RemoteSmartspaceService: om.google.android.as/com.google.android.apps.miphone.aiai.app.AiAiSmartspaceService } using flags 67112961
03-27 15:45:27.013 672-672/? W/ActivityManager: Unbind failed: could not find connection for android.app.LoadedApk$ServiceDispatcher$InnerConnection@fe61ddb
03-27 15:45:27.015 1876-2099/? W/MediaProvider: isAppCloneUserPair for user 0: false
03-27 15:45:27.016 1876-2099/? V/MediaProvider: Inserted id:1000000103 less than next row id backup:1000001000.
03-27 15:45:27.018 672-805/? D/CoreBackPreview: Window{69317b6 u0 com.example/com.example.MainActivity}: Setting back callback OnBackInvokedCallbackInfo{mCallback=android.window.IOnBackInvokedCallback$Stub$Proxy@64b938d, mPriority=0}
03-27 15:45:27.026 26897-26897/? D/MediaCodecList: codecHandlesFormat: no format, so no extra checks
03-27 15:45:27.030 26897-26906/? D/CCodec: allocate(c2.android.avc.encoder)
03-27 15:45:27.033 26897-26906/? I/Codec2Client: Available Codec2 services: "default" "software"
03-27 15:45:27.034 26897-26906/? I/CCodec: setting up 'default' as default (vendor) store
03-27 15:45:27.035 578-1077/? V/C2Store: in init
03-27 15:45:27.035 578-1077/? V/C2Store: loading dll
03-27 15:45:27.035 578-1077/? I/mediaswcodec: missing struct descriptor #Param::CoreIndex(--004) for field values of struct #Param::CoreIndex(F-12004)
03-27 15:45:27.036 578-1077/? I/mediaswcodec: missing struct descriptor #Param::CoreIndex(--1812) for field values of struct #Param::CoreIndex(F-11812)
03-27 15:45:27.036 578-1077/? I/mediaswcodec: missing struct descriptor #Param::CoreIndex(--004) for field values of struct #Param::CoreIndex(F-12004)
03-27 15:45:27.036 578-1077/? I/mediaswcodec: missing struct descriptor #Param::CoreIndex(--1812) for field values of struct #Param::CoreIndex(F-11812)
03-27 15:45:27.036 26897-26906/? I/CCodec: Created component [c2.android.avc.encoder]
03-27 15:45:27.037 26897-26906/? D/CCodecConfig: read media type: video/avc
03-27 15:45:27.037 26897-26906/? D/ReflectedParamUpdater: extent() != 1 for single value type: algo.buffers.max-count.values
03-27 15:45:27.037 26897-26906/? D/ReflectedParamUpdater: extent() != 1 for single value type: output.subscribed-indices.values
03-27 15:45:27.038 26897-26906/? D/ReflectedParamUpdater: extent() != 1 for single value type: input.buffers.allocator-ids.values
03-27 15:45:27.038 26897-26906/? D/ReflectedParamUpdater: [ 03-27 15:45:27.038 26897:
03-27 15:45:27.038 26897-26906/? D/ReflectedParamUpdater: 26906 D/ReflectedParamUpdater ]
03-27 15:45:27.038 26897-26906/? D/ReflectedParamUpdater: extent() != 1 for single value type: output.buffers.allocator-ids.values
03-27 15:45:27.038 26897-26906/? D/ReflectedParamUpdater: extent() != 1 for single value type: algo.buffers.allocator-ids.values
03-27 15:45:27.038 26897-26906/? D/ReflectedParamUpdater: extent() != 1 for single value type: output.buffers.pool-ids.values
03-27 15:45:27.038 26897-26906/? D/ReflectedParamUpdater: extent() != 1 for single value type: algo.buffers.pool-ids.values
03-27 15:45:27.038 26897-26906/? D/ReflectedParamUpdater: ignored struct field coding.gop.values
03-27 15:45:27.038 26897-26906/? D/ReflectedParamUpdater: ignored struct field coding.qp.values
03-27 15:45:27.038 26897-26906/? D/CCodecConfig: ignoring local param raw.color (0xc2001809) as it is already supported
03-27 15:45:27.039 26897-26906/? I/CCodecConfig: query failed after returning 12 values (BAD_INDEX)
03-27 15:45:27.039 26897-26906/? D/CCodecConfig: c2 config diff is Dict {
03-27 15:45:27.039 26897-26906/? D/CCodecConfig:   c2::i32 coded.average-qp.value = 0
03-27 15:45:27.039 26897-26906/? D/CCodecConfig:   c2::u32 coded.bitrate.value = 64000
03-27 15:45:27.039 26897-26906/? D/CCodecConfig:   c2::float coded.frame-rate.value = 1
03-27 15:45:27.039 26897-26906/? D/CCodecConfig:   c2::u32 coded.picture-type.value = 0
03-27 15:45:27.039 26897-26906/? D/CCodecConfig:   c2::u32 coded.pl.level = 20492
03-27 15:45:27.039 26897-26906/? D/CCodecConfig:   c2::u32 coded.pl.profile = 20481
03-27 15:45:27.039 26897-26906/? D/CCodecConfig:   c2::u32 coded.vui.color.matrix = 0
03-27 15:45:27.039 26897-26906/? D/CCodecConfig:   c2::u32 coded.vui.color.primaries = 0
03-27 15:45:27.039 26897-26906/? D/CCodecConfig:   c2::u32 coded.vui.color.range = 0
03-27 15:45:27.039 26897-26906/? D/CCodecConfig:   c2::u32 coded.vui.color.transfer = 0
03-27 15:45:27.039 26897-26906/? D/CCodecConfig:   c2::u32 coding.intra-refresh.mode = 0
03-27 15:45:27.039 26897-26906/? D/CCodecConfig:   c2::float coding.intra-refresh.period = 0
03-27 15:45:27.039 26897-26906/? D/CCodecConfig:   c2::u32 coding.request-sync-frame.value = 0
03-27 15:45:27.039 26897-26906/? D/CCodecConfig:   c2::i64 coding.sync-frame-interval.value = 1000000
03-27 15:45:27.039 26897-26906/? D/CCodecConfig:   c2::u32 input.delay.value = 0
03-27 15:45:27.039 26897-26906/? D/CCodecConfig:   string input.media-type.value = "video/raw"
03-27 15:45:27.039 26897-26906/? D/CCodecConfig:   string output.media-type.value = "video/avc"
03-27 15:45:27.039 26897-26906/? D/CCodecConfig:   c2::u32 raw.color.matrix = 0
03-27 15:45:27.039 26897-26906/? D/CCodecConfig:   c2::u32 raw.color.primaries = 0
03-27 15:45:27.039 26897-26906/? D/CCodecConfig:   c2::u32 raw.color.range = 0
03-27 15:45:27.039 26897-26906/? D/CCodecConfig:   c2::u32 raw.color.transfer = 0
03-27 15:45:27.039 26897-26906/? D/CCodecConfig:   c2::u32 raw.size.height = 16
03-27 15:45:27.039 26897-26906/? D/CCodecConfig:   c2::u32 raw.size.width = 16
03-27 15:45:27.039 26897-26906/? D/CCodecConfig: }
03-27 15:45:27.039 26897-26906/? W/ColorUtils: expected specified color asp
03-27 15:45:27.039 26897-26906/? W/ColorUtils: ects (0:0:0:0)
03-27 15:45:27.042 26897-26897/? D/CodecSeeding: Seed: codec c2.android.avc.encoder, mediatype video/avc, overrideable 1
03-27 15:45:27.042 26897-26897/? D/CodecProperties: setTuningValue(vq-target-bpp,0)
03-27 15:45:27.042 26897-26897/? D/CodecProperties: setTuningValue(vq-target-bpp-1080p,1.90)
03-27 15:45:27.042 26897-26897/? D/CodecProperties: setTuningValue(vq-target-bpp-720p,2.25)
03-27 15:45:27.042 26897-26897/? D/CodecProperties: setTuningValue(vq-target-bpp-540p,2.65)
03-27 15:45:27.042 26897-26897/? D/CodecProperties: setTuningValue(vq-target-bpp-480p,3.00)
03-27 15:45:27.042 26897-26897/? D/CodecProperties: setTuningValue(vq-target-bpp-320x240,0)
03-27 15:45:27.042 26897-26897/? D/CodecProperties: setTuningValue(vq-target-qpmax,-1)
03-27 15:45:27.042 26897-26897/? D/CodecProperties: setTuningValue(vq-target-qpmax-1080p,45)
03-27 15:45:27.042 26897-26897/? D/CodecProperties: setTuningValue(vq-target-qpmax-720p,43)
03-27 15:45:27.042 26897-26897/? D/CodecProperties: setTuningValue(vq-target-qpmax-540p,42)
03-27 15:45:27.042 26897-26897/? D/CodecProperties: setTuningValue(vq-target-qpmax-480p,38)
03-27 15:45:27.042 26897-26897/? D/CodecProperties: setTuningValue(vq-bitrate-phaseout,1.75)
03-27 15:45:27.042 1947-1947/? I/GsaVoiceInteractionSrv: Handling ACTION_STOP_HOTWORD
03-27 15:45:27.042 26897-26897/? D/CodecProperties: setTuningValue(vq-boost-missing-qp,0.20)
03-27 15:45:27.042 26897-26897/? D/CodecProperties: setFeatureValue(intra-refresh,0)
03-27 15:45:27.042 26897-26897/? D/CodecProperties: setFeatureValue(qp-bounds,0)
03-27 15:45:27.042 26897-26897/? D/CodecProperties: setFeatureValue(_vq_eligible.device,1)
03-27 15:45:27.042 26897-26897/? D/CodecProperties: setFeatureValue(_quality.target,1)
03-27 15:45:27.042 26897-26897/? D/CodecSeeding: Seed: codec c2.android.avc.encoder, mediatype video/avc, overrideable 0
03-27 15:45:27.042 26897-26897/? D/VQApply: raise bitrate: configured 1000000 to floor 2073600
03-27 15:45:27.042 26897-26897/? D/VQApply: minquality by QP: inject video-qp-max=43
03-27 15:45:27.042 26897-26897/? D/VQApply: minquality/target bitrate raised from 1000000 to 2073600 bps
03-27 15:45:27.042 26897-26897/? D/MediaCodec: shapeMediaFormat: deltas(6): AMessage(what = 0x00000000) = {
03-27 15:45:27.042 26897-26897/? D/MediaCodec:     int32_t bitrate = 2073600
03-27 15:45:27.042 26897-26897/? D/MediaCodec:     int32_t android._encoding-quality-level = 0
03-27 15:45:27.042 26897-26897/? D/MediaCodec:     int32_t video-qp-max = 43
03-27 15:45:27.042 26897-26897/? D/MediaCodec:     int32_t video-qp-i-max = 43
03-27 15:45:27.042 26897-26897/? D/MediaCodec:     int32_t video-qp-p-max = 46
03-27 15:45:27.042 26897-26897/? D/MediaCodec:     int32_t video-qp-b-max = 49
03-27 15:45:27.042 26897-26897/? D/MediaCodec:   }
03-27 15:45:27.042 26897-26906/? D/CCodec: [c2.android.avc.encoder] buffers are bound to CCodec for this session
03-27 15:45:27.042 1947-2799/? E/HwDetectorWithState: a: 3
03-27 15:45:27.042 26897-26906/? D/CCodecConfig: no c2 equivalents for color-format
03-27 15:45:27.042 26897-26906/? D/CCodecConfig: no c2 equivalents for max-bframes
03-27 15:45:27.042 26897-26906/? D/CCodecConfig: no c2 equivalents for video-qp-max
03-27 15:45:27.042 26897-26906/? D/CCodecConfig: no c2 equivalents for video-qp-i-max
03-27 15:45:27.042 26897-26906/? D/CCodecConfig: no c2 equivalents for video-qp-p-max
03-27 15:45:27.042 26897-26906/? D/CCodecConfig: no c2 equivalents for video-qp-b-max
03-27 15:45:27.042 26897-26906/? D/CCodecConfig: no c2 equivalents for flags
03-27 15:45:27.042 26897-26906/? D/CCodecConfig: no c2 equivalents for encoder
03-27 15:45:27.043 26897-26906/? D/CCodecConfig: c2 config diff is   c2::u32 coded.bitrate.value = 2073600
03-27 15:45:27.043 26897-26906/? D/CCodecConfig:   c2::float coded.frame-rate.value = 60
03-27 15:45:27.043 26897-26906/? D/CCodecConfig:   c2::i64 coding.sync-frame-interval.value = 10000000
03-27 15:45:27.043 26897-26906/? D/CCodecConfig:   c2::u32 raw.size.height = 1280
03-27 15:45:27.043 26897-26906/? D/CCodecConfig:   c2::u32 raw.size.width = 720
03-27 15:45:27.043 26897-26906/? W/ColorUtils: expected specified color aspects (0:0:0:0)
03-27 15:45:27.043 26897-26906/? D/CCodec: encoding statistics level = 0
03-27 15:45:27.043 26897-26906/? D/CCodec: setup formats input: AMessage(what = 0x00000000) = {
03-27 15:45:27.043 26897-26906/? D/CCodec:   Rect crop(0, 0, 719, 1279)
03-27 15:45:27.043 26897-26906/? D/CCodec:   int32_t color-standard = 0
03-27 15:45:27.043 26897-26906/? D/CCodec:   int32_t color-range = 0
03-27 15:45:27.043 26897-26906/? D/CCodec:   int32_t color-transfer = 0
03-27 15:45:27.043 26897-26906/? D/CCodec:   int32_t frame-rate = 60
03-27 15:45:27.043 26897-26906/? D/CCodec:   int32_t height = 1280
03-27 15:45:27.043 26897-26906/? D/CCodec:   int32_t intra-refresh-period = 0
03-27 15:45:27.043 26897-26906/? D/CCodec:   string mime = "video/raw"
03-27 15:45:27.043 26897-26906/? D/CCodec:   int32_t video-qp-average = 0
03-27 15:45:27.043 26897-26906/? D/CCodec:   int32_t width = 720
03-27 15:45:27.043 26897-26906/? D/CCodec:   int32_t android._dataspace = 0
03-27 15:45:27.043 26897-26906/? D/CCodec:   int32_t using-sw-read-often = 1
03-27 15:45:27.043 26897-26906/? D/CCodec:   int64_t android._C2MemoryUsage = 1
03-27 15:45:27.043 26897-26906/? D/CCodec:   int32_t color-format = 2130708361
03-27 15:45:27.043 26897-26906/? D/CCodec:   int32_t android._color-format = 2130708361
03-27 15:45:27.043 26897-26906/? D/CCodec: }
03-27 15:45:27.043 26897-26906/? D/CCodec: setup formats output: AMessage(what = 0x00000000) = {
03-27 15:45:27.043 26897-26906/? D/CCodec:   int32_t bitrate = 2073600
03-27 15:45:27.043 26897-26906/? D/CCodec:   Rect crop(0, 0, 719, 1279)
03-27 15:45:27.043 26897-26906/? D/CCodec:   int32_t color-standard = 0
03-27 15:45:27.043 26897-26906/? D/CCodec:   int32_t color-range = 0
03-27 15:45:27.043 26897-26906/? D/CCodec:   int32_t color-transfer = 0
03-27 15:45:27.043 26897-26906/? D/CCodec:   int32_t frame-rate = 60
03-27 15:45:27.043 26897-26906/? D/CCodec:   int32_t height = 1280
03-27 15:45:27.043 26897-26906/? D/CCodec:   int32_t intra-refresh-period = 0
03-27 15:45:27.043 26897-26906/? D/CCodec:   int32_t level = 4096
03-27 15:45:27.043 26897-26906/? D/CCodec:   int32_t max-bitrate = 2073600
03-27 15:45:27.043 26897-26906/? D/CCodec:   string mime = "video/avc"
03-27 15:45:27.043 26897-26906/? D/CCodec:   int32_t profile = 65536
03-27 15:45:27.043 26897-26906/? D/CCodec:   int32_t video-qp-average = 0
03-27 15:45:27.043 26897-26906/? D/CCodec:   int32_t width = 720
03-27 15:45:27.043 26897-26906/? D/CCodec: }
03-27 15:45:27.044 26897-26906/? I/CCodecConfig: query failed after returning 13 values (BAD_INDEX)
03-27 15:45:27.044 26872-26899/? D/HostConnection: createUnique: call
03-27 15:45:27.044 26872-26899/? D/HostConnection: HostConnection::get() New Host Connection established 0x7d62837e59d0, tid 26899
03-27 15:45:27.044 26897-26906/? D/CCodec: input format changed to AMessage(what = 0x00000000) = {
03-27 15:45:27.044 26897-26906/? D/CCodec:   Rect crop(0, 0, 719, 1279)
03-27 15:45:27.044 26897-26906/? D/CCodec:   int32_t color-standard = 1
03-27 15:45:27.044 26897-26906/? D/CCodec:   int32_t color-range = 2
03-27 15:45:27.044 26897-26906/? D/CCodec:   int32_t color-transfer = 3
03-27 15:45:27.044 26897-26906/? D/CCodec:   int32_t frame-rate = 60
03-27 15:45:27.044 26897-26906/? D/CCodec:   int32_t height = 1280
03-27 15:45:27.044 26897-26906/? D/CCodec:   int32_t intra-refresh-period = 0
03-27 15:45:27.044 26897-26906/? D/CCodec:   string mime = "video/raw"
03-27 15:45:27.044 26897-26906/? D/CCodec:   int32_t video-qp-average = 0
03-27 15:45:27.044 26897-26906/? D/CCodec:   int32_t width = 720
03-27 15:45:27.044 26897-26906/? D/CCodec:   int32_t android._dataspace = 260
03-27 15:45:27.044 26897-26906/? D/CCodec:   int32_t using-sw-read-often = 1
03-27 15:45:27.044 26897-26906/? D/CCodec:   int64_t android._C2MemoryUsage = 1
03-27 15:45:27.044 26897-26906/? D/CCodec:   int32_t color-format = 2130708361
03-27 15:45:27.044 26897-26906/? D/CCodec:   int32_t android._color-format = 2130708361
03-27 15:45:27.044 26897-26906/? D/CCodec: }
03-27 15:45:27.045 26897-26906/? D/GraphicBufferSource: setting dataspace: 0x104, acquired=0
03-27 15:45:27.045 26897-26906/? D/CCodec: ISConfig not changed
03-27 15:45:27.045 26897-26906/? W/Codec2Client: query -- param skipped: index = 1342179345.
03-27 15:45:27.045 26897-26906/? W/Codec2Client: query -- param skipped: index = 2415921170.
03-27 15:45:27.046 26897-26906/? D/CCodecBufferChannel: [c2.android.avc.encoder#426] Using basic input block pool with poolID 1 => got 1 - OK (0)
03-27 15:45:27.047 26897-26906/? D/C2Store: Using DMABUF Heaps
03-27 15:45:27.049 26872-26899/? D/HostConnection: HostComposition ext ANDROID_EMU_CHECKSUM_HELPER_v1 ANDROID_EMU_native_sync_v2 ANDROID_EMU_native_sync_v3 ANDROID_EMU_native_sync_v4 ANDROID_EMU_dma_v1 ANDROID_EMU_direct_mem ANDROID_EMU_host_composition_v1 ANDROID_EMU_host_composition_v2 ANDROID_EMU_vulkan ANDROID_EMU_deferred_vulkan_commands ANDROID_EMU_vulkan_null_optional_strings ANDROID_EMU_vulkan_create_resources_with_requirements ANDROID_EMU_YUV_Cache ANDROID_EMU_vulkan_ignored_handles ANDROID_EMU_has_shared_slots_host_memory_allocator ANDROID_EMU_vulkan_free_memory_sync ANDROID_EMU_vulkan_shader_float16_int8 ANDROID_EMU_vulkan_async_queue_submit ANDROID_EMU_vulkan_queue_submit_with_commands ANDROID_EMU_sync_buffer_data ANDROID_EMU_vulkan_async_qsri ANDROID_EMU_read_color_buffer_dma ANDROID_EMU_hwc_multi_configs GL_OES_EGL_image_external_essl3 GL_OES_vertex_array_object GL_KHR_texture_compression_astc_ldr ANDROID_EMU_host_side_tracing ANDROID_EMU_gles_max_version_3_1 
03-27 15:45:27.049 902-1191/? D/EGL_emulation: app_time_stats: avg=165.05ms min=14.06ms max=1400.53ms count=10
03-27 15:45:27.050 26872-26899/? W/OpenGLRenderer: Failed to choose config with EGL_SWAP_BEHAVIOR_PRESERVED, retrying without...
03-27 15:45:27.050 26872-26899/? W/OpenGLRenderer: Failed to initialize 101010-2 format, error = EGL_SUCCESS
03-27 15:45:27.050 26897-26906/? I/CCodecBufferChannel: [c2.android.avc.encoder#426] Created output block pool with allocatorID 16 => poolID 85 - OK
03-27 15:45:27.051 26897-26906/? D/CCodecBufferChannel: [c2.android.avc.encoder#426] Configured output block pool ids 85 => OK
03-27 15:45:27.052 570-7511/? W/ResourceManagerService: Ignoring request to add new resource entry with value <= 0
03-27 15:45:27.053 450-450/? D/goldfish-address-space: claimShared: Ask to claim region [0x3ebcd5000 0x3ebf1f000]
03-27 15:45:27.059 1394-14480/? I/NetworkScheduler.Stats: Task com.google.android.gms/com.google.android.gms.ipa.base.IpaGcmTaskService started execution. cause:9 exec_start_elapsed_seconds: 4151 [CONTEXT service_id=218 ]
03-27 15:45:27.059 26872-26899/? D/EGL_emulation: eglCreateContext: 0x7d62837e5310: maj 3 min 1 rcv 4
03-27 15:45:27.061 672-6881/? D/HostConnection: createUnique: call
03-27 15:45:27.061 26872-26899/? D/EGL_emulation: eglMakeCurrent: 0x7d62837e5310: ver 3 1 (tinfo 0x7d64b7275080) (first time)
03-27 15:45:27.061 672-6881/? D/HostConnection: HostConnection::get() New Host Connection established 0x7d6283811950, tid 6881
03-27 15:45:27.062 1394-25328/? I/NetworkScheduler.Stats: Task com.google.android.gms/com.google.android.gms.ipa.base.IpaGcmTaskService finished executing. cause:9 result: 1 elapsed_millis: 8 uptime_millis: 8 exec_start_elapsed_seconds: 4151 [CONTEXT service_id=218 ]
03-27 15:45:27.064 672-6881/? D/HostConnection: HostComposition ext ANDROID_EMU_CHECKSUM_HELPER_v1 ANDROID_EMU_native_sync_v2 ANDROID_EMU_native_sync_v3 ANDROID_EMU_native_sync_v4 ANDROID_EMU_dma_v1 ANDROID_EMU_direct_mem ANDROID_EMU_host_composition_v1 ANDROID_EMU_host_composition_v2 ANDROID_EMU_vulkan ANDROID_EMU_deferred_vulkan_commands ANDROID_EMU_vulkan_null_optional_strings ANDROID_EMU_vulkan_create_resources_with_requirements ANDROID_EMU_YUV_Cache ANDROID_EMU_vulkan_ignored_handles ANDROID_EMU_ha
03-27 15:45:27.064 672-6881/? D/HostConnection: s_shared_slots_host_memory_allocator ANDROID_EMU_vulkan_free_memory_sync ANDROID_EMU_vulkan_shader_float16_int8 ANDROID_EMU_vulkan_async_queue_submit ANDROID_EMU_vulkan_queue_submit_with_commands ANDROID_EMU_sync_buffer_data ANDROID_EMU_vulkan_async_qsri ANDROID_EMU_read_color_buffer_dma ANDROID_EMU_hwc_multi_configs GL_OES_EGL_image_external_essl3 GL_OES_vertex_array_object GL_KHR_texture_compression_astc_ldr ANDROID_EMU_host_side_tracing ANDROID_EMU_gles_max_version_3_1 
03-27 15:45:27.064 902-1191/? D/EGL_emulation: app_time_stats: avg=56.93ms min=15.90ms max=698.69ms count=26
03-27 15:45:27.064 672-6881/? W/OpenGLRenderer: Failed to choose config with EGL_SWAP_BEHAVIOR_PRESERVED, retrying without...
03-27 15:45:27.064 672-6881/? W/OpenGLRenderer: Failed to initialize 101010-2 format, error = EGL_SUCCESS
03-27 15:45:27.064 672-6881/? D/EGL_emulation: eglCreateContext: 0x7d62838042d0: maj 3 min 1 rcv 4
03-27 15:45:27.065 672-6881/? D/EGL_emulation: eglMakeCurrent: 0x7d62838042d0: ver 3 1 (tinfo 0x7d6495337100) (first time)
03-27 15:45:27.066 672-983/? D/HostConnection: createUnique: call
03-27 15:45:27.066 672-983/? D/HostConnection: HostConnection::get() New Host Connection established 0x7d628380ff10, tid 983
03-27 15:45:27.069 672-983/? D/HostConnection: HostComposition ext ANDROID_EMU_CHECKSUM_HELPER_v1 ANDROID_EMU_native_sync_v2 ANDROID_EMU_native_sync_v3 ANDROID_EMU_native_sync_v4 ANDROID_EMU_dma_v1 ANDROID_EMU_direct_mem ANDROID_EMU_host_composition_v1 ANDROID_EMU_host_composition_v2 ANDROID_EMU_vulkan ANDROID_EMU_deferred_vulkan_commands ANDROID_EMU_vulkan_null_optional_strings ANDROID_EMU_vulkan_create_resources_with_requirements ANDROID_EMU_YUV_Cache ANDROID_EMU_vulkan_ignored_handles ANDROID_EMU_has_shared_slots_host_memory_allocator ANDROID_EMU_vulkan_free_memory_sync ANDROID_EMU_vulkan_shader_float16_int8 ANDROID_EMU_vulkan_async_queue_submit ANDROID_EMU_vulkan_queue_submit_with_commands ANDROID_EMU_sync_buffer_data ANDROID_EMU_vulkan_async_qsri ANDROID_EMU_read_color_buffer_dma ANDROID_EMU_hwc_multi_configs GL_OES_EGL_image_external_essl3 GL_OES_vertex_array_object GL_KHR_texture_compression_astc_ldr ANDROID_EMU_host_side_tracing ANDROID_EMU_gles_max_version_3_1 
03-27 15:45:27.075 279-279/? I/hwservicemanager: getTransport: Cannot find entry android.hardware.graphics.mapper@4.0::IMapper/default in either framework or device VINTF manifest.
03-27 15:45:27.076 26872-26899/? I/Gralloc4: mapper 4.x is not supported
03-27 15:45:27.076 26872-26899/? D/HostConnection: createUnique: call
03-27 15:45:27.077 26872-26899/? D/HostConnection: HostConnection::get() New Host Connection established 0x7d62837e50d0, tid 26899
03-27 15:45:27.077 26872-26899/? D/goldfish-address-space: allocate: Ask for block of size 0x100
03-27 15:45:27.077 26872-26899/? D/goldfish-address-space: allocate: ioctl allocate returned offset 0x3e7ffe000 size 0x2000
03-27 15:45:27.077 279-279/? I/hwservicemanager: getTransport: Cannot find entry android.hardware.graphics.mapper@4.0::IMapper/default in either framework or device VINTF manifest.
03-27 15:45:27.077 26897-26904/? I/Gralloc4: mapper 4.x is not supported
03-27 15:45:27.077 1876-2098/? I/MediaProvider: Deleted 0 0 0 1 0 0 0 items on external_primary due to com.android.shell
03-27 15:45:27.103 279-279/? I/hwservicemanager: getTransport: Cannot find entry android.hardware.graphics.allocator@4.0::IAllocator/default in either framework or device VINTF manifest.
03-27 15:45:27.104 278-278/? I/servicemanager: Could not find android.hardware.graphics.allocator.IAllocator/default in the VINTF manifest.
03-27 15:45:27.104 26872-26899/? W/Gralloc4: allocator 4.x is not supported
03-27 15:45:27.104 1876-2098/? W/MediaProvider: isAppCloneUserPair for user 0: false
03-27 15:45:27.105 450-450/? D/goldfish-address-space: claimShared: Ask to claim region [0x3e8000000 0x3e8926000]
03-27 15:45:27.105 1876-2098/? V/MediaProvider: Inserted id:1000000103 less than next row id backup:1000001000.
03-27 15:45:27.107 26897-26897/? D/MPEG4Writer: PreAllocation enabled
03-27 15:45:27.108 26897-26904/? D/HostConnection: createUnique: call
03-27 15:45:27.109 26897-26904/? D/HostConnection: HostConnection::get() New Host Connection established 0x781a49667450, tid 26904
03-27 15:45:27.109 26897-26904/? D/goldfish-address-space: allocate: Ask for block of size 0x100
03-27 15:45:27.109 26897-26904/? D/goldfish-address-space: allocate: ioctl allocate returned offset 0x3e7ffe000 size 0x2000
03-27 15:45:27.117 26872-26899/? D/HostConnection: HostComposition ext ANDROID_EMU_CHECKSUM_HELPER_v1 ANDROID_EMU_native_sync_v2 ANDROID_EMU_native_sync_v3 ANDROID_EMU_native_sync_v4 ANDROID_EMU_dma_v1 ANDROID_EMU_direct_mem ANDROID_EMU_host_composition_v1 ANDROID_EMU_host_composition_v2 ANDROID_EMU_vulkan ANDROID_EMU_deferred_vulkan_commands ANDROID_EMU_vulkan_null_optional_strings ANDROID_EMU_vulkan_create_resources_with_requirements ANDROID_EMU_YUV_Cache A
03-27 15:45:27.117 26872-26899/? D/HostConnection: NDROID_EMU_vulkan_ignored_handles ANDROID_EMU_has_shared_slots_host_memory_allocator ANDROID_EMU_vulkan_free_memory_sync ANDROID_EMU_vulkan_shader_float16_int8 ANDROID_EMU_vulkan_async_queue_submit ANDROID_EMU_vulkan_queue_submit_with_commands ANDROID_EMU_sync_buffer_data ANDROID_EMU_vulkan_async_qsri ANDROID_EMU_read_color_buffer_dma ANDROID_EMU_hwc_multi_configs GL_OES_EGL_image_external_essl3 GL_OES_vertex_array_object GL_KHR_texture_compression_astc_ldr ANDROID_EMU_host_side_tracing ANDROID_EMU_gles_max_version_3_1 
03-27 15:45:27.118 279-279/? I/hwservicemanager: getTransport: Cannot find entry android.hardware.graphics.allocator@4.0::IAllocator/default in either framework or device VINTF manifest.
03-27 15:45:27.118 278-278/? I/servicemanager: Could not find android.hardware.graphics.allocator.IAllocator/default in the VINTF manifest.
03-27 15:45:27.118 26897-26904/? W/Gralloc4: allocator 4.x is not supported
03-27 15:45:27.119 450-450/? D/goldfish-address-space: claimShared: Ask to claim region [0x3e924c000 0x3e9b72000]
03-27 15:45:27.120 450-484/? D/goldfish-address-space: claimShared: Ask to claim region [0x3eb885000 0x3ebc09000]
03-27 15:45:27.120 450-450/? D/goldfish-address-space: claimShared: Ask to claim region [0x3ec000000 0x3ec926000]
03-27 15:45:27.125 26897-26904/? D/HostConnection: HostComposition ext ANDROID_EMU_CHECKSUM_HELPER_v1 ANDROID_EMU_native_sync_v2 ANDROID_EMU_native_sync_v3 ANDROID_EMU_native_sync_v4 ANDROID_EMU_dma_v1 ANDROID_EMU_direct_mem ANDROID_EMU_host_composition_v1 ANDROID_EMU_host_composition_v2 ANDROID_EMU_vulkan ANDROID_EMU_deferred_vulkan_commands ANDROID_EMU_vulkan_null_optional_strings ANDROID_EMU_vulkan_create_resources_with_requirements ANDROID_EMU_YUV_Cache ANDROID_EMU_vulkan_ignored_handles ANDROID_EMU_has_shared_slots_host_memory_allocator ANDROID_EMU_vulkan_free_memory_sync ANDROID_EMU_vulkan_shader_float16_int8 ANDROID_EMU_vulkan_async_queue_submit ANDROID_EMU_vulkan_queue_submit_with_commands ANDROID_EMU_sync_buffer_data ANDROID_EMU_vulkan_async_qsri ANDROID_EMU_read_color_buffer_dma ANDROID_EMU_hwc_multi_configs GL_OES_EGL_image_external_essl3 GL_OES_vertex_array_object GL_KHR_texture_compression_astc_ldr ANDROID_EMU_host_side_tracing ANDROID_EMU_gles_max_version_3_1 
03-27 15:45:27.128 26897-26904/? D/GraphicBufferSource: got buffer with new dataSpace #104
03-27 15:45:27.128 26897-26904/? D/C2OMXNode: dataspace changed to 0x104 pixel format: 0x1
03-27 15:45:27.128 279-279/? I/hwservicemanager: getTransport: Cannot find entry android.hardware.graphics.mapper@4.0::IMapper/default in either framework or device VINTF manifest.
03-27 15:45:27.130 578-26913/? D/SimpleC2Component: Using output block pool with poolID 85 => got 85 - 0
03-27 15:45:27.130 578-26913/? D/SimpleC2Component: applied 2 configUpdates => BAD_INDEX (6)
03-27 15:45:27.130 578-26913/? D/C2SoftAvcEnc: Params width 720 height 1280 level 41 colorFormat 0 bframes 0
03-27 15:45:27.132 450-450/? D/goldfish-address-space: claimShared: Ask to claim region [0x3eaa73000 0x3eadf7000]
03-27 15:45:27.133 1394-14480/? I/NetworkScheduler.Stats: Task com.google.android.gms/com.google.android.gms.ipa.base.IpaGcmTaskService started execution. cause:9 exec_start_elapsed_seconds: 4151 [CONTEXT service_id=218 ]
03-27 15:45:27.134 482-520/? W/TransactionTracing: Could not find layer handle 0x7321fa259250
03-27 15:45:27.136 450-450/? D/goldfish-address-space: claimShared: Ask to claim region [0x3eadf7000 0x3eb17b000]
03-27 15:45:27.139 1394-26677/? I/NetworkScheduler.Stats: Task com.google.android.gms/com.google.android.gms.ipa.base.IpaGcmTaskService finished executing. cause:9 result: 1 elapsed_millis: 15 uptime_millis: 15 exec_start_elapsed_seconds: 4151 [CONTEXT service_id=218 ]
03-27 15:45:27.142 578-26913/? E/C2SoftAvcEnc: Unable to set air params = 0x1ad
03-27 15:45:27.144 26872-26899/? W/Parcel: Expecting binder but got null!
03-27 15:45:27.147 672-701/? W/ziparchive: Unable to open '/data/app/~~AZmbGuQphIT3mSc4dUbQqQ==/com.example-JYplKpqG1IJkb3-k22IhFw==/base.dm': No such file or directory
03-27 15:45:27.148 672-701/? I/ActivityTaskManager: Displayed com.example/.MainActivity: +213ms
03-27 15:45:27.165 450-450/? D/goldfish-address-space: claimShared: Ask to claim region [0x3e9b72000 0x3e9ef6000]
03-27 15:45:27.169 672-2070/? D/CompatibilityChangeReporter: Compat change id reported: 214016041; UID 10181; state: ENABLED
03-27 15:45:27.169 672-805/? D/CoreBackPreview: Window{3e93973 u0 Splash Screen com.example EXITING}: Setting back callback null
03-27 15:45:27.170 672-2765/? W/InputManager-JNI: Input channel object '3e93973 Splash Screen com.example (client)' was disposed without first being removed with the input manager!
03-27 15:45:27.171 1668-1668/? I/GoogleInputMethodService: GoogleInputMethodService.onFinishInput():3220 
03-27 15:45:27.172 26897-26906/? D/CCodecConfig: c2 config diff is   Buffer coded.init-data.value = {
03-27 15:45:27.172 26897-26906/? D/CCodecConfig:     00000000:  00 00 00 01 67 42 c0 29  8d 68 0b 40 a1 a4 20 20  ....gB.).h.@..  
03-27 15:45:27.172 26897-26906/? D/CCodecConfig:     00000010:  20 20 f0 88 46 a0 00 00  00 01 68 ce 01 a8 35 c8    ..F.....h...5.
03-27 15:45:27.172 26897-26906/? D/CCodecConfig:   }
03-27 15:45:27.173 1668-1668/? I/GoogleInputMethodService: GoogleInputMethodService.updateDeviceLockedStatus():2114 repeatCheckTimes = 0, unlocked = true
03-27 15:45:27.173 1668-1668/? I/GoogleInputMethodService: GoogleInputMethodService.onStartInput():1919 onStartInput(EditorInfo{inputType=0x0(NULL) imeOptions=0x0 privateImeOptions=null actionName=UNSPECIFIED actionLabel=null actionId=0 initialSelStart=-1 initialSelEnd=-1 initialCapsMode=0x0 hintText=null label=null packageName=com.example fieldId=-1 fieldName=null extras=null}, false)
03-27 15:45:27.173 1668-1668/? I/GoogleInputMethodService: [ 03-27 15:45:27.173 2
03-27 15:45:27.173 1668-1668/? I/GoogleInputMethodService: 6897:26897 D/MPEG4Writer ]
03-27 15:45:27.173 1668-1668/? I/GoogleInputMethodService: fpathconf _PC_FILESIZEBITS:64
03-27 15:45:27.173 26897-26897/? D/MPEG4Writer: File size limit set to 4503599627370495 bytes implicitly
03-27 15:45:27.173 1668-1668/? I/GoogleInputMethodService: GoogleInputMethodService.updateDeviceLockedStatus():2114 repeatCheckTimes = 2, unlocked = true
03-27 15:45:27.173 26897-26897/? D/MPEG4Writer: MP4WtrCtrlHlpLooper Started
03-27 15:45:27.173 26897-26897/? I/MPEG4Writer: limits: 4503599627370495/0 bytes/us, bit rate: -1 bps and the estimated moov size 3192 bytes
03-27 15:45:27.175 1020-1341/? D/BtGatt.ScanManager: uid 10106 isForeground true scanMode -1
03-27 15:45:27.175 1020-1341/? D/BtGatt.ScanManager: uid 10106 isForeground true scanMode -1
03-27 15:45:27.176 26897-26926/? I/MPEG4Writer: setStartTimestampUs: 4151955884
03-27 15:45:27.176 26897-26926/? I/MPEG4Writer: Earliest track starting time: 4151955884
03-27 15:45:27.180 482-520/? W/TransactionTracing: Could not find layer handle 0x7321fa2552f0
03-27 15:45:27.180 482-520/? W/TransactionTracing: Could not find layer id -1
03-27 15:45:27.196 482-520/? W/TransactionTracing: Could not find layer handle 0x7321fa255e30
03-27 15:45:27.196 482-520/? W/TransactionTracing: Could not find layer handle 0x7321fa2575d0
03-27 15:45:27.429 482-520/? W/TransactionTracing: Could not find layer handle 0x7321fa258c50
03-27 15:45:27.522 1020-1341/? D/BtGatt.ScanManager: uid 10106 isForeground true scanMode -1
03-27 15:45:27.522 1020-1341/? D/BtGatt.ScanManager: uid 10106 isForeground true scanMode -1
03-27 15:45:27.524 1394-1417/? I/FontLog: Received query Noto Color Emoji Compat, URI content://com.google.android.gms.fonts [CONTEXT service_id=132 ]
03-27 15:45:27.524 1394-1417/? I/FontLog: Query [emojicompat-emoji-font] resolved to {Noto Color Emoji Compat, wdth 100.0, wght 400, ital 0.0, bestEffort false} [CONTEXT service_id=132 ]
03-27 15:45:27.525 19748-19748/? I/ProvidersCache: Updating roots due to change on user 0at content://com.android.providers.media.documents/root
03-27 15:45:27.526 1394-1417/? I/FontLog: Fetch {Noto Color Emoji Compat, wdth 100.0, wght 400, ital 0.0, bestEffort false} end status Status{statusCode=SUCCESS, resolution=null} [CONTEXT service_id=132 ]
03-27 15:45:27.531 1394-1417/? I/FontLog: Pulling font file for id = 53, cache size = 7 [CONTEXT service_id=132 ]
03-27 15:45:27.536 1394-1411/? I/FontLog: Pulling font file for id = 53, cache size = 7 [CONTEXT service_id=132 ]
03-27 15:45:27.537 19748-26993/? I/ProvidersCache: Provider returned no roots. Possibly naughty: com.google.android.apps.docs.storage
03-27 15:45:30.023 19748-19748/? I/ProvidersCache: Updating roots due to change on user 0at content://com.android.providers.media.documents/root
03-27 15:45:30.029 19748-27001/? I/ProvidersCache: Provider returned no roots. Possibly naughty: com.google.android.apps.docs.storage
03-27 15:45:30.069 19748-19748/? I/ProvidersCache: Updating roots due to change on user 0at content://com.android.providers.media.documents/root
03-27 15:45:30.075 19748-27007/? I/ProvidersCache: Provider returned no roots. Possibly naughty: com.google.android.apps.docs.storage
03-27 15:45:30.501 578-964/? D/BufferPoolAccessor2.0: evictor expired: 1, evicted: 0
03-27 15:45:32.118 1876-1952/? D/PickerSyncController: Fetching SyncRequestParams. Authority: com.android.providers.media.photopicker. LatestMediaCollectionInfo: Bundle[{last_media_sync_generation=894, media_collection_id=1308:97918640-8f5b-475f-98df-bd3a43174ee9:1707-2009:external_primary}]. CachedMediaCollectionInfo: Bundle[{last_media_sync_generation=878, media_collection_id=1308:97918640-8f
03-27 15:45:32.118 1876-1952/? D/PickerSyncController: 5b-475f-98df-bd3a43174ee9:1707-2009:external_primary}]
03-27 15:45:32.118 1876-1952/? D/PickerSyncController: SyncRequestParams. Authority: com.android.providers.media.photopicker. Result: SYNC_TYPE_INCREMENTAL
03-27 15:45:32.118 1876-1952/? I/PickerSyncController: Executing SyncAdd. authority: com.android.providers.media.photopicker
03-27 15:45:32.119 1876-1952/? I/PickerSyncController: Paged sync successful. QueryArgs: Bundle[{android.provider.extra.SYNC_GENERATION=878}]. Result count: 0. Cursor count: 0
03-27 15:45:32.119 1876-1952/? I/PickerSyncController: Executing SyncRemove. authority: com.android.providers.media.photopicker
03-27 15:45:32.120 1876-1952/? W/PickerDbFacade: Unable to promote cloud media with localId: 1000000102
03-27 15:45:32.120 1876-1952/? W/PickerDbFacade: Unable to promote cloud media with localId: 1000000103
03-27 15:45:32.120 1876-1952/? I/PickerSyncController: Paged sync successful. QueryArgs: Bundle[{android.provider.extra.SYNC_GENERATION=878}]. Result count: 0. Cursor count: 2
03-27 15:45:32.120 1876-1952/? D/PickerSyncController: Fetching SyncRequestParams. Null cloud authority. Result: SYNC_TYPE_RESET
03-27 15:45:32.120 1876-1952/? I/PickerSyncController: Executing SyncReset. authority: null
03-27 15:45:32.120 1876-1952/? I/PickerSyncController: SyncReset. Authority: null. Result count: 0
03-27 15:45:32.120 1876-1952/? D/PickerSyncController: Ignoring cache media info for null authority with bundle: null
03-27 15:45:32.120 1876-1952/? I/PickerSyncController: Executing SyncAlbumReset. authority: com.android.providers.media.photopicker. albumId: null
03-27 15:45:32.120 1876-1952/? I/PickerSyncController: Successfully executed SyncResetAlbum. authority: com.android.providers.media.photopicker. albumId: null. Result count: 0
03-27 15:45:32.120 1876-1952/? I/PickerSyncController: Executing SyncAlbumReset. authority: null. albumId: null
03-27 15:45:32.120 1876-1952/? I/PickerSyncController: Successfully executed SyncResetAlbum. authority: null. albumId: null. Result count: 0
03-27 15:45:32.203 26872-26872/? W/com.example: Accessing hidden method Landroid/os/MessageQueue;->next()Landroid/os/Message; (unsupported, reflection, allowed)
03-27 15:45:32.203 26872-26872/? W/com.example: Accessing hidden field Landroid/os/MessageQueue;->mMessages:Landroid/os/Message; (unsupported, reflection, allowed)
03-27 15:45:32.203 26872-26872/? W/com.example: Accessing hidden method Landroid/os/Message;->recycleUnchecked()V (unsupported, reflection, allowed)
03-27 15:45:32.205 26872-26872/? W/com.example: Accessing hidden method Landroid/view/WindowManagerGlobal;->getInstance()Landroid/view/WindowManagerGlobal; (unsupported, reflection, allowed)
03-27 15:45:32.205 26872-26872/? W/com.example: Accessing hidden field Landroid/view/WindowManagerGlobal;->mViews:Ljava/util/ArrayList; (unsupported, reflection, allowed)
03-27 15:45:32.205 26872-26872/? W/com.example: Accessing hidden field Landroid/view/WindowManagerGlobal;->mParams:Ljava/util/ArrayList; (unsuppo
03-27 15:45:32.205 26872-26872/? W/com.example: rted, reflection, allowed)
03-27 15:45:32.207 26872-26872/? I/ViewInteraction: Checking 'MatchesViewAssertion{viewMatcher=an instance of android.widget.TextView and view.getText() with or without transformation to match: is "Test"}' assertion on view (view.getId() is <2131230838/com.example:id/edittext>)
03-27 15:45:32.210 672-805/? I/ActivityTaskManager: START u0 {act=android.intent.action.MAIN cat=[android.intent.category.LAUNCHER] flg=0x10000000 cmp=com.example.test/androidx.test.core.app.InstrumentationActivityInvoker$EmptyActivity} from uid 10181
03-27 15:45:32.217 672-805/? V/SplashScreenExceptionList: SplashScreen checking exception for package com.example.test (target sdk:33) -> false
03-27 15:45:32.221 26872-26872/? D/LifecycleMonitor: Lifecycle status change: com.example.MainActivity@2bb6884 in: PAUSED
03-27 15:45:32.221 26872-26872/? V/ActivityScenario: Update currentActivityStage to PAUSED, currentActivity=com.example.MainActivity@2bb6884
03-27 15:45:32.222 672-805/? W/ActivityTaskManager: Tried to set launchTime (0) < mLastActivityLaunchTime (4150175)
03-27 15:45:32.224 672-983/? D/CoreBackPreview: Window{2ebf911 u0 Splash Screen com.example.test}: Setting back callback OnBackInvokedCallbackInfo{mCallback=android.window.IOnBackInvokedCallback$Stub$Proxy@10bce4, mPriority=0}
03-27 15:45:32.227 672-711/? D/IntervalStats: Unable to parse usage stats packages: [186, 187, 188, 189]
03-27 15:45:32.227 672-711/? D/IntervalStats: Unable to parse event packages: [188, 189]
03-27 15:45:32.233 902-1083/? D/SplashScreenView: Build android.window.SplashScreenView{903b337 V.E...... ......ID 0,0-0,0}
03-27 15:45:32.233 902-1083/? D/SplashScreenView: Icon: view: null drawable: null size: 0
03-27 15:45:32.233 902-1083/? D/SplashScreenView: Branding: view: android.view.View{ab840a4 G.ED..... ......I. 0,0-0,0 #10204db android:id/splashscreen_branding_view} drawable: null size w: 0 h: 0
03-27 15:45:32.235 578-26913/? D/BufferPoolAccessor2.0: bufferpool2 0x753898b01a38 : 1(1382400 size) total buffers - 1(1382400 size) used buffers - 21/22 (recycle/alloc) - 1/21 (fetch/transfer)
03-27 15:45:32.237 1020-1341/? D/BtGatt.ScanManager: uid 10106 isForeground true scanMode -1
03-27 15:45:32.237 1020-1341/? D/BtGatt.ScanManager: uid 10106 isForeground true scanMode -1
03-27 15:45:32.238 450-450/? D/goldfish-address-space: claimShared: Ask to claim region [0x3e8926000 0x3e924c000]
03-27 15:45:32.242 450-450/? D/goldfish-address-space: claimShared: Ask to claim region [0x3e9ef6000 0x3ea81c000]
03-27 15:45:32.244 450-450/? D/goldfish-address-space: claimShared: Ask to claim region [0x3ef2fd000 0x3efc23000]
03-27 15:45:32.244 902-1191/? W/Parcel: Expecting binder but got null!
03-27 15:45:32.248 450-450/? D/goldfish-address-space: claimShared: Ask to claim region [0x3ec926000 0x3ecf01000]
03-27 15:45:32.255 672-2376/? D/CoreBackPreview: Window{c8f2714 u0 com.example.test/androidx.test.core.app.InstrumentationActivityInvoker$EmptyActivity}: Setting back callback OnBackInvokedCallbackInfo{mCallback=android.window.IOnBackInvokedCallback$Stub$Proxy@abd25b2, mPriority=0}
03-27 15:45:32.256 450-450/? D/goldfish-address-space: claimShared: Ask to claim region [0x3ecf01000 0x3ed4dc000]
03-27 15:45:32.265 26872-26899/? D/EGL_emulation: app_time_stats: avg=1707.08ms min=15.39ms max=5080.82ms count=3
03-27 15:45:32.275 450-450/? D/goldfish-address-space: claimShared: Ask to claim region [0x3ed4dc000 0x3ede02000]
03-27 15:45:32.280 482-520/? W/TransactionTracing: Could not find layer handle 0x7321fa258a70
03-27 15:45:32.280 482-520/? W/TransactionTracing: Could not find layer handle 0x7321fa257ed0
03-27 15:45:32.280 482-520/? W/TransactionTracing: Could not find layer handle 0x7321fa257ed0
03-27 15:45:32.280 482-520/? W/TransactionTracing: Could not find layer handle 0x7321fa258a70
03-27 15:45:32.284 450-450/? D/goldfish-address-space: claimShared: Ask to claim region [0x3ede02000 0x3ee728000]
03-27 15:45:32.289 450-450/? D/goldfish-address-space: claimShared: Ask to claim region [0x3ee728000 0x3ef04e000]
03-27 15:45:32.292 25552-25587/? W/Parcel: Expecting binder but got null!
03-27 15:45:32.295 26872-26872/? D/LifecycleMonitor: Lifecycle status change: com.example.MainActivity@2bb6884 in: STOPPED
03-27 15:45:32.295 26872-26872/? V/ActivityScenario: Update currentActivityStage to STOPPED, currentActivity=com.example.MainActivity@2bb6884
03-27 15:45:32.296 1020-1341/? D/BtGatt.ScanManager: uid 10106 isForeground true scanMode -1
03-27 15:45:32.296 1020-1341/? D/BtGatt.ScanManager: uid 10106 isForeground true scanMode -1
03-27 15:45:32.297 672-983/? W/ActivityManager: Unable to start service Intent { act=android.service.smartspace.SmartspaceService cmp=com.google.android.as/com.google.android.apps.miphone.aiai.app.AiAiSmartspaceService } U=0: not found
03-27 15:45:32.297 672-983/? W/RemoteSmartspaceService: could not bind to Intent { act=android.service.smartspace.Smartsp
03-27 15:45:32.297 672-983/? W/RemoteSmartspaceService: aceService cmp=com.google.android.as/com.google.android.apps.miphone.aiai.app.AiAiSmartspaceService } using flags 67112961
03-27 15:45:32.298 672-2765/? W/ActivityManager: Unable to start service Intent { act=android.service.smartspace.SmartspaceService cmp=com.google.android.as/com.google.android.apps.miphone.aiai.app.AiAiSmartspaceService } U=0: not found
03-27 15:45:32.298 672-2765/? W/RemoteSmartspaceService: could not bind to Intent { act=android.service.smartspace.SmartspaceService cmp=com.google.android.as/com.google.android.apps.miphone.aiai.app.AiAiSmartspaceService } using flags 67112961
03-27 15:45:32.298 672-2765/? W/RemoteSmartspaceService: [ 03
03-27 15:45:32.298 672-2765/? W/RemoteSmartspaceService: -27 15:45:32.298   672:  672 W/ActivityManager ]
03-27 15:45:32.298 672-2765/? W/RemoteSmartspaceService: Unbind failed: could not find connection for android.app.LoadedApk$ServiceDispatcher$InnerConnection@8547d44
03-27 15:45:32.298 672-672/? W/ActivityManager: Unbind failed: could not find connection for android.app.LoadedApk$ServiceDispatcher$InnerConnection@bc3e2d
03-27 15:45:32.300 450-450/? D/goldfish-address-space: claimShared: Ask to claim region [0x3ec000000 0x3ec926000]
03-27 15:45:32.301 450-484/? D/goldfish-address-space: claimShared: Ask to claim region [0x3f32de000 0x3f3c04000]
03-27 15:45:32.312 450-450/? D/goldfish-address-space: claimShared: Ask to claim region [0x3f0000000 0x3f0926000]
03-27 15:45:32.313 26872-26872/? D/LifecycleMonitor: Lifecycle status change: com.example.MainActivity@2bb6884 in: DESTROYED
03-27 15:45:32.313 26872-26872/? V/ActivityScenario: Update currentActivityStage to DESTROYED, currentActivity=null
03-27 15:45:32.313 450-484/? D/goldfish-address-space: claimShared: Ask to claim region [0x3f0926000 0x3f124c000]
03-27 15:45:32.315 26872-26893/? I/TestRunner: finished: testTextSlow1(com.example.MainActivitySlowTest)
03-27 15:45:32.317 450-484/? D/goldfish-address-space: claimShared: Ask to claim region [0x3f124c000 0x3f1b72000]
03-27 15:45:32.318 902-1191/? D/EGL_emulation: app_time_stats: avg=2634.18ms min=142.94ms max=5125.42ms count=2
03-27 15:45:32.318 482-520/? W/TransactionTracing: Could not find layer id -1
03-27 15:45:32.318 482-520/? W/TransactionTracing: Could not find layer id -1
03-27 15:45:32.318 482-520/? W/TransactionTracing: Could not find layer id -1
03-27 15:45:32.318 482-520/? W/TransactionTracing: [ 03-27 15:45:32.318  
03-27 15:45:32.318 482-520/? W/TransactionTracing:  482:  520 W/TransactionTracing ]
03-27 15:45:32.318 482-520/? W/TransactionTracing: Could not find layer id -1
03-27 15:45:32.318 482-520/? W/TransactionTracing: Could not find layer id -1
03-27 15:45:32.318 482-520/? W/TransactionTracing: Could not find layer id -1
03-27 15:45:32.318 482-520/? W/TransactionTracing: Could not find layer id -1
03-27 15:45:32.318 482-520/? W/TransactionTracing: Could not find layer id -1
03-27 15:45:32.318 482-520/? W/TransactionTracing: Could not find layer id -1
03-27 15:45:32.318 482-520/? W/TransactionTracing: Could not find layer id -1
03-27 15:45:32.318 450-450/? D/goldfish-address-space: claimShared: Ask to claim region [0x3f1b72000 0x3f2498000]
03-27 15:45:32.324 1947-1947/? I/GsaVoiceInteractionSrv: Handling ACTION_START_HOTWORD
