03-27 15:45:15.335 2141-2141/? W/A: 	at java.util.concurrent.ThreadPoolExecutor.runWorker(ThreadPoolExecutor.java:1137)
03-27 15:45:15.335 2141-2141/? W/A: 	at java.util.concurrent.Threa
03-27 15:45:15.335 2141-2141/? W/A: dPoolExecutor$Worker.run(ThreadPoolExecutor.java:637)
03-27 15:45:15.335 2141-2141/? W/A: 	at com.google.android.libraries.i.k.run(PG:2)
03-27 15:45:15.335 2141-2141/? W/A: 	at com.google.android.libraries.i.p.run(PG:4)
03-27 15:45:15.335 2141-2141/? W/A: 	at java.lang.Thread.run(Thread.java:1012)
03-27 15:45:15.337 19748-19748/? I/ProvidersCache: Updating roots due to change on user 0at content://com.android.providers.media.documents/root
03-27 15:45:15.340 672-2376/? W/WindowManager: Failed looking up window session=Session{d160504 902:u0a10142} callers=com.android.server.wm.WindowManagerService.windowForClientLocked:5972 com.android.server.wm.WindowManagerService.relayoutWindow:2264 com.android.server.wm.Session.relayout:253 
03-27 15:45:15.341 1668-1668/? I/GoogleInputMethodService: GoogleInputMethodService.onFinishInput():3220 
03-27 15:45:15.342 1668-1668/? I/GoogleInputMethodService: GoogleInputMethodService.updateDeviceLockedStatus():2114 repeatCheckTimes = 0, unlocked = true
03-27 15:45:15.342 1668-1668/? I/GoogleInputMethodService: GoogleInputMethodService.onStartInput():1919 onStartInput(EditorInfo{inputType=0x0(NULL) imeOptions=0x0 privateImeOptions=null actionName=UNSPECIFIED actionLabel=null actionId=0 initialSelStart=-1 initialSelEnd=-1 initialCapsMode=0x0 hintText=null label=null packageName=com.google.android.apps.nexuslauncher fieldId=-1 fieldName=null extras=null}, false)
03-27 15:45:15.343 1668-1668/? I/GoogleInputMethodService: GoogleInputMethodService.updateDeviceLockedStatus():2114 repeatCheckTimes = 2, unlocked = true
03-27 15:45:15.343 672-805/? W/WindowManager: Failed looking up window session=Session{d160504 902:u0a10142} callers=com.android.server.wm.WindowManagerService.windowForClientLocked:5972 com.android.server.wm.WindowManagerService.removeWindow:2047 com.android.server.wm.Session.remove:230 
03-27 15:45:15.343 672-2776/? W/WindowManager: Failed looking up window session=Session{d160504 902:u0a10142} callers=com.android.server.wm.WindowManagerService.windowForClientLocked:5972 com.android.server.wm.Session.setOnBackInvokedCallbackInfo:943 android.view.IWindowSession$Stub.onTransact:1180 
03-27 15:45:15.343 672-2776/? E/WindowManager: setOnBackInvokedCallback(): No window state for package:com.android.systemui
03-27 15:45:15.349 672-2793/? D/CoreBackPreview: Window{1e1efbe u0 com.example.test/androidx.test.core.app.InstrumentationActivityInvoker$EmptyActivity}: Setting back callback null
03-27 15:45:15.349 672-2793/? W/InputManager-JNI: Input channel object '1e1efbe com.example.test/androidx.test.core.app.InstrumentationActivityInvoker$EmptyActivity (client)' was disposed without first being removed with the input manager!
03-27 15:45:15.352 902-1191/? D/EGL_emulation: app_time_stats: avg=576.68ms min=200.58ms max=952.78ms count=2
03-27 15:45:15.363 482-520/? W/TransactionTracing: Could not find layer handle 0x7321fa257990
03-27 15:45:15.365 672-2793/? W/ActivityTaskManager: takeTaskSnapshot: taskId=183 not found or not visible
03-27 15:45:15.366 672-2793/? W/ActivityTaskManager: takeTaskSnapshot: taskId=184 not found or not visible
03-27 15:45:15.385 19748-26564/? I/ProvidersCache: Provider returned no roots. Possibly naughty: com.google.android.apps.docs.storage
03-27 15:45:15.406 26430-26450/? I/MPEG4Writer: setStartTimestampUs: 4138598362
03-27 15:45:15.410 672-984/? V/ActivityManager: Got obituary of 26391:com.example
03-27 15:45:15.412 672-704/? W/ActivityManager: setHasOverlayUi called on unknown pid: 26391
03-27 15:29:08.229 0-0/? I/binder: undelivered TRANSACTION_COMPLETE
03-27 15:29:08.230 0-0/? I/binder: undelivered transaction 867629, process died.
03-27 15:29:08.231 0-0/? I/binder: undelivered transaction 867721, process died.
03-27 15:29:08.232 0-0/? I/binder: undelivered transaction 867817, process died.
03-27 15:29:08.233 0-0/? I/binder: undelive
03-27 15:29:08.233 0-0/? I/binder: red transaction 867720, process died.
03-27 15:29:08.236 0-0/? I/binder: undelivered transaction 867764, process died.
03-27 15:45:15.417 26430-26443/? W/GraphicBufferSource: released unpopulated slots: [18, 19, 20, 21, 22, 23, 24, 25, 26, 27, 28, 29, 30, 31, 32, 33, 34, 35, 36, 37, 38, 39, 40, 41, 42, 43, 44, 45, 46, 47, 48, 49, 50, 51, 52, 53, 54, 55, 56, 57, 58, 59, 60, 61, 62, 63]
03-27 15:45:15.418 672-714/? I/libprocessgroup: Successfully killed process cgroup uid 10181 pid 26391 in 90ms
03-27 15:45:15.419 429-429/? I/Zygote: Process 26391 exited due to signal 9 (Killed)
03-27 15:45:15.421 26430-26430/? D/MPEG4Writer: reset()
03-27 15:45:15.421 26430-26449/? V/MediaWriter: Track event err/info msg:101, trackId:1, type:1000,val:-1011
03-27 15:45:15.421 26430-26430/? D/MPEG4Writer: Video track stopping. Stop source
03-27 15:45:15.421 26430-26430/? D/MPEG4Writer: Video track source stopping
03-27 15:45:15.421 26430-26430/? D/MPEG4Writer: Video track source stopped
03-27 15:45:15.421 26430-26450/? V/MediaWriter: Track event err/info msg:101, trackId:2, type:1000,val:-1011
03-27 15:45:15.421 26430-26450/? W/MPEG4Writer: 0-duration samples found: 1
03-27 15:45:15.421 26430-26449/? I/MPEG4Writer: Received total/0-length (26/0) buffers and encoded 26 frames. - Video
03-27 15:45:15.421 26430-26450/? I/MPEG4Writer: Received total/0-length (1/0) buffers and encoded 1 frames. - Metadata
03-27 15:45:15.422 26430-26430/? D/MPEG4Writer: Video track stopped. Status:0. Stop source
03-27 15:45:15.422 26430-26430/? D/MPEG4Writer: Metadata track stopping. Stop source
03-27 15:45:15.422 26430-26430/? D/MPEG4Writer: Metadata track source stopping
03-27 15:45:15.422 26430-26430/? D/MPEG4Writer: Metadata track source stopped
03-27 15:45:15.422 26430-26430/? D/MPEG4Writer: Metadata track stopped. Status:0. Stop source
03-27 15:45:15.422 26430-26430/? D/MPEG4Writer: Duration from tracks range is [0, 696609] us
03-27 15:45:15.422 26430-26447/? D/MPEG4Writer: 0 chunks are written in the last batch
03-27 15:45:15.422 26430-26430/? D/MPEG4Writer: WriterThread stopped. Status:0
03-27 15:45:15.422 26430-26430/? I/MPEG4Writer: Adjust the moov start time from 4138598362 us -> 4138598362 us
03-27 15:45:15.424 26430-26430/? I/MPEG4Writer: MOOV atom was written to the file
03-27 15:45:15.424 26430-26430/? D/MPEG4Writer: release()
03-27 15:45:15.424 26430-26430/? D/MPEG4Writer: ftruncate mPreAllocateFileEndOffset:57829 mOffset:1512 mMdatEndOffset:55309 diff:2520
03-27 15:45:15.427 26430-26430/? D/MPEG4Writer: final fsync() takes 2 ms, file size 55309
03-27 15:45:15.427 26430-26430/? D/MPEG4Writer: MP4WtrCtrlHlpLooper stopped
03-27 15:45:15.427 26430-26430/? D/MPEG4Writer: Top 5 write durations(microseconds): #1:5 #2:10 #3:18 #4:232 #5:521
03-27 15:45:15.430 26430-26575/? I/hw-BpHwBinder: onLastStrongRef automatically unlinking death recipients
03-27 15:45:15.430 578-1077/? I/hw-BpHwBinder: onLastStrongRef automatically unlinking death recipients
03-27 15:45:15.430 578-1077/? I/hw-BpHwBinder: onLastStrongRef automatically unlinking death recipients
03-27 15:45:15.433 578-1077/? V/C2Store: in ~ComponentModule
03-27 15:45:15.433 578-1077/? V/C2Store: unloading dll
03-27 15:45:15.467 26430-26430/? D/ScreenRecord: success
03-27 15:45:16.485 482-533/? W/EventThread: Faking VSYNC due to driver stall for thread appSf
03-27 15:45:16.485 482-532/? W/EventThread: Faking VSYNC due to driver stall for thread app
03-27 15:45:16.486 482-532/? W/EventThread: VsyncSource debug info:
03-27 15:45:16.486 482-532/? W/EventThread: DispSyncSource: app(enabled)
03-27 15:45:16.486 482-533/? W/EventThread: VsyncSource debug info:
03-27 15:45:16.486 482-533/? W/EventThread: DispSyncSource: appSf(enabled)
03-27 15:45:16.486 672-706/? I/Choreographer: Skipped 62 frames!  The
03-27 15:45:16.486 672-706/? I/Choreographer:  application may be doing too much work on its main thread.
03-27 15:45:16.486 1318-1318/? I/Choreographer: Skipped 61 frames!  The application may be doing too much work on its main thread.
03-27 15:45:16.490 26430-26430/? I/BpBinder: onLastStrongRef automatically unlinking death recipients: <uncached descriptor>
03-27 15:45:16.491 902-1634/? I/OpenGLRenderer: Davey! duration=1040ms; Flags=0, FrameTimelineVsyncId=101996, IntendedVsync=4140273875821, Vsync=4140273875821, InputEventId=0, HandleInputStart=4140274165390, AnimationStart=4140274166042, PerformTraversalsStart=4140274367127, DrawStart=4140274458513, FrameDeadline=4140290542487, FrameInterval=4140274162024, FrameStartTime=16666666, SyncQueued=4140274497434, SyncStart=4140274535260, IssueDrawCommandsStart=4140274560345, SwapBuffers=4140274917218, FrameCompleted=4141314024933, DequeueBufferDuration=2725, QueueBufferDuration=175863, GpuCompleted=4141314024933, SwapBuffersCompleted=4140275436884, DisplayPresentTime=4128154739003, CommandSubmissionCompleted=4140274917218, 
03-27 15:45:16.491 902-902/? I/Choreographer: Skipped 61 frames!  The application may be doing too much work on its main thread.
03-27 15:45:16.491 26430-26430/? I/BpBinder: onLastStrongRef automatically unlinking death recipients: <uncached descriptor>
03-27 15:45:16.496 1318-1570/? I/OpenGLRenderer: Davey! duration=1056ms; Flags=0, FrameTimelineVsyncId=101988, IntendedVsync=4140257209155, Vsync=4140257209155, InputEventId=0, HandleInputStart=4140269813752, AnimationStart=4140269821076, PerformTraversalsStart=4140270002125, DrawStart=4140270100414, FrameDeadline=4140290542487, FrameInterval=4140269799426, FrameStartTime=16666666, SyncQueued=4140270264733, SyncStart=4140270336950, IssueDrawCommandsStart=4140270435289, SwapBuffers=4140271332178, FrameCompleted=4141313983738, DequeueBufferDuration=3656, QueueBufferDuration=187141, GpuCompleted=4141313983738, SwapBuffersCompleted=4140272128060, DisplayPresentTime=4075990818414, CommandSubmissionCompleted=4140271332178, 
03-27 15:45:16.497 1318-2193/? D/EGL_emulation: app_time_stats: avg=148.21ms min=14.31ms max=1052.64ms count=8
03-27 15:45:16.499 1876-3215/? I/MediaProvider: Begin Intent { act=android.intent.action.MEDIA_SCANNER_SCAN_FILE dat=file:///... flg=0x1400010 cmp=com.google.android.providers.media.module/com.android.providers.media.MediaService }
03-27 15:45:16.500 578-1078/? D/BufferPoolAccessor2.0: Destruction - bufferpool2 0x753898b02378 cached: 0/0M, 0/0% in use; allocs: 27, 96% recycled; transfers: 27, 96% unfetched
03-27 15:45:16.501 902-1191/? D/EGL_emulation: app_time_stats: avg=574.47ms min=95.47ms max=1053.47ms count=2
03-27 15:45:16.513 482-520/? W/TransactionTracing: Could not find layer handle 0x7321fa2560d0
03-27 15:45:16.531 1876-3215/? V/MediaProvider: Inserted id:1000000101 less than next row id backup:1000001000.
03-27 15:45:16.534 1876-3215/? I/MediaProvider: End Intent { act=android.intent.action.MEDIA_SCANNER_SCAN_FILE dat=file:///... flg=0x1400010 cmp=com.google.android.providers.media.module/com.android.providers.media.MediaService }
03-27 15:45:16.550 18914-25161/? I/BugleDataModel: ParticipantRefresh: ContactContentObserver created
03-27 15:45:16.553 18914-25161/? I/BugleDataModel: ParticipantFullRefresh: Start participant refresh. refreshMode: SELF_ONLY
03-27 15:45:16.560 18914-25161/? I/BugleDataModel: TransactionManagerImpl: tx:  SelfParticipantsData#refreshSelfParticipantList  started
03-27 15:45:16.595 18914-25161/? I/Bugle: CountryCodeDetector: updateMainDeviceCountry from default subscription network country. detected country: us
03-27 15:45:16.608 18914-25161/? W/BugleDataModel: SelfParticipantsData: Failed to update self participants' subscription info. updateCount: 0
03-27 15:45:16.620 18914-25161/? W/BugleDataModel: SelfParticipantsData: Failed to update self participants' subscription info. updateCount: 0
03-27 15:45:16.621 18914-25161/? I/BugleDataModel: TransactionManagerImpl: tx:  SelfParticipantsData#refreshSelfParticipantList  ended
03-27 15:45:16.633 18914-25161/? I/BugleDataModel: TransactionManagerImpl: tx:  ParticipantRefresh#refreshConversationsSelfIds  started
03-27 15:45:16.635 18914-25161/? I/BugleDataModel: TransactionManagerImpl: tx:  ParticipantRefresh#refreshConversationsSelfIds  ended
03-27 15:45:16.698 18914-25161/? I/BugleDataModel: ParticipantFullRefresh: Number of participants refreshed: 0
03-27 15:45:16.978 19748-19748/? I/ProvidersCache: Updating roots due to change on user 0at content://com.android.providers.media.documents/root
03-27 15:45:16.998 19748-26589/? I/ProvidersCache: Provider returned no roots. Possibly naughty: com.google.android.apps.docs.storage
03-27 15:45:17.496 902-902/? I/Choreographer: Skipped 41 frames!  The application may be doing too much work on its main thread.
03-27 15:45:17.518 1876-2099/? I/MediaProvider: Deleted 0 0 0 1 0 0 0 items on external_primary due to com.android.shell
03-27 15:45:17.519 1394-25328/? I/NetworkScheduler.Stats: Task com.google.android.gms/com.google.android.gms.ipa.base.IpaGcmTaskService started execution. cause:9 exec_start_elapsed_seconds: 4142 [CONTEXT service_id=218 ]
03-27 15:45:17.535 1394-14480/? I/NetworkScheduler.Stats: Task com.google.android.gms/com.google.android.gms.ipa.base.IpaGcmTaskService finished executing. cause:9 result: 1 elapsed_millis: 25 uptime_millis: 25 exec_start_elapsed_seconds: 4142 [CONTEXT service_id=218 ]
