03-27 15:45:58.534 2141-2141/? W/A: 	at java.util.concurrent.Executors$RunnableAdapter.call(Executors.java:463)
03-27 15:45:58.534 2141-2141/? W/A: 	at com.google.common.util.concurrent.dy.a(PG:1)
03-27 15:45:58.534 2141-2141/? W/A: 	at com.google.common.util.concurrent.cv.run(PG:4)
03-27 15:45:58.534 2141-2141/? W/A: 	at com.google.common.util.concurrent.dz.run(PG:1)
03-27 15:45:58.534 2141-2141/? W/A: 	at android.os.Handler.handleCallback(Handler.java:942)
03-27 15:45:58.534 2141-2141/? W/A: 	at android.os.Handler.dispatchMessage(Handler.java:99)
03-27 15:45:58.534 2141-2141/? W/A: 	at android.os.Looper.loopOnce(Looper.java:201)
03-27 15:45:58.534 2141-2141/? W/A: 	at android.os.Looper.loop(Looper.java:288)
03-27 15:45:58.534 2141-2141/? W/A: 	at android.app.ActivityThread.main(ActivityThread.java:7872)
03-27 15:45:58.534 2141-2141/? W/A: 	at java.lang.reflect.Method.invoke(Native Method)
03-27 15:45:58.534 2141-2141/? W/A: 	at com.android.internal.os.RuntimeInit$MethodAndArgsCaller.run(RuntimeInit.java:548)
03-27 15:45:58.534 2141-2141/? W/A: 	at com.android.internal.os.ZygoteInit.main(ZygoteInit.java:936)
03-27 15:45:58.551 672-2086/? W/WindowManager: Attempted to add application window with unknown token Token{e33bef0 ActivityRecord{dd59c69 u0 com.example.test/androidx.test.core.app.InstrumentationActivityInvoker$EmptyActivity} t-1 f}}}.  Aborting.
03-27 15:45:58.552 672-2086/? W/WindowManager: Failed looking up window session=Session{d160504 902:u0a10142} callers=com.android.server.wm.WindowManagerService.windowForClientLocked:5972 com.android.server.wm.Session.setOnBackInvokedCallbackInfo:943 android.view.IWindowSession$Stub.onTransact:1180 
03-27 15:45:58.552 672-2086/? E/WindowManager: setOnBackInvokedCallback(): No window state for package:com.android.systemui
03-27 15:45:58.552 672-2086/? W/WindowManager: Failed looking up window session=Session{d160504 902:u0a10142} callers=com.android.server.wm.WindowManagerService.windowForClientLocked:5972 com.android.server.wm.Session.setOnBackInvokedCallbackInfo:943 android.view.IWindowSession$Stub.onTransact:1180 
03-27 15:45:58.552 672-2086/? E/WindowManager: setOnBackInvokedCallback(): No window state for package:com.android.systemui
03-27 15:45:58.552 902-1082/? W/ShellStartingWindow: android.os.BinderProxy@48286dc already running, starting window not displayed. Unable to add window -- token android.os.BinderProxy@48286dc is not valid; is your activity running?
03-27 15:45:58.553 902-1082/? W/ShellStartingWindow: view not successfully added to wm, removing view
03-27 15:45:58.553 28462-28462/? D/LifecycleMonitor: Lifecycle status change: com.example.MainActivity@bf5d38c in: STOPPED
03-27 15:45:58.553 28462-28462/? V/ActivityScenario: Update currentActivityStage to STOPPED, currentActivity=com.example.MainActivity@bf5d38c
03-27 15:45:58.554 28462-28462/? D/LifecycleMonitor: Lifecycle status change: com.example.MainActivity@bf5d38c in: DESTROYED
03-27 15:45:58.554 28462-28462/? V/ActivityScenario: Update currentActivityStage to DESTROYED, currentActivity=null
03-27 15:45:58.554 902-1082/? W/ShellStartingWindow: failed creating starting window at taskId: 202
03-27 15:45:58.554 902-1082/? W/ShellStartingWindow: java.lang.IllegalArgumentException: View=android.widget.FrameLayout{1bdbeba V.E...... ......I. 0,0-0,0} not attached to window manager
03-27 15:45:58.554 902-1082/? W/ShellStartingWindow: 	at android.view.WindowManagerGlobal.findViewLocked(WindowManagerGlobal.java:541)
03-27 15:45:58.554 902-1082/? W/ShellStartingWindow: 	at android.view.WindowManagerGlobal.removeView(WindowManagerGlobal.java:445)
03-27 15:45:58.554 902-1082/? W/ShellStartingWindow: 	at com.android.wm.shell.startingsurface.StartingSurfaceDrawer.addWindow(StartingSurfaceDrawer.java:97)
03-27 15:45:58.554 902-1082/? W/ShellStartingWindow: 	at com.android.wm.shell.startingsurface.StartingWindowController$$ExternalSyntheticLambda0.run(R8$$SyntheticClass:614)
03-27 15:45:58.554 902-1082/? W/ShellStartingWindow: 	at android.os.Handler.handleCallback(Handler.java:942)
03-27 15:45:58.554 902-1082/? W/ShellStartingWindow: 	at android.os.Handler.dispatchMessage(Handler.java:99)
03-27 15:45:58.554 902-1082/? W/ShellStartingWindow: 	at android.os.Looper.loopOnce(Looper.java:201)
03-27 15:45:58.554 902-1082/? W/ShellStartingWindow: 	at android.os.Looper.loop(Looper.java:288)
03-27 15:45:58.554 902-1082/? W/ShellStartingWindow: 	at android.os.HandlerThread.run(HandlerThread.java:67)
03-27 15:45:58.554 672-2086/? D/CoreBackPreview: Window{ef51f63 u0 com.example/com.example.MainActivity}: Setting back callback null
03-27 15:45:58.555 28462-28483/? I/TestRunner: finished: testExternalFilePresent(com.example.FilePushTest)
03-27 15:45:58.555 672-2086/? W/InputManager-JNI: Input channel object 'ef51f63 com.example/com.example.MainActivity (client)' was disposed without first being removed with the input manager!
03-27 15:45:58.561 28462-28483/? I/TestRunner: run finished: 1 tests, 0 failed, 0 ignored
03-27 15:45:58.563 482-520/? W/TransactionTracing: Could not find layer handle 0x7321fa258530
03-27 15:45:58.563 482-520/? W/TransactionTracing: Could not find layer handle 0x7321fa257330
03-27 15:45:58.563 482-520/? W/TransactionTracing: Could not find layer handle 0x7321fa257c90
03-27 15:45:58.563 482-520/? W/TransactionTracing: Could not find layer handle 0x7321fa257e70
03-27 15:45:58.563 482-520/? W/TransactionTracing: Could not find layer handle 0x7321fa258b90
03-27 15:45:58.563 482-520/? W/TransactionTracing: Could not find layer handle 0x7321fa257c90
03-27 15:45:58.563 482-520/? W/TransactionTracing: Could not find layer id -1
03-27 15:45:58.563 482-520/? W/TransactionTracing: Could not find layer id -1
03-27 15:45:58.567 672-2086/? I/ActivityManager: Force stopping com.example appid=10181 user=0: finished inst
03-27 15:45:58.567 672-2086/? I/ActivityManager: Killing 28462:com.example/u0a181 (adj 0): stop com.example due to finished inst
03-27 15:45:58.571 28434-28434/? I/app_process: System.exit called, status: 0
03-27 15:45:58.571 28434-28434/? I/AndroidRuntime: VM exiting with result code 0.
03-27 15:45:58.584 672-714/? I/libprocessgroup: Successfully killed process cgroup uid 10181 pid 28462 in 15ms
03-27 15:45:58.595 1668-1668/? I/GoogleInputMethodService: GoogleInputMethodService.onFinishInput():3220 
03-27 15:45:58.596 1668-1668/? I/GoogleInputMethodService: GoogleInputMethodService.updateDeviceLockedStatus():2114 repeatCheckTimes = 0, unlocked = true
03-27 15:45:58.596 1668-1668/? I/GoogleInputMethodService: GoogleInputMethodService.onStartInput():1919 onStartInput(EditorInfo{inputType=0x0(NULL) imeOptions=0x0 privateImeOptions=null actionName=UNSPECIFIED actionLabel=null actionId=0 in
03-27 15:45:58.596 1668-1668/? I/GoogleInputMethodService: itialSelStart=-1 initialSelEnd=-1 initialCapsMode=0x0 hintText=null label=null packageName=com.google.android.apps.nexuslauncher fieldId=-1 fieldName=null extras=null}, false)
03-27 15:45:58.596 1668-1668/? I/GoogleInputMethodService: GoogleInputMethodService.updateDeviceLockedStatus():2114 repeatCheckTimes = 2, unlocked = true
03-27 15:45:58.605 672-1254/? W/ActivityTaskManager: takeTaskSnapshot: taskId=201 not found or not visible
03-27 15:45:58.622 28489-28526/? I/MPEG4Writer: setStartTimestampUs: 4183230790
03-27 15:45:58.628 28489-28489/? D/MPEG4Writer: reset()
03-27 15:45:58.628 28489-28489/? D/MPEG4Writer: Video track stopping. Stop source
03-27 15:45:58.628 28489-28489/? D/MPEG4Writer: Video track source stopping
03-27 15:45:58.628 28489-28489/? D/MPEG4Writer: Video track source stopped
03-27 15:45:58.628 28489-28525/? V/MediaWriter: Track event err/info msg:101, trackId:1, type:1000,val:-1011
03-27 15:45:58.628 28489-28526/? V/MediaWriter: Track event err/info msg:101, trackId:2, type:1000,val:-1011
03-27 15:45:58.628 28489-28526/? W/MPEG4Writer: 0-duration samples found: 1
03-27 15:45:58.628 28489-28525/? I/MPEG4Writer: Received total/0-length (13/0) buffers and encoded 13 frames. - Video
03-27 15:45:58.628 28489-28526/? I/MPEG4Writer: Received total/0-length (1/0) buffers and encoded 1 frames. - Metadata
03-27 15:45:58.628 28489-28489/? D/MPEG4Writer: Video track stopped. Status:0. Stop source
03-27 15:45:58.628 28489-28489/? D/MPEG4Writer: Metadata track stopping. Stop source
03-27 15:45:58.629 28489-28489/? D/MPEG4Writer: Metadata track source stopping
03-27 15:45:58.629 28489-28489/? D/MPEG4Writer: Metadata track source stopped
03-27 15:45:58.629 28489-28489/? D/MPEG4Writer: Metadata track stopped. Status:0. Stop source
03-27 15:45:58.629 28489-28489/? D/MPEG4Writer: Duration from tracks range is [0, 230180] us
03-27 15:45:58.629 28489-28520/? D/MPEG4Writer: 0 chunks are written in the last batch
03-27 15:45:58.629 28489-28489/? D/MPEG4Writer: WriterThread stopped. Status:0
03-27 15:45:58.629 28489-28489/? I/MPEG4Writer: Adjust the moov start time from 4183230790 us -> 4183230790 us
03-27 15:45:58.629 28489-28489/? I/MPEG4Writer: MOOV atom was written to the file
03-27 15:45:58.629 28489-28489/? D/MPEG4Writer: release()
03-27 15:45:58.629 28489-28489/? D/MPEG4Writer: ftruncate mPreAllocateFileEndOffset:215268 mOffset:1364 mMdatEndOffset:212896 diff:2372
03-27 15:45:58.631 28489-28489/? D/MPEG4Writer: final fsync() takes 2 ms, file size 212896
03-27 15:45:58.632 28489-28489/? D/MPEG4Writer: MP4WtrCtrlHlpLooper stopped
03-27 15:45:58.632 28489-28489/? D/MPEG4Writer: Top 5 write durations(microseconds): #1:15 #2:41 #3:84 #4:288 #5:290
03-27 15:45:58.634 28489-28501/? I/hw-BpHwBinder: onLastStrongRef automatically unlinking death recipients
03-27 15:45:58.634 578-7319/? I/hw-BpHwBinder: onLastStrongRef automatically unlinking death recipients
03-27 15:45:58.634 578-7319/? I/hw-BpHwBinder: onLastStrongRef automatically unlinking death recipients
03-27 15:45:58.635 578-7319/? V/C2Store: in ~ComponentModule
03-27 15:45:58.635 578-7319/? V/C2Store: unloading dll
03-27 15:45:58.635 28489-28489/? I/BpBinder: onLastStrongRef automatically unlinking death recipients: <uncached descriptor>
03-27 15:45:58.646 482-520/? W/TransactionTracing: Could not find layer handle 0x7321fa257b70
03-27 15:45:58.654 1876-3215/? I/MediaProvider: Begin Intent { act=android.intent.action.MEDIA_SCANNER_SCAN_FILE dat=file:///... flg=0x1400010 cmp=com.google.android.providers.media.module/com.android.providers.media.MediaService }
03-27 15:45:58.655 28489-28489/? D/ScreenRecord: success
03-27 15:45:58.655 28489-28489/? I/BpBinder: onLastStrongRef automatically unlinking death recipients: <uncached descriptor>
03-27 15:45:58.656 28489-28489/? I/BpBinder: onLastStrongRef automatically unlinking death recipients: <uncached descriptor>
03-27 15:45:58.657 578-7319/? D/BufferPoolAccessor2.0: Destruction - bufferpool2 0x753898b010f8 cached: 0/0M, 0/0% in use; allocs: 14, 86% recycled; transfers: 14, 86% unfetched
03-27 15:45:58.676 1876-3215/? V/MediaProvider: Inserted id:1000000111 less than next row id backup:1000001000.
03-27 15:45:58.678 1876-3215/? I/MediaProvider: End Intent { act=android.intent.action.MEDIA_SCANNER_SCAN_FILE dat=file:///... flg=0x1400010 cmp=com.google.android.providers.media.module/com.android.providers.media.MediaService }
03-27 15:45:58.696 1394-19817/? I/NetworkScheduler.Stats: Task com.google.android.gms/com.google.android.gms.ipa.base.IpaGcmTaskService started execution. cause:9 exec_start_elapsed_seconds: 4183 [CONTEXT service_id=218 ]
03-27 15:45:58.699 1394-26677/? I/NetworkScheduler.Stats: Task com.google.android.gms/com.google.android.gms.ipa.base.IpaGcmTaskService finished executing. cause:9 result: 1 elapsed_millis: 10 uptime_millis: 10 exec_start_elapsed_seconds: 4183 [CONTEXT service_id=218 ]
03-27 15:45:59.014 19748-19748/? I/ProvidersCache: Updating roots due to change on user 0at content://com.android.providers.media.documents/root
03-27 15:45:59.020 19748-28593/? I/ProvidersCache: Provider returned no roots. Possibly naughty: com.google.android.apps.docs.storage
03-27 15:45:59.034 429-429/? I/Zygote: Process 28462 exited due to signal 9 (Killed)
03-27 15:29:51.853 0-0/? W/binder_cleanup_transaction: 1 callbacks suppressed
03-27 15:29:51.903 0-0/? I/binder: undelivered transaction 915637, process died.
03-27 15:29:51.949 0-0/? I/binder: undelivered TRANSACTION_COMPLETE
03-27 15:45:59.224 672-2070/? V/ActivityManager: Got obituary of 28462:com.example
03-27 15:29:51.989 0-0/? I/binder: undelivered transaction 915629, process died.
03-27 15:29:52.044 0-0/? I/binder: undelivered transaction 915672, process died.
03-27 15:29:52.091 0-0/? I/binder: undelivered transaction 915647, process died.
03-27 15:45:59.320 672-704/? W/ActivityManager: setHasOverlayUi called on unknown pid: 28462
03-27 15:45:59.330 1876-2098/? I/MediaProvider: Deleted 0 0 0 1 0 0 0 items on external_primary due to com.android.shell
