03-27 15:46:00.089 428-28649/? I/resolv: GetAddrInfoHandler::run: {101 101 101 983141 10181 0}
03-27 15:46:00.105 1876-2098/? W/MediaProvider: isAppCloneUserPair for user 0: false
03-27 15:46:00.105 28621-28644/? E/TestRunner: failed: testVmState(com.example.ConsoleActivityTest)
03-27 15:46:00.105 28621-28644/? E/TestRunner: ----- begin exception -----
03-27 15:46:00.106 28621-28644/? E/TestRunner: java.lang.AssertionError: No access to console port: host = null, port = null, token = 
03-27 15:46:00.106 28621-28644/? E/TestRunner: 	at com.malinskiy.adam.junit4.android.rule.EmulatorConsoleRule$apply$1.evaluate(EmulatorConsoleRule.kt:58)
03-27 15:46:00.106 28621-28644/? E/TestRunner: 	
03-27 15:46:00.106 28621-28644/? E/TestRunner: at org.junit.runners.ParentRunner$3.evaluate(ParentRunner.java:306)
03-27 15:46:00.106 28621-28644/? E/TestRunner: 	at org.junit.runners.BlockJUnit4ClassRunner$1.evaluate(BlockJUnit4ClassRunner.java:100)
03-27 15:46:00.106 28621-28644/? E/TestRunner: 	at org.junit.runners.ParentRunner.runLeaf(ParentRunner.java:366)
03-27 15:46:00.106 28621-28644/? E/TestRunner: 	at org.junit.runners.BlockJUnit4ClassRunner.runChild(BlockJUnit4ClassRunner.java:103)
03-27 15:46:00.106 28621-28644/? E/TestRunner: 	at org.junit.runners.BlockJUnit4ClassRunner.runChild(BlockJUnit4ClassRunner.java:63)
03-27 15:46:00.106 28621-28644/? E/TestRunner: 	at org.junit.runners.ParentRunner$4.run(ParentRunner.java:331)
03-27 15:46:00.106 28621-28644/? E/TestRunner: 	at org.junit.runners.ParentRunner$1.schedule(ParentRunner.java:79)
03-27 15:46:00.106 28621-28644/? E/TestRunner: 	at org.junit.runners.ParentRunner.runChildren(ParentRunner.java:329)
03-27 15:46:00.106 28621-28644/? E/TestRunner: 	at org.junit.runners.ParentRunner.access$100(ParentRunner.java:66)
03-27 15:46:00.106 28621-28644/? E/TestRunner: 	at org.junit.runners.ParentRunner$2.evaluate(ParentRunner.java:293)
03-27 15:46:00.106 28621-28644/? E/TestRunner: 	at org.junit.runners.ParentRunner$3.evaluate(ParentRunner.java:306)
03-27 15:46:00.106 28621-28644/? E/TestRunner: 	at org.junit.runners.ParentRunner.run(ParentRunner.java:413)
03-27 15:46:00.106 28621-28644/? E/TestRunner: 	at androidx.test.ext.junit.runners.AndroidJUnit4.run(AndroidJUnit4.java:162)
03-27 15:46:00.106 28621-28644/? E/TestRunner: 	at io.qameta.allure.android.runners.AllureAndroidJUnit4.run(AllureAndroidJUnitRunners.kt:29)
03-27 15:46:00.106 28621-28644/? E/TestRunner: 	at org.junit.runners.Suite.runChild(Suite.java:128)
03-27 15:46:00.106 28621-28644/? E/TestRunner: 	at org.junit.runners.Suite.runChild(Suite.java:27)
03-27 15:46:00.106 28621-28644/? E/TestRunner: 	at org.junit.runners.ParentRunner$4.run(ParentRunner.java:331)
03-27 15:46:00.106 28621-28644/? E/TestRunner: 	at org.junit.runners.ParentRunner$1.schedule(ParentRunner.java:79)
03-27 15:46:00.106 28621-28644/? E/TestRunner: 	at org.junit.runners.ParentRunner.runChildren(ParentRunner.java:329)
03-27 15:46:00.106 28621-28644/? E/TestRunner: 	at org.junit.runners.ParentRunner.access$100(ParentRunner.java:66)
03-27 15:46:00.106 28621-28644/? E/TestRunner: 	at org.junit.runners.ParentRunner$2.evaluate(ParentRunner.java:293)
03-27 15:46:00.106 28621-28644/? E/TestRunner: 	at org.junit.runners.ParentRunner$3.evaluate(ParentRunner.java:306)
03-27 15:46:00.106 28621-28644/? E/TestRunner: 	at org.junit.runners.ParentRunner.run(ParentRunner.java:413)
03-27 15:46:00.106 28621-28644/? E/TestRunner: 	at org.junit.runner.JUnitCore.run(JUnitCore.java:137)
03-27 15:46:00.106 28621-28644/? E/TestRunner: 	at org.junit.runner.JUnitCore.run(JUnitCore.java:115)
03-27 15:46:00.106 28621-28644/? E/TestRunner: 	at androidx.test.internal.runner.TestExecutor.execute(TestExecutor.java:67)
03-27 15:46:00.106 28621-28644/? E/TestRunner: 	at androidx.test.internal.runner.TestExecutor.execute(TestExecutor.java:58)
03-27 15:46:00.106 28621-28644/? E/TestRunner: 	at androidx.test.runner.AndroidJUnitRunner.onStart(AndroidJUnitRunner.java:446)
03-27 15:46:00.106 28621-28644/? E/TestRunner: 	at android.app.Instrumentation$InstrumentationThread.run(Instrumentation.java:2361)
03-27 15:46:00.106 28621-28644/? E/TestRunner: ----- end exception -----
03-27 15:46:00.106 1876-2098/? V/MediaProvider: Inserted id:1000000112 less than next row id backup:1000001000.
03-27 15:46:00.107 28621-28644/? I/TestRunner: finished: testVmState(com.example.ConsoleActivityTest)
03-27 15:46:00.109 28648-28648/? D/MediaCodecList: codecHandlesFormat: no format, so no extra checks
03-27 15:46:00.114 28648-28653/? D/CCodec: allocate(c2.android.avc.encoder)
03-27 15:46:00.118 28648-28653/? I/Codec2Client: Available Codec2 services: "default" "software"
03-27 15:46:00.119 28621-28644/? I/TestRunner: run finished: 1 tests, 1 failed, 0 ignored
03-27 15:46:00.122 28648-28653/? I/CCodec: setting up 'default' as default (vendor) store
03-27 15:46:00.124 578-7319/? V/C2Store: in init
03-27 15:46:00.124 578-7319/? V/C2Store: loading dll
03-27 15:46:00.124 672-2086/? I/ActivityManager: Force stopping com.example appid=10181 user=0: finished inst
03-27 15:46:00.125 672-2086/? I/ActivityManager: Killing 28621:com.example/u0a181 (adj 0): stop com.example due to finished inst
03-27 15:46:00.125 578-7319/? I/mediaswcodec: missing struct descriptor #Param::CoreIndex(--004) for field values of struct #Param::CoreIndex(F-12004)
03-27 15:46:00.125 578-7319/? I/mediaswcodec: missing struct descriptor #Param::CoreIndex(--1812) for field values of struct #Param::CoreIndex(F-11812)
03-27 15:46:00.125 578-7319/? I/mediaswcodec: missing struct 
03-27 15:46:00.125 578-7319/? I/mediaswcodec: descriptor #Param::CoreIndex(--004) for field values of struct #Param::CoreIndex(F-12004)
03-27 15:46:00.125 578-7319/? I/mediaswcodec: missing struct descriptor #Param::CoreIndex(--1812) for field values of struct #Param::CoreIndex(F-11812)
03-27 15:46:00.125 28601-28601/? I/app_process: System.exit called, status: 0
03-27 15:46:00.126 28601-28601/? I/AndroidRuntime: VM exiting with result code 0.
03-27 15:46:00.126 28648-28653/? I/CCodec: Created component [c2.android.avc.encoder]
03-27 15:46:00.126 28648-28653/? D/CCodecConfig: read media type: video/avc
03-27 15:46:00.127 28648-28653/? D/ReflectedParamUpdater: extent() != 1 for single value type: algo.buffers.max-count.values
03-27 15:46:00.127 28648-28653/? D/ReflectedParamUpdater: extent() != 1 for single value type: output.subscribed-indices.values
03-27 15:46:00.127 28648-28653/? D/ReflectedParamUpdater: extent() != 1 for single value type: input.buffers.allocator-ids.values
03-27 15:46:00.127 28648-28653/? D/ReflectedParamUpdater: extent() != 1 for single value type: output.buffers.allocator-ids.values
03-27 15:46:00.127 28648-28653/? D/ReflectedParamUpdater: extent() != 1 for single value type: algo.buffers.allocator-ids.values
03-27 15:46:00.128 28648-28653/? D/ReflectedParamUpdater: extent() != 1 for single value type: output.buffers.pool-ids.values
03-27 15:46:00.128 28648-28653/? D/ReflectedParamUpdater: extent() != 1 for single value type: algo.buffers.pool-ids.values
03-27 15:46:00.128 28648-28653/? D/ReflectedParamUpdater: ignored struct field coding.gop.values
03-27 15:46:00.129 28648-28653/? D/ReflectedParamUpdater: ignored struct field coding.qp.values
03-27 15:46:00.129 28648-28653/? D/CCodecConfig: ignoring local param raw.color (0xc2001809) as it is already supported
03-27 15:46:00.129 28648-28653/? I/CCodecConfig: query failed after returning 12 values (BAD_INDEX)
03-27 15:46:00.130 28648-28653/? D/CCodecConfig: c2 config diff is Dict {
03-27 15:46:00.130 28648-28653/? D/CCodecConfig:   c2::i32 coded.average-qp.value = 0
03-27 15:46:00.130 28648-28653/? D/CCodecConfig:   c2::u32 coded.bitrate.value = 64000
03-27 15:46:00.130 28648-28653/? D/CCodecConfig:   c2::float coded.frame-rate.value = 1
03-27 15:46:00.130 28648-28653/? D/CCodecConfig:   c2::u32 coded.picture-type.value = 0
03-27 15:46:00.130 28648-28653/? D/CCodecConfig:   c2::u32 coded.pl.level = 20492
03-27 15:46:00.130 28648-28653/? D/CCodecConfig:   c2::u32 coded.pl.profile = 20481
03-27 15:46:00.130 28648-28653/? D/CCodecConfig:   c2::u32 coded.vui.color.matrix = 0
03-27 15:46:00.130 28648-28653/? D/CCodecConfig:   c2::u32 coded.vui.color.primaries = 0
03-27 15:46:00.130 28648-28653/? D/CCodecConfig:   c2::u32 coded.vui.color.range = 0
03-27 15:46:00.130 28648-28653/? D/CCodecConfig:   c2::u32 coded.vui.color.transfer = 0
03-27 15:46:00.130 28648-28653/? D/CCodecConfig:   c2::u32 coding.intra-refresh.mode = 0
03-27 15:46:00.130 28648-28653/? D/CCodecConfig:   c2::float coding.intra-refresh.period = 0
03-27 15:46:00.130 28648-28653/? D/CCodecConfig:   c2::u32 coding.request-sync-frame.value = 0
03-27 15:46:00.130 28648-28653/? D/CCodecConfig:   c2::i64 coding.sync-frame-interval.value = 1000000
03-27 15:46:00.130 28648-28653/? D/CCodecConfig:   c2::u32 input.delay.value = 0
03-27 15:46:00.130 28648-28653/? D/CCodecConfig:   string input.media-type.value = "video/raw"
03-27 15:46:00.130 28648-28653/? D/CCodecConfig:   string output.media-type.value = "video/avc"
03-27 15:46:00.130 28648-28653/? D/CCodecConfig:   c2::u32 raw.color.matrix = 0
03-27 15:46:00.130 28648-28653/? D/CCodecConfig:   c2::u32 raw.color.primaries = 0
03-27 15:46:00.130 28648-28653/? D/CCodecConfig:   c2::u32 raw.color.range = 0
03-27 15:46:00.130 28648-28653/? D/CCodecConfig:   c2::u32 raw.color.transfer = 0
03-27 15:46:00.130 28648-28653/? D/CCodecConfig:   c2::u32 raw.size.height = 16
03-27 15:46:00.130 28648-28653/? D/CCodecConfig:   c2::u32 raw.size.width = 16
03-27 15:46:00.130 28648-28653/? D/CCodecConfig: }
03-27 15:46:00.130 28648-28653/? W/ColorUtils: expected specified color aspects (0:0:0:0)
03-27 15:46:00.130 672-714/? I/libprocessgroup: Successfully killed process cgroup uid 10181 pid 28621 in 5ms
03-27 15:46:00.132 28648-28648/? D/CodecSeeding: Seed: codec c2.android.avc.encoder, mediatype video/avc, overrideable 1
03-27 15:46:00.132 28648-28648/? D/CodecProperties: setTuningValue(vq-target-bpp,0)
03-27 15:46:00.132 28648-28648/? D/CodecProperties: setTuningValue(vq-target-bpp-1080p,1.90)
03-27 15:46:00.132 28648-28648/? D/CodecProperties: setTuningValue(vq-target-bpp-720p,2.25)
03-27 15:46:00.132 28648-28648/? D/CodecProperties: setTuningValue(vq-target-bpp-540p,2.65)
03-27 15:46:00.132 28648-28648/? D/CodecProperties: setTuningValue(vq-target-bpp-480p,3.00)
03-27 15:46:00.132 28648-28648/? D/CodecProperties: setTuningValue(vq-target-bpp-320x240,0)
03-27 15:46:00.132 28648-28648/? D/CodecProperties: setTuningValue(vq-target-qpmax,-1)
03-27 15:46:00.132 28648-28648/? D/CodecProperties: setTuningValue(vq-target-qpmax-1080p,45)
03-27 15:46:00.132 28648-28648/? D/CodecProperties: setTuningValue(vq-target-qpmax-720p,43)
03-27 15:46:00.132 28648-28648/? D/CodecProperties: setTuningValue(vq-target-qpmax-540p,42)
03-27 15:46:00.132 28648-28648/? D/CodecProperties: setTuningValue(vq-target-qpmax-480p,38)
03-27 15:46:00.132 28648-28648/? D/CodecProperties: setTuningValue(vq-bitrate-phaseout,1.75)
03-27 15:46:00.132 28648-28648/? D/CodecProperties: setTuningValue(vq-boost-missing-qp,0.20)
03-27 15:46:00.132 28648-28648/? D/CodecProperties: setFeatureValue(intra-refresh,0)
03-27 15:46:00.132 28648-28648/? D/CodecProperties: setFeatureValue(qp-bounds,0)
03-27 15:46:00.132 28648-28648/? D/CodecProperties: setFeatureValue(_vq_eligible.device,1)
03-27 15:46:00.132 28648-28648/? D/CodecProperties: setFeatureValue(_quality.target,1)
03-27 15:46:00.132 28648-28648/? D/CodecSeeding: Seed: codec c2.android.avc.encoder, mediatype video/avc
03-27 15:46:00.132 28648-28648/? D/CodecSeeding: , overrideable 0
03-27 15:46:00.132 28648-28648/? D/VQApply: raise bitrate: configured 1000000 to floor 2073600
03-27 15:46:00.132 28648-28648/? D/VQApply: minquality by QP: inject video-qp-max=43
03-27 15:46:00.132 28648-28648/? D/VQApply: minquality/target bitrate raised from 1000000 to 2073600 bps
03-27 15:46:00.132 28648-28648/? D/MediaCodec: shapeMediaFormat: deltas(6): AMessage(what = 0x00000000) = {
03-27 15:46:00.132 28648-28648/? D/MediaCodec:     int32_t bitrate = 2073600
03-27 15:46:00.132 28648-28648/? D/MediaCodec:     int32_t android._encoding-quality-level = 0
03-27 15:46:00.132 28648-28648/? D/MediaCodec:     int32_t video-qp-max = 43
03-27 15:46:00.132 28648-28648/? D/MediaCodec:     int32_t video-qp-i-max = 43
03-27 15:46:00.132 28648-28648/? D/MediaCodec:     int32_t video-qp-p-max = 46
03-27 15:46:00.132 28648-28648/? D/MediaCodec:     int32_t video-qp-b-max = 49
03-27 15:46:00.132 28648-28648/? D/MediaCodec:   }
03-27 15:46:00.132 28648-28653/? D/CCodec: [c2.android.avc.encoder] buffers are bound to CCodec for this session
03-27 15:46:00.132 28648-28653/? D/CCodecConfig: no c2 equivalents for color-format
03-27 15:46:00.132 28648-28653/? D/CCodecConfig: no c2 equivalents for max-bframes
03-27 15:46:00.132 28648-28653/? D/CCodecConfig: no c2 equivalents for video-qp-max
03-27 15:46:00.132 28648-28653/? D/CCodecConfig: no c2 equivalents for video-qp-i-max
03-27 15:46:00.132 28648-28653/? D/CCodecConfig: no c2 equivalents for video-qp-p-max
03-27 15:46:00.132 28648-28653/? D/CCodecConfig: no c2 equivalents for video-qp-b-max
03-27 15:46:00.132 28648-28653/? D/CCodecConfig: no c2 equivalents for flags
03-27 15:46:00.132 28648-28653/? D/CCodecConfig: no c2 equivalents for encoder
03-27 15:46:00.133 28648-28653/? D/CCodecConfig: c2 config diff is   c2::u32 coded.bitrate.value = 2073600
03-27 15:46:00.133 28648-28653/? D/CCodecConfig:   c2::float coded.frame-rate.value = 60
03-27 15:46:00.133 28648-28653/? D/CCodecConfig:   c2::i64 coding.sync-frame-interval.value = 10000000
03-27 15:46:00.133 28648-28653/? D/CCodecConfig:   c2::u32 raw.size.height = 1280
03-27 15:46:00.133 28648-28653/? D/CCodecConfig:   c2::u32 raw.size.width = 720
03-27 15:46:00.133 28648-28653/? W/ColorUtils: expected specified color aspects (0:0:0:0)
03-27 15:46:00.133 28648-28653/? D/CCodec: encoding statistics level = 0
03-27 15:46:00.133 28648-28653/? D/CCodec: setup formats input: AMessage(what = 0x00000000) = {
03-27 15:46:00.133 28648-28653/? D/CCodec:   Rect crop(0, 0, 719, 1279)
03-27 15:46:00.133 28648-28653/? D/CCodec:   int32_t color-standard = 0
03-27 15:46:00.133 28648-28653/? D/CCodec:   int32_t color-range = 0
03-27 15:46:00.133 28648-28653/? D/CCodec:   int32_t color-transfer = 0
03-27 15:46:00.133 28648-28653/? D/CCodec:   int32_t frame-rate = 60
03-27 15:46:00.133 28648-28653/? D/CCodec:   int32_t height = 1280
03-27 15:46:00.133 28648-28653/? D/CCodec:   int32_t intra-refresh-period = 0
03-27 15:46:00.133 28648-28653/? D/CCodec:   string mime = "video/raw"
03-27 15:46:00.133 28648-28653/? D/CCodec:   int32_t video-qp-average = 0
03-27 15:46:00.133 28648-28653/? D/CCodec:   int32_t width = 720
03-27 15:46:00.133 28648-28653/? D/CCodec:   int32_t android._dataspace = 0
03-27 15:46:00.133 28648-28653/? D/CCodec:   int32_t using-sw-read-often = 1
03-27 15:46:00.133 28648-28653/? D/CCodec:   int64_t android._C2MemoryUsage = 1
03-27 15:46:00.133 28648-28653/? D/CCodec:   int32_t color-format = 2130708361
03-27 15:46:00.133 28648-28653/? D/CCodec:   int32_t android._color-format = 2130708361
03-27 15:46:00.133 28648-28653/? D/CCodec: }
03-27 15:46:00.133 28648-28653/? D/CCodec: setup formats output: AMessage(what = 0x00000000) = {
03-27 15:46:00.133 28648-28653/? D/CCodec:   int32_t bitrate = 2073600
03-27 15:46:00.133 28648-28653/? D/CCodec:   Rect crop(0, 0, 719, 1279)
03-27 15:46:00.133 28648-28653/? D/CCodec:   int32_t color-standard = 0
03-27 15:46:00.133 28648-28653/? D/CCodec:   int32_t color-range = 0
03-27 15:46:00.133 28648-28653/? D/CCodec:   int32_t color-transfer = 0
03-27 15:46:00.133 28648-28653/? D/CCodec:   int32_t frame-rate = 60
03-27 15:46:00.133 28648-28653/? D/CCodec:   int32_t height = 1280
03-27 15:46:00.133 28648-28653/? D/CCodec:   int32_t intra-refresh-period = 0
03-27 15:46:00.133 28648-28653/? D/CCodec:   int32_t level = 4096
03-27 15:46:00.133 28648-28653/? D/CCodec:   int32_t max-bitrate = 2073600
03-27 15:46:00.133 28648-28653/? D/CCodec:   string mime = "video/avc"
03-27 15:46:00.133 28648-28653/? D/CCodec:   int32_t profile = 65536
03-27 15:46:00.133 28648-28653/? D/CCodec:   int32_t video-qp-average = 0
03-27 15:46:00.133 28648-28653/? D/CCodec:   int32_t width = 720
03-27 15:46:00.133 28648-28653/? D/CCodec: }
03-27 15:46:00.133 28648-28653/? I/CCodecConfig: query failed after returning 13 values (BAD_INDEX)
03-27 15:46:00.134 28648-28653/? D/CCodec: input format changed to AMessage(what = 0x00000000) = {
03-27 15:46:00.134 28648-28653/? D/CCodec:   Rect crop(0, 0, 719, 1279)
03-27 15:46:00.134 28648-28653/? D/CCodec:   int32_t color-standard = 1
03-27 15:46:00.134 28648-28653/? D/CCodec:   int32_t color-range = 2
03-27 15:46:00.134 28648-28653/? D/CCodec:   int32_t color-transfer = 3
03-27 15:46:00.134 28648-28653/? D/CCodec:   int32_t frame-rate = 60
03-27 15:46:00.134 28648-28653/? D/CCodec:   int32_t height = 1280
03-27 15:46:00.134 28648-28653/? D/CCodec:   int32_t intra-refresh-period = 0
03-27 15:46:00.134 28648-28653/? D/CCodec:   string mime = "video/raw"
03-27 15:46:00.134 28648-28653/? D/CCodec:   int32_t video-qp-average = 0
03-27 15:46:00.134 28648-28653/? D/CCodec:   int32_t width = 720
03-27 15:46:00.134 28648-28653/? D/CCodec:   int32_t android._dataspace = 260
03-27 15:46:00.134 28648-28653/? D/CCodec:   int32_t using-sw-read-often = 1
03-27 15:46:00.134 28648-28653/? D/CCodec:   int64_t android._C2MemoryUsage = 1
03-27 15:46:00.134 28648-28653/? D/CCodec:   int32_t color-format = 2130708361
03-27 15:46:00.134 28648-28653/? D/CCodec:   int32_t android._color-format = 2130708361
03-27 15:46:00.134 28648-28653/? D/CCodec: }
03-27 15:46:00.134 28648-28653/? D/GraphicBufferSource: setting dataspace: 0x104, acquired=0
03-27 15:46:00.134 28648-28653/? D/CCodec: ISConfig not changed
03-27 15:46:00.134 28648-28653/? W/Codec2Client: query -- param skipped: index = 1342179345.
03-27 15:46:00.134 28648-28653/? W/Codec2Client: query -- param skipped: index = 2415921170.
03-27 15:46:00.134 28648-28653/? D/CCodecBufferChannel: [c2.android.avc.encoder#130] Using basic input block pool with poolID 1 => got 1 - OK (0)
03-27 15:46:00.134 28648-28653/? D/C2Store: Using DMABUF Heaps
03-27 15:46:00.135 28648-28653/? I/CCodecBufferChannel: [c2.android.avc.encoder#130] Created output block pool with allocatorID 16 => poolID 93 - OK
03-27 15:46:00.135 28648-28653/? D/CCodecBufferChannel: [c2.android.avc.encoder#130] Configured output block pool ids 93 => OK
03-27 15:46:00.135 570-7511/? W/ResourceManagerService: Ignoring request to add new resource entry with value <= 0
03-27 15:46:00.140 1394-19817/? I/NetworkScheduler.Stats: Task com.google.android.gms/com.google.android.gms.ipa.base.IpaGcmTaskService started execution. cause:9 exec_start_elapsed_seconds: 4184 [CONTEXT service_id=218 ]
03-27 15:46:00.142 1394-14480/? I/NetworkScheduler.Stats: Task com.google.android.gms/com.google.android.gms.ipa.base.IpaGcmTaskService finished executing. cause:9 result: 1 elapsed_millis: 8 uptime_millis: 8 exec_start_elapsed_seconds: 4184 [CONTEXT service_id=218 ]
03-27 15:29:52.965 0-0/? I/binder: undelivered TRANSACTION_COMPLETE
03-27 15:29:52.966 0-0/? I/binder: undelivered transaction 917337, process died.
03-27 15:46:00.146 672-2376/? V/ActivityManager: Got obituary of 28621:com.example
03-27 15:46:00.146 429-429/? I/Zygote: Process 28621 exited due to signal 9 (Killed)
03-27 15:46:00.174 279-279/? I/hwservicemanager: getTransport: Cannot find entry android.hardware.graphics.mapper@4.0::IMapper/default in either framework or device VINTF manifest.
03-27 15:46:00.174 28648-28651/? I/Gralloc4: mapper 4.x is not supported
03-27 15:46:00.174 1876-1994/? I/MediaProvider: Deleted 0 0 0 1 0 0 0 items on external_primary due to com.android.shell
03-27 15:46:00.176 1876-1994/? W/MediaProvider: isAppCloneUserPair for user 0: false
03-27 15:46:00.176 1876-1994/? V/MediaProvider: Inserted id:1000000112 less than next row id backup:1000001000.
03-27 15:46:00.177 28648-28648/? D/MPEG4Writer: PreAllocation enabled
03-27 15:46:00.180 28648-28651/? D/HostConnection: createUnique: call
03-27 15:46:00.180 28648-28651/? D/HostConnection: HostConnection::get() New Host Connection established 0x77cb1aea4850, tid 28651
03-27 15:46:00.180 28648-28651/? D/goldfish-address-space: allocate: Ask for block of size 0x100
03-27 15:46:00.180 28648-28651/? D/goldfish-address-space: allocate: ioctl allocate returned offset 0x3e7ffe000 size 0x2000
03-27 15:46:00.200 279-279/? I/hwservicemanager: getTransport: Cannot find entry android.hardware.graphics.allocator@4.0::IAllocator/default in either framework or device VINTF manifest.
03-27 15:46:00.200 278-278/? I/servicemanager: Could not find android.hardware.graphics.allocator.IAllocator/default in the VINTF manifest.
03-27 15:46:00.200 28648-28651/? W/Gralloc4: allocator 4.x is not supported
03-27 15:46:00.202 450-484/? D/goldfish-address-space: claimShared: Ask to claim region [0x3e9cf4000 0x3ea078000]
03-27 15:46:00.208 28648-28651/? D/HostConnection: HostComposition ext ANDROID_EMU_CHECKSUM_HELPER_v1 ANDROID_EMU_native_sync_v2 ANDROID_EMU_native_sync_v3 ANDROID_EMU_native_sync_v4 ANDROID_EMU_dma_v1 ANDROID_EMU_direct_mem ANDROID_EMU_host_composition_v1 ANDROID_EMU_host_composition_v2 ANDROID_EMU_vulkan ANDROID_EMU_deferred_vulkan_commands ANDROID_EMU_vulkan_null_optional_strings ANDROID_EMU_vulkan_create_resources_with_requ
03-27 15:46:00.208 28648-28651/? D/HostConnection: irements ANDROID_EMU_YUV_Cache ANDROID_EMU_vulkan_ignored_handles ANDROID_EMU_has_shared_slots_host_memory_allocator ANDROID_EMU_vulkan_free_memory_sync ANDROID_EMU_vulkan_shader_float16_int8 ANDROID_EMU_vulkan_async_queue_submit ANDROID_EMU_vulkan_queue_submit_with_commands ANDROID_EMU_sync_buffer_data ANDROID_EMU_vulkan_async_qsri ANDROID_EMU_read_color_buffer_dma ANDROID_EMU_hwc_multi_configs GL_OES_EGL_image_external_essl3 GL_OES_vertex_array_object GL_KHR_texture_compression_astc_ldr ANDROID_EMU_host_side_tracing ANDROID_EMU_gles_max_version_3_1 
03-27 15:46:00.209 1394-19817/? I/NetworkScheduler.Stats: Task com.google.android.gms/com.google.android.gms.ipa.base.IpaGcmTaskService started execution. cause:9 exec_start_elapsed_seconds: 4185 [CONTEXT service_id=218 ]
03-27 15:46:00.212 28648-28651/? D/GraphicBufferSource: got buffer with new dataSpace #104
03-27 15:46:00.212 28648-28651/? D/C2OMXNode: dataspace changed to 0x104 pixel format: 0x1
03-27 15:46:00.214 279-279/? I/hwservicemanager: getTransport: Cannot find entry android.hardware.graphics.mapper@4.0::IMapper/default in either framework or device VINTF manifest.
03-27 15:46:00.216 578-28664/? D/SimpleC2Component: Using output block pool with poolID 93 => got 93 - 0
03-27 15:46:00.216 578-28664/? D/SimpleC2Component: applied 2 configUpdates => BAD_INDEX (6)
03-27 15:46:00.216 578-28664/? D/C2SoftAvcEnc: Params width 720 height 1280 level 41 colorFormat 0 bframes 0
03-27 15:46:00.217 1394-14480/? I/NetworkScheduler.Stats: Task com.google.android.gms/com.google.android.gms.ipa.base.IpaGcmTaskService finished executing. cause:9 result: 1 elapsed_millis: 18 uptime_millis: 18 exec_start_elapsed_seconds: 4185 [CONTEXT service_id=218 ]
03-27 15:46:00.228 578-28664/? E/C2SoftAvcEnc: Unable to set air params = 0x1ad
03-27 15:46:00.241 28648-28653/? D/CCodecConfig: c2 config diff is   Buffer coded.init-data.value = {
03-27 15:46:00.241 28648-28653/? D/CCodecConfig:     00000000:  00 00 00 01 67 42 c0 29  8d 68 0b 40 a1 a4 20 20  ....gB.).h.@..  
03-27 15:46:00.241 28648-28653/? D/CCodecConfig:     00000010:  20 20 f0 88 46 a0 00 00  00 01 68 ce 01 a8 35 c8    ..F.....h...5.
03-27 15:46:00.241 28648-28653/? D/CCodecConfig:   }
03-27 15:46:00.243 28648-28648/? D/MPEG4Writer: fpathconf _PC_FILESIZEBITS:64
03-27 15:46:00.243 28648-28648/? D/MPEG4Writer: File size limit set to 4503599627370495 bytes implicitly
03-27 15:46:00.243 28648-28648/? D/MPEG4Writer: MP4WtrCtrlHlpLooper Started
03-27 15:46:00.243 28648-28648/? I/MPEG4Writer: limits: 4503599627370495/0 bytes/us, bit rate: -1 bps and the estimated moov size 3192 bytes
03-27 15:46:00.244 28648-28652/? D/CCodecBufferChannel: [c2.android.avc.encoder#130] MediaCodec discarded an unknown buffer
03-27 15:46:00.244 28648-28652/? D/CCodecBufferChannel: [c2.android.avc.encoder#130] MediaCodec discarded an unknown buffer
03-27 15:46:00.244 28648-28648/? D/MPEG4Writer: reset()
03-27 15:46:00.244 28648-28648/? D/MPEG4Writer: Video track stopping. Stop source
03-27 15:46:00.244 28648-28648/? D/MPEG4Writer: Video track source stopping
03-27 15:46:00.244 28648-28648/? D/MPEG4Writer: Video track source stopped
03-27 15:46:00.244 28648-28678/? V/MediaWriter: Track event err/info msg:101, trackId:2, type:1000,val:-1011
03-27 15:46:00.244 28648-28677/? V/MediaWriter: Track event err/info msg:101, trackId:1, type:1000,val:-1011
03-27 15:46:00.244 28648-28677/? V/MediaWriter: [ 0
03-27 15:46:00.244 28648-28677/? V/MediaWriter: 3-27 15:46:00.244 28648:28678 I/MPEG4Writer ]
03-27 15:46:00.244 28648-28677/? V/MediaWriter: Received total/0-length (0/0) buffers and encoded 0 frames. - Metadata
03-27 15:46:00.244 28648-28677/? I/MPEG4Writer: Received total/0-length (0/0) buffers and encoded 0 frames. - Video
03-27 15:46:00.245 28648-28648/? D/MPEG4Writer: Video track stopped. Status:0. Stop source
03-27 15:46:00.245 28648-28648/? D/MPEG4Writer: Metadata track stopping. Stop source
03-27 15:46:00.245 28648-28648/? D/MPEG4Writer: Metadata track source stopping
03-27 15:46:00.245 28648-28648/? D/MPEG4Writer: Metadata track source stopped
03-27 15:46:00.245 28648-28648/? D/MPEG4Writer: Metadata track stopped. Status:0. Stop source
03-27 15:46:00.245 28648-28648/? D/MPEG4Writer: Duration from tracks range is [0, 0] us
03-27 15:46:00.245 28648-28675/? D/MPEG4Writer: 0 chunks are written in the last batch
03-27 15:46:00.245 28648-28648/? D/MPEG4Writer: WriterThread stopped. Status:0
03-27 15:46:00.245 28648-28648/? I/MPEG4Writer: Adjust the moov start time from -1 us -> -1 us
03-27 15:46:00.245 28648-28648/? I/MPEG4Writer: MOOV atom was written to the file
03-27 15:46:00.245 28648-28648/? D/MPEG4Writer: release()
03-27 15:46:00.245 28648-28648/? D/MPEG4Writer: ftruncate mPreAllocateFileEndOffset:0 mOffset:770 mMdatEndOffset:3232 diff:-3232
03-27 15:46:00.246 28648-28648/? D/MPEG4Writer: final fsync() takes 1 ms, file size 3232
03-27 15:46:00.246 28648-28648/? D/MPEG4Writer: MP4WtrCtrlHlpLooper stopped
03-27 15:46:00.246 28648-28648/? D/MPEG4Writer: Top 5 write durations(microseconds): #1:0 #2:1 #3:1 #4:6 #5:246
03-27 15:46:00.248 28648-28653/? I/hw-BpHwBinder: onLastStrongRef automatically unlinking death recipients
03-27 15:46:00.248 578-578/? I/hw-BpHwBinder: onLastStrongRef automatically unlinking death recipients
03-27 15:46:00.248 578-578/? I/hw-BpHwBinder: onLastStrongRef automatically unlinking death recipients
03-27 15:46:00.249 578-578/? V/C2Store: in ~ComponentModule
03-27 15:46:00.249 578-578/? V/C2Store: unloading dll
03-27 15:46:00.249 28648-28648/? I/BpBinder: onLastStrongRef automatically unlinking death recipients: <uncached descriptor>
03-27 15:46:00.271 1876-3215/? I/MediaProvider: Begin Intent { act=android.intent.action.MEDIA_SCANNER_SCAN_FILE dat=file:///... flg=0x1400010 cmp=com.google.android.providers.media.module/com.android.providers.media.MediaService }
03-27 15:46:00.272 28648-28648/? D/ScreenRecord: success
03-27 15:46:00.273 28648-28648/? I/BpBinder: onLastStrongRef automatically unlinking death recipients: <uncached descriptor>
03-27 15:46:00.274 28648-28648/? I/BpBinder: onLastStrongRef automatically unlinking death recipients: <uncached descriptor>
03-27 15:46:00.275 578-578/? D/BufferPoolAccessor2.0: Destruction - bufferpool2 0x753898b02378 cached: 0/0M, 0/0% in use; allocs: 1, 0% recycled; transfers: 1, 0% unfetched
03-27 15:46:00.300 568-3565/? E/MPEG4Extractor: stbl atom missing/invalid.
03-27 15:46:00.302 568-3565/? E/MPEG4Extractor: stbl atom missing/invalid.
03-27 15:46:00.305 568-3565/? E/MPEG4Extractor: stbl atom missing/invalid.
03-27 15:46:00.306 568-3565/? E/MPEG4Extractor: stbl atom missing/invalid.
03-27 15:46:00.310 1876-3215/? V/MediaProvider: Inserted id:1000000112 less than next row id backup:1000001000.
03-27 15:46:00.312 1876-3215/? I/MediaProvider: End Intent { act=android.intent.action.MEDIA_SCANNER_SCAN_FILE dat=file:///... flg=0x1400010 cmp=com.google.android.providers.media.module/com.android.providers.media.MediaService }
03-27 15:46:00.323 1394-26677/? I/NetworkScheduler.Stats: Task com.google.android.gms/com.google.android.gms.ipa.base.IpaGcmTaskService started execution. cause:9 exec_start_elapsed_seconds: 4185 [CONTEXT service_id=218 ]
03-27 15:46:00.325 1394-14480/? I/NetworkScheduler.Stats: Task com.google.android.gms/com.google.android.gms.ipa.base.IpaGcmTaskService finished executing. cause:9 result: 1 elapsed_millis: 6 uptime_millis: 6 exec_start_elapsed_seconds: 4185 [CONTEXT service_id=218 ]
03-27 15:46:00.865 1876-2098/? I/MediaProvider: Deleted 0 0 0 1 0 0 0 items on external_primary due to com.android.shell
