03-27 15:45:02.421 2141-2141/? W/A: 	at com.google.android.libraries.i.p.run(PG:4)
03-27 15:45:02.421 2141-2141/? W/A: 	at java.lang.Thread.run(Thread.java:1012)
03-27 15:45:02.428 25722-25743/? I/TestRunner: run finished: 1 tests, 0 failed, 0 ignored
03-27 15:45:02.431 450-530/? D/goldfish-address-space: claimShared: Ask to claim region [0x3ec000000 0x3ec384000]
03-27 15:45:02.433 482-520/? W/TransactionTracing: Could not find layer handle 0x7321fa2567f0
03-27 15:45:02.433 482-520/? W/TransactionTracing: Could not find layer handle 0x7321fa24c3b0
03-27 15:45:02.442 672-1737/? I/ActivityManager: Force stopping com.example appid=10181 user=0: finished inst
03-27 15:45:02.447 672-1737/? I/ActivityManager: Killing 25722:com.example/u0a181 (adj 0): stop com.example due to finished inst
03-27 15:45:02.461 672-714/? I/libprocessgroup: Successfully killed process cgroup uid 10181 pid 25722 in 13ms
03-27 15:45:02.463 25702-25702/? I/app_process: System.exit called, status: 0
03-27 15:45:02.463 25702-25702/? I/AndroidRuntime: VM exiting with result code 0.
03-27 15:45:02.465 450-530/? D/goldfish-address-space: claimShared: Ask to claim region [0x3ec384000 0x3ec708000]
03-27 15:45:02.482 482-520/? W/TransactionTracing: Could not find layer handle 0x7321fa2592b0
03-27 15:45:02.482 482-520/? W/TransactionTracing: Could not find layer handle 0x7321fa2592b0
03-27 15:45:02.483 482-520/? W/TransactionTracing: Could not find layer id -1
03-27 15:45:02.483 450-530/? D/goldfish-address-space: claimShared: Ask to claim region [0x3f3399000 0x3f371d000]
03-27 15:45:02.506 578-964/? D/BufferPoolAccessor2.0: evictor expired: 1, evicted: 0
03-27 15:45:02.507 672-768/? D/WindowManager: relayoutVisibleWindow: Window{4639025 u0 Splash Screen com.example.test EXITING} mAnimatingExit=true, mRemoveOnExit=true, mDestroying=false
03-27 15:45:02.508 25747-25770/? I/MPEG4Writer: setStartTimestampUs: 4126357684
03-27 15:45:02.520 25747-25750/? W/GraphicBufferSource: released unpopulated slots: [8, 9, 10, 11, 12, 13, 14, 15, 16, 17, 18, 19, 20, 21, 22, 23, 24, 25, 26, 27, 28, 29, 30, 31, 32, 33, 34, 35, 36, 37, 38, 39, 40, 41, 42, 43, 44, 45, 46, 47, 48, 49, 50, 51, 52, 53, 54, 55, 56, 57, 58, 59, 60, 61, 62, 63]
03-27 15:45:02.527 25747-25747/? D/MPEG4Writer: reset()
03-27 15:45:02.527 25747-25769/? V/MediaWriter: Track event err/info msg:101, trackId:1, type:1000,val:-1011
03-27 15:45:02.527 25747-25747/? D/MPEG4Writer: Video track stopping. Stop source
03-27 15:45:02.527 25747-25747/? D/MPEG4Writer: Video track source stopping
03-27 15:45:02.527 25747-25747/? D/MPEG4Writer: Video track source stopped
03-27 15:45:02.527 25747-25770/? V/MediaWriter: Track event err/info ms
03-27 15:45:02.527 25747-25770/? V/MediaWriter: g:101, trackId:2, type:1000,val:-1011
03-27 15:45:02.527 25747-25770/? W/MPEG4Writer: 0-duration samples found: 1
03-27 15:45:02.527 25747-25769/? I/MPEG4Writer: Received total/0-length (34/0) buffers and encoded 34 frames. - Video
03-27 15:45:02.527 25747-25770/? I/MPEG4Writer: Received total/0-length (1/0) buffers and encoded 1 frames. - Metadata
03-27 15:45:02.527 25747-25747/? D/MPEG4Writer: Video track stopped. Status:0. Stop source
03-27 15:45:02.528 25747-25747/? D/MPEG4Writer: Metadata track stopping. Stop source
03-27 15:45:02.528 25747-25747/? D/MPEG4Writer: Metadata track source stopping
03-27 15:45:02.528 25747-25747/? D/MPEG4Writer: Metadata track source stopped
03-27 15:45:02.528 25747-25747/? D/MPEG4Writer: Metadata track stopped. Status:0. Stop source
03-27 15:45:02.528 25747-25747/? D/MPEG4Writer: Duration from tracks range is [0, 870104] us
03-27 15:45:02.528 25747-25767/? D/MPEG4Writer: 0 chunks are written in the last batch
03-27 15:45:02.528 25747-25747/? D/MPEG4Writer: WriterThread stopped. Status:0
03-27 15:45:02.528 25747-25747/? I/MPEG4Writer: Adjust the moov start time from 4126357684 us -> 4126357684 us
03-27 15:45:02.528 25747-25747/? I/MPEG4Writer: MOOV atom was written to the file
03-27 15:45:02.528 25747-25747/? D/MPEG4Writer: release()
03-27 15:45:02.528 25747-25747/? D/MPEG4Writer: ftruncate mPreAllocateFileEndOffset:70487 mOffset:1608 mMdatEndOffset:67871 diff:2616
03-27 15:45:02.531 25747-25747/? D/MPEG4Writer: final fsync() takes 2 ms, file size 67871
03-27 15:45:02.531 25747-25747/? D/MPEG4Writer: MP4WtrCtrlHlpLooper stopped
03-27 15:45:02.531 25747-25747/? D/MPEG4Writer: Top 5 write durations(microseconds): #1:11 #2:12 #3:30 #4:230 #5:453
03-27 15:45:02.532 25747-25901/? I/hw-BpHwBinder: onLastStrongRef automatically unlinking death recipients
03-27 15:45:02.533 578-7319/? I/hw-BpHwBinder: onLastStrongRef automatically unlinking death recipients
03-27 15:45:02.533 578-7319/? I/hw-BpHwBinder: onLastStrongRef automatically unlinking death recipients
03-27 15:45:02.533 578-7319/? V/C2Store: in ~ComponentModule
03-27 15:45:02.533 578-7319/? V/C2Store: unloading dll
03-27 15:45:02.544 672-704/? W/ActivityManager: setHasOverlayUi called on unknown pid: 25722
03-27 15:45:02.544 672-1737/? V/ActivityManager: Got obituary of 25722:com.example
03-27 15:45:02.545 429-429/? I/Zygote: Process 25722 exited due to signal 9 (Killed)
03-27 15:28:55.362 0-0/? I/binder: undelivered TRANSACTION_COMPLETE
03-27 15:28:55.363 0-0/? I/binder: undelivered transaction 850122, process died.
03-27 15:28:55.364 0-0/? I/binder: undelivered transaction 850111, process died.
03-27 15:45:02.548 672-686/? I/system_server: NativeAlloc concurrent copying GC freed 321801(13MB) AllocSpace objects, 7(140KB) LOS objects, 49% free, 21MB/43MB, paused 151us,111us total 187.090ms
03-27 15:45:02.554 1876-3215/? I/MediaProvider: Begin Intent { act=android.intent.action.MEDIA_SCANNER_SCAN_FILE dat=file:///... flg=0x1400010 cmp=com.google.android.providers.media.module/com.android.providers.media.MediaService }
03-27 15:45:02.554 25747-25747/? D/ScreenRecord: success
03-27 15:45:02.554 25747-25747/? I/BpBinder: onLastStrongRef automatically unlinking death recipients: <uncached descriptor>
03-27 15:45:02.555 25747-25747/? I/BpBinder: onLastStrongRef automatically unlinking death recipients: <uncached descriptor>
03-27 15:45:02.556 578-7319/? D/BufferPoolAccessor2.0: Destruction - bufferpool2 0x753898afebf8 cached: 0/0M, 0/0% in use; allocs: 35, 97% recycled
03-27 15:45:02.556 578-7319/? D/BufferPoolAccessor2.0: ; transfers: 35, 97% unfetched
03-27 15:45:02.574 1876-3215/? V/MediaProvider: Inserted id:1000000098 less than next row id backup:1000001000.
03-27 15:45:02.577 1876-3215/? I/MediaProvider: End Intent { act=android.intent.action.MEDIA_SCANNER_SCAN_FILE dat=file:///... flg=0x1400010 cmp=com.google.android.providers.media.module/com.android.providers.media.MediaService }
03-27 15:45:02.579 482-520/? W/TransactionTracing: Could not find layer id -1
03-27 15:45:02.579 482-520/? W/TransactionTracing: Could not find layer id -1
03-27 15:45:02.583 902-1191/? D/EGL_emulation: app_time_stats: avg=144.84ms min=12.74ms max=704.74ms count=7
03-27 15:45:02.594 1394-19817/? I/NetworkScheduler.Stats: Task com.google.android.gms/com.google.android.gms.ipa.base.IpaGcmTaskService started execution. cause:9 exec_start_elapsed_seconds: 4127 [CONTEXT service_id=218 ]
03-27 15:45:02.597 1394-14480/? I/NetworkScheduler.Stats: Task com.google.android.gms/com.google.android.gms.ipa.base.IpaGcmTaskService finished executing. cause:9 result: 1 elapsed_millis: 10 uptime_millis: 10 exec_start_elapsed_seconds: 4127 [CONTEXT service_id=218 ]
03-27 15:45:02.613 482-520/? W/TransactionTracing: Could not find layer id -1
03-27 15:45:02.618 902-1191/? D/EGL_emulation: app_time_stats: avg=85.99ms min=2.59ms max=629.29ms count=11
03-27 15:45:02.689 1668-1668/? I/GoogleInputMethodService: GoogleInputMethodService.onFinishInput():3220 
03-27 15:45:02.690 1668-1668/? I/GoogleInputMethodService: GoogleInputMethodService.updateDeviceLockedStatus():2114 repeatCheckTimes = 0, unlocked = true
03-27 15:45:02.690 1668-1668/? I/GoogleInputMethodService: GoogleInputMethodService.onStartInput():1919 onStartInput(EditorInfo{inputType=0x0(NULL) imeOptions=0x0 privateImeOptions=null actionName=UNSPECIFIED actionLabel=null actionId=0 initialSelStart=-1 initialSelEnd=-1 initialCapsMo
03-27 15:45:02.690 1668-1668/? I/GoogleInputMethodService: de=0x0 hintText=null label=null packageName=com.google.android.apps.nexuslauncher fieldId=-1 fieldName=null extras=null}, false)
03-27 15:45:02.690 1668-1668/? I/GoogleInputMethodService: GoogleInputMethodService.updateDeviceLockedStatus():2114 repeatCheckTimes = 2, unlocked = true
03-27 15:45:02.696 482-520/? W/TransactionTracing: Could not find layer handle 0x7321fa258a10
03-27 15:45:02.763 482-520/? W/TransactionTracing: Could not find layer id -1
03-27 15:45:02.763 482-520/? W/TransactionTracing: Could not find layer id -1
03-27 15:45:02.763 482-520/? W/TransactionTracing: Could not find layer id -1
03-27 15:45:02.767 672-984/? D/CoreBackPreview: Window{4639025 u0 Splash Screen com.example.test EXITING}: Setting back callback null
03-27 15:45:02.767 672-1110/? W/InputManager-JNI: Input channel object '4639025 Splash Screen com.example.test (client)' was disposed without first being removed with the input manager!
03-27 15:45:02.780 482-520/? W/TransactionTracing: Could not find layer handle 0x7321fa257330
03-27 15:45:02.853 672-1110/? D/CoreBackPreview: Window{81c3123 u0 com.example.test/androidx.test.core.app.InstrumentationActivityInvoker$EmptyActivity}: Setting back callback null
03-27 15:45:02.854 672-1110/? W/InputManager-JNI: Input channel object '81c3123 com.example.test/androidx.test.core.app.InstrumentationActivityInvoker$EmptyActivity (client)' was disposed without first being removed with the input manager!
03-27 15:45:02.879 482-520/? W/TransactionTracing: Could not find layer handle 0x7321fa256f70
03-27 15:45:02.880 482-520/? W/TransactionTracing: Could not find layer handle 0x7321fa258710
03-27 15:45:02.880 482-520/? W/TransactionTracing: Could not find layer handle 0x7321fa256f70
03-27 15:45:02.963 482-520/? W/TransactionTracing: Could not find layer id -1
03-27 15:45:02.984 300-25228/? I/keystore2: keystore2::watchdog: Watchdog thread idle -> terminating. Have a great day.
03-27 15:45:03.186 1876-2098/? I/MediaProvider: Deleted 0 0 0 1 0 0 0 items on external_primary due to com.android.shell
