03-27 15:45:50.159 672-768/? W/InputManager-JNI: Input channel object '549a936 com.example.test/androidx.test.core.app.InstrumentationActivityInvoker$EmptyActivity (client)' was disposed without first being removed with the input manager!
03-27 15:45:50.160 27956-27974/? D/HostConnection: createUnique: call
03-27 15:45:50.160 27956-27974/? D/HostConnection: HostConnection::get() New Host Connection established 0x7668a8a5af90, tid 27974
03-27 15:45:50.160 27956-27974/? D/goldfish-address-space: allocate: Ask for block of size 0x100
03-27 15:45:50.160 27956-27974/? D/goldfish-address-space: allocate: ioctl allocate returned offset 0x3e7ffe000 size 0x2000
03-27 15:45:50.182 482-520/? W/TransactionTracing: Could not find layer handle 0x7321fa257ff0
03-27 15:45:50.182 482-520/? W/TransactionTracing: Could not find layer handle 0x7321fa256d90
03-27 15:45:50.182 482-520/? W/TransactionTracing: Could not find layer handle 0x7321fa2582f0
03-27 15:45:50.182 482-520/? W/TransactionTracing: Could not find layer handle 0x7321fa256d90
03-27 15:45:50.182 482-520/? W/TransactionTracing: [ 03-27 15:45:50
03-27 15:45:50.182 482-520/? W/TransactionTracing: .182   482:  520 W/TransactionTracing ]
03-27 15:45:50.182 482-520/? W/TransactionTracing: Could not find layer handle 0x7321fa257ff0
03-27 15:45:50.183 482-520/? W/TransactionTracing: Could not find layer id -1
03-27 15:45:50.185 1668-1668/? I/GoogleInputMethodService: GoogleInputMethodService.onFinishInput():3220 
03-27 15:45:50.186 1668-1668/? I/GoogleInputMethodService: GoogleInputMethodService.updateDeviceLockedStatus():2114 repeatCheckTimes = 0, unlocked = true
03-27 15:45:50.187 1668-1668/? I/GoogleInputMethodService: GoogleInputMethodService.onStartInput():1919 onStartInput(EditorInfo{inputType=0x0(NULL) imeOptions=0x0 privateImeOptions=null actionName=UNSPECIFIED actionLabel=null actionId=0 initialSelStart=-1 initialSelEnd=-1 initialCapsMode=0x0 hintText=null label=null packageName=com.google.android.apps.nexuslauncher fieldId=-1 fieldName=null extras=null}, false)
03-27 15:45:50.190 1668-1668/? I/GoogleInputMethodService: GoogleInputMethodService.updateDeviceLockedStatus():2114 repeatCheckTimes = 2, unlocked = true
03-27 15:45:50.204 2141-2141/? W/A: Can't get WAA status for Mavatar!
03-27 15:45:50.204 2141-2141/? W/A: java.lang.NullPointerException: Attempt to invoke virtual method 'java.lang.Class java.lang.Object.getClass()' on a null object reference
03-27 15:45:50.204 2141-2141/? W/A: 	at com.google.apps.tiktok.dataservice.z.b(PG:1)
03-27 15:45:50.204 2141-2141/? W/A: 	at com.google.apps.tiktok.dataservice.at.a(PG:1)
03-27 15:45:50.204 2141-2141/? W/A: 	at com.google.apps.tiktok.tracing.ec.a(PG:2)
03-27 15:45:50.204 2141-2141/? W/A: 	at com.google.common.util.concurrent.aj.a(PG:2)
03-27 15:45:50.204 2141-2141/? W/A: 	at com.google.common.util.concurrent.ac.apply(PG:1)
03-27 15:45:50.204 2141-2141/? W/A: 	at com.google.common.util.concurrent.h.e(PG:2)
03-27 15:45:50.204 2141-2141/? W/A: 	at com.google.common.util.concurrent.j.run(PG:9)
03-27 15:45:50.204 2141-2141/? W/A: 	at com.google.common.util.concurrent.bf.execute(PG:1)
03-27 15:45:50.204 2141-2141/? W/A: 	at com.google.common.util.concurrent.d.i(PG:1)
03-27 15:45:50.204 2141-2141/? W/A: 	at com.google.common.util.concurrent.d.l(PG:12)
03-27 15:45:50.204 2141-2141/? W/A: 	at com.google.common.util.concurrent.d.n(PG:2)
03-27 15:45:50.204 2141-2141/? W/A: 	at com.google.common.util.concurrent.i.f(PG:1)
03-27 15:45:50.204 2141-2141/? W/A: 	at com.google.common.util.concurrent.j.run(PG:12)
03-27 15:45:50.204 2141-2141/? W/A: 	at com.google.android.libraries.i.ae.run(PG:1)
03-27 15:45:50.204 2141-2141/? W/A: 	at java.util.concurrent.ThreadPoolExecutor.runWorker(ThreadPoolExecutor.java:1137)
03-27 15:45:50.204 2141-2141/? W/A: 	at java.util.concurrent.Threa
03-27 15:45:50.204 2141-2141/? W/A: dPoolExecutor$Worker.run(ThreadPoolExecutor.java:637)
03-27 15:45:50.204 2141-2141/? W/A: 	at com.google.android.libraries.i.k.run(PG:2)
03-27 15:45:50.204 2141-2141/? W/A: 	at com.google.android.libraries.i.p.run(PG:4)
03-27 15:45:50.204 2141-2141/? W/A: 	at java.lang.Thread.run(Thread.java:1012)
03-27 15:45:50.220 450-450/? D/goldfish-address-space: claimShared: Ask to claim region [0x3f33d2000 0x3f3756000]
03-27 15:45:50.227 482-520/? W/TransactionTracing: Could not find layer id -1
03-27 15:45:50.227 482-520/? W/TransactionTracing: Could not find layer id -1
03-27 15:45:50.227 482-520/? W/TransactionTracing: Could not find layer id -1
03-27 15:45:50.230 450-450/? D/goldfish-address-space: claimShared: Ask to claim region [0x3ed24c000 0x3ed5d0000]
03-27 15:45:50.238 450-450/? D/goldfish-address-space: claimShared: Ask to claim region [0x3ed5d0000 0x3ed954000]
03-27 15:45:50.259 27956-27974/? D/HostConnection: HostComposition ext ANDROID_EMU_CHECKSUM_HELPER_v1 ANDROID_EMU_native_sync_v2 ANDROID_EMU_native_sync_v3 ANDROID_EMU_native_sync_v4 ANDROID_EMU_dma_v1 ANDROID_EMU_direct_mem ANDROID_EMU_host_composition_v1 ANDROID_EMU_host_composition_v2 ANDROID_EMU_vulkan ANDROID_EMU_deferred_vulkan_commands ANDROID_EMU_vulkan_null_optional_strings ANDROID_EMU_vulkan_create_resources_with_requirements ANDROID_EMU_YUV_Cache ANDROID_EMU_vulkan_ignored_handles ANDROID_EMU_has_shared_slots_host_memory_allocator ANDROID_EMU_vulkan_free_memory_sync ANDROID_EMU_vulkan_shader_float16_int8 ANDROID_EMU_vulkan_async_queue_submit ANDROID_EMU_vulkan_queue_submit_with_commands ANDROID_EMU_sync_buffer_data ANDROID_EMU_vulkan_async_qsri ANDROID_EMU_read_color_buffer_dma ANDROID_EMU_hwc_multi_configs GL_OES_EGL_image_external_essl3 GL_OES_vertex_array_object GL_KHR_texture_compression_astc_ldr ANDROID_EMU_host_side_tracing ANDROID_EMU_gles_max_version_3_1 
03-27 15:45:50.271 27956-28102/? D/libEGL: loaded /vendor/lib64/egl/libEGL_emulation.so
03-27 15:45:50.272 27956-28102/? D/libEGL: loaded /vendor/lib64/egl/libGLESv1_CM_emulation.so
03-27 15:45:50.273 27956-28102/? D/libEGL: loaded /vendor/lib64/egl/libGLESv2_emulation.so
03-27 15:45:50.282 482-520/? W/TransactionTracing: Could not find layer id -1
03-27 15:45:50.282 482-520/? W/TransactionTracing: Could not find layer id -1
03-27 15:45:50.282 482-520/? W/TransactionTracing: Could not find layer id -1
03-27 15:45:50.282 482-520/? W/TransactionTracing: Could not find layer id -1
03-27 15:45:50.282 482-520/? W/TransactionTracing: Could not find layer id -1
03-27 15:45:50.288 27956-28102/? D/HostConnection: createUnique: call
03-27 15:45:50.288 27956-28102/? D/HostConnection: HostConnection::get() New Host Connection established 0x7668a8a5a210, tid 28102
03-27 15:45:50.297 27956-28102/? D/HostConnection: HostComposition ext ANDROID_EMU_CHECKSUM_HELPER_v1 ANDROID_EMU_native_sync_v2 ANDROID_EMU_native_sync_v3 ANDROID_EMU_native_sync_v4 ANDROID_EMU_dma_v1 ANDROID_EMU_direct_mem ANDROID_EMU_host_composition_v1 ANDROID_EMU_host_composition_v2 ANDROID_EMU_vulkan ANDROID_EMU_deferred_vulkan_commands ANDROID_EMU_vulkan_null_optional_strings ANDROID_EMU_vulkan_create_resources_with_requirements ANDROID_EMU_YUV_Cache ANDROID_EMU_vulkan_ignored_handle
03-27 15:45:50.297 27956-28102/? D/HostConnection: s ANDROID_EMU_has_shared_slots_host_memory_allocator ANDROID_EMU_vulkan_free_memory_sync ANDROID_EMU_vulkan_shader_float16_int8 ANDROID_EMU_vulkan_async_queue_submit ANDROID_EMU_vulkan_queue_submit_with_commands ANDROID_EMU_sync_buffer_data ANDROID_EMU_vulkan_async_qsri ANDROID_EMU_read_color_buffer_dma ANDROID_EMU_hwc_multi_configs GL_OES_EGL_image_external_essl3 GL_OES_vertex_array_object GL_KHR_texture_compression_astc_ldr ANDROID_EMU_host_side_tracing ANDROID_EMU_gles_max_version_3_1 
03-27 15:45:50.298 27956-28102/? W/OpenGLRenderer: Failed to choose config with EGL_SWAP_BEHAVIOR_PRESERVED, retrying without...
03-27 15:45:50.299 27956-28102/? W/OpenGLRenderer: Failed to initialize 101010-2 format, error = EGL_SUCCESS
03-27 15:45:50.299 27956-28102/? D/EGL_emulation: eglCreateContext: 0x7668a8a5a510: maj 3 min 1 rcv 4
03-27 15:45:50.300 27956-28102/? D/EGL_emulation: eglMakeCurrent: 0x7668a8a5a510: ver 3 1 (tinfo 0x766ad48bd080) (first time)
03-27 15:45:50.335 672-686/? I/system_server: NativeAlloc concurrent copying GC freed 195113(9387KB) AllocSpace objects, 8(160KB) LOS objects, 49% free, 21MB/43MB, paused 429us,158us total 255.944ms
03-27 15:45:50.455 27982-28003/? I/TestRunner: finished: testTextFlaky(com.example.MainActivityFlakyTest)
03-27 15:45:50.473 27982-28003/? I/TestRunner: run finished: 1 tests, 0 failed, 0 ignored
03-27 15:45:50.484 672-768/? I/ActivityManager: Force stopping com.example appid=10181 user=0: finished inst
03-27 15:45:50.485 672-768/? I/ActivityManager: Killing 27982:com.example/u0a181 (adj 0): stop com.example due to finished inst
03-27 15:45:50.492 2141-2680/? I/A: NGA disabled due to not being eligible.
03-27 15:45:50.494 672-672/? D/BatterySaverPolicy: accessibility changed to false, updating policy.
03-27 15:45:50.496 672-714/? I/libprocessgroup: Successfully killed process cgroup uid 10181 pid 27982 in 6ms
03-27 15:45:50.512 27956-27956/? I/app_process: System.exit called, status: 0
03-27 15:45:50.512 27956-27956/? I/AndroidRuntime: VM exiting with result code 0.
03-27 15:45:50.830 482-520/? W/TransactionTracing: Could not find layer handle 0x7321fa25
03-27 15:45:50.830 482-520/? W/TransactionTracing: 7330
03-27 15:45:50.830 482-520/? W/TransactionTracing: Could not find layer handle 0x7321fa257ff0
03-27 15:45:50.830 672-983/? V/ActivityManager: Got obituary of 27982:com.example
03-27 15:45:50.833 672-704/? W/ActivityManager: setHasOverlayUi called on unknown pid: 27982
03-27 15:29:43.650 0-0/? I/binder: undelivered transaction 905442, process died.
03-27 15:29:43.651 0-0/? I/binder: undelivered transaction 905458, process died.
03-27 15:29:43.652 0-0/? I/binder: undelivered transaction 905476, process died.
03-27 15:29:43.652 0-0/? I/binder: undelivered transaction 905503, process died.
03-27 15:29:43.653 0-0/? I/binder: undelivered transaction 905443, process died.
03-27 15:45:50.835 429-429/? I/Zygote: Process 27982 exited due to signal 9 (Killed)
03-27 15:45:50.860 28014-28045/? I/MPEG4Writer: setStartTimestampUs: 4173836039
03-27 15:45:50.861 450-450/? D/goldfish-address-space: claimShared: Ask to claim region [0x3e8caa000 0x3e8ef4000]
03-27 15:45:50.867 28014-28025/? D/PipelineWatcher: onInputBufferReleased: frameIndex not found (35); ignored
03-27 15:45:50.868 28014-28036/? W/GraphicBufferSource: released unpopulated slots: [14, 15, 16, 17, 18, 19, 20, 21, 22, 23, 24, 25, 26, 27, 28, 29, 30, 31, 32, 33, 34, 35, 36, 37, 38, 39, 40, 41, 42, 43, 44, 45, 46, 47, 48, 49, 50, 51, 52, 53, 54, 55, 56, 57, 58, 59, 60, 61, 62, 63]
03-27 15:45:50.870 450-450/? D/goldfish-address-space: claimShared: Ask to claim region [0x3ebcd5000 0x3ebf1f000]
03-27 15:45:50.872 28014-28014/? D/MPEG4Writer: reset()
03-27 15:45:50.872 28014-28044/? V/MediaWriter: Track event err/info msg:101, trackId:1, type:1000,val:-1011
03-27 15:45:50.872 28014-28014/? D/MPEG4Writer: Video track stopping. Stop source
03-27 15:45:50.872 28014-28014/? D/MPEG4Writer: Video track source stopping
03-27 15:45:50.872 28014-28014/? D/MPEG4Writer: Video track source stopped
03-27 15:45:50.872 28014-28045/? V/MediaWriter: Track event err/info msg:101, trackId:2, type:1000,val:
03-27 15:45:50.872 28014-28045/? V/MediaWriter: -1011
03-27 15:45:50.872 28014-28044/? I/MPEG4Writer: Received total/0-length (34/0) buffers and encoded 34 frames. - Video
03-27 15:45:50.872 28014-28014/? D/MPEG4Writer: Video track stopped. Status:0. Stop source
03-27 15:45:50.873 28014-28045/? W/MPEG4Writer: 0-duration samples found: 1
03-27 15:45:50.873 28014-28014/? D/MPEG4Writer: Metadata track stopping. Stop source
03-27 15:45:50.873 28014-28045/? I/MPEG4Writer: Received total/0-length (1/0) buffers and encoded 1 frames. - Metadata
03-27 15:45:50.873 28014-28014/? D/MPEG4Writer: Metadata track source stopping
03-27 15:45:50.873 28014-28014/? D/MPEG4Writer: Metadata track source stopped
03-27 15:45:50.873 28014-28014/? D/MPEG4Writer: Metadata track stopped. Status:0. Stop source
03-27 15:45:50.873 28014-28014/? D/MPEG4Writer: Duration from tracks range is [0, 1488688] us
03-27 15:45:50.873 28014-28039/? D/MPEG4Writer: 0 chunks are written in the last batch
03-27 15:45:50.873 28014-28014/? D/MPEG4Writer: WriterThread stopped. Status:0
03-27 15:45:50.873 28014-28014/? I/MPEG4Writer: Adjust the moov start time from 4173836039 us -> 4173836039 us
03-27 15:45:50.873 28014-28014/? I/MPEG4Writer: MOOV atom was written to the file
03-27 15:45:50.873 28014-28014/? D/MPEG4Writer: release()
03-27 15:45:50.873 28014-28014/? D/MPEG4Writer: ftruncate mPreAllocateFileEndOffset:292208 mOffset:1636 mMdatEndOffset:289564 diff:2644
03-27 15:45:50.876 28014-28014/? D/MPEG4Writer: final fsync() takes 2 ms, file size 289564
03-27 15:45:50.876 28014-28014/? D/MPEG4Writer: MP4WtrCtrlHlpLooper stopped
03-27 15:45:50.876 28014-28014/? D/MPEG4Writer: Top 5 write durations(microseconds): #1:66 #2:136 #3:168 #4:379 #5:680
03-27 15:45:50.878 28014-28021/? I/hw-BpHwBinder: onLastStrongRef automatically unlinking death recipients
03-27 15:45:50.878 578-1077/? I/hw-BpHwBinder: onLastStrongRef automatically unlinking death recipients
03-27 15:45:50.878 578-1077/? I/hw-BpHwBinder: onLastStrongRef automatically unlinking death recipients
03-27 15:45:50.879 578-1077/? V/C2Store: in ~ComponentModule
03-27 15:45:50.879 578-1077/? V/C2Store: unloading dll
03-27 15:45:50.899 1876-3215/? I/MediaProvider: Begin Intent { act=android.intent.action.MEDIA_SCANNER_SCAN_FILE dat=file:///... flg=0x1400010 cmp=com.google.android.providers.media.module/com.android.providers.media.MediaService }
03-27 15:45:50.900 28014-28014/? D/ScreenRecord: success
03-27 15:45:50.901 28014-28014/? I/BpBinder: onLastStrongRef automatically unlinking death recipients: <uncached descriptor>
03-27 15:45:50.902 28014-28014/? I/BpBinder: onLastStrongRef automatically unlinking death recipients: <uncached descriptor>
03-27 15:45:50.903 578-1078/? D/BufferPoolAccessor2.0: Destruction - bufferpool2 0x753898b02378 cached: 0/0M, 0/0% in use; allocs: 35, 94% recycled; transfers: 35, 94% unfetched
03-27 15:45:50.925 1876-3215/? V/MediaProvider: Inserted id:1000000108 less than next row id backup:1000001000.
03-27 15:45:50.927 1876-3215/? I/MediaProvider: End Intent { act=android.intent.action.MEDIA_SCANNER_SCAN_FILE dat=file:///... flg=0x1400010 cmp=com.google.android.providers.media.module/com.android.providers.media.MediaService }
03-27 15:45:50.951 1394-14480/? I/NetworkScheduler.Stats: Task com.google.android.gms/com.google.android.gms.ipa.base.IpaGcmTaskService started execution. cause:9 exec_start_elapsed_seconds: 4175 [CONTEXT service_id=218 ]
03-27 15:45:50.955 1394-26677/? I/NetworkScheduler.Stats: Task com.google.android.gms/com.google.android.gms.ipa.base.IpaGcmTaskService finished executing. cause:9 result: 1 elapsed_millis: 13 uptime_millis: 13 exec_start_elapsed_seconds: 4175 [CONTEXT service_id=218 ]
03-27 15:45:51.001 578-964/? D/BufferPoolAccessor2.0: evictor expired: 1, evicted: 0
03-27 15:45:51.351 19748-19748/? I/ProvidersCache: Updating roots due to change on user 0at content://com.android.providers.media.documents/root
03-27 15:45:51.533 1876-2098/? I/MediaProvider: Deleted 0 0 0 1 0 0 0 items on external_primary due to com.android.shell
