03-27 15:45:48.173 27982-28003/? W/Settings: Setting always_finish_activities has moved from android.provider.Settings.System to android.provider.Settings.Global, returning read-only value.
03-27 15:45:48.263 672-983/? I/ActivityTaskManager: START u0 {act=android.intent.action.MAIN cat=[android.intent.category.LAUNCHER] flg=0x10008000 cmp=com.example/.MainActivity} from uid 10181
03-27 15:45:48.265 672-983/? D/CompatibilityChangeReporter: Compat change id reported: 194480991; UID 10181; state: ENABLED
03-27 15:45:48.269 672-983/? D/CompatibilityChangeReporter: Compat change id reported: 174042980; UID 10181; state: DISABLED
03-27 15:45:48.269 672-983/? D/CompatibilityChangeReporter: Compat change id reported: 184838306; UID 10181; state: DISABLED
03-27 15:45:48.270 672-983/? D/CompatibilityChangeReporter: Compat change id reported: 185004937; UID 10181; state: DISABLED
03-27 15:45:48.270 672-983/? D/CompatibilityChangeReporter: Compat change id reported: 181136395; UID 10181; state: DISABLED
03-27 15:45:48.270 672-983/? D/CompatibilityChangeReporter: Compat change id reported: 174042936; UID 10181; state: DISABLED
03-27 15:45:48.272 672-983/? V/SplashScreenExceptionList: SplashScreen checking exception for package com.example (target sdk:33) -> false
03-27 15:45:48.272 672-983/? D/CompatibilityChangeReporter: Compat change id reported: 205907456; UID 10181; state: ENABLED
03-27 15:45:48.278 902-1083/? D/SplashScreenView: Build android.window.SplashScreenView{7ac09b5 V.E...... ......ID 0,0-0,0}
03-27 15:45:48.278 902-1083/? D/SplashScreenView: Icon: view: null drawable: null size: 0
03-27 15:45:48.278 902-1083/? D/SplashScreenView: Branding: view: android.view.View{633784a G.ED..... ......I. 0,0-0,0 #10204db android:id/splashscreen_branding_view} drawable: null size w: 0 h: 0
03-27 15:45:48.278 672-983/? D/CompatibilityChangeReporter: Compat change id reported: 194833441; UID 10181; state: ENABLED
03-27 15:45:48.288 672-984/? D/CoreBackPreview: Window{89f87b5 u0 Splash Screen com.example}: Setting back callback OnBackInvokedCallbackInfo{mCallback=android.window.IOnBackInvokedCallback$Stub$Proxy@ad906d8, mPriority=0}
03-27 15:45:48.295 672-711/? D/IntervalStats: Unable to parse usage stats packages: [186, 187, 188, 189]
03-27 15:45:48.295 672-711/? D/IntervalStats: Unable to parse event packages: [188, 189]
03-27 15:45:48.328 27982-28017/? D/libEGL: loaded /vendor/lib64/egl/libEGL_emulation.so
03-27 15:45:48.329 27982-28017/? D/libEGL: loaded /vendor/lib64/egl/libGLESv1_CM_emulation.so
03-27 15:45:48.331 27982-28017/? D/libEGL: loaded /vendor/lib64/egl/libGLESv2_emulation.so
03-27 15:45:48.331 27982-27982/? D/LifecycleMonitor: Lifecycle status change: com.example.MainActivity@dbbe86d in: PRE_ON_CREATE
03-27 15:45:48.332 27982-27982/? V/ActivityScenario: Activity lifecycle changed event received but ignored because the reported transition was not ON_CREATE while the last known transition was PRE_ON_CREATE
03-27 15:45:48.348 1876-2098/? W/MediaProvider: isAppCloneUserPair for user 0: false
03-27 15:45:48.352 1876-2098/? V/MediaProvider: Inserted id:1000000108 less than next row id backup:1000001000.
03-27 15:45:48.359 28014-28014/? D/MediaCodecList: codecHandlesFormat: no format, so no extra checks
03-27 15:45:48.361 28014-28021/? D/CCodec: allocate(c2.android.avc.encoder)
03-27 15:45:48.364 28014-28021/? I/Codec2Client: Available Codec2 services: "default" "software"
03-27 15:45:48.366 28014-28021/? I/CCodec: setting up 'default' as default (vendor) store
03-27 15:45:48.370 578-1077/? V/C2Store: in init
03-27 15:45:48.370 578-1077/? V/C2Store: loading dll
03-27 15:45:48.373 578-1077/? I/mediaswcodec: missing struct descriptor #Param::CoreIndex(--004) for field values of struct #Param::CoreIndex(F-12004)
03-27 15:45:48.373 578-1077/? I/mediaswcodec: missing struct descriptor #Param::CoreIndex(--1812) for field values of struct #Param::CoreIndex(F-11812)
03-27 15:45:48.374 578-1077/? I/mediaswcodec: missing struct descriptor #Param::CoreIndex(--004) for field values of struct #Param::CoreIndex(F-12004)
03-27 15:45:48.374 578-1077/? I/mediaswcodec: missing struct descriptor #Param::CoreIndex(--1812) for field values of struct #Param::CoreIndex(F-11812)
03-27 15:45:48.376 28014-28021/? I/CCodec: Created component [c2.android.avc.encoder]
03-27 15:45:48.376 28014-28021/? D/CCodecConfig: read media type: video/avc
03-27 15:45:48.378 28014-28021/? D/ReflectedParamUpdater: extent() != 1 for single value type: algo.buffers.max-count.values
03-27 15:45:48.378 28014-28021/? D/ReflectedParamUpdater: extent() != 1 for single value type: output.subscribed-indices.values
03-27 15:45:48.378 28014-28021/? D/ReflectedParamUpdater: extent() != 1 for single value type: input.buffers.allocator-ids.values
03-27 15:45:48.378 28014-28021/? D/ReflectedParamUpdater: extent() != 1 for single value type: output.buffers.allocator-ids.values
03-27 15:45:48.378 28014-28021/? D/ReflectedParamUpdater: extent() != 1 for single value type: algo.buffers.allocator-ids.values
03-27 15:45:48.378 28014-28021/? D/ReflectedParamUpdater: extent() != 1 for single value type: output.buffers.pool-ids.values
03-27 15:45:48.378 28014-28021/? D/ReflectedParamUpdater: [ 03-27 
03-27 15:45:48.378 28014-28021/? D/ReflectedParamUpdater: 15:45:48.378 28014:28021 D/ReflectedParamUpdater ]
03-27 15:45:48.378 28014-28021/? D/ReflectedParamUpdater: extent() != 1 for single value type: algo.buffers.pool-ids.values
03-27 15:45:48.380 28014-28021/? D/ReflectedParamUpdater: ignored struct field coding.gop.values
03-27 15:45:48.380 28014-28021/? D/ReflectedParamUpdater: ignored struct field coding.qp.values
03-27 15:45:48.380 28014-28021/? D/CCodecConfig: ignoring local param raw.color (0xc2001809) as it is already supported
03-27 15:45:48.381 28014-28021/? I/CCodecConfig: query failed after returning 12 values (BAD_INDEX)
03-27 15:45:48.381 28014-28021/? D/CCodecConfig: c2 config diff is Dict {
03-27 15:45:48.381 28014-28021/? D/CCodecConfig:   c2::i32 coded.average-qp.value = 0
03-27 15:45:48.381 28014-28021/? D/CCodecConfig:   c2::u32 coded.bitrate.value = 64000
03-27 15:45:48.381 28014-28021/? D/CCodecConfig:   c2::float coded.frame-rate.value = 1
03-27 15:45:48.381 28014-28021/? D/CCodecConfig:   c2::u32 coded.picture-type.value = 0
03-27 15:45:48.381 28014-28021/? D/CCodecConfig:   c2::u32 coded.pl.level = 20492
03-27 15:45:48.381 28014-28021/? D/CCodecConfig:   c2::u32 coded.pl.profile = 20481
03-27 15:45:48.381 28014-28021/? D/CCodecConfig:   c2::u32 coded.vui.color.matrix = 0
03-27 15:45:48.381 28014-28021/? D/CCodecConfig:   c2::u32 coded.vui.color.primaries = 0
03-27 15:45:48.381 28014-28021/? D/CCodecConfig:   c2::u32 coded.vui.color.range = 0
03-27 15:45:48.381 28014-28021/? D/CCodecConfig:   c2::u32 coded.vui.color.transfer = 0
03-27 15:45:48.381 28014-28021/? D/CCodecConfig:   c2::u32 coding.intra-refresh.mode = 0
03-27 15:45:48.381 28014-28021/? D/CCodecConfig:   c2::float coding.intra
03-27 15:45:48.381 28014-28021/? D/CCodecConfig: -refresh.period = 0
03-27 15:45:48.381 28014-28021/? D/CCodecConfig:   c2::u32 coding.request-sync-frame.value = 0
03-27 15:45:48.381 28014-28021/? D/CCodecConfig:   c2::i64 coding.sync-frame-interval.value = 1000000
03-27 15:45:48.381 28014-28021/? D/CCodecConfig:   c2::u32 input.delay.value = 0
03-27 15:45:48.381 28014-28021/? D/CCodecConfig:   string input.media-type.value = "video/raw"
03-27 15:45:48.381 28014-28021/? D/CCodecConfig:   string output.media-type.value = "video/avc"
03-27 15:45:48.381 28014-28021/? D/CCodecConfig:   c2::u32 raw.color.matrix = 0
03-27 15:45:48.381 28014-28021/? D/CCodecConfig:   c2::u32 raw.color.primaries = 0
03-27 15:45:48.381 28014-28021/? D/CCodecConfig:   c2::u32 raw.color.range = 0
03-27 15:45:48.381 28014-28021/? D/CCodecConfig:   c2::u32 raw.color.transfer = 0
03-27 15:45:48.381 28014-28021/? D/CCodecConfig:   c2::u32 raw.size.height = 16
03-27 15:45:48.381 28014-28021/? D/CCodecConfig:   c2::u32 raw.size.width = 16
03-27 15:45:48.381 28014-28021/? D/CCodecConfig: }
03-27 15:45:48.382 28014-28021/? W/ColorUtils: expected specified color aspects (0:0:0:0)
03-27 15:45:48.387 28014-28014/? D/CodecSeeding: Seed: codec c2.android.avc.encoder, mediatype video/avc, overrideable 1
03-27 15:45:48.387 28014-28014/? D/CodecProperties: setTuningValue(vq-target-bpp,0)
03-27 15:45:48.387 28014-28014/? D/CodecProperties: setTuningValue(vq-target-bpp-1080p,1.90)
03-27 15:45:48.387 28014-28014/? D/CodecProperties: setTuningValue(vq-target-bpp-720p,2.25)
03-27 15:45:48.387 28014-28014/? D/CodecProperties: setTuningValue(vq-target-bpp-540p,2.65)
03-27 15:45:48.387 28014-28014/? D/CodecProperties: setTuningValue(vq-target-bpp-480p,3.00)
03-27 15:45:48.387 28014-28014/? D/CodecProperties: setTuningValue(vq-target-bpp-320x240,0)
03-27 15:45:48.387 28014-28014/? D/CodecProperties: setTuningValue(vq-target-qpmax,-1)
03-27 15:45:48.387 28014-28014/? D/CodecProperties: setTuningValue(vq-target-qpmax-1080p,45)
03-27 15:45:48.387 28014-28014/? D/CodecProperties: setTuningValue(vq-target-qpmax-720p,43)
03-27 15:45:48.387 28014-28014/? D/CodecProperties: setTuningValue(vq-target-qpmax-540p,42)
03-27 15:45:48.387 28014-28014/? D/CodecProperties: setTuningValue(vq-target-qpmax-480p,38)
03-27 15:45:48.387 28014-28014/? D/CodecProperties: setTuningValue(vq-bitrate-phaseout,1.75)
03-27 15:45:48.387 28014-28014/? D/CodecProperties: setTuningValue(vq-boost-missing-qp,0.20)
03-27 15:45:48.387 28014-28014/? D/CodecProperties: setFeatureValue(intra-refresh,0)
03-27 15:45:48.387 28014-28014/? D/CodecProperties: setFeatureValue(qp-bounds,0)
03-27 15:45:48.387 28014-28014/? D/CodecProperties: setFeatureValue(_vq_eligible.device,1)
03-27 15:45:48.387 28014-28014/? D/CodecProperties: setFeatureValue(_quality.target,1)
03-27 15:45:48.387 28014-28014/? D/CodecSeeding: Seed: codec c2.android.avc.encoder, mediatype video/avc, overrideable 0
03-27 15:45:48.387 28014-28014/? D/VQApply: raise bitrate: configured 1000000 to floor 2073600
03-27 15:45:48.387 28014-28014/? D/VQApply: minquality by QP: inject video-qp-max=43
03-27 15:45:48.387 28014-28014/? D/VQApply: minquality/target bitrate raised from 1000000 to 2073600 bps
03-27 15:45:48.387 28014-28014/? D/MediaCodec: shapeMediaFormat: deltas(6): AMessage(what = 0x00000000) = {
03-27 15:45:48.387 28014-28014/? D/MediaCodec:     int32_t bitrate = 2073600
03-27 15:45:48.387 28014-28014/? D/MediaCodec:     int32_t android._encoding-quality-level = 0
03-27 15:45:48.387 28014-28014/? D/MediaCodec:     int32_t video-qp-max = 43
03-27 15:45:48.387 28014-28014/? D/MediaCodec:     int32_t video-qp-i-max = 43
03-27 15:45:48.387 28014-28014/? D/MediaCodec:     int32_t video-qp-p-max = 46
03-27 15:45:48.387 28014-28014/? D/MediaCodec:     int32_t video-qp-b-max = 49
03-27 15:45:48.387 28014-28014/? D/MediaCodec:   }
03-27 15:45:48.387 1947-1947/? I/GsaVoiceInteractionSrv: Handling ACTION_STOP_HOTWORD
03-27 15:45:48.387 28014-28021/? D/CCodec: [c2.android.avc.encoder] buffers are bound to CCodec for this session
03-27 15:45:48.388 28014-28021/? D/CCodecConfig: no c2 equivalents for color-format
03-27 15:45:48.388 28014-28021/? D/CCodecConfig: no c2 equivalents for max-bframes
03-27 15:45:48.388 28014-28021/? D/CCodecConfig: no c2 equivalents for video-qp-max
03-27 15:45:48.388 28014-28021/? D/CCodecConfig: no c2 equivalents for video-qp-i-max
03-27 15:45:48.388 28014-28021/? D/CCodecConfig: no c2 equivalents for video-qp-p-max
03-27 15:45:48.388 28014-28021/? D/CCodecConfig: no c2 equivalents for video-qp-b-max
03-27 15:45:48.388 28014-28021/? D/CCodecConfig: no c2 equivalents for flags
03-27 15:45:48.388 28014-28021/? D/CCodecConfig: no c2 equivalents for encoder
03-27 15:45:48.390 28014-28021/? D/CCodecConfig: c2 config diff is   c2::u32 coded.bitrate.value = 2073600
03-27 15:45:48.390 28014-28021/? D/CCodecConfig:   c2::float coded.frame-rate.value = 60
03-27 15:45:48.390 28014-28021/? D/CCodecConfig:   c2::i64 coding.sync-frame-interval.value = 10000000
03-27 15:45:48.390 28014-28021/? D/CCodecConfig:   c2::u32 raw.size.height = 1280
03-27 15:45:48.390 28014-28021/? D/CCodecConfig:   c2::u32 raw.size.width = 720
03-27 15:45:48.390 28014-28021/? W/ColorUtils: expected specified color aspects (0:0:0:0)
03-27 15:45:48.390 28014-28021/? D/CCodec: encoding statistics level = 0
03-27 15:45:48.390 28014-28021/? D/CCodec: setup formats input: AMessage(what = 0x00000000) = {
03-27 15:45:48.390 28014-28021/? D/CCodec:   Rect crop(0, 0, 719, 1279)
03-27 15:45:48.390 28014-28021/? D/CCodec:   int32_t color-standard = 0
03-27 15:45:48.390 28014-28021/? D/CCodec:   int32_t color-range = 0
03-27 15:45:48.390 28014-28021/? D/CCodec:   int32_t color-transfer = 0
03-27 15:45:48.390 28014-28021/? D/CCodec:   int32_t frame-rate = 60
03-27 15:45:48.390 28014-28021/? D/CCodec:   int32_t height = 1280
03-27 15:45:48.390 28014-28021/? D/CCodec:   int32_t intra-refresh-period = 0
03-27 15:45:48.390 28014-28021/? D/CCodec:   string mime = "video/raw"
03-27 15:45:48.390 28014-28021/? D/CCodec:   int32_t video-qp-average = 0
03-27 15:45:48.390 28014-28021/? D/CCodec:   int32_t width = 720
03-27 15:45:48.390 28014-28021/? D/CCodec:   int32_t android._dataspace = 0
03-27 15:45:48.390 28014-28021/? D/CCodec:   int32_t using-sw-read-often = 1
03-27 15:45:48.390 28014-28021/? D/CCodec:   int64_t android._C2MemoryUsage = 1
03-27 15:45:48.390 28014-28021/? D/CCodec:   int32_t color-format = 2130708361
03-27 15:45:48.390 28014-28021/? D/CCodec:   int32_t android._color-format = 2130708361
03-27 15:45:48.390 28014-28021/? D/CCodec: }
03-27 15:45:48.390 28014-28021/? D/CCodec: setup formats output: AMessage(what = 0x00000000) = {
03-27 15:45:48.390 28014-28021/? D/CCodec:   int32_t bitrate = 2073600
03-27 15:45:48.390 28014-28021/? D/CCodec:   Rect crop(0, 0, 719, 1279)
03-27 15:45:48.390 28014-28021/? D/CCodec:   int32_t color-standard = 0
03-27 15:45:48.390 28014-28021/? D/CCodec:   int32_t color-range = 0
03-27 15:45:48.390 28014-28021/? D/CCodec:   int32_t color-transfer = 0
03-27 15:45:48.390 28014-28021/? D/CCodec:   int32_t frame-rate = 60
03-27 15:45:48.390 28014-28021/? D/CCodec:   int32_t height = 1280
03-27 15:45:48.390 28014-28021/? D/CCodec:   int32_t intra-refresh-period = 0
03-27 15:45:48.390 28014-28021/? D/CCodec:   int32_t level = 4096
03-27 15:45:48.390 28014-28021/? D/CCodec:   int32_t max-bitrate = 2073600
03-27 15:45:48.390 28014-28021/? D/CCodec:   string mime = "video/avc"
03-27 15:45:48.390 28014-28021/? D/CCodec:   int32_t profile = 65536
03-27 15:45:48.390 28014-28021/? D/CCodec:   int32_t video-qp-average = 0
03-27 15:45:48.390 28014-28021/? D/CCodec:   int32_t width = 720
03-27 15:45:48.390 28014-28021/? D/CCodec: }
03-27 15:45:48.390 1947-2799/? E/HwDetectorWithState: a: 3
03-27 15:45:48.391 28014-28021/? I/CCodecConfig: query failed after returning 13 values (BAD_INDEX)
03-27 15:45:48.392 28014-28021/? D/CCodec: input format changed to AMessage(what = 0x00000000) = {
03-27 15:45:48.392 28014-28021/? D/CCodec:   Rect crop(0, 0, 719, 1279)
03-27 15:45:48.392 28014-28021/? D/CCodec:   int32_t color-standard = 1
03-27 15:45:48.392 28014-28021/? D/CCodec:   int32_t color-range = 2
03-27 15:45:48.392 28014-28021/? D/CCodec:   int32_t color-transfer = 3
03-27 15:45:48.392 28014-28021/? D/CCodec:   int32_t frame-rate = 60
03-27 15:45:48.392 28014-28021/? D/CCodec:   int32_t height = 1280
03-27 15:45:48.392 28014-28021/? D/CCodec:   int32_t intra-refresh-period = 0
03-27 15:45:48.392 28014-28021/? D/CCodec:   string mime = "video/raw"
03-27 15:45:48.392 28014-28021/? D/CCodec:   int32_t video-qp-average = 0
03-27 15:45:48.392 28014-28021/? D/CCodec:   int32_t width = 720
03-27 15:45:48.392 28014-28021/? D/CCodec:   int32_t android._dataspace = 260
03-27 15:45:48.392 28014-28021/? D/CCodec:   int32_t using-sw-read-often = 1
03-27 15:45:48.392 28014-28021/? D/CCodec:   int64_t android._C2MemoryUsage = 1
03-27 15:45:48.392 28014-28021/? D/CCodec:   int32_t color-format = 2130708361
03-27 15:45:48.392 28014-28021/? D/CCodec:   int32_t android._color-format = 2130708361
03-27 15:45:48.392 28014-28021/? D/CCodec: }
03-27 15:45:48.393 28014-28021/? D/GraphicBufferSource: setting dataspace: 0x104, acquired=0
03-27 15:45:48.393 28014-28021/? D/CCodec: ISConfig not changed
03-27 15:45:48.394 28014-28021/? W/Codec2Client: query -- param skipped: index = 1342179345.
03-27 15:45:48.394 28014-28021/? W/Codec2Client: query -- param skipped: index = 2415921170.
03-27 15:45:48.394 28014-28021/? D/CCodecBufferChannel: [c2.android.avc.encoder#255] Using basic input block pool with poolID 1 => got 1 - OK (0)
03-27 15:45:48.395 28014-28021/? D/C2Store: Using DMABUF Heaps
03-27 15:45:48.396 28014-28021/? I/CCodecBufferChannel: [c2.android.avc.encoder#255] Created output block pool with allocatorID 16 => poolID 90 - OK
03-27 15:45:48.396 28014-28021/? D/CCodecBufferChannel: [c2.android.avc.encoder#255] Configured output block pool ids 90 => OK
03-27 15:45:48.397 570-3980/? W/ResourceManagerService: Ignoring request to add new resource entry with value <= 0
03-27 15:45:48.405 27982-27982/? D/CompatibilityChangeReporter: Compat change id reported: 210923482; UID 10181; state: ENABLED
03-27 15:45:48.406 1394-14480/? I/NetworkScheduler.Stats: Task com.google.android.gms/com.google.android.gms.ipa.base.IpaGcmTaskService started execution. cause:9 exec_start_elapsed_seconds: 4173 [CONTEXT service_id=218 ]
03-27 15:45:48.414 1394-26677/? I/NetworkScheduler.Stats: Task com.google.android.gms/com.google.android.gms.ipa.base.IpaGcmTaskService finished executing. cause:9 result: 1 elapsed_millis: 33 uptime_millis: 33 exec_start_elapsed_seconds: 4173 [CONTEXT service_id=218 ]
03-27 15:45:48.422 27982-27982/? D/LifecycleMonitor: Lifecycle status change: com.example.MainActivity@dbbe86d in: CREATED
03-27 15:45:48.423 27982-27982/? V/ActivityScenario: Update currentActivityStage to CREATED, currentActivity=com.example.MainActivity@dbbe86d
03-27 15:45:48.424 27982-27982/? D/LifecycleMonitor: Lifecycle status change: com.example.MainActivity@dbbe86d in: STARTED
03-27 15:45:48.424 27982-27982/? V/ActivityScenario: Update currentActivityStage to STARTED, currentActivity=com.example.MainActivity@dbbe86d
03-27 15:45:48.429 27982-27982/? D/LifecycleMonitor: Lifecycle status change: com.example.MainActivity@dbbe86d in: RESUMED
03-27 15:45:48.429 27982-27982/? V/ActivityScenario: Update currentActivityStage to RESUMED, currentActivity=com.example.MainActivity@dbbe86d
03-27 15:45:48.430 279-279/? I/hwservicemanager: getTransport: Cannot find entry android.hardware.graphics.mapper@4.0::IMapper/default in either framework or device VINTF manifest.
03-27 15:45:48.430 28014-28019/? I/Gralloc4: mapper 4.x is not supported
03-27 15:45:48.433 1876-1995/? I/MediaProvider: Deleted 0 0 0 1 0 0 0 items on external_primary due to com.android.shell
03-27 15:45:48.437 1876-2098/? W/MediaProvider: isAppCloneUserPair for user 0: false
03-27 15:45:48.438 1876-2098/? V/MediaProvider: Inserted id:1000000108 less than next row id backup:1000001000.
03-27 15:45:48.442 28014-28014/? D/MPEG4Writer: PreAllocation enabled
03-27 15:45:48.443 28014-28019/? D/HostConnection: createUnique: call
03-27 15:45:48.444 28014-28019/? D/HostConnection: HostConnection::get() New Host Connection established 0x7238fd
03-27 15:45:48.444 28014-28019/? D/HostConnection: 764450, tid 28019
03-27 15:45:48.444 28014-28019/? D/goldfish-address-space: allocate: Ask for block of size 0x100
03-27 15:45:48.444 28014-28019/? D/goldfish-address-space: allocate: ioctl allocate returned offset 0x3e7ffe000 size 0x2000
03-27 15:45:48.470 279-279/? I/hwservicemanager: getTransport: Cannot find entry android.hardware.graphics.allocator@4.0::IAllocator/default in either framework or device VINTF manifest.
03-27 15:45:48.471 278-278/? I/servicemanager: Could not find android.hardware.graphics.allocator.IAllocator/default in the VINTF manifest.
03-27 15:45:48.472 28014-28019/? W/Gralloc4: allocator 4.x is not supported
03-27 15:45:48.473 450-484/? D/goldfish-address-space: claimShared: Ask to claim region [0x3e8926000 0x3e8caa000]
03-27 15:45:48.499 28014-28019/? D/HostConnection: HostComposition ext ANDROID_EMU_CHECKSUM_HELPER_v1 ANDROID_EMU_native_sync_v2 ANDROID_EMU_native_sync_v3 ANDROID_EMU_native_sync_v4 ANDROID_EMU_dma_v1 ANDROID_EMU_direct_mem ANDROID_EMU_host_composition_v1 ANDROID_EMU_host_composition_v2 ANDROID_EMU_vulkan ANDROID_EMU_deferred_vulkan_commands ANDROID_EMU_vulkan_null_optional_strings ANDROID_EMU_vulkan_create_resources_with_requirements ANDROID_EMU_YUV_Cache ANDROID_EMU_vulkan_ignored_handles ANDROID_EMU_has_shared_slots_host_memory_allocator ANDROID_EMU_vulkan_free_memory_sync ANDROID_EMU_vulkan_shader_float16_int8 ANDROID_EMU_vulkan_async_queue_submit ANDROID_EMU_vulkan_queue_submit_with_commands ANDROID_EMU_sync_buffer_data ANDROID_EMU_vulkan_async_qsri ANDROID_EMU_read_color_buffer_dma ANDROID_EMU_hwc_multi_configs GL_OES_EGL_image_external_essl3 GL_OES_vertex_array_object GL_KHR_texture_compression_astc_ldr ANDROID_EMU_host_side_tracing ANDROID_EMU_gles_max_version_3_1 
03-27 15:45:49.008 28014-28019/? D/GraphicBufferSource: got buffer with new dataSpace #104
03-27 15:45:49.008 28014-28019/? D/C2OMXNode: dataspace changed to 0x104 pixel format: 0x1
03-27 15:45:49.010 279-279/? I/hwservicemanager: getTransport: Cannot find entry android.hardware.graphics.mapper@4.0::IMapper/default in either framework or device VINTF manifest.
03-27 15:45:49.012 578-28026/? D/SimpleC2Component: Using output block pool with poolID 90 => got 90 - 0
03-27 15:45:49.012 578-28026/? D/SimpleC2Component: applied 2 configUpdates => BAD_INDEX (6)
03-27 15:45:49.012 578-28026/? D/C2SoftAvcEnc: Params width 720 height 1280 level 41 colorFormat 0 bframes 0
03-27 15:45:49.017 902-1082/? I/Choreographer: Skipped 35 frames!  The application may be doing too much work on its main thread.
03-27 15:45:49.020 672-984/? D/CoreBackPreview: Window{b245b87 u0 com.example/com.example.MainActivity}: Setting back callback OnBackInvokedCallbackInfo{mCallback=android.window.IOnBackInvokedCallback$Stub$Proxy@e42d6dd, mPriority=0}
03-27 15:45:49.021 1318-1318/? I/Choreographer: Skipped 35 frames!  The application may be doing too much work on its main thread.
03-27 15:45:49.022 450-484/? D/goldfish-address-space: claimShared: Ask to claim region [0x3ed24c000 0x3edb72000]
03-27 15:45:49.025 450-484/? D/goldfish-address-space: claimShared: Ask to claim region [0x3eb885000 0x3ebc09000]
03-27 15:45:49.027 450-530/? D/goldfish-address-space: claimShared: Ask to claim region [0x3f0000000 0x3f0926000]
03-27 15:45:49.028 450-530/? D/goldfish-address-space: claimShared: Ask to claim region [0x3f0926000 0x3f124c000]
03-27 15:45:49.030 902-1191/? W/Parcel: Expecting binder but got null!
03-27 15:45:49.035 450-530/? D/goldfish-address-space: claimShared: Ask to claim region [0x3e998d000 0x3e9d11000]
03-27 15:45:49.036 1318-2193/? D/EGL_emulation: app_time_stats: avg=858.14ms min=2.98ms max=3250.74ms count=4
03-27 15:45:49.041 578-28026/? E/C2SoftAvcEnc: Unable to set air params = 0x1ad
03-27 15:45:49.042 450-530/? D/goldfish-address-space: claimShared: Ask to claim region [0x3e9d11000 0x3e9f5b000]
03-27 15:45:49.047 672-984/? D/HostConnection: createUnique: call
03-27 15:45:49.047 672-984/? D/HostConnection: HostConnection::get() New Host Connection established 0x7d6283804bd0, tid 984
03-27 15:45:49.049 450-530/? D/goldfish-address-space: claimShared: Ask to claim region [0x3ee14d000 0x3ee4d1000]
03-27 15:45:49.051 482-520/? W/TransactionTracing: Could not find layer id -1
03-27 15:45:49.051 482-520/? W/TransactionTracing: Could not find layer id -1
03-27 15:45:49.051 482-520/? W/TransactionTracing: Could not find layer id -1
03-27 15:45:49.051 482-520/? W/TransactionTracing: Could not find layer id -1
03-27 15:45:49.051 482-520/? W/TransactionTracing: Could not find layer id -1
03-27 15:45:49.051 482-520/? W/TransactionTracing: Could not find layer id -1
03-27 15:45:49.051 482-520/? W/TransactionTracing: [ 03-27 15:45:49.051   482: 
03-27 15:45:49.051 482-520/? W/TransactionTracing:  520 W/TransactionTracing ]
03-27 15:45:49.051 482-520/? W/TransactionTracing: Could not find layer id -1
03-27 15:45:49.057 672-984/? D/HostConnection: HostComposition ext ANDROID_EMU_CHECKSUM_HELPER_v1 ANDROID_EMU_native_sync_v2 ANDROID_EMU_native_sync_v3 ANDROID_EMU_native_sync_v4 ANDROID_EMU_dma_v1 ANDROID_EMU_direct_mem ANDROID_EMU_host_composition_v1 ANDROID_EMU_host_composition_v2 ANDROID_EMU_vulkan ANDROID_EMU_deferred_vulkan_commands ANDROID_EMU_vulkan_null_optional_strings ANDROID_EMU_vulkan_create_resources_with_requirements ANDROID_EMU_YUV_Cache ANDROID_EMU_vulkan_ignored_handles ANDROID_EMU_ha
03-27 15:45:49.057 672-984/? D/HostConnection: s_shared_slots_host_memory_allocator ANDROID_EMU_vulkan_free_memory_sync ANDROID_EMU_vulkan_shader_float16_int8 ANDROID_EMU_vulkan_async_queue_submit ANDROID_EMU_vulkan_queue_submit_with_commands ANDROID_EMU_sync_buffer_data ANDROID_EMU_vulkan_async_qsri ANDROID_EMU_read_color_buffer_dma ANDROID_EMU_hwc_multi_configs GL_OES_EGL_image_external_essl3 GL_OES_vertex_array_object GL_KHR_texture_compression_astc_ldr ANDROID_EMU_host_side_tracing ANDROID_EMU_gles_max_version_3_1 
03-27 15:45:49.063 1394-14480/? I/NetworkScheduler.Stats: Task com.google.android.gms/com.google.android.gms.ipa.base.IpaGcmTaskService started execution. cause:9 exec_start_elapsed_seconds: 4173 [CONTEXT service_id=218 ]
03-27 15:45:49.067 450-530/? D/goldfish-address-space: claimShared: Ask to claim region [0x3f3974000 0x3f3cf8000]
03-27 15:45:49.068 1394-3511/? I/FontLog: Received query Noto Color Emoji Compat, URI content://com.google.android.gms.fonts [CONTEXT service_id=132 ]
03-27 15:45:49.069 1394-3511/? I/FontLog: Query [emojicompat-emoji-font] resolved to {Noto Color Emoji Compat, wdth 100.0, wght 400, ital 0.0, bestEffort false} [CONTEXT service_id=132 ]
03-27 15:45:49.070 1394-3511/? I/FontLog: Fetch {Noto Color Emoji Compat, wdth 100.0, wght 400, ital 0.0, bestEffort false} end status Status{statusCode=SUCCESS, resolution=null} [CONTEXT service_id=132 ]
03-27 15:45:49.073 27982-28015/? D/HostConnection: createUnique: call
03-27 15:45:49.074 1394-26677/? I/NetworkScheduler.Stats: Task com.google.android.gms/com.google.android.gms.ipa.base.IpaGcmTaskService finished executing. cause:9 result: 1 elapsed_millis: 21 uptime_millis: 21 exec_start_elapsed_seconds: 4173 [CONTEXT service_id=218 ]
03-27 15:45:49.074 27982-28015/? D/HostConnection: HostConnection::get() New Host Connection established 0x7d62837e59d0, tid 28015
03-27 15:45:49.076 1394-3511/? I/FontLog: Pulling font file for id = 58, cache size = 12 [CONTEXT service_id=132 ]
03-27 15:45:49.082 1394-3511/? I/FontLog: Pulling font file for id = 58, cache size = 12 [CONTEXT service_id=132 ]
03-27 15:45:49.084 672-2764/? W/ActivityManager: Unable to start service Intent { act=android.service.smartspace.SmartspaceService cmp=com.google.android.as/com.google.android.apps.miphone.aiai.app.AiAiSmartspaceService } U=0: not found
03-27 15:45:49.084 672-2764/? W/RemoteSmartspaceService: could not bind to Intent { act=android.service.smartspace.SmartspaceService cmp=com.google.android.as/com.google.android.apps.miphone.aiai.app.AiAiSmartspaceService } using flags 67112961
03-27 15:45:49.084 27982-28015/? D/HostConnection: HostComposition ext ANDROID_EMU_CHECKSUM_HELPER_v1 ANDROID_EMU_native_sync_v2 ANDROID_EMU_native_sync_v3 ANDROID_EMU_native_sync_v4 ANDROID_EMU_dma_v1 ANDROID_EMU_direct_mem ANDROID_EMU_host_composition_v1 ANDROID_EMU_host_composition_v2 ANDROID_EMU_vulkan ANDROID_EMU_deferred_vulkan_commands ANDROID_EMU_vulkan_null_optional_strings ANDROID_EMU_vulkan_create_resources_with_requirements ANDROID_EMU_YUV_Cache ANDROID_EMU_vulkan_ignored_handles ANDROID_EMU_ha
03-27 15:45:49.084 27982-28015/? D/HostConnection: s_shared_slots_host_memory_allocator ANDROID_EMU_vulkan_free_memory_sync ANDROID_EMU_vulkan_shader_float16_int8 ANDROID_EMU_vulkan_async_queue_submit ANDROID_EMU_vulkan_queue_submit_with_commands ANDROID_EMU_sync_buffer_data ANDROID_EMU_vulkan_async_qsri ANDROID_EMU_read_color_buffer_dma ANDROID_EMU_hwc_multi_configs GL_OES_EGL_image_external_essl3 GL_OES_vertex_array_object GL_KHR_texture_compression_astc_ldr ANDROID_EMU_host_side_tracing ANDROID_EMU_gles_max_version_3_1 
03-27 15:45:49.085 27982-28015/? W/OpenGLRenderer: Failed to choose config with EGL_SWAP_BEHAVIOR_PRESERVED, retrying without...
03-27 15:45:49.085 672-672/? W/ActivityManager: Unbind failed: could not find connection for android.app.LoadedApk$ServiceDispatcher$InnerConnection@c5b3d05
03-27 15:45:49.085 27982-28015/? W/OpenGLRenderer: Failed to initialize 101010-2 format, error = EGL_SUCCESS
03-27 15:45:49.087 27982-28015/? D/EGL_emulation: eglCreateContext: 0x7d62837e5310: maj 3 min 1 rcv 4
03-27 15:45:49.088 902-1191/? D/EGL_emulation: app_time_stats: avg=1069.49ms min=82.85ms max=3489.63ms count=4
03-27 15:45:49.088 27982-28015/? D/EGL_emulation: eglMakeCurrent: 0x7d62837e5310: ver 3 1 (tinfo 0x7d64b7275080) (first time)
03-27 15:45:49.095 279-279/? I/hwservicemanager: getTransport: Cannot find entry android.hardware.graphics.mapper@4.0::IMapper/default in either framework or device VINTF manifest.
03-27 15:45:49.096 27982-28015/? I/Gralloc4: mapper 4.x is not supported
03-27 15:45:49.096 27982-28015/? D/HostConnection: createUnique: call
03-27 15:45:49.097 27982-28015/? D/HostConnection: HostConnection::get() New Host Connection established 0x7d62837e50d0, tid 28015
03-27 15:45:49.097 27982-28015/? D/goldfish-address-space: allocate: Ask for block of size 0x100
03-27 15:45:49.097 27982-28015/? D/goldfish-address-space: allocate: ioctl allocate returned offset 0x3e7ffe000 size 0x2000
03-27 15:45:49.116 279-279/? I/hwservicemanager: getTransport: Cannot find entry android.hardware.graphics.allocator@4.0::IAllocator/default in either framework or device VINTF manifest.
03-27 15:45:49.118 278-278/? I/servicemanager: Could not find android.hardware.graphics.allocator.IAllocator/default in the VINTF manifest.
03-27 15:45:49.118 27982-28015/? W/Gralloc4: allocator 4.x is not supported
03-27 15:45:49.119 450-530/? D/goldfish-address-space: claimShared: Ask to claim region [0x3ec000000 0x3ec926000]
03-27 15:45:49.121 450-530/? D/goldfish-address-space: claimShared: Ask to claim region [0x3f124c000 0x3f1827000]
03-27 15:45:49.124 450-530/? D/goldfish-address-space: claimShared: Ask to claim region [0x3e8000000 0x3e8384000]
03-27 15:45:49.131 28014-28021/? D/CCodecConfig: c2 config diff is   Buffer coded.init-data.value = {
03-27 15:45:49.131 28014-28021/? D/CCodecConfig:     00000000:  00 00 00 01 67 42 c0 29  8d 68 0b 40 a1 a4 20 20  ....gB.).h.@..  
03-27 15:45:49.131 28014-28021/? D/CCodecConfig:     00000010:  20 20 f0 88 46 a0 00 00  00 01 68 ce 01 a8 35 c8    ..F.....h...5.
03-27 15:45:49.131 28014-28021/? D/CCodecConfig:   }
03-27 15:45:49.131 27982-28015/? D/HostConnection: HostComposition ext ANDROID_EMU_CHECKSUM_HELPER_v1 ANDROID_EMU_native_sync_v2 ANDROID_EMU_native_sync_v3 ANDROID_EMU_native_sync_v4 ANDROID_EMU_dma_v1 ANDROID_EMU_direct_mem ANDROID_EMU_host_composition_v1 ANDROID_EMU_host_composition_v2 ANDROID_EMU_vulkan ANDROID_EMU_deferred_vulkan_commands ANDROID_EMU_vulkan_null_optional_strings ANDROID_EMU_vulkan_create_resources_with_requirements ANDROID_EMU_YUV_Cache ANDROID_EMU_vulkan_ignored_handle
03-27 15:45:49.131 27982-28015/? D/HostConnection: s ANDROID_EMU_has_shared_slots_host_memory_allocator ANDROID_EMU_vulkan_free_memory_sync ANDROID_EMU_vulkan_shader_float16_int8 ANDROID_EMU_vulkan_async_queue_submit ANDROID_EMU_vulkan_queue_submit_with_commands ANDROID_EMU_sync_buffer_data ANDROID_EMU_vulkan_async_qsri ANDROID_EMU_read_color_buffer_dma ANDROID_EMU_hwc_multi_configs GL_OES_EGL_image_external_essl3 GL_OES_vertex_array_object GL_KHR_texture_compression_astc_ldr ANDROID_EMU_host_side_tracing ANDROID_EMU_gles_max_version_3_1 
03-27 15:45:49.132 28014-28014/? D/MPEG4Writer: fpathconf _PC_FILESIZEBITS:64
03-27 15:45:49.132 28014-28014/? D/MPEG4Writer: File size limit set to 4503599627370495 bytes implicitly
03-27 15:45:49.140 28014-28014/? D/MPEG4Writer: MP4WtrCtrlHlpLooper Started
03-27 15:45:49.140 450-530/? D/goldfish-address-space: claimShared: Ask to claim region [0x3ee4d1000 0x3eedf7000]
03-27 15:45:49.140 28014-28014/? I/MPEG4Writer: limits: 4503599627370495/0 bytes/us, bit rate: -1 bps and the estimated moov size 3192 bytes
03-27 15:45:49.141 450-530/? D/goldfish-address-space: claimShared: Ask to claim region [0x3f1827000 0x3f214d000]
03-27 15:45:49.148 28014-28044/? I/MPEG4Writer: setStartTimestampUs: 4173836039
03-27 15:45:49.148 28014-28044/? I/MPEG4Writer: Earliest track starting time: 4173836039
03-27 15:45:49.168 902-1191/? D/EGL_emulation: app_time_stats: avg=2178.56ms min=537.97ms max=3819.16ms count=2
03-27 15:45:49.175 1318-1332/? W/System: A resource failed to call release. 
03-27 15:45:49.175 1318-1332/? W/System: A resource failed to call release. 
03-27 15:45:49.175 1318-1332/? W/System: A resource failed to call release. 
03-27 15:45:49.175 1318-1332/? W/System: A resource failed to call release. 
03-27 15:45:49.175 1318-1332/? W/System: A resource failed to call release. 
03-27 15:45:49.175 1318-1332/? W/System: A resource failed to call release. 
03-27 15:45:49.175 1318-1332/? W/System: [ 03-27 15:45:
03-27 15:45:49.175 1318-1332/? W/System: 49.175  1318: 1332 W/System   ]
03-27 15:45:49.175 1318-1332/? W/System: A resource failed to call release. 
03-27 15:45:49.175 1318-1332/? W/System: A resource failed to call release. 
03-27 15:45:49.175 1318-1332/? W/System: A resource failed to call release. 
03-27 15:45:49.176 482-520/? W/TransactionTracing: Could not find layer handle 0x7321fa255d70
03-27 15:45:49.177 482-520/? W/TransactionTracing: Could not find layer handle 0x7321fa25a150
03-27 15:45:49.178 482-520/? W/TransactionTracing: Could not find layer handle 0x7321fa25a150
03-27 15:45:49.179 482-520/? W/TransactionTracing: Could not find layer handle 0x7321fa255d70
03-27 15:45:49.179 482-520/? W/TransactionTracing: Could not find layer handle 0x7321fa255350
03-27 15:45:49.179 482-520/? W/TransactionTracing: Could not find layer handle 0x7321fa258350
03-27 15:45:49.187 27982-28015/? W/Parcel: Expecting binder but got null!
03-27 15:45:49.202 672-701/? W/ziparchive: Unable to open '/data/app/~~AZmbGuQphIT3mSc4dUbQqQ==/com.example-JYplKpqG1IJkb3-k22IhFw==/base.dm': No such file or directory
03-27 15:45:49.203 672-701/? I/ActivityTaskManager: Displayed com.example/.MainActivity: +938ms
03-27 15:45:49.210 482-520/? W/TransactionTracing: Could not find layer id -1
03-27 15:45:49.222 672-2636/? D/CoreBackPreview: Window{89f87b5 u0 Splash Screen com.example EXITING}: Setting back callback null
03-27 15:45:49.222 672-984/? W/InputManager-JNI: Input channel object '89f87b5 Splash Screen com.example (client)' was disposed without first being removed with the input manager!
03-27 15:45:49.224 672-983/? D/CompatibilityChangeReporter: Compat change id reported: 214016041; UID 10181; state: ENABLED
03-27 15:45:49.227 1668-1668/? I/GoogleInputMethodService: GoogleInputMethodService.onFinishInput():3220 
03-27 15:45:49.229 1668-1668/? I/GoogleInputMethodService: GoogleInputMethodService.updateDeviceLockedStatus():2114 repeatCheckTimes = 0, unlocked = true
03-27 15:45:49.229 1668-1668/? I/GoogleInputMethodService: GoogleInputMethodService.onStartInput():1919 onStartInput(EditorInfo{inputType=0x0(NULL) imeOptions=0x0 privateImeOptions=null actionName=UNSPECIFIED actionLabel=null actionId=0 initialSelStart=-1 initialSelEnd=-1 initialCapsMode=0x0 hintText=null label=null 
03-27 15:45:49.229 1668-1668/? I/GoogleInputMethodService: packageName=com.example fieldId=-1 fieldName=null extras=null}, false)
03-27 15:45:49.229 1668-1668/? I/GoogleInputMethodService: GoogleInputMethodService.updateDeviceLockedStatus():2114 repeatCheckTimes = 2, unlocked = true
03-27 15:45:49.233 450-530/? D/goldfish-address-space: claimShared: Ask to claim region [0x3e9f5b000 0x3ea2df000]
03-27 15:45:49.237 482-520/? W/TransactionTracing: Could not find layer handle 0x7321fa256730
03-27 15:45:49.964 902-902/? I/Choreographer: Skipped 44 frames!  The application may be doing too much work on its main thread.
03-27 15:45:49.975 1318-1318/? I/Choreographer: Skipped 44 frames!  The application may be doing too much work on its main thread.
03-27 15:45:49.979 27982-27982/? I/Choreographer: Skipped 44 frames!  The application may be doing too much work on its main thread.
03-27 15:45:49.983 672-705/? I/Choreographer: Skipped 43 frames!  The application may be doing too much work on its main thread.
03-27 15:45:49.984 672-706/? I/Choreographer: Skipped 43 frames!  The application may be doing too much work on its main thread.
03-27 15:45:49.984 482-520/? W/TransactionTracing: Could not find layer handle 0x7321fa255f50
03-27 15:45:49.984 482-520/? W/TransactionTracing: Could not find layer handle 0x7321fa259010
03-27 15:45:49.994 672-983/? I/ActivityTaskManager: START u0 {act=android.intent.action.MAIN cat=[android.intent.category.LAUNCHER] flg=0x10000000 cmp=com.example.test/androidx.test.core.app.InstrumentationActivityInvoker$EmptyActivity} from uid 10181
03-27 15:45:49.994 902-2176/? I/OpenGLRenderer: Davey! duration=741ms; Flags=0, FrameTimelineVsyncId=109090, IntendedVsync=4174057207803, Vsync=4174790541107, InputEventId=0, HandleInputStart=4174792141492, AnimationSt
03-27 15:45:49.994 902-2176/? I/OpenGLRenderer: art=4174792142735, PerformTraversalsStart=4174792959210, DrawStart=4174793047921, FrameDeadline=4174073874469, FrameInterval=4174791954312, FrameStartTime=16666666, SyncQueued=4174794125169, SyncStart=4174796908755, IssueDrawCommandsStart=4174797266856, SwapBuffers=4174799013079, FrameCompleted=4174801659411, DequeueBufferDuration=9217, QueueBufferDuration=1058722, GpuCompleted=4174801603185, SwapBuffersCompleted=4174801659411, DisplayPresentTime=4063541431390, CommandSubmissionCompleted=4174799013079, 
03-27 15:45:49.999 672-983/? V/SplashScreenExceptionList: SplashScreen checking exception for package com.example.test (target sdk:33) -> false
03-27 15:45:50.004 902-1083/? D/SplashScreenView: Build android.window.SplashScreenView{9db7b8f V.E...... ......ID 0,0-0,0}
03-27 15:45:50.004 902-1083/? D/SplashScreenView: Icon: view: null drawable: null size: 0
03-27 15:45:50.004 902-1083/? D/SplashScreenView: Branding: view: android.view.View{1b35e1c G.ED..... ......I. 0,0-0,0 #10204db android:id/splashscreen_branding_view} drawable: null size w: 0 h: 0
03-27 15:45:50.004 27982-27982/? D/LifecycleMonitor: Lifecycle status change: com.example.MainActivity@dbbe86d in: PAUSED
03-27 15:45:50.005 27982-27982/? V/ActivityScenario: Update currentActivityStage to PAUSED, currentActivity=com.example.MainActivity@dbbe86d
03-27 15:45:50.007 27982-27997/? I/OpenGLRenderer: Davey! duration=767ms; Flags=0, FrameTimelineVsyncId=109119, IntendedVsync=4174057207803, Vsync=4174790541107, InputEventId=0, HandleInputStart=4174807415996, AnimationStart=4174807420695, PerformTraversalsStart=4174807422748, DrawStart=4174807964564, FrameDeadline=4174090541135, FrameInterval=4174806931495, FrameStartTime=16666666, SyncQueued=4174808921413, SyncStart=4174809045545, IssueDrawCommandsStart=4174809247853, SwapBuffers=4174810720397, FrameComp
03-27 15:45:50.007 27982-27997/? I/OpenGLRenderer: leted=4174824785465, DequeueBufferDuration=5150, QueueBufferDuration=1106070, GpuCompleted=4174824785465, SwapBuffersCompleted=4174812454098, DisplayPresentTime=0, CommandSubmissionCompleted=4174810720397, 
03-27 15:45:50.007 672-2636/? W/ActivityTaskManager: Tried to set launchTime (0) < mLastActivityLaunchTime (4170289)
03-27 15:45:50.010 672-983/? D/CoreBackPreview: Window{d86cac8 u0 Splash Screen com.example.test}: Setting back callback OnBackInvokedCallbackInfo{mCallback=android.window.IOnBackInvokedCallback$Stub$Proxy@7e46747, mPriority=0}
03-27 15:45:50.013 482-520/? W/TransactionTracing: Could not find layer handle 0x7321fa259070
03-27 15:45:50.013 482-520/? W/TransactionTracing: Could not find layer id -1
03-27 15:45:50.013 482-520/? W/TransactionTracing: Could not find layer id -1
03-27 15:45:50.016 672-711/? D/IntervalStats: Unable to parse usage stats packages: [186, 187, 188, 189]
03-27 15:45:50.016 672-711/? D/IntervalStats: Unable to parse event packages: [188, 189]
03-27 15:45:50.018 450-530/? D/goldfish-address-space: claimShared: Ask to claim region [0x3ea2df000 0x3eac05000]
03-27 15:45:50.025 450-530/? D/goldfish-address-space: claimShared: Ask to claim region [0x3eedf7000 0x3ef71d000]
03-27 15:45:50.027 450-530/? D/goldfish-address-space: claimShared: Ask to claim region [0x3ec926000 0x3ed24c000]
03-27 15:45:50.027 902-1191/? W/Parcel: Expecting binder but got null!
03-27 15:45:50.034 450-530/? D/goldfish-address-space: claimShared: Ask to claim region [0x3eac05000 0x3eb1e0000]
03-27 15:45:50.041 672-984/? D/CoreBackPreview: Window{549a936 u0 com.example.test/androidx.test.core.app.InstrumentationActivityInvoker$EmptyActivity}: Setting back callback OnBackInvokedCallbackInfo{mCallback=android.window.IOnBackInvokedCallback$Stub$Proxy@f08f9a4, mPriority=0}
03-27 15:45:50.042 1020-1341/? D/BtGatt.ScanManager: uid 10106 isForeground true scanMode -1
03-27 15:45:50.042 1020-1341/? D/BtGatt.ScanManager: uid 10106 isForeground true scanMode -1
03-27 15:45:50.046 482-520/? W/TransactionTracing: Could not find layer id -1
03-27 15:45:50.046 482-520/? W/TransactionTracing: Could not find layer id -1
03-27 15:45:50.056 450-530/? D/goldfish-address-space: claimShared: Ask to claim region [0x3ed24c000 0x3edb72000]
03-27 15:45:50.061 450-530/? D/goldfish-address-space: claimShared: Ask to claim region [0x3f214d000 0x3f2a73000]
03-27 15:45:50.062 450-530/? D/goldfish-address-space: claimShared: Ask to claim region [0x3f304e000 0x3f3974000]
03-27 15:45:50.064 482-520/? W/TransactionTracing: Could not find layer id -1
03-27 15:45:50.064 482-520/? W/TransactionTracing: Could not find layer id -1
03-27 15:45:50.068 25552-25587/? W/Parcel: Expecting binder but got null!
03-27 15:45:50.070 672-701/? W/ziparchive: Unable to open '/data/app/~~ofbq2_DhVsNnXQxU-96oJQ==/com.example.test-4NJ2mXyXDxuLw3b6Y7_HtA==/base.dm': No such file or directory
03-27 15:45:50.071 672-701/? I/ActivityTaskManager: Displayed com.example.test/androidx.test.core.app.InstrumentationActivityInvoker$EmptyActivity: +76ms
03-27 15:45:50.072 450-530/? D/goldfish-address-space: claimShared: Ask to claim region [0x3e913e000 0x3e9719000]
03-27 15:45:50.078 894-894/? I/wpa_supplicant: wlan0: CTRL-EVENT-BEACON-LOSS 
03-27 15:45:50.083 672-2636/? D/CoreBackPreview: Window{d86cac8 u0 Splash Screen com.example.test EXITING}: Setting back callback null
03-27 15:45:50.084 672-984/? W/InputManager-JNI: Input channel object 'd86cac8 Splash Screen com.example.test (client)' was disposed without first being removed with the input manager!
03-27 15:45:50.089 1020-1341/? D/BtGatt.ScanManager: uid 10106 isForeground true scanMode -1
03-27 15:45:50.089 1020-1341/? D/BtGatt.ScanManager: uid 10106 isForeground true scanMode -1
03-27 15:45:50.089 27982-27982/? D/LifecycleMonitor: Lifecycle status change: com.example.MainActivity@dbbe86d in: STOPPED
03-27 15:45:50.090 27982-27982/? V/ActivityScenario: Update currentActivityStage to STOPPED, currentActivity=com.example.MainActivity@dbbe86d
03-27 15:45:50.090 672-2636/? W/ActivityManager: Unable to start service Intent { act=android.service.smartspace.SmartspaceService cmp=com.google.android.as/com.google.android.apps.miphone.aiai.app.AiAiSmartspaceService } U=0: not found
03-27 15:45:50.090 672-2636/? W/RemoteSmartspaceService: could not bind to Intent { act=android.service.smartspace.Smartsp
03-27 15:45:50.090 672-2636/? W/RemoteSmartspaceService: aceService cmp=com.google.android.as/com.google.android.apps.miphone.aiai.app.AiAiSmartspaceService } using flags 67112961
03-27 15:45:50.090 672-672/? W/ActivityManager: Unbind failed: could not find connection for android.app.LoadedApk$ServiceDispatcher$InnerConnection@24cebca
03-27 15:45:50.090 1668-1668/? I/GoogleInputMethodService: GoogleInputMethodService.onFinishInput():3220 
03-27 15:45:50.091 1668-1668/? I/GoogleInputMethodService: GoogleInputMethodService.updateDeviceLockedStatus():2114 repeatCheckTimes = 0, unlocked = true
03-27 15:45:50.091 1668-1668/? I/GoogleInputMethodService: GoogleInputMethodService.onStartInput():1919 onStartInput(EditorInfo{inputType=0x0(NULL) imeOptions=0x0 privateImeOptions=null actionName=UNSPECIFIED actionLabel=null actionId=0 initialSelStart=-1 initialSelEnd=-1 initialCapsMode=0x0 hintText=null label=null packageName=com.example.test fieldId=-1 fieldName=null extras=null}, false)
03-27 15:45:50.092 1668-1668/? I/GoogleInputMethodService: GoogleInputMethodService.updateDeviceLockedStatus():2114 repeatCheckTimes = 2, unlocked = true
03-27 15:45:50.093 27982-27982/? D/LifecycleMonitor: Lifecycle status change: com.example.MainActivity@dbbe86d in: DESTROYED
03-27 15:45:50.093 27982-27982/? V/ActivityScenario: Update currentActivityStage to DESTROYED, currentActivity=null
03-27 15:45:50.093 672-984/? D/CoreBackPreview: Window{b245b87 u0 com.example/com.example.MainActivity}: Setting back callback null
03-27 15:45:50.094 672-984/? W/InputManager-JNI: Input channel object 'b245b87 com.example/com.example.MainActivity (client)' was disposed without first being removed with the input manager!
03-27 15:45:50.096 482-520/? W/TransactionTracing: Could not find layer handle 0x7321fa2589b0
03-27 15:45:50.096 482-520/? W/TransactionTracing: Could not find layer handle 0x7321fa256fd0
03-27 15:45:50.096 482-520/? W/TransactionTracing: Could not find layer handle 0x7321fa257210
03-27 15:45:50.099 450-530/? D/goldfish-address-space: claimShared: Ask to claim region [0x3e8384000 0x3e8708000]
03-27 15:45:50.102 672-2636/? W/ActivityManager: Unable to start service Intent { act=android.service.smartspace.SmartspaceService cmp=com.google.android.as/com.google.android.apps.miphone.aiai.app.AiAiSmartspaceService } U=0: not found
03-27 15:45:50.102 672-2636/? W/RemoteSmartspaceService: could not bind to Intent { act=android.service.smartspace.SmartspaceService cmp=com.google.android.as/com.google.android.apps.miphone.aiai.app.Ai
03-27 15:45:50.102 672-2636/? W/RemoteSmartspaceService: AiSmartspaceService } using flags 67112961
03-27 15:45:50.102 672-672/? W/ActivityManager: Unbind failed: could not find connection for android.app.LoadedApk$ServiceDispatcher$InnerConnection@ab0d270
03-27 15:45:50.111 450-530/? D/goldfish-address-space: claimShared: Ask to claim region [0x3ee4d1000 0x3eedf7000]
03-27 15:45:50.112 450-530/? D/goldfish-address-space: claimShared: Ask to claim region [0x3eedf7000 0x3ef71d000]
03-27 15:45:50.113 450-484/? D/goldfish-address-space: claimShared: Ask to claim region [0x3ec000000 0x3ec926000]
03-27 15:45:50.114 27982-28087/? V/UiAutomation: Init UiAutomation@4b1c286[id=18, flags=0]
03-27 15:45:50.115 450-530/? D/goldfish-address-space: claimShared: Ask to claim region [0x3ec926000 0x3ed24c000]
03-27 15:45:50.115 482-520/? W/TransactionTracing: Could not find layer handle 0x7321fa2570f0
03-27 15:45:50.115 482-520/? W/TransactionTracing: Could not find layer handle 0x7321fa258350
03-27 15:45:50.115 482-520/? W/TransactionTracing: Could not find layer handle 0x7321fa2583b0
03-27 15:45:50.115 482-520/? W/TransactionTracing: Could not find layer handle 0x7321fa257210
03-27 15:45:50.115 482-520/? W/TransactionTracing: Could not find layer handle 0x7321fa2592b0
03-27 15:45:50.115 482-520/? W/TransactionTracing: Could not find layer handle 0x7321fa258530
03-27 15:45:50.115 482-520/? W/TransactionTracing: Could not find layer handle 0x7321fa255a10
03-27 15:45:50.115 482-520/? W/TransactionTracing: Could not find layer handle 0x7321fa255a10
03-27 15:45:50.115 482-520/? W/TransactionTracing: Could not find layer id -1
03-27 15:45:50.116 450-484/? D/goldfish-address-space: claimShared: Ask to claim region [0x3f1827000 0x3f1bab000]
03-27 15:45:50.116 450-450/? D/goldfish-address-space: claimShared: Ask to claim region [0x3f0000000 0x3f0926000]
03-27 15:45:50.118 672-672/? D/BatterySaverPolicy: accessibility changed to true, updating policy.
03-27 15:45:50.127 450-450/? D/goldfish-address-space: claimShared: Ask to claim region [0x3ea2df000 0x3eac05000]
03-27 15:45:50.131 450-450/? D/goldfish-address-space: claimShared: Ask to claim region [0x3f1bab000 0x3f1f2f000]
03-27 15:45:50.136 1947-1947/? I/GsaVoiceInteractionSrv: Handling ACTION_START_HOTWORD
03-27 15:45:50.136 1947-2718/? I/GsaVoiceInteractionSrv: disregardVoiceMatch: false
03-27 15:45:50.136 1947-2718/? I/GsaVoiceInteractionSrv: Cannot start hotword, hotword has been explicitly disabled.
03-27 15:45:50.138 1220-1220/? V/SafetyCenterAccessibilityListener: accessibility event occurred, safety center feature not enabled.
03-27 15:45:50.143 450-450/? D/goldfish-address-space: claimShared: Ask to claim region [0x3f0926000 0x3f124c000]
03-27 15:45:50.146 279-279/? I/hwservicemanager: getTransport: Cannot find entry android.hardware.graphics.mapper@4.0::IMapper/default in either framework or device VINTF manifest.
03-27 15:45:50.146 27956-27974/? I/Gralloc4: mapper 4.x is not supported
03-27 15:45:50.151 2141-2657/? I/A: NGA disabled due to not being eligible.
03-27 15:45:50.153 450-450/? D/goldfish-address-space: claimShared: Ask to claim region [0x3f304e000 0x3f33d2000]
03-27 15:45:50.156 902-1191/? D/EGL_emulation: app_time_stats: avg=355.87ms min=79.38ms max=885.48ms count=3
03-27 15:45:50.158 672-2764/? D/CoreBackPreview: Window{549a936 u0 com.example.test/androidx.test.core.app.InstrumentationActivityInvoker$EmptyActivity}: Setting back callback null
