03-27 15:45:25.458 672-983/? D/CoreBackPreview: Window{5440e23 u0 com.example/com.example.MainActivity}: Setting back callback null
03-27 15:45:25.459 26623-26648/? I/TestRunner: finished: testTextSlow3(com.example.MainActivitySlowTest)
03-27 15:45:25.460 672-983/? W/InputManager-JNI: Input channel object '5440e23 com.example/com.example.MainActivity (client)' was disposed without first being removed with the input manager!
03-27 15:45:25.463 482-520/? W/TransactionTracing: Could not find layer handle 0x7321fa2545d0
03-27 15:45:25.463 482-520/? W/TransactionTracing: Could not find layer handle 0x7321fa254ff0
03-27 15:45:25.463 482-520/? W/TransactionTracing: Could not find layer handle 0x7321fa255e30
03-27 15:45:25.463 482-520/? W/TransactionTracing: Could not find layer handle 0x7321fa258350
03-27 15:45:25.463 482-520/? W/TransactionTracing: Could not find layer handle 0x7321fa255e30
03-27 15:45:25.463 482-520/? W/TransactionTracing: Could not find layer handle 0x7321fa259370
03-27 15:45:25.463 482-520/? W/TransactionTracing: Could not find layer handle 0x7321fa259370
03-27 15:45:25.465 1020-1341/? D/BtGatt.ScanManager: uid 10106 isForeground true scanMode -1
03-27 15:45:25.465 1020-1341/? D/BtGatt.ScanManager: uid 10106 isForeground true scanMode -1
03-27 15:45:25.471 672-2061/? W/ActivityManager: Unable to start service Intent { act=android.service.smartspace.SmartspaceService cmp=com.google.android.as/com.google.android.apps.miphone.aiai.app.AiAiSmartspaceService } U=0: not found
03-27 15:45:25.471 672-2061/? W/RemoteSmartspaceService: could not bind to Intent { act=android.service.smartspace.SmartspaceService cmp=com.google.android.as/com.google.android.apps.miphone.aiai.app.AiAiSmartspaceService } using flags 67112961
03-27 15:45:25.471 672-672/? W/ActivityManager: Unbind failed: could not find connection for android.app.LoadedApk$ServiceDispatcher$InnerConnection@5342b1
03-27 15:45:25.474 450-450/? D/goldfish-address-space: claimShared: Ask to claim region [0x3e8000000 0x3e8926000]
03-27 15:45:25.481 1947-1947/? I/GsaVoiceInteractionSrv: Handling ACTION_START_HOTWORD
03-27 15:45:25.481 26623-26648/? I/TestRunner: run finished: 1 tests, 0 failed, 0 ignored
03-27 15:45:25.482 482-520/? W/TransactionTracing: Could not find layer handle 0x7321fa255b30
03-27 15:45:25.482 482-520/? W/TransactionTracing: Could not find layer handle 0x7321fa258dd0
03-27 15:45:25.482 482-520/? W/TransactionTracing: Could not find layer handle 0x7321fa256bb0
03-27 15:45:25.482 482-520/? W/TransactionTracing: Could not find layer handle 0x7321fa257750
03-27 15:45:25.485 1318-1332/? W/System: A resource failed to call release. 
03-27 15:45:25.485 1318-1332/? W/System: A resource failed to call release. 
03-27 15:45:25.485 1318-1332/? W/System: A resource failed to call release. 
03-27 15:45:25.485 1318-1332/? W/System: A resource failed to call release. 
03-27 15:45:25.485 1318-1332/? W/System: A resource failed to call release. 
03-27 15:45:25.485 1318-1332/? W/System: A resource failed to call release. 
03-27 15:45:25.486 672-2376/? I/ActivityManager: Force stopping com.example appid=10181 user=0: finished inst
03-27 15:45:25.487 672-2376/? I/ActivityManager: Killing 26623:com.example/u0a181 (adj 0): stop com.example due to finished inst
03-27 15:45:25.488 1947-2711/? I/GsaVoiceInteractionSrv: disregardVoiceMatch: false
03-27 15:45:25.488 1947-2711/? I/GsaVoiceInteractionSrv: Cannot start hotword, hotword has been explicitly disabled.
03-27 15:45:25.492 2141-2159/? I/earchbox:search: CollectorTransition concurrent copying GC freed 284936(11MB) AllocSpace objects, 47(1228KB) LOS objects, 49% free, 23MB/47MB, paused 82us,63us total 185.622ms
03-27 15:45:25.494 450-450/? D/goldfish-address-space: claimShared: Ask to claim region [0x3ef681000 0x3effa7000]
03-27 15:45:25.498 672-714/? I/libprocessgroup: Successfully killed process cgroup uid 10181 pid 26623 in 10ms
03-27 15:45:25.499 450-450/? D/goldfish-address-space: claimShared: Ask to claim region [0x3ec000000 0x3ec926000]
03-27 15:45:25.499 450-450/? D/goldfish-address-space: claimShared: Ask to claim region [0x3ec926000 0x3ed24c000]
03-27 15:45:25.500 26597-26597/? I/app_process: System.exit called, status: 0
03-27 15:45:25.500 26597-26597/? I/AndroidRuntime: VM exiting with result code 0.
03-27 15:45:25.506 672-983/? W/ActivityManager: Unable to start service Intent { act=android.service.smartspace.SmartspaceService cmp=com.google.android.as/com.google.android.apps.miphone.aiai.app.AiAiSmartspaceService } U=0: not found
03-27 15:45:25.507 672-983/? W/RemoteSmartspaceService: could not bind to Intent { act=android.service.smartspace.SmartspaceService cmp=com.google.android.as/com.google.android.apps.miphone.aiai.app.AiAiSmartspaceService } using flags 67112961
03-27 15:45:25.507 672-672/? W/ActivityManager: Unbind failed: could not find connection for android.app.LoadedApk$ServiceDispatcher$InnerConnection@8921370
03-27 15:45:25.510 2141-2141/? W/A: Can't get WAA status for Mavatar!
03-27 15:45:25.510 2141-2141/? W/A: java.lang.NullPointerException: Attempt to invoke virtual method 'java.lang.Class java.lang.Object.getClass()' on a null object reference
03-27 15:45:25.510 2141-2141/? W/A: 	at com.google.apps.tiktok.dataservice.z.b(PG:1)
03-27 15:45:25.510 2141-2141/? W/A: 	at com.google.apps.tiktok.dataservice.at.a(PG:1)
03-27 15:45:25.510 2141-2141/? W/A: 	at com.google.apps.tiktok.tracing.ec.a(PG:2)
03-27 15:45:25.510 2141-2141/? W/A: 	at co
03-27 15:45:25.510 2141-2141/? W/A: m.google.common.util.concurrent.aj.a(PG:2)
03-27 15:45:25.510 2141-2141/? W/A: 	at com.google.common.util.concurrent.ac.apply(PG:1)
03-27 15:45:25.510 2141-2141/? W/A: 	at com.google.common.util.concurrent.h.e(PG:2)
03-27 15:45:25.510 2141-2141/? W/A: 	at com.google.common.util.concurrent.j.run(PG:9)
03-27 15:45:25.510 2141-2141/? W/A: 	at com.google.common.util.concurrent.bf.execute(PG:1)
03-27 15:45:25.510 2141-2141/? W/A: 	at com.google.common.util.concurrent.d.i(PG:1)
03-27 15:45:25.510 2141-2141/? W/A: 	at com.google.common.util.concurrent.d.iq(PG:5)
03-27 15:45:25.510 2141-2141/? W/A: 	at com.google.common.util.concurrent.j.h(PG:2)
03-27 15:45:25.510 2141-2141/? W/A: 	at com.google.common.util.concurrent.ax.d(PG:1)
03-27 15:45:25.510 2141-2141/? W/A: 	at com.google.apps.tiktok.dataservice.au.a(PG:5)
03-27 15:45:25.510 2141-2141/? W/A: 	at com.google.apps.tiktok.dataservice.dr.c(PG:5)
03-27 15:45:25.510 2141-2141/? W/A: 	at com.google.apps.tiktok.dataservice.dp.run(PG:6)
03-27 15:45:25.510 2141-2141/? W/A: 	at com.google.apps.tiktok.concurrent.ak.run(PG:6)
03-27 15:45:25.510 2141-2141/? W/A: 	at com.google.apps.tiktok.tracing.ei.run(PG:2)
03-27 15:45:25.510 2141-2141/? W/A: 	at java.util.concurrent.Executors$RunnableAdapter.call(Executors.java:463)
03-27 15:45:25.510 2141-2141/? W/A: 	at com.google.common.util.concurrent.dy.a(PG:1)
03-27 15:45:25.510 2141-2141/? W/A: 	at com.google.common.util.concurrent.cv.run(PG:4)
03-27 15:45:25.510 2141-2141/? W/A: 	at com.google.common.util.concurrent.dz.run(PG:1)
03-27 15:45:25.510 2141-2141/? W/A: 	at android.os.Handler.handleCallback(Handler.java:942)
03-27 15:45:25.510 2141-2141/? W/A: 	at android.os.Handler.dispatchMessage(Handler.java:99)
03-27 15:45:25.510 2141-2141/? W/A: 	at android.os.Looper.loopOnce(Looper.java:201)
03-27 15:45:25.510 2141-2141/? W/A: 	at android.os.Looper.loop(Looper.java:288)
03-27 15:45:25.510 2141-2141/? W/A: 	at android.app.ActivityThread.main(ActivityThread.java:7872)
03-27 15:45:25.510 2141-2141/? W/A: 	at java.lang.reflect.Method.invoke(Native Method)
03-27 15:45:25.510 2141-2141/? W/A: 	at com.android.internal.os.RuntimeInit$MethodAndArgsCaller.run(RuntimeInit.java:548)
03-27 15:45:25.510 2141-2141/? W/A: 	at com.android.internal.os.ZygoteInit.main(ZygoteInit.java:936)
03-27 15:45:25.516 26652-26684/? I/MPEG4Writer: setStartTimestampUs: 4144938373
03-27 15:45:25.520 672-2776/? V/ActivityManager: Got obituary of 26623:com.example
03-27 15:29:18.339 0-0/? I/binder: undelivered TRANSACTION_COMPLETE
03-27 15:29:18.340 0-0/? I/binder: undelivered transaction 873609, process died.
03-27 15:29:18.341 0-0/? I/binder: undelivered transaction 873618, process died.
03-27 15:29:18.342 0-0/? I/binder: undelivered transaction 873586, process died.
03-27 15:45:25.521 672-704/? W/ActivityManager: setHasOverlayUi called on unknown pid: 26623
03-27 15:45:25.524 429-429/? I/Zygote: Process 26623 exited due to signal 9 (Killed)
03-27 15:45:25.526 26652-26652/? D/MPEG4Writer: reset()
03-27 15:45:25.526 26652-26683/? V/MediaWriter: Track event err/info msg:101, trackId:1, type:1000,val:-1011
03-27 15:45:25.526 26652-26652/? D/MPEG4Writer: Video track stopping. Stop source
03-27 15:45:25.526 26652-26652/? D/MPEG4Writer: Video track source stopping
03-27 15:45:25.526 26652-26652/? D/MPEG4Writer: Video track source stopped
03-27 15:45:25.526 26652-26684/? V/MediaWriter: Track event err/info msg:101, trackId:2, type:1000,val:-1011
03-27 15:45:25.526 26652-26683/? I/MPEG4Writer: Received total/0-length (34/0) buffers and encoded 34 frames. - Video
03-27 15:45:25.526 26652-26652/? D/MPEG4Writer: Video track stopped. Status:0. Stop source
03-27 15:45:25.526 26652-26684/? W/MPEG4Writer: 0-duration samples found: 1
03-27 15:45:25.526 26652-26684/? I/MPEG4Writer: Received total/0-length (1/0) buffers and encoded 1 frames. - Metadata
03-27 15:45:25.526 26652-26652/? D/MPEG4Writer: Metadata track stopping. Stop source
03-27 15:45:25.526 26652-26652/? D/MPEG4Writer: Metadata track source stopping
03-27 15:45:25.526 26652-26652/? D/MPEG4Writer: Metadata track source stopped
03-27 15:45:25.526 26652-26652/? D/MPEG4Writer: Metadata track stopped. Status:0. Stop source
03-27 15:45:25.526 26652-26652/? D/MPEG4Writer: Duration from tracks range is [0, 5356257] us
03-27 15:45:25.526 26652-26681/? D/MPEG4Writer: 0 chunks are written in the last batch
03-27 15:45:25.526 26652-26652/? D/MPEG4Writer: WriterThread stopped. Status:0
03-27 15:45:25.526 26652-26652/? I/MPEG4Writer: Adjust the moov start time from 4144938373 us -> 4144938373 us
03-27 15:45:25.527 26652-26652/? I/MPEG4Writer: MOOV atom was written to the file
03-27 15:45:25.527 26652-26652/? D/MPEG4Writer: release()
03-27 15:45:25.527 26652-26652/? D/MPEG4Writer: ftruncate mPreAllocateFileEndOffset:45797 mOffset:1604 mMdatEndOffset:43185 diff:2612
03-27 15:45:25.528 26652-26652/? D/MPEG4Writer: final fsync() takes 1 ms, file size 43185
03-27 15:45:25.528 26652-26652/? D/MPEG4Writer: MP4WtrCtrlHlpLooper stopped
03-27 15:45:25.528 26652-26652/? D/MPEG4Writer: Top 5 write durations(microseconds): #1:13 #2:23 #3:150 #4:179 #5:288
03-27 15:45:25.530 26652-26663/? I/hw-BpHwBinder: onLastStrongRef automatically unlinking death recipients
03-27 15:45:25.530 578-1077/? I/hw-BpHwBinder: onLastStrongRef automatically unlinking death recipients
03-27 15:45:25.530 578-1077/? I/hw-BpHwBinder: onLastStrongRef automatically unlinking death recipients
03-27 15:45:25.530 578-1077/? V/C2Store: in ~ComponentModule
03-27 15:45:25.530 578-1077/? V/C2Store: unloading dll
03-27 15:45:25.533 482-520/? W/TransactionTracing: Could not find layer handle 0x7321fa2587d0
03-27 15:45:25.533 1668-1668/? I/GoogleInputMethodService: GoogleInputMethodService.onFinishInput():3220 
03-27 15:45:25.534 1668-1668/? I/GoogleInputMethodService: GoogleInputMethodService.updateDeviceLockedStatus():2114 repeatCheckTimes = 0, unlocked = true
03-27 15:45:25.534 1668-1668/? I/GoogleInputMethodService: GoogleInputMethodService.onStartInput():1919 onStartInput(EditorInfo{inputType=0
03-27 15:45:25.534 1668-1668/? I/GoogleInputMethodService: x0(NULL) imeOptions=0x0 privateImeOptions=null actionName=UNSPECIFIED actionLabel=null actionId=0 initialSelStart=-1 initialSelEnd=-1 initialCapsMode=0x0 hintText=null label=null packageName=com.google.android.apps.nexuslauncher fieldId=-1 fieldName=null extras=null}, false)
03-27 15:45:25.534 1668-1668/? I/GoogleInputMethodService: GoogleInputMethodService.updateDeviceLockedStatus():2114 repeatCheckTimes = 2, unlocked = true
03-27 15:45:25.535 26652-26676/? I/BpBinder: onLastStrongRef automatically unlinking death recipients: <uncached descriptor>
03-27 15:45:25.548 482-520/? W/TransactionTracing: Could not find layer handle 0x7321fa257f30
03-27 15:45:25.549 26652-26652/? D/ScreenRecord: success
03-27 15:45:25.549 1876-3215/? I/MediaProvider: Begin Intent { act=android.intent.action.MEDIA_SCANNER_SCAN_FILE dat=file:///... flg=0x1400010 cmp=com.google.android.providers.media.module/com.android.providers.media.MediaService }
03-27 15:45:25.550 26652-26652/? I/BpBinder: onLastStrongRef automatically unlinking death recipients: <uncached descriptor>
03-27 15:45:25.551 26652-26652/? I/BpBinder: onLastStrongRef automatically unlinking death recipients: <uncached descriptor>
03-27 15:45:25.551 578-1077/? D/BufferPoolAccessor2.0: Destruction - bufferpool2 0x753898b02378 cached: 0/0M, 0/0% in use; allocs: 35, 94% recycled; transfers: 35, 94% unfetched
03-27 15:45:25.563 482-520/? W/TransactionTracing: Could not find layer id -1
03-27 15:45:25.563 482-520/? W/TransactionTracing: Could not find layer id -1
03-27 15:45:25.563 482-520/? W/TransactionTracing: Could not find layer id -1
03-27 15:45:25.563 482-520/? W/TransactionTracing: Could not find layer id -1
03-27 15:45:25.563 482-520/? W/TransactionTracing: Could not find layer id -1
03-27 15:45:25.563 482-520/? W/TransactionTracing: Could not find layer id -1
03-27 15:45:25.563 482-520/? W/TransactionTracing: Could not find layer id -1
03-27 15:45:25.583 902-1191/? D/EGL_emulation: app_time_stats: avg=2717.11ms min=260.92ms max=5173.31ms count=2
03-27 15:45:25.586 1876-3215/? V/MediaProvider: Inserted id:1000000102 less than next row id backup:1000001000.
03-27 15:45:25.588 1876-3215/? I/MediaProvider: End Intent { act=android.intent.action.MEDIA_SCANNER_SCAN_FILE dat=file:///... flg=0x1400010 cmp=com.google.android.providers.media.module/com.android.providers.media.MediaService }
03-27 15:45:25.606 1394-14480/? I/NetworkScheduler.Stats: Task com.google.android.gms/com.google.android.gms.ipa.base.IpaGcmTaskService started execution. cause:9 exec_start_elapsed_seconds: 4150 [CONTEXT service_id=218 ]
03-27 15:45:25.608 1394-19817/? I/NetworkScheduler.Stats: Task com.google.android.gms/com.google.android.gms.ipa.base.IpaGcmTaskService finished executing. cause:9 result: 1 elapsed_millis: 7 uptime_millis: 7 exec_start_elapsed_seconds: 4150 [CONTEXT service_id=218 ]
03-27 15:45:25.713 482-520/? W/TransactionTracing: Could not find layer id -1
03-27 15:45:25.713 482-520/? W/TransactionTracing: Could not find layer id -1
03-27 15:45:25.829 482-520/? W/TransactionTracing: Could not find layer handle 0x7321fa258bf0
03-27 15:45:25.830 482-520/? W/TransactionTracing: Could not find layer id -1
03-27 15:45:25.830 482-520/? W/TransactionTracing: Could not find layer id -1
03-27 15:45:25.830 482-520/? W/TransactionTracing: Could not find layer id -1
03-27 15:45:25.830 482-520/? W/TransactionTracing: Could not find layer id -1
03-27 15:45:25.830 482-520/? W/TransactionTracing: [ 03-27 15:45:25.830   482:  520 W/Transacti
03-27 15:45:25.830 482-520/? W/TransactionTracing: onTracing ]
03-27 15:45:25.830 482-520/? W/TransactionTracing: Could not find layer id -1
03-27 15:45:25.830 482-520/? W/TransactionTracing: Could not find layer id -1
03-27 15:45:25.830 482-520/? W/TransactionTracing: Could not find layer id -1
03-27 15:45:25.895 672-983/? D/CoreBackPreview: Window{963c74 u0 com.example.test/androidx.test.core.app.InstrumentationActivityInvoker$EmptyActivity}: Setting back callback null
03-27 15:45:25.897 672-2070/? W/InputManager-JNI: Input channel object '963c74 com.example.test/androidx.test.core.app.InstrumentationActivityInvoker$EmptyActivity (client)' was disposed without first being removed with the input manager!
03-27 15:45:25.913 482-520/? W/TransactionTracing: Could not find layer handle 0x7321fa259430
03-27 15:45:25.913 482-520/? W/TransactionTracing: Could not find layer handle 0x7321fa258d10
03-27 15:45:25.913 482-520/? W/TransactionTracing: Could not find layer handle 0x7321fa2569d0
03-27 15:45:25.913 482-520/? W/TransactionTracing: Could not find layer handle 0x7321fa258b90
03-27 15:45:25.996 482-520/? W/TransactionTracing: Could not find layer id -1
03-27 15:45:26.185 1876-2099/? I/MediaProvider: Deleted 0 0 0 1 0 0 0 items on external_primary due to com.android.shell
