03-27 15:45:22.167 1303-1550/? W/MediaProvider: isAppCloneUserPair for user 0: false
03-27 15:45:22.168 408-1179/? E/HWComposer: getSupportedContentTypes: getSupportedContentTypes failed for display 4619827259835644672: Unsupported (8)
03-27 15:45:22.169 18713-18713/? D/MediaCodecList: codecHandlesFormat: no format, so no extra checks
03-27 15:45:22.170 18713-18718/? D/CCodec: allocate(c2.android.avc.encoder)
03-27 15:45:22.170 18690-18709/? W/FileTestStorage: Output properties is not supported.
03-27 15:45:22.170 18713-18718/? I/Codec2Client: Available Codec2 services: "default" "software"
03-27 15:45:22.171 18690-18709/? I/Tracing: Tracer added: class androidx.test.platform.tracing.AndroidXTracer
03-27 15:45:22.171 18713-18718/? I/CCodec: setting up 'default' as default (vendor) store
03-27 15:45:22.173 458-6072/? V/C2Store: in init
03-27 15:45:22.173 458-6072/? V/C2Store: loading dll
03-27 15:45:22.173 458-6072/? I/mediaswcodec: missing struct descriptor #Param::CoreIndex(--004) for field values of struct #Param::CoreIndex(F-12004)
03-27 15:45:22.173 458-6072/? I/mediaswcodec: missing struct descriptor #Param::CoreIndex(--1812) for field values of struct #Param::CoreIndex(F-11812)
03-27 15:45:22.173 458-6072/? I/mediaswcodec: missing struct descriptor #Param::CoreIndex(--004) for field values of struct #Param::CoreIndex(F-12004)
03-27 15:45:22.173 458-6072/? I/mediaswcodec: missing struct descriptor #Param::CoreIndex(--1812) for field values of struct #Param::CoreIndex(F-11812)
03-27 15:45:22.174 18713-18718/? I/CCodec: Created component [c2.android.avc.encoder]
03-27 15:45:22.174 18713-18718/? D/CCodecConfig: read media type: video/avc
03-27 15:45:22.175 18713-18718/? D/ReflectedParamUpdater: extent() != 1 for single value type: algo.buffers.max-count.values
03-27 15:45:22.175 18713-18718/? D/ReflectedParamUpdater: extent() != 1 for single value type: output.subscribed-indices.values
03-27 15:45:22.175 18713-18718/? D/ReflectedParamUpdater: extent() != 1 for single value type: input.buffers.allocator-ids.values
03-27 15:45:22.175 18713-18718/? D/ReflectedParamUpdater: extent() != 1 for single value type: output.buffers.allocator-ids.values
03-27 15:45:22.175 18713-18718/? D/ReflectedParamUpdater: extent() != 1 for single value type: algo.buffers.allocator-ids.values
03-27 15:45:22.175 18713-18718/? D/ReflectedParamUpdater: [ 03-27 15:45:22.175 18713:18718 D/ReflectedParamUpd
03-27 15:45:22.175 18713-18718/? D/ReflectedParamUpdater: ater ]
03-27 15:45:22.175 18713-18718/? D/ReflectedParamUpdater: extent() != 1 for single value type: output.buffers.pool-ids.values
03-27 15:45:22.175 18713-18718/? D/ReflectedParamUpdater: extent() != 1 for single value type: algo.buffers.pool-ids.values
03-27 15:45:22.175 18713-18718/? D/ReflectedParamUpdater: ignored struct field coding.gop.values
03-27 15:45:22.175 18713-18718/? D/ReflectedParamUpdater: ignored struct field coding.qp.values
03-27 15:45:22.175 18713-18718/? D/CCodecConfig: ignoring local param raw.color (0xc2001809) as it is already supported
03-27 15:45:22.176 18713-18718/? I/CCodecConfig: query failed after returning 12 values (BAD_INDEX)
03-27 15:45:22.176 18713-18718/? D/CCodecConfig: c2 config diff is Dict {
03-27 15:45:22.176 18713-18718/? D/CCodecConfig:   c2::u32 coded.bitrate.value = 64000
03-27 15:45:22.176 18713-18718/? D/CCodecConfig:   c2::float coded.frame-rate.value = 1
03-27 15:45:22.176 18713-18718/? D/CCodecConfig:   c2::u32 coded.pl.level = 20492
03-27 15:45:22.176 18713-18718/? D/CCodecConfig:   c2::u32 coded.pl.profile = 20481
03-27 15:45:22.176 18713-18718/? D/CCodecConfig:   c2::u32 coded.vui.color.matrix = 0
03-27 15:45:22.176 18713-18718/? D/CCodecConfig:   c2::u32 coded.vui.color.primaries = 0
03-27 15:45:22.176 18713-18718/? D/CCodecConfig:   c2::u32 coded.vui.color.range = 0
03-27 15:45:22.176 18713-18718/? D/CCodecConfig:   c2::u32 coded.vui.color.transfer = 0
03-27 15:45:22.176 18713-18718/? D/CCodecConfig:   c2::u32 coding.intra-refresh.mode = 0
03-27 15:45:22.176 18713-18718/? D/CCodecConfig:   c2::float coding.intra-refresh.period = 0
03-27 15:45:22.176 18713-18718/? D/CCodecConfig:   c2::u32 coding.request-sync-frame.value = 0
03-27 15:45:22.176 18713-18718/? D/CCodecConfig:   c2::i64 coding.sync-frame-interval.value = 1000000
03-27 15:45:22.176 18713-18718/? D/CCodecConfig:   c2::u32 input.delay.value = 0
03-27 15:45:22.176 18713-18718/? D/CCodecConfig:   string input.media-type.value = "video/raw"
03-27 15:45:22.176 18713-18718/? D/CCodecConfig:   string output.media-type.value = "video/avc"
03-27 15:45:22.176 18713-18718/? D/CCodecConfig:   c2::u32 raw.color.matrix = 0
03-27 15:45:22.176 18713-18718/? D/CCodecConfig:   c2::u32 raw.color.primaries = 0
03-27 15:45:22.176 18713-18718/? D/CCodecConfig:   c2::u32 raw.color.range = 0
03-27 15:45:22.176 18713-18718/? D/CCodecConfig:   c2::u32 raw.color.transfer = 0
03-27 15:45:22.176 18713-18718/? D/CCodecConfig:   c2::u32 raw.size.height = 16
03-27 15:45:22.176 18713-18718/? D/CCodecConfig:   c2::u32 raw.size.width = 16
03-27 15:45:22.176 18713-18718/? D/CCodecConfig: }
03-27 15:45:22.176 18713-18718/? W/ColorUtils: expected specified color aspects (0:0:0:0)
03-27 15:45:22.176 18690-18709/? D/EventInjectionStrategy: Creating injection strategy with input manager.
03-27 15:45:22.176 18690-18709/? W/com.example: Accessing hidden method Landroid/hardware/input/InputManager;->getInstance()Landroid/hardware/input/InputManager; (unsupported, reflection, allowed)
03-27 15:45:22.176 18690-18709/? W/com.example: Accessing hidden method Landroid/hardware/input/InputManager;->injectInputEvent(Landroid/view/InputEvent;I)Z (unsupported, reflection, allowed)
03-27 15:45:22.176 18690-18709/? W/com.example: Accessing hidden field Landroid/hardware/input/InputManager;->INJECT_INPUT_EVENT_MODE_WAIT_FOR_FINISH:I (unsupported, reflection, allowed)
03-27 15:45:22.178 18713-18713/? D/CodecSeeding: Seed: codec c2.android.avc.encoder, mediatype video/avc, overrideable 1
03-27 15:45:22.178 18713-18713/? D/CodecProperties: setTuningValue(vq-target-bpp,0)
03-27 15:45:22.178 18713-18713/? D/CodecProperties: setTuningValue(vq-target-bpp-1080p,1.90)
03-27 15:45:22.178 18713-18713/? D/CodecProperties: setTuningValue(vq-target-bpp-720p,2.25)
03-27 15:45:22.178 18713-18713/? D/CodecProperties: setTuningValue(vq-target-bpp-540p,2.65)
03-27 15:45:22.178 18713-18713/? D/CodecProperties: setTuningValue(vq-target-bpp-480p,3.00)
03-27 15:45:22.178 18713-18713/? D/CodecProperties: setTuningValue(vq-target-bpp-320x240,0)
03-27 15:45:22.178 18713-18713/? D/CodecProperties: setTuningValue(vq-target-qpmax,-1)
03-27 15:45:22.178 18713-18713/? D/CodecProperties: setTuningValue(vq-target-qpmax-1080p,45)
03-27 15:45:22.178 18713-18713/? D/CodecProperties: setTuningValue(vq-target-qpmax-720p,43)
03-27 15:45:22.178 18713-18713/? D/CodecProperties: setTuningValue(vq-target-qpmax-540p,42)
03-27 15:45:22.178 18713-18713/? D/CodecProperties: setTuningValue(vq-target-qpmax-480p,38)
03-27 15:45:22.178 18713-18713/? D/CodecProperties: setTuningValue(vq-bitrate-phaseout,1.75)
03-27 15:45:22.178 18713-18713/? D/CodecProperties: setTuningValue(vq-boost-missing-qp,0.20)
03-27 15:45:22.178 18713-18713/? D/CodecProperties: setFeatureValue(intra-refresh,0)
03-27 15:45:22.178 18713-18713/? D/CodecProperties: setFeatureValue(qp-bounds,0)
03-27 15:45:22.178 18713-18713/? D/CodecProperties: setFeatureValue(_vq_eligible.device,1)
03-27 15:45:22.178 18713-18713/? D/CodecProperties: setFeatureValue(_quality.target,1)
03-27 15:45:22.178 18713-18713/? D/CodecSeeding: Seed: codec c2.android.avc.encoder, mediatype video/avc, overrideable 0
03-27 15:45:22.178 18713-18713/? D/VQApply: raise bitrate: configured 1000000 to floor 2073600
03-27 15:45:22.178 18713-18713/? D/VQApply: minquality by QP: inject video-qp-max=43
03-27 15:45:22.178 18713-18713/? D/VQApply: minqu
03-27 15:45:22.178 18713-18713/? D/VQApply: ality/target bitrate raised from 1000000 to 2073600 bps
03-27 15:45:22.178 18713-18713/? D/MediaCodec: shapeMediaFormat: deltas(6): AMessage(what = 0x00000000) = {
03-27 15:45:22.178 18713-18713/? D/MediaCodec:     int32_t bitrate = 2073600
03-27 15:45:22.178 18713-18713/? D/MediaCodec:     int32_t android._encoding-quality-level = 0
03-27 15:45:22.178 18713-18713/? D/MediaCodec:     int32_t video-qp-max = 43
03-27 15:45:22.178 18713-18713/? D/MediaCodec:     int32_t video-qp-i-max = 43
03-27 15:45:22.178 18713-18713/? D/MediaCodec:     int32_t video-qp-p-max = 46
03-27 15:45:22.178 18713-18713/? D/MediaCodec:     int32_t video-qp-b-max = 49
03-27 15:45:22.178 18713-18713/? D/MediaCodec:   }
03-27 15:45:22.179 18713-18718/? D/CCodec: [c2.android.avc.encoder] buffers are bound to CCodec for this session
03-27 15:45:22.179 18713-18718/? D/CCodecConfig: no c2 equivalents for color-format
03-27 15:45:22.179 18713-18718/? D/CCodecConfig: no c2 equivalents for max-bframes
03-27 15:45:22.179 18713-18718/? D/CCodecConfig: no c2 equivalents for video-qp-max
03-27 15:45:22.179 18713-18718/? D/CCodecConfig: no c2 equivalents for video-qp-i-max
03-27 15:45:22.179 18713-18718/? D/CCodecConfig: no c2 equivalents for video-qp-p-max
03-27 15:45:22.179 18713-18718/? D/CCodecConfig: no c2 equivalents for video-qp-b-max
03-27 15:45:22.179 18713-18718/? D/CCodecConfig: no c2 equivalents for flags
03-27 15:45:22.179 18713-18718/? D/CCodecConfig: no c2 equivalents for encoder
03-27 15:45:22.179 18713-18718/? D/CCodecConfig: c2 config diff is   c2::u32 coded.bitrate.value = 2073600
03-27 15:45:22.179 18713-18718/? D/CCodecConfig:   c2::float coded.frame-rate.value = 60
03-27 15:45:22.179 18713-18718/? D/CCodecConfig:   c2::i64 coding.sync-frame-interval.value = 10000000
03-27 15:45:22.179 18713-18718/? D/CCodecConfig:   c2::u32 raw.size.height = 1280
03-27 15:45:22.179 18713-18718/? D/CCodecConfig:   c2::u32 raw.size.width = 720
03-27 15:45:22.179 18713-18718/? W/ColorUtils: expected specified color aspects (0:0:0:0)
03-27 15:45:22.179 18713-18718/? D/CCodec: setup formats input: AMessage(what = 0x00000000) = {
03-27 15:45:22.179 18713-18718/? D/CCodec:   Rect crop(0, 0, 719, 1279)
03-27 15:45:22.179 18713-18718/? D/CCodec:   int32_t color-standard = 0
03-27 15:45:22.179 18713-18718/? D/CCodec:   int32_t color-range = 0
03-27 15:45:22.179 18713-18718/? D/CCodec:   int32_t color-transfer = 0
03-27 15:45:22.179 18713-18718/? D/CCodec:   int32_t frame-rate = 60
03-27 15:45:22.179 18713-18718/? D/CCodec:   int32_t height = 1280
03-27 15:45:22.179 18713-18718/? D/CCodec:   int32_t intra-refresh-period = 0
03-27 15:45:22.179 18713-18718/? D/CCodec:   string mime = "video/raw"
03-27 15:45:22.179 18713-18718/? D/CCodec:   int32_t width = 720
03-27 15:45:22.179 18713-18718/? D/CCodec:   int32_t android._dataspace = 0
03-27 15:45:22.179 18713-18718/? D/CCodec:   int32_t using-sw-read-often = 1
03-27 15:45:22.179 18713-18718/? D/CCodec:   int64_t android._C2MemoryUsage = 1
03-27 15:45:22.179 18713-18718/? D/CCodec:   int32_t color-format = 2130708361
03-27 15:45:22.179 18713-18718/? D/CCodec:   int32_t android._color-format = 2130708361
03-27 15:45:22.179 18713-18718/? D/CCodec: }
03-27 15:45:22.179 18713-18718/? D/CCodec: setup formats output: AMessage(what = 0x00000000) = {
03-27 15:45:22.179 18713-18718/? D/CCodec:   int32_t bitrate = 2073600
03-27 15:45:22.179 18713-18718/? D/CCodec:   Rect crop(0, 0, 719, 1279)
03-27 15:45:22.179 18713-18718/? D/CCodec:   int32_t color-standard = 0
03-27 15:45:22.179 18713-18718/? D/CCodec:   int32_t color-range = 0
03-27 15:45:22.179 18713-18718/? D/CCodec:   int32_t color-transfer = 0
03-27 15:45:22.179 18713-18718/? D/CCodec:   int32_t frame-rate = 60
03-27 15:45:22.179 18713-18718/? D/CCodec:   int32_t height = 1280
03-27 15:45:22.179 18713-18718/? D/CCodec:   int32_t intra-refresh-period = 0
03-27 15:45:22.179 18713-18718/? D/CCodec:   int32_t level = 4096
03-27 15:45:22.179 18713-18718/? D/CCodec:   int32_t max-bitrate = 2073600
03-27 15:45:22.179 18713-18718/? D/CCodec:   string mime = "video/avc"
03-27 15:45:22.179 18713-18718/? D/CCodec:   int32_t profile = 65536
03-27 15:45:22.179 18713-18718/? D/CCodec:   int32_t width = 720
03-27 15:45:22.179 18713-18718/? D/CCodec: }
03-27 15:45:22.179 18713-18718/? I/CCodecConfig: query failed after returning 13 values (BAD_INDEX)
03-27 15:45:22.180 18713-18718/? D/CCodec: input format changed to AMessage(what = 0x00000000) = {
03-27 15:45:22.180 18713-18718/? D/CCodec:   Rect crop(0, 0, 719, 1279)
03-27 15:45:22.180 18713-18718/? D/CCodec:   int32_t color-standard = 1
03-27 15:45:22.180 18713-18718/? D/CCodec:   int32_t color-range = 2
03-27 15:45:22.180 18713-18718/? D/CCodec:   int32_t color-transfer = 3
03-27 15:45:22.180 18713-18718/? D/CCodec:   int32_t frame-rate = 60
03-27 15:45:22.180 18713-18718/? D/CCodec:   int32_t height = 1280
03-27 15:45:22.180 18713-18718/? D/CCodec:   int32_t intra-refresh-period = 0
03-27 15:45:22.180 18713-18718/? D/CCodec:   string mime = "video/raw"
03-27 15:45:22.180 18713-18718/? D/CCodec:   int32_t width = 720
03-27 15:45:22.180 18713-18718/? D/CCodec:   int32_t android._dataspace = 260
03-27 15:45:22.180 18713-18718/? D/CCodec:   int32_t using-sw-read-often = 1
03-27 15:45:22.180 18713-18718/? D/CCodec:   int64_t android._C2MemoryUsage = 1
03-27 15:45:22.180 18713-18718/? D/CCodec:   int32_t color-format = 2130708361
03-27 15:45:22.180 18713-18718/? D/CCodec:   int32_t android._color-format = 2130708361
03-27 15:45:22.180 18713-18718/? D/CCodec: }
03-27 15:45:22.180 18713-18718/? D/GraphicBufferSource: setting dataspace: 0x104, acquired=0
03-27 15:45:22.180 18713-18718/? D/CCodec: ISConfig not changed
03-27 15:45:22.180 18713-18718/? W/Codec2Client: query -- param skipped: index = 1342179345.
03-27 15:45:22.180 18713-18718/? W/Codec2Client: query -- param skipped: index = 2415921170.
03-27 15:45:22.180 18713-18718/? D/CCodecBufferChannel: [c2.android.avc.encoder#167] Using basic input block pool with poolID 1 => got 1 - OK (0)
03-27 15:45:22.180 18713-18718/? D/C2Store: Using DMABUF Heaps
03-27 15:45:22.181 18713-18718/? I/CCodecBufferChannel: [c2.android.avc.encoder#167] Created output block pool with allocatorID 16 => poolID 56 - OK
03-27 15:45:22.181 18713-18718/? D/CCodecBufferChannel: [c2.android.avc.encoder#167] Configured output block pool ids 56 => OK
03-27 15:45:22.181 451-2693/? W/ResourceManagerService: Ignoring request to add new resource entry with value <= 0
03-27 15:45:22.187 18690-18709/? W/Settings: Setting always_finish_activities has moved from android.provider.Settings.System to android.provider.Settings.Global, returning read-only value.
03-27 15:45:22.190 540-3537/? I/ActivityTaskManager: START u0 {act=android.intent.action.MAIN cat=[android.intent.category.LAUNCHER] flg=0x10008000 cmp=com.example/.MainActivity} from uid 10171
03-27 15:45:22.190 540-3537/? W/ActivityTaskManager: Can't find TaskDisplayArea to determine support for multi window. Task id=116 attached=false
03-27 15:45:22.191 540-3537/? D/CompatibilityChangeReporter: Compat change id reported: 174042980; UID 10171; state: DISABLED
03-27 15:45:22.192 540-3537/? D/CompatibilityChangeReporter: Compat change id reported: 184838306; UID 10171; state: DISABLED
03-27 15:45:22.192 540-3537/? D/CompatibilityChangeReporter: Compat change id reported: 185004937; UID 10171; state: DISABLED
03-27 15:45:22.192 540-3537/? D/CompatibilityChangeReporter: Compat change id reported: 181136395; UID 10171; state: DISABLED
03-27 15:45:22.192 540-3537/? D/CompatibilityChangeReporter: Compat change id reported: 174042936; UID 10171; state: DISABLED
03-27 15:45:22.199 6721-6757/? I/NetworkScheduler.Stats: Task com.google.android.gms/com.google.android.gms.ipa.base.IpaGcmTaskService started execution. cause:9 exec_start_elapsed_seconds: 2673 [CONTEXT service_id=218 ]
03-27 15:45:22.200 192-192/? I/hwservicemanager: getTransport: Cannot find entry android.hardware.graphics.mapper@4.0::IMapper/default in either framework or device VINTF manifest.
03-27 15:45:22.200 18713-18716/? I/Gralloc4: mapper 4.x is not supported
03-27 15:45:22.204 18690-18690/? D/LifecycleMonitor: Lifecycle status change: com.example.MainActivity@cc64fc3 in: PRE_ON_CREATE
03-27 15:45:22.204 18690-18690/? V/ActivityScenario: Activity lifecycle changed event received but ignored because the reported transition was not ON_CREATE while the last known transition was PRE_ON_CREATE
03-27 15:45:22.204 1303-1727/? I/MediaProvider: Deleted 0 0 0 1 0 0 0 items on external_primary due to com.android.shell
03-27 15:45:22.205 18713-18716/? D/HostConnection: createUnique: call
03-27 15:45:22.206 1303-1551/? W/MediaProvider: isAppCloneUserPair for user 0: false
03-27 15:45:22.206 18713-18716/? D/HostConnection: HostConnection::get() New Host Connection established 0x740903734590, tid 18716
03-27 15:45:22.207 18713-18716/? D/goldfish-address-space: allocate: Ask for block of size 0x100
03-27 15:45:22.207 18713-18716/? D/goldfish-address-space: allocate: ioctl allocate returned offset 0x3ebffe000 size 0x2000
03-27 15:45:22.207 18713-18713/? D/MPEG4Writer: PreAllocation enabled
03-27 15:45:22.231 18690-18727/? D/libEGL: loaded /vendor/lib64/egl/libEGL_emulation.so
03-27 15:45:22.233 18690-18727/? D/libEGL: loaded /vendor/lib64/egl/libGLESv1_CM_emulation.so
03-27 15:45:22.234 18690-18727/? D/libEGL: loaded /vendor/lib64/egl/libGLESv2_emulation.so
03-27 15:45:22.234 192-192/? I/hwservicemanager: getTransport: Cannot find entry android.hardware.graphics.allocator@4.0::IAllocator/default in either framework or device VINTF manifest.
03-27 15:45:22.234 18713-18716/? W/Gralloc4: allocator 4.x is not supported
03-27 15:45:22.236 350-390/? D/goldfish-address-space: claimShared: Ask to claim region [0x3ef034000 0x3ef3b8000]
03-27 15:45:22.240 350-350/? D/goldfish-address-space: claimShared: Ask to claim region [0x3ed827000 0x3ee14d000]
03-27 15:45:22.245 18713-18716/? D/HostConnection: HostComposition ext ANDROID_EMU_CHECKSUM_HELPER_v1 ANDROID_EMU_native_sync_v2 ANDROID_EMU_native_sync_v3 ANDROID_EMU_native_sync_v4 ANDROID_EMU_dma_v1 ANDROID_EMU_direct_mem ANDROID_EMU_vulkan ANDROID_EMU_deferred_vulkan_commands ANDROID_EMU_vulkan_null_optional_strings ANDROID_EMU_vulkan_create_resources_with_requ
03-27 15:45:22.245 18713-18716/? D/HostConnection: irements ANDROID_EMU_YUV_Cache ANDROID_EMU_vulkan_ignored_handles ANDROID_EMU_has_shared_slots_host_memory_allocator ANDROID_EMU_vulkan_free_memory_sync ANDROID_EMU_vulkan_shader_float16_int8 ANDROID_EMU_vulkan_async_queue_submit ANDROID_EMU_vulkan_queue_submit_with_commands ANDROID_EMU_sync_buffer_data ANDROID_EMU_vulkan_async_qsri ANDROID_EMU_read_color_buffer_dma GL_OES_EGL_image_external_essl3 GL_OES_vertex_array_object GL_KHR_texture_compression_astc_ldr ANDROID_EMU_host_side_tracing ANDROID_EMU_gles_max_version_3_0 
03-27 15:45:22.247 350-350/? D/goldfish-address-space: claimShared: Ask to claim region [0x3ee14d000 0x3eea73000]
03-27 15:45:22.248 350-350/? D/goldfish-address-space: claimShared: Ask to claim region [0x3f0000000 0x3f0926000]
03-27 15:45:22.253 18713-18716/? D/GraphicBufferSource: got buffer with new dataSpace #104
03-27 15:45:22.253 18713-18716/? D/C2OMXNode: dataspace changed to 0x104 pixel format: 0x1
03-27 15:45:22.254 408-408/? I/BpBinder: onLastStrongRef automatically unlinking death recipients: <uncached descriptor>
03-27 15:45:22.257 350-350/? D/goldfish-address-space: claimShared: Ask to claim region [0x3ef993000 0x3efd17000]
03-27 15:45:22.259 458-18723/? D/SimpleC2Component: Using output block pool with poolID 56 => got 56 - 0
03-27 15:45:22.259 458-18723/? D/SimpleC2Component: applied 2 configUpdates => BAD_INDEX (6)
03-27 15:45:22.259 458-18723/? D/C2SoftAvcEnc: Params width 720 height 1280 level 41 colorFormat 0 bframes 0
03-27 15:45:22.260 458-18723/? E/C2SoftAvcEnc: Unable to set air params = 0x1ad
03-27 15:45:22.264 6721-17547/? I/NetworkScheduler.Stats: Task com.google.android.gms/com.google.android.gms.ipa.base.IpaGcmTaskService finished executing. cause:9 result: 1 elapsed_millis: 68 uptime_millis: 68 exec_start_elapsed_seconds: 2673 [CONTEXT service_id=218 ]
03-27 15:45:22.275 350-350/? D/goldfish-address-space: claimShared: Ask to claim region [0x3ec926000 0x3eccaa000]
03-27 15:45:22.281 1023-1489/? D/EGL_emulation: app_time_stats: avg=257.24ms min=10.11ms max=667.90ms count=6
03-27 15:45:22.291 713-938/? D/EGL_emulation: app_time_stats: avg=605.27ms min=133.47ms max=1524.76ms count=4
03-27 15:45:22.293 713-938/? D/EGL_emulation: app_time_stats: avg=604.96ms min=133.21ms max=1526.11ms count=4
03-27 15:45:22.294 18690-18690/? D/LifecycleMonitor: Lifecycle status change: com.example.MainActivity@cc64fc3 in: CREATED
03-27 15:45:22.294 1432-1432/? I/A: onApplyWindowInsets: systemWindowInsets=Insets{left=0, top=66, right=0, bottom=132}
03-27 15:45:22.294 18690-18690/? V/ActivityScenario: Update currentActivityStage to CREATED, currentActivity=com.example.MainActivity@cc64fc3
03-27 15:45:22.294 1432-1432/? I/A: onApplyWindowInsets: systemWindowInsets=Insets{left=0, top=66, right=0, bottom=132}
03-27 15:45:22.295 540-601/? W/ActivityManager: Unable to start service Intent { act=android.service.smartspace.SmartspaceService cmp=com.google.android.as/com.google.android.apps.miphone.aiai.app.AiAiSmartspaceService } U=0: not found
03-27 15:45:22.295 540-601/? W/RemoteSmartspaceService: could not bind to Intent { act=android.service.smartspace.SmartspaceService cmp=com.google.android.as/com.google.android.apps.miphone.aiai.app.AiAiSmartspaceService } using flags 67112961
03-27 15:45:22.295 18690-18690/? D/LifecycleMonitor: Lifecycle status change: com.example.MainActivity@cc64fc3 in: STARTED
03-27 15:45:22.296 540-540/? W/ActivityManager: Unbi
03-27 15:45:22.296 540-540/? W/ActivityManager: nd failed: could not find connection for android.app.LoadedApk$ServiceDispatcher$InnerConnection@c159096
03-27 15:45:22.296 18690-18690/? V/ActivityScenario: Update currentActivityStage to STARTED, currentActivity=com.example.MainActivity@cc64fc3
03-27 15:45:22.297 18713-18718/? D/CCodecConfig: c2 config diff is   Buffer coded.init-data.value = {
03-27 15:45:22.297 18713-18718/? D/CCodecConfig:     00000000:  00 00 00 01 67 42 c0 29  8d 68 0b 40 a1 a4 20 20  ....gB.).h.@..  
03-27 15:45:22.297 18713-18718/? D/CCodecConfig:     00000010:  20 20 f0 88 46 a0 00 00  00 01 68 ce 01 a8 35 c8    ..F.....h...5.
03-27 15:45:22.297 18713-18718/? D/CCodecConfig:   }
03-27 15:45:22.298 18713-18713/? D/MPEG4Writer: fpathconf _PC_FILESIZEBITS:64
03-27 15:45:22.298 18713-18713/? D/MPEG4Writer: File size limit set to 4503599627370495 bytes implicitly
03-27 15:45:22.298 18713-18713/? D/MPEG4Writer: MP4WtrCtrlHlpLooper Started
03-27 15:45:22.298 18690-18690/? D/LifecycleMonitor: Lifecycle status change: com.example.MainActivity@cc64fc3 in: RESUMED
03-27 15:45:22.299 18713-18713/? I/MPEG4Writer: limits: 4503599627370495/0 bytes/us, bit rate: -1 bps and the estimated moov size 3192 bytes
03-27 15:45:22.299 18690-18690/? V/ActivityScenario: Update currentActivityStage to RESUMED, currentActivity=com.example.MainActivity@cc64fc3
03-27 15:45:22.301 1305-1305/? I/GsaVoiceInteractionSrv: Handling ACTION_STOP_HOTWORD
03-27 15:45:22.301 1305-1305/? E/HwDetectorWithState: a: 3
03-27 15:45:22.305 350-350/? D/goldfish-address-space: claimShared: Ask to claim region [0x3eccaa000 0x3ed02e000]
03-27 15:45:22.307 18713-18734/? I/MPEG4Writer: setStartTimestampUs: 2673380589
03-27 15:45:22.307 18713-18734/? I/MPEG4Writer: Earliest track starting time: 2673380589
03-27 15:45:22.332 18690-18725/? D/HostConnection: createUnique: call
03-27 15:45:22.332 18690-18725/? D/HostConnection: HostConnection::get() New Host Connection established 0x7fa32f90fe50, tid 18725
03-27 15:45:22.338 18690-18725/? D/HostConnection: HostComposition ext ANDROID_EMU_CHECKSUM_HELPER_v1 ANDROID_EMU_native_sync_v2 ANDROID_EMU_native_sync_v3 ANDROID_EMU_native_sync_v4 ANDROID_EMU_dma_v1 ANDROID_EMU_direct_mem ANDROID_EMU_vulkan ANDROID_EMU_deferred_vulkan_commands ANDROID_EMU_vulkan_null_optional_strings ANDROID_EMU_vulkan_create_resources_with_requirements ANDROID_EMU_YUV_Cache ANDROID_EMU_vulkan_ignored_handles ANDROID_EMU_has_shared_slots_host_memory_allocator ANDROID_EMU
03-27 15:45:22.338 18690-18725/? D/HostConnection: _vulkan_free_memory_sync ANDROID_EMU_vulkan_shader_float16_int8 ANDROID_EMU_vulkan_async_queue_submit ANDROID_EMU_vulkan_queue_submit_with_commands ANDROID_EMU_sync_buffer_data ANDROID_EMU_vulkan_async_qsri ANDROID_EMU_read_color_buffer_dma GL_OES_EGL_image_external_essl3 GL_OES_vertex_array_object GL_KHR_texture_compression_astc_ldr ANDROID_EMU_host_side_tracing ANDROID_EMU_gles_max_version_3_0 
03-27 15:45:22.339 192-192/? I/hwservicemanager: getTransport: Cannot find entry android.hardware.configstore@1.0::ISurfaceFlingerConfigs/default in either framework or device VINTF manifest.
03-27 15:45:22.339 18690-18725/? W/OpenGLRenderer: Failed to choose config with EGL_SWAP_BEHAVIOR_PRESERVED, retrying without...
03-27 15:45:22.339 18690-18725/? W/OpenGLRenderer: Failed to initialize 101010-2 format, error = EGL_SUCCESS
03-27 15:45:22.341 18690-18725/? D/EGL_emulation: eglCreateContext: 0x7fa32f911710: maj 3 min 0 rcv 3
03-27 15:45:22.342 18690-18725/? D/EGL_emulation: eglMakeCurrent: 0x7fa32f911710: ver 3 0 (tinfo 0x7fa54d615080) (first time)
03-27 15:45:22.347 408-434/? E/HWComposer: getSupportedContentTypes: getSupportedContentTypes failed for display 4619827259835644672: Unsupported (8)
03-27 15:45:22.348 192-192/? I/hwservicemanager: getTransport: Cannot find entry android.hardware.graphics.mapper@4.0::IMapper/default in either framework or device VINTF manifest.
03-27 15:45:22.348 18690-18725/? I/Gralloc4: mapper 4.x is not supported
03-27 15:45:22.348 18690-18725/? D/HostConnection: createUnique: call
03-27 15:45:22.349 18690-18725/? D/HostConnection: HostConnection::get() New Host Connection established 0x7fa32f90fc10, tid 18725
03-27 15:45:22.349 18690-18725/? D/goldfish-address-space: allocate: Ask for block of size 0x100
03-27 15:45:22.349 18690-18725/? D/goldfish-address-space: allocate: ioctl allocate returned offset 0x3ebffe000 s
03-27 15:45:22.349 18690-18725/? D/goldfish-address-space: ize 0x2000
03-27 15:45:22.365 192-192/? I/hwservicemanager: getTransport: Cannot find entry android.hardware.graphics.allocator@4.0::IAllocator/default in either framework or device VINTF manifest.
03-27 15:45:22.366 18690-18725/? W/Gralloc4: allocator 4.x is not supported
03-27 15:45:22.367 350-350/? D/goldfish-address-space: claimShared: Ask to claim region [0x3f0926000 0x3f124c000]
03-27 15:45:22.374 18690-18725/? D/HostConnection: HostComposition ext ANDROID_EMU_CHECKSUM_HELPER_v1 ANDROID_EMU_native_sync_v2 ANDROID_EMU_native_sync_v3 ANDROID_EMU_native_sync_v4 ANDROID_EMU_dma_v1 ANDROID_EMU_direct_mem ANDROID_EMU_vulkan ANDROID_EMU_deferred_vulkan_commands ANDROID_EMU_vulkan_null_optional_strings ANDROID_EMU_vulkan_create_resources_with_requirements ANDROID_EMU_YUV_Cache ANDROID_EMU_vulkan_ignored_handles ANDROID_EMU_has_shared_slots_host_memory_allocator ANDROID_EMU_vulkan_free_memory_sync ANDROID_EMU_vulkan_shader_float16_int8 ANDROID_EMU_vulkan_async_queue_submit ANDROID_EMU_vulkan_queue_submit_with_commands ANDROID_EMU_sync_buffer_data ANDROID_EMU_vulkan_async_qsri ANDROID_EMU_read_color_buffer_dma GL_OES_EGL_image_external_essl3 GL_OES_vertex_array_object GL_KHR_texture_compression_astc_ldr ANDROID_EMU_host_side_tracing ANDROID_EMU_gles_max_version_3_0 
03-27 15:45:22.375 350-350/? D/goldfish-address-space: claimShared: Ask to claim region [0x3f1827000 0x3f214d000]
03-27 15:45:22.376 350-350/? D/goldfish-address-space: claimShared: Ask to claim region [0x3f2a73000 0x3f3399000]
03-27 15:45:22.405 540-557/? I/ActivityTaskManager: Displayed com.example/.MainActivity: +212ms
03-27 15:45:22.418 1267-1267/? I/GoogleInputMethodService: GoogleInputMethodService.onFinishInput():3420 
03-27 15:45:22.419 1267-1267/? I/GoogleInputMethodService: GoogleInputMethodService.onStartInput():2002 
03-27 15:45:22.420 1267-1267/? I/DeviceUnlockedTag: DeviceUnlockedTag.notifyDeviceLockStatusChanged():31 Notify device unlocked.
03-27 15:45:22.424 540-642/? W/InputManager-JNI: Input channel object 'b8f18c2 Splash Screen com.example (client)' was disposed without first being removed with the input manager!
03-27 15:45:22.750 11419-18775/? I/ProvidersCache: Provider returned no roots. Possibly naughty: com.google.android.apps.docs.storage
03-27 15:45:22.813 6721-6737/? I/FontLog: Received query Noto Color Emoji Compat, URI content://com.google.android.gms.fonts [CONTEXT service_id=132 ]
03-27 15:45:22.813 6721-6737/? I/FontLog: Query [emojicompat-emoji-font] resolved to {Noto Color Emoji Compat, wdth 100.0, wght 400, ital 0.0, bestEffort false} [CONTEXT service_id=132 ]
03-27 15:45:22.816 6721-6737/? I/FontLog: Fetch {Noto Color Emoji Compat, wdth 100.0, wght 400, ital 0.0, bestEffort false} end status Status{statusCode=SUCCESS, resolution=null} [CONTEXT service_id=132 ]
03-27 15:45:22.822 6721-6737/? I/FontLog: Pulling font file for id = 31, cache size = 11 [CONTEXT service_id=132 ]
03-27 15:45:22.826 6721-6737/? I/FontLog: Pulling font file for id = 31, cache size = 11 [CONTEXT service_id=132 ]
03-27 15:45:22.936 18690-18690/? W/com.example: Accessing hidden method Landroid/os/MessageQueue;->next()Landroid/os/Message; (unsupported, reflection, allowed)
03-27 15:45:22.936 18690-18690/? W/com.example: Accessing hidden field Landroid/os/MessageQueue;->mMessages:Landroid/os/Message; (unsupported, reflection, allowed)
03-27 15:45:22.936 18690-18690/? W/com.example: Accessing hidden method Landroid/os/Message;->recycleU
03-27 15:45:22.936 18690-18690/? W/com.example: nchecked()V (unsupported, reflection, allowed)
03-27 15:45:22.938 18690-18690/? W/com.example: Accessing hidden method Landroid/view/WindowManagerGlobal;->getInstance()Landroid/view/WindowManagerGlobal; (unsupported, reflection, allowed)
03-27 15:45:22.938 18690-18690/? W/com.example: Accessing hidden field Landroid/view/WindowManagerGlobal;->mViews:Ljava/util/ArrayList; (unsupported, reflection, allowed)
03-27 15:45:22.938 18690-18690/? W/com.example: Accessing hidden field Landroid/view/WindowManagerGlobal;->mParams:Ljava/util/Arr
03-27 15:45:22.938 18690-18690/? W/com.example: ayList; (unsupported, reflection, allowed)
03-27 15:45:22.939 18690-18690/? I/ViewInteraction: Checking 'MatchesViewAssertion{viewMatcher=an instance of android.widget.TextView and view.getText() with or without transformation to match: is "Test"}' assertion on view (view.getId() is <2131230838/com.example:id/edittext>)
03-27 15:45:22.942 540-3251/? I/ActivityTaskManager: START u0 {act=android.intent.action.MAIN cat=[android.intent.category.LAUNCHER] flg=0x10000000 cmp=com.example.test/androidx.test.core.app.InstrumentationActivityInvoker$EmptyActivity} from uid 10171
03-27 15:45:22.943 540-3251/? W/ActivityTaskManager: Can't find TaskDisplayArea to determine support for multi window. Task id=117 attached=false
03-27 15:45:22.950 18690-18690/? D/LifecycleMonitor: Lifecycle status change: com.example.MainActivity@cc64fc3 in: PAUSED
03-27 15:45:22.951 18690-18690/? V/ActivityScenario: Update currentActivityStage to PAUSED, currentActivity=com.example.MainActivity@cc64fc3
03-27 15:45:22.952 540-3251/? W/ActivityTaskManager: Tried to set launchTime (0) < mLastActivityLaunchTime (2671714)
03-27 15:45:22.965 350-350/? D/goldfish-address-space: claimShared: Ask to claim region [0x3ec000000 0x3ec926000]
03-27 15:45:22.969 350-350/? D/goldfish-address-space: claimShared: Ask to claim region [0x3ed02e000 0x3ed954000]
03-27 15:45:22.970 350-350/? D/goldfish-address-space: claimShared: Ask to claim region [0x3ed954000 0x3ee27a000]
03-27 15:45:22.975 350-350/? D/goldfish-address-space: claimShared: Ask to claim region [0x3ee27a000 0x3ee855000]
03-27 15:45:22.991 350-350/? D/goldfish-address-space: claimShared: Ask to claim region [0x3f214d000 0x3f2a73000]
03-27 15:45:22.995 350-350/? D/goldfish-address-space: claimShared: Ask to claim region [0x3f2a73000 0x3f3399000]
03-27 15:45:22.996 350-350/? D/goldfish-address-space: claimShared: Ask to claim region [0x3f3399000 0x3f3cbf000]
03-27 15:45:23.006 350-350/? D/goldfish-address-space: claimShared: Ask to claim region [0x3f0000000 0x3f05db000]
03-27 15:45:23.018 18690-18690/? D/LifecycleMonitor: Lifecycle status change: com.example.MainActivity@cc64fc3 in: STOPPED
03-27 15:45:23.018 18690-18690/? V/ActivityScenario: Update currentActivityStage to STOPPED, currentActivity=com.example.MainActivity@cc64fc3
03-27 15:45:23.027 18690-18690/? D/LifecycleMonitor: Lifecycle status change: com.example.MainActivity@cc64fc3 in: DESTROYED
03-27 15:45:23.028 18690-18690/? V/ActivityScenario: Update currentActivityStage to DESTROYED, currentActivity=null
03-27 15:45:23.048 408-408/? I/BpBinder: onLastStrongRef automatically unlinking death recipients: <uncached descriptor>
03-27 15:45:23.056 540-1634/? W/InputManager-JNI: Input channel object '4d70e93 Splash Screen com.example.test (client)' was disposed without first being removed with the input manager!
03-27 15:45:23.058 1432-1432/? I/A: onApplyWindowInsets: systemWindowInsets=Insets{left=0, top=66, right=0, bottom=132}
03-27 15:45:23.058 1432-1432/? I/A: onApplyWindowInsets: systemWindowInsets=Insets{left=0, top=66, right=0, bottom=132}
03-27 15:45:23.059 350-350/? D/goldfish-address-space: claimShared: Ask to claim region [0x3ed02e000 0x3ed954000]
03-27 15:45:23.065 350-350/? D/goldfish-address-space: claimShared: Ask to claim region [0x3ed954000 0x3ee27a000]
03-27 15:45:23.066 350-390/? D/goldfish-address-space: claimShared: Ask to claim region [0x3f05db000 0x3f0f01000]
03-27 15:45:23.072 540-3714/? W/ActivityManager: Unable to start service Intent { act=android.service.smartspace.SmartspaceService cmp=com.google.android.as/com.google.android.apps.miphone.aiai.app.AiAiSmartspaceService } U=0: not found
03-27 15:45:23.073 540-553/? W/InputManager-JNI: Input channel object 'fce3ab3 com.example/com.example.MainActivity (client)' was disposed without first being removed with the input manager!
03-27 15:45:23.073 540-3714/? W/RemoteSmartspaceService: could not bind to Intent { act=android.service.smartspace.SmartspaceService cmp=com.google.android.as/com.goog
03-27 15:45:23.073 540-3714/? W/RemoteSmartspaceService: le.android.apps.miphone.aiai.app.AiAiSmartspaceService } using flags 67112961
03-27 15:45:23.076 540-540/? W/ActivityManager: Unbind failed: could not find connection for android.app.LoadedApk$ServiceDispatcher$InnerConnection@f34e72e
03-27 15:45:23.076 540-3714/? W/ActivityManager: Unable to start service Intent { act=android.service.smartspace.SmartspaceService cmp=com.google.android.as/com.google.android.apps.miphone.aiai.app.AiAiSmartspaceService } U=0: not found
03-27 15:45:23.076 540-3714/? W/RemoteSmartspaceService: could not bind to Intent { act=android.service.smartspace.SmartspaceService cmp=com.google.android.as/com.google.android.apps.miphone.aiai.app.AiAiSmartspaceService } using flags 67112961
03-27 15:45:23.081 540-540/? W/ActivityManager: Unbind failed: could not find connection for android.app.LoadedApk$ServiceDispatcher$InnerConnection@82fd0e1
03-27 15:45:23.082 1305-1305/? I/GsaVoiceInteractionSrv: Handling ACTION_START_HOTWORD
03-27 15:45:23.082 1305-1305/? I/GsaVoiceInteractionSrv: disregardVoiceMatch: false
03-27 15:45:23.082 1305-1305/? I/GsaVoiceInteractionSrv: Cannot start hotword, hotword has been explicitly disabled.
03-27 15:45:23.082 1305-1305/? I/GsaVoiceInteractionSrv: [ 03-27 15:45:
03-27 15:45:23.082 1305-1305/? I/GsaVoiceInteractionSrv: 23.083   350:  390 D/goldfish-address-space ]
03-27 15:45:23.082 1305-1305/? I/GsaVoiceInteractionSrv: claimShared: Ask to claim region [0x3f5ab7000 0x3f63dd000]
03-27 15:45:23.086 350-390/? D/goldfish-address-space: claimShared: Ask to claim region [0x3f1827000 0x3f214d000]
03-27 15:45:23.087 1432-2945/? I/OpenGLRenderer: Davey! duration=7619ms; Flags=1, FrameTimelineVsyncId=8198, IntendedVsync=2666588539673, Vsync=2666588539673, InputEventId=0, HandleInputStart=2666588848128, AnimationStart=2666588848729, PerformTraversalsStart=2666588849240, DrawStart=2666607919033, FrameDeadline=2666621873005, FrameInterval=2666588833762, FrameStartTime=16666666, SyncQueued=2666608686128, SyncStart=2666609127662, IssueDrawCommandsStart=2666609329770, SwapBuffers=2666609617262, FrameCompleted=2674208414061, DequeueBufferDuration=2915, QueueBufferDuration=418235, GpuCompleted=2674208414061, SwapBuffersCompleted=2666610437041, DisplayPresentTime=0, 
03-27 15:45:23.087 350-350/? D/goldfish-address-space: claimShared: Ask to claim region [0x3f63dd000 0x3f6d03000]
03-27 15:45:23.090 540-561/? W/ActivityTaskManager: Can't find TaskDisplayArea to determine support for multi window. Task id=116 attached=false
03-27 15:45:23.090 540-561/? W/ActivityTaskManager: Can't find TaskDisplayArea to determine support for multi window. Task id=116 attached=false
03-27 15:45:23.094 18690-18709/? I/TestRunner: finished: testText1(com.example.MainActivityTest)
03-27 15:45:23.098 350-350/? D/goldfish-address-space: claimShared: Ask to claim region [0x3f6d03000 0x3f7087000]
03-27 15:45:23.126 350-350/? D/goldfish-address-space: claimShared: Ask to claim region [0x3ec000000 0x3ec384000]
03-27 15:45:23.134 1267-1267/? I/GoogleInputMethodService: GoogleInputMethodService.onFinishInput():3420 
03-27 15:45:23.134 1267-1267/? I/GoogleInputMethodService: GoogleInputMethodService.onStartInput():2002 
03-27 15:45:23.134 350-350/? D/goldfish-address-space: claimShared: Ask to claim region [0x3ec384000 0x3ec708000]
03-27 15:45:23.135 1267-1267/? I/DeviceUnlockedTag: DeviceUnlockedTag.notifyDeviceLockStatusChanged():31 Notify device unlocked.
03-27 15:45:23.150 540-601/? W/InputManager-JNI: Input channel object '660ba94 com.example.test/androidx.test.core.app.InstrumentationActivityInvoker$EmptyActivity (client)' was disposed without first being removed with the input manager!
03-27 15:45:23.160 540-561/? W/ActivityTaskManager: Can't find TaskDisplayArea to determine support for multi window. Task id=117 attached=false
03-27 15:45:23.160 540-561/? W/ActivityTaskManager: Can't find TaskDisplayArea to determine support for multi window. Task id=117 attached=false
03-27 15:45:23.162 350-350/? D/goldfish-address-space: claimShared: Ask to claim region [0x3f2a73000 0x3f2df7000]
03-27 15:45:23.201 18690-18709/? I/TestRunner: run finished: 1 tests, 0 failed, 0 ignored
03-27 15:45:23.209 540-1634/? I/ActivityManager: Force stopping com.example appid=10171 user=0: finished inst
03-27 15:45:23.212 18670-18670/? I/app_process: System.exit called, status: 0
03-27 15:45:23.212 18670-18670/? I/AndroidRuntime: VM exiting with result code 0.
03-27 15:45:23.224 540-1634/? I/ActivityManager: Killing 18690:com.example/u0a171 (adj 0): stop com.example due to finished inst
03-27 15:45:23.226 350-350/? D/goldfish-address-space: claimShared: Ask to claim region [0x3f2df7000 0x3f317b000]
03-27 15:45:23.235 18713-18735/? I/MPEG4Writer: setStartTimestampUs: 2673380589
03-27 15:45:23.244 18713-18722/? D/PipelineWatcher: onInputBufferReleased: frameIndex not found (23); ignored
03-27 15:45:23.253 18713-18713/? D/MPEG4Writer: reset()
03-27 15:45:23.253 18713-18734/? V/MediaWriter: Track event err/info msg:101, trackId:1, type:1000,val:-1011
03-27 15:45:23.253 18713-18713/? D/MPEG4Writer: Video track stopping. Stop source
03-27 15:45:23.253 18713-18713/? D/MPEG4Writer: Video track source stopping
03-27 15:45:23.253 18713-18713/? D/MPEG4Writer: Video track source stopped
03-27 15:45:23.253 18713-18713/? D/MPEG4Writer: [ 03-27 15:45:23.253 18713:18735 V/Media
03-27 15:45:23.253 18713-18713/? D/MPEG4Writer: Writer ]
03-27 15:45:23.253 18713-18713/? D/MPEG4Writer: Track event err/info msg:101, trackId:2, type:1000,val:-1011
03-27 15:45:23.253 18713-18735/? W/MPEG4Writer: 0-duration samples found: 1
03-27 15:45:23.254 18713-18734/? I/MPEG4Writer: Received total/0-length (16/0) buffers and encoded 16 frames. - Video
03-27 15:45:23.254 18713-18735/? I/MPEG4Writer: Received total/0-length (1/0) buffers and encoded 1 frames. - Metadata
03-27 15:45:23.254 18713-18713/? D/MPEG4Writer: Video track stopped. Status:0. Stop source
03-27 15:45:23.255 18713-18713/? D/MPEG4Writer: Metadata track stopping. Stop source
03-27 15:45:23.255 18713-18713/? D/MPEG4Writer: Metadata track source stopping
03-27 15:45:23.255 18713-18713/? D/MPEG4Writer: Metadata track source stopped
03-27 15:45:23.255 18713-18713/? D/MPEG4Writer: Metadata track stopped. Status:0. Stop source
03-27 15:45:23.255 18713-18713/? D/MPEG4Writer: Duration from tracks range is [0, 823199] us
03-27 15:45:23.255 18713-18732/? D/MPEG4Writer: 0 chunks are written in the last batch
03-27 15:45:23.255 18713-18713/? D/MPEG4Writer: WriterThread stopped. Status:0
03-27 15:45:23.255 18713-18713/? I/MPEG4Writer: Adjust the moov start time from 2673380589 us -> 2673380589 us
03-27 15:45:23.255 18713-18713/? I/MPEG4Writer: MOOV atom was written to the file
03-27 15:45:23.255 18713-18713/? D/MPEG4Writer: release()
03-27 15:45:23.255 18713-18713/? D/MPEG4Writer: ftruncate mPreAllocateFileEndOffset:73397 mOffset:1400 mMdatEndOffset:70989 diff:2408
03-27 15:45:23.257 334-334/? I/Zygote: Process 18690 exited due to signal 9 (Killed)
03-27 15:45:23.257 18713-18713/? D/MPEG4Writer: final fsync() takes 2 ms, file size 70989
03-27 15:45:23.257 18713-18713/? D/MPEG4Writer: MP4WtrCtrlHlpLooper stopped
03-27 15:45:23.257 18713-18713/? D/MPEG4Writer: Top 5 write durations(microseconds): #1:3 #2:4 #3:10 #4:226 #5:780
03-27 15:45:23.257 540-3714/? V/ActivityManager: Got obituary of 18690:com.example
03-27 15:45:23.258 540-560/? W/ActivityManager: setHasOverlayUi called on unknown pid: 18690
03-27 15:45:23.258 18713-18718/? I/hw-BpHwBinder: onLastStrongRef automatically unlinking death recipients
03-27 15:45:23.259 458-6172/? I/hw-BpHwBinder: onLastStrongRef automatically unlinking death recipients
03-27 15:45:23.259 458-6172/? V/C2Store: in ~ComponentModule
03-27 15:45:23.259 458-6172/? V/C2Store: unloading dll
03-27 15:45:23.260 18713-18713/? I/BpBinder: onLastStrongRef automatically unlinking death recipients: <uncached descriptor>
03-27 15:45:23.266 713-730/? I/ndroid.systemu: NativeAlloc concurrent copying GC freed 17365(804KB) AllocSpace objects, 0(0B) LOS objects, 49% free, 9703KB/18MB, paused 41us,41us total 238.818ms
03-27 15:45:23.267 540-570/? I/libprocessgroup: Successfully killed process cgroup uid 10171 pid 18690 in 43ms
03-27 15:45:23.268 713-732/? W/System: A resource failed to call release. 
03-27 15:45:23.268 713-732/? W/System: A resource failed to call close. 
03-27 15:45:23.268 713-732/? W/System: A resource failed to call close. 
03-27 15:45:23.268 713-732/? W/System: A resource failed to call release. 
03-27 15:45:23.268 713-732/? W/System: A resource failed to call release. 
03-27 15:45:23.268 713-732/? W/System: A resource failed to call close. 
03-27 15:45:23.268 713-732/? W/System: A resource failed to call close. 
03-27 15:45:23.268 713-732/? W/System: [ 03-27 15:45:23.268  
03-27 15:45:23.268 713-732/? W/System:  713:  732 W/System   ]
03-27 15:45:23.268 713-732/? W/System: A resource failed to call release. 
03-27 15:45:23.268 713-732/? W/System: A resource failed to call release. 
03-27 15:45:23.276 18713-18713/? D/ScreenRecord: success
03-27 15:45:23.276 1303-2216/? I/MediaProvider: Begin Intent { act=android.intent.action.MEDIA_SCANNER_SCAN_FILE dat=file:///sdcard/com.example.MainActivityTest-testText1-7f988ee6-79f8-4f04-b64d-1a02c6ea38b5.mp4 flg=0x1400010 cmp=com.google.android.providers.media.module/com.android.providers.media.MediaService }
03-27 15:45:23.276 18713-18713/? I/BpBinder: onLastStrongRef automatically unlinking death recipients: <uncached descriptor>
03-27 15:45:23.277 18713-18713/? I/BpBinder: onLastStrongRef automatically unlinking death recipients: <uncached descriptor>
03-27 15:45:23.277 458-6172/? D/BufferPoolAccessor2.0: Destruction - bufferpool2 0x7de64862f3d8 cached: 0/0M, 0/0% in use; allocs: 17, 88% recycled; transfers: 17, 88% unfetched
03-27 15:45:23.295 1303-2216/? I/MediaProvider: End Intent { act=android.intent.action.MEDIA_SCANNER_SCAN_FILE dat=file:///sdcard/com.example.MainActivityTest-testText1-7f988ee6-79f8-4f04-b64d-1a02c6ea38b5.mp4 flg=0x1400010 cmp=com.google.android.providers.media.module/com.android.providers.media.MediaService }
03-27 15:45:23.317 6721-11478/? I/NetworkScheduler.Stats: Task com.google.android.gms/com.google.android.gms.ipa.base.IpaGcmTaskService started execution. cause:9 exec_start_elapsed_seconds: 2674 [CONTEXT service_id=218 ]
03-27 15:45:23.320 6721-17547/? I/NetworkScheduler.Stats: Task com.google.android.gms/com.google.android.gms.ipa.base.IpaGcmTaskService finished executing. cause:9 result: 1 elapsed_millis: 11 uptime_millis: 11 exec_start_elapsed_seconds: 2674 [CONTEXT service_id=218 ]
03-27 15:45:23.873 1303-1727/? I/MediaProvider: Deleted 0 0 0 1 0 0 0 items on external_primary due to com.android.shell
