03-27 15:46:07.522 21055-21074/? E/TestRunner: assumption failed: failedAssumptionTest(com.example.FailedAssumptionTest)
03-27 15:46:07.522 21055-21074/? E/TestRunner: ----- begin exception -----
03-27 15:46:07.523 21055-21074/? E/TestRunner: org.junit.AssumptionViolatedException: got: <false>, expected: is <true>
03-27 15:46:07.523 21055-21074/? E/TestRunner: 	at org.junit.Assume.assumeThat(Assume.java:106)
03-27 15:46:07.523 21055-21074/? E/TestRunner: 	at org.junit.Assume.assumeTrue(Assume.java:50)
03-27 15:46:07.523 21055-21074/? E/TestRunner: 	at com.example.FailedAssumptionTest.failedAssumptionTest(FailedAssumptionTest.kt:19)
03-27 15:46:07.523 21055-21074/? E/TestRunner: 	at java.lang.reflect.Method.invoke(Native Method)
03-27 15:46:07.523 21055-21074/? E/TestRunner: 	at org.junit.runners.model.FrameworkMethod$1.runReflectiveCall(FrameworkMethod.java:59)
03-27 15:46:07.523 21055-21074/? E/TestRunner: 	at 
03-27 15:46:07.523 21055-21074/? E/TestRunner: org.junit.internal.runners.model.ReflectiveCallable.run(ReflectiveCallable.java:12)
03-27 15:46:07.523 21055-21074/? E/TestRunner: 	at org.junit.runners.model.FrameworkMethod.invokeExplosively(FrameworkMethod.java:56)
03-27 15:46:07.523 21055-21074/? E/TestRunner: 	at org.junit.internal.runners.statements.InvokeMethod.evaluate(InvokeMethod.java:17)
03-27 15:46:07.523 21055-21074/? E/TestRunner: 	at org.junit.runners.ParentRunner$3.evaluate(ParentRunner.java:306)
03-27 15:46:07.523 21055-21074/? E/TestRunner: 	at org.junit.runners.BlockJUnit4ClassRunner$1.evaluate(BlockJUnit4ClassRunner.java:100)
03-27 15:46:07.523 21055-21074/? E/TestRunner: 	at org.junit.runners.ParentRunner.runLeaf(ParentRunner.java:366)
03-27 15:46:07.523 21055-21074/? E/TestRunner: 	at org.junit.runners.BlockJUnit4ClassRunner.runChild(BlockJUnit4ClassRunner.java:103)
03-27 15:46:07.523 21055-21074/? E/TestRunner: 	at org.junit.runners.BlockJUnit4ClassRunner.runChild(BlockJUnit4ClassRunner.java:63)
03-27 15:46:07.523 21055-21074/? E/TestRunner: 	at org.junit.runners.ParentRunner$4.run(ParentRunner.java:331)
03-27 15:46:07.523 21055-21074/? E/TestRunner: 	at org.junit.runners.ParentRunner$1.schedule(ParentRunner.java:79)
03-27 15:46:07.523 21055-21074/? E/TestRunner: 	at org.junit.runners.ParentRunner.runChildren(ParentRunner.java:329)
03-27 15:46:07.523 21055-21074/? E/TestRunner: 	at org.junit.runners.ParentRunner.access$100(ParentRunner.java:66)
03-27 15:46:07.523 21055-21074/? E/TestRunner: 	at org.junit.runners.ParentRunner$2.evaluate(ParentRunner.java:293)
03-27 15:46:07.523 21055-21074/? E/TestRunner: 	at org.junit.runners.ParentRunner$3.evaluate(ParentRunner.java:306)
03-27 15:46:07.523 21055-21074/? E/TestRunner: 	at org.junit.runners.ParentRunner.run(ParentRunner.java:413)
03-27 15:46:07.523 21055-21074/? E/TestRunner: 	at androidx.test.ext.junit.runners.AndroidJUnit4.run(AndroidJUnit4.java:162)
03-27 15:46:07.523 21055-21074/? E/TestRunner: 	at io.qameta.allure.android.runners.AllureAndroidJUnit4.run(AllureAndroidJUnitRunners.kt:29)
03-27 15:46:07.523 21055-21074/? E/TestRunner: 	at org.junit.runners.Suite.runChild(Suite.java:128)
03-27 15:46:07.523 21055-21074/? E/TestRunner: 	at org.junit.runners.Suite.runChild(Suite.java:27)
03-27 15:46:07.523 21055-21074/? E/TestRunner: 	at org.junit.runners.ParentRunner$4.run(ParentRunner.java:331)
03-27 15:46:07.523 21055-21074/? E/TestRunner: 	at org.junit.runners.ParentRunner$1.schedule(ParentRunner.java:79)
03-27 15:46:07.523 21055-21074/? E/TestRunner: 	at org.junit.runners.ParentRunner.runChildren(ParentRunner.java:329)
03-27 15:46:07.523 21055-21074/? E/TestRunner: 	at org.junit.runners.ParentRunner.access$100(ParentRunner.java:66)
03-27 15:46:07.523 21055-21074/? E/TestRunner: 	at org.junit.runners.ParentRunner$2.evaluate(ParentRunner.java:293)
03-27 15:46:07.523 21055-21074/? E/TestRunner: 	at org.junit.runners.ParentRunner$3.evaluate(ParentRunner.java:306)
03-27 15:46:07.523 21055-21074/? E/TestRunner: 	at org.junit.runners.ParentRunner.run(ParentRunner.java:413)
03-27 15:46:07.523 21055-21074/? E/TestRunner: 	at org.junit.runner.JUnitCore.run(JUnitCore.java:137)
03-27 15:46:07.523 21055-21074/? E/TestRunner: 	at org.junit.runner.JUnitCore.run(JUnitCore.java:115)
03-27 15:46:07.523 21055-21074/? E/TestRunner: 	at androidx.test.internal.runner.TestExecutor.execute(TestExecutor.java:67)
03-27 15:46:07.523 21055-21074/? E/TestRunner: 	at androidx.test.internal.runner.TestExecutor.execute(TestExecutor.java:58)
03-27 15:46:07.523 21055-21074/? E/TestRunner: 	at androidx.test.runner.AndroidJUnitRunner.onStart(AndroidJUnitRunner.java:446)
03-27 15:46:07.523 21055-21074/? E/TestRunner: 	at android.app.Instrumentation$InstrumentationThread.run(Instrumentation.java:2248)
03-27 15:46:07.523 21055-21074/? E/TestRunner: ----- end exception -----
03-27 15:46:07.524 21055-21074/? I/TestRunner: finished: failedAssumptionTest(com.example.FailedAssumptionTest)
03-27 15:46:07.528 1303-11884/? W/MediaProvider: isAppCloneUserPair for user 0: false
03-27 15:46:07.532 408-864/? E/HWComposer: getSupportedContentTypes: getSupportedContentTypes failed for display 4619827259835644672: Unsupported (8)
03-27 15:46:07.533 21078-21078/? D/MediaCodecList: codecHandlesFormat: no format, so no extra checks
03-27 15:46:07.539 21055-21074/? I/TestRunner: run finished: 1 tests, 0 failed, 0 ignored
03-27 15:46:07.542 540-1767/? I/ActivityManager: Force stopping com.example appid=10171 user=0: finished inst
03-27 15:46:07.543 21078-21085/? D/CCodec: allocate(c2.android.avc.encoder)
03-27 15:46:07.544 21035-21035/? I/app_process: System.exit called, status: 0
03-27 15:46:07.544 21035-21035/? I/AndroidRuntime: VM exiting with result code 0.
03-27 15:46:07.552 540-1767/? I/ActivityManager: Killing 21055:com.example/u0a171 (adj 0): stop com.example due to finished inst
03-27 15:46:07.553 21078-21085/? I/Codec2Client: Available Codec2 services: "default" "software"
03-27 15:46:07.554 21078-21085/? I/CCodec: setting up 'default' as default (vendor) store
03-27 15:46:07.557 458-6171/? V/C2Store: in init
03-27 15:46:07.557 458-6171/? V/C2Store: loading dll
03-27 15:46:07.558 6721-17547/? I/NetworkScheduler.Stats: Task com.google.android.gms/com.google.android.gms.ipa.base.IpaGcmTaskService started execution. cause:9 exec_start_elapsed_seconds: 2718 [CONTEXT service_id=218 ]
03-27 15:46:07.558 458-6171/? I/mediaswcodec: missing struct descriptor #Param::CoreIndex(--004) for field values of struct #Param::CoreIndex(F-12004)
03-27 15:46:07.558 458-6171/? I/mediaswcodec: missing struct descriptor #Param::CoreIndex(--1812) for field values of struct #Param::CoreIndex(F-11812)
03-27 15:46:07.558 458-6171/? I/mediaswcodec: missing struct descriptor #Param::CoreIndex(--004) for field values of struct #Param::CoreIndex(F-12004)
03-27 15:46:07.558 458-6171/? I/mediaswcodec: missing struct descriptor #Param::CoreIndex(--1812) for field values of struct #Param::CoreIndex(F-11812)
03-27 15:46:07.561 21078-21085/? I/CCodec: Created component [c2.android.avc.encoder]
03-27 15:46:07.561 21078-21085/? D/CCodecConfig: read media type: video/avc
03-27 15:46:07.562 21078-21085/? D/ReflectedParamUpdater: extent() != 1 for single value type: algo.buffers.max-count.values
03-27 15:46:07.563 21078-21085/? D/ReflectedParamUpdater: extent() != 1 for single value type: output.subscribed-indices.values
03-27 15:46:07.563 21078-21085/? D/ReflectedParamUpdater: extent() != 1 for single value type: input.buffers.allocator-ids.values
03-27 15:46:07.563 21078-21085/? D/ReflectedParamUpdater: extent() != 1 for single value type: output.buffers.allocator-ids.values
03-27 15:46:07.563 21078-21085/? D/ReflectedParamUpdater: extent() != 1 for single value type: algo.buffers.allocator-ids.values
03-27 15:46:07.563 21078-21085/? D/ReflectedParamUpdater: extent() != 1 for single value type: output.buffers.pool-ids.values
03-27 15:46:07.563 21078-21085/? D/ReflectedParamUpdater: extent() != 1 for single value type: algo.buffers.pool-ids.values
03-27 15:46:07.564 21078-21085/? D/ReflectedParamUpdater: ignored struct field coding.gop.values
03-27 15:46:07.564 21078-21085/? D/ReflectedParamUpdater: ignored struct field coding.qp.values
03-27 15:46:07.567 540-1784/? V/ActivityManager: Got obituary of 21055:com.example
03-27 15:46:07.568 334-334/? I/Zygote: Process 21055 exited due to signal 9 (Killed)
03-27 15:46:07.568 21078-21085/? D/CCodecConfig: ignoring local param raw.color (0xc2001809) as it is already supported
03-27 15:46:07.568 21078-21085/? I/CCodecConfig: query failed after returning 12 values (BAD_INDEX)
03-27 15:46:07.568 21078-21085/? D/CCodecConfig: c2 config diff is Dict {
03-27 15:46:07.568 21078-21085/? D/CCodecConfig:   c2::u32 coded.bitrate.value = 64000
03-27 15:46:07.568 21078-21085/? D/CCodecConfig:   c2::float coded.frame-rate.value = 1
03-27 15:46:07.568 21078-21085/? D/CCodecConfig:   c2::u32 coded.pl.level = 20492
03-27 15:46:07.568 21078-21085/? D/CCodecConfig:   c2::u32 coded.pl.profile = 20481
03-27 15:46:07.568 21078-21085/? D/CCodecConfig:   c2::u32 coded.vui.color.matrix = 0
03-27 15:46:07.568 21078-21085/? D/CCodecConfig:   c2::u32 coded.vui.color
03-27 15:46:07.568 21078-21085/? D/CCodecConfig: .primaries = 0
03-27 15:46:07.568 21078-21085/? D/CCodecConfig:   c2::u32 coded.vui.color.range = 0
03-27 15:46:07.568 21078-21085/? D/CCodecConfig:   c2::u32 coded.vui.color.transfer = 0
03-27 15:46:07.568 21078-21085/? D/CCodecConfig:   c2::u32 coding.intra-refresh.mode = 0
03-27 15:46:07.568 21078-21085/? D/CCodecConfig:   c2::float coding.intra-refresh.period = 0
03-27 15:46:07.568 21078-21085/? D/CCodecConfig:   c2::u32 coding.request-sync-frame.value = 0
03-27 15:46:07.568 21078-21085/? D/CCodecConfig:   c2::i64 coding.sync-frame-interval.value = 1000000
03-27 15:46:07.568 21078-21085/? D/CCodecConfig:   c2::u32 input.delay.value = 0
03-27 15:46:07.568 21078-21085/? D/CCodecConfig:   string input.media-type.value = "video/raw"
03-27 15:46:07.568 21078-21085/? D/CCodecConfig:   string output.media-type.value = "video/avc"
03-27 15:46:07.568 21078-21085/? D/CCodecConfig:   c2::u32 raw.color.matrix = 0
03-27 15:46:07.568 21078-21085/? D/CCodecConfig:   c2::u32 raw.color.primaries = 0
03-27 15:46:07.568 21078-21085/? D/CCodecConfig:   c2::u32 raw.color.range = 0
03-27 15:46:07.568 21078-21085/? D/CCodecConfig:   c2::u32 raw.color.transfer = 0
03-27 15:46:07.568 21078-21085/? D/CCodecConfig:   c2::u32 raw.size.height = 16
03-27 15:46:07.568 21078-21085/? D/CCodecConfig:   c2::u32 raw.size.width = 16
03-27 15:46:07.568 21078-21085/? D/CCodecConfig: }
03-27 15:46:07.568 21078-21085/? W/ColorUtils: expected specified color aspects (0:0:0:0)
03-27 15:46:07.571 21078-21078/? D/CodecSeeding: Seed: codec c2.android.avc.encoder, mediatype video/avc, overrideable 1
03-27 15:46:07.571 21078-21078/? D/CodecProperties: setTuningValue(vq-target-bpp,0)
03-27 15:46:07.571 21078-21078/? D/CodecProperties: setTuningValue(vq-target-bpp-1080p,1.90)
03-27 15:46:07.571 21078-21078/? D/CodecProperties: setTuningValue(vq-target-bpp-720p,2.25)
03-27 15:46:07.571 21078-21078/? D/CodecProperties: setTuningValue(vq-target-bpp-540p,2.65)
03-27 15:46:07.571 21078-21078/? D/CodecProperties: setTuningValue(vq-target-bpp-480p,3.00)
03-27 15:46:07.571 21078-21078/? D/CodecProperties: setTuningValue(vq-target-bpp-320x240,0)
03-27 15:46:07.571 21078-21078/? D/CodecProperties: setTuningValue(vq-target-qpmax,-1)
03-27 15:46:07.571 21078-21078/? D/CodecProperties: setTuningValue(vq-target-qpmax-1080p,45)
03-27 15:46:07.571 21078-21078/? D/CodecProperties: setTuningValue(vq-target-qpmax-720p,43)
03-27 15:46:07.571 21078-21078/? D/CodecProperties: setTuningValue(vq-target-qpmax-540p,42)
03-27 15:46:07.571 21078-21078/? D/CodecProperties: setTuningValue(vq-target-qpmax-480p,38)
03-27 15:46:07.571 21078-21078/? D/CodecProperties: setTuningValue(vq-bitrate-phaseout,1.75)
03-27 15:46:07.571 21078-21078/? D/CodecProperties: setTuningValue(vq-boost-missing-qp,0.20)
03-27 15:46:07.571 21078-21078/? D/CodecProperties: setFeatureValue(intra-refresh,0)
03-27 15:46:07.571 21078-21078/? D/CodecProperties: setFeatureValue(qp-bounds,0)
03-27 15:46:07.571 21078-21078/? D/CodecProperties: setFeatureValue(_vq_eligible.device,1)
03-27 15:46:07.571 21078-21078/? D/CodecProperties: setFeatureValue(_quality.target,1)
03-27 15:46:07.572 21078-21078/? D/CodecSeeding: Seed: codec c2.android.avc.encoder, mediatype video/avc, overrideable 0
03-27 15:46:07.572 21078-21078/? D/VQApply: raise bitrate: configured 1000000 to floor 2073600
03-27 15:46:07.572 21078-21078/? D/VQApply: minquality by QP: inject video-qp-max=43
03-27 15:46:07.572 21078-21078/? D/VQApply: minquality/target bitrate raised from 1000000 to 2073600 bps
03-27 15:46:07.572 21078-21078/? D/MediaCodec: shapeMediaFormat: deltas(6): AMessage(what = 0x00000000) = {
03-27 15:46:07.572 21078-21078/? D/MediaCodec:     int32_t bitrate = 2073600
03-27 15:46:07.572 21078-21078/? D/MediaCodec:     int32_t android._encoding-quality-level = 0
03-27 15:46:07.572 21078-21078/? D/MediaCodec:     int32_t video-qp-max = 43
03-27 15:46:07.572 21078-21078/? D/MediaCodec:     int32_t video-qp-i-max = 43
03-27 15:46:07.572 21078-21078/? D/MediaCodec:     int32_t video-qp-p-max = 46
03-27 15:46:07.572 21078-21078/? D/MediaCodec:     int32_t video-qp-b-max = 49
03-27 15:46:07.572 21078-21078/? D/MediaCodec:   }
03-27 15:46:07.572 21078-21085/? D/CCodec: [c2.android.avc.encoder] buffers are bound to CCodec for this session
03-27 15:46:07.572 21078-21085/? D/CCodecConfig: no c2 equivalents for color-format
03-27 15:46:07.572 21078-21085/? D/CCodecConfig: no c2 equivalents for max-bframes
03-27 15:46:07.572 21078-21085/? D/CCodecConfig: no c2 equivalents for video-qp-max
03-27 15:46:07.572 21078-21085/? D/CCodecConfig: no c2 equivalents for video-qp-i-max
03-27 15:46:07.572 21078-21085/? D/CCodecConfig: no c2 equivalents for video-qp-p-max
03-27 15:46:07.572 21078-21085/? D/CCodecConfig: no c2 equivalents for video-qp-b-max
03-27 15:46:07.572 21078-21085/? D/CCodecConfig: no c2 equivalents for flags
03-27 15:46:07.572 21078-21085/? D/CCodecConfig: no c2 equivalents for encoder
03-27 15:46:07.572 21078-21085/? D/CCodecConfig: c2 config diff is   c2::u32 coded.bitrate.value = 2073600
03-27 15:46:07.572 21078-21085/? D/CCodecConfig:   c2::float coded.frame-rate.value = 60
03-27 15:46:07.572 21078-21085/? D/CCodecConfig:   c2::i64 coding.sync-frame-interval.value = 10000000
03-27 15:46:07.572 21078-21085/? D/CCodecConfig:   c2::u32 raw.size.height = 1280
03-27 15:46:07.572 21078-21085/? D/CCodecConfig:   c2::u32 raw.size.width = 720
03-27 15:46:07.572 21078-21085/? W/ColorUtils: expected specified color aspects (0:0:0:0)
03-27 15:46:07.573 21078-21085/? D/CCodec: setup formats input: AMessage(what = 0x00000000) = {
03-27 15:46:07.573 21078-21085/? D/CCodec:   Rect crop(0, 0, 719, 1279)
03-27 15:46:07.573 21078-21085/? D/CCodec:   int32_t color-standard = 0
03-27 15:46:07.573 21078-21085/? D/CCodec:   int32_t color-range = 0
03-27 15:46:07.573 21078-21085/? D/CCodec:   int32_t color-transfer = 0
03-27 15:46:07.573 21078-21085/? D/CCodec:   int32_t frame-rate = 60
03-27 15:46:07.573 21078-21085/? D/CCodec:   int32_t height = 1280
03-27 15:46:07.573 21078-21085/? D/CCodec:   int32_t intra-refresh-period = 0
03-27 15:46:07.573 21078-21085/? D/CCodec:   string mime = "video/raw"
03-27 15:46:07.573 21078-21085/? D/CCodec:   int32_t width = 720
03-27 15:46:07.573 21078-21085/? D/CCodec:   int32_t android._dataspace = 0
03-27 15:46:07.573 21078-21085/? D/CCodec:   int32_t using-sw-read-often = 1
03-27 15:46:07.573 21078-21085/? D/CCodec:   int64_t android._C2MemoryUsage = 1
03-27 15:46:07.573 21078-21085/? D/CCodec:   int32_t color-format = 2130708361
03-27 15:46:07.573 21078-21085/? D/CCodec:   int32_t android._color-format = 2130708361
03-27 15:46:07.573 21078-21085/? D/CCodec: }
03-27 15:46:07.573 21078-21085/? D/CCodec: setup formats output: AMessage(what = 0x00000000) = {
03-27 15:46:07.573 21078-21085/? D/CCodec:   int32_t bitrate = 2073600
03-27 15:46:07.573 21078-21085/? D/CCodec:   Rect crop(0, 0, 719, 1279)
03-27 15:46:07.573 21078-21085/? D/CCodec:   int32_t color-standard = 0
03-27 15:46:07.573 21078-21085/? D/CCodec:   int32_t color-range = 0
03-27 15:46:07.573 21078-21085/? D/CCodec:   int32_t color-transfer = 0
03-27 15:46:07.573 21078-21085/? D/CCodec:   int32_t frame-rate = 60
03-27 15:46:07.573 21078-21085/? D/CCodec:   int32_t height = 1280
03-27 15:46:07.573 21078-21085/? D/CCodec:   int32_t intra-refresh-period = 0
03-27 15:46:07.573 21078-21085/? D/CCodec:   int32_t level = 4096
03-27 15:46:07.573 21078-21085/? D/CCodec:   int32_t max-bitrate = 2073600
03-27 15:46:07.573 21078-21085/? D/CCodec:   string mime = "video/avc"
03-27 15:46:07.573 21078-21085/? D/CCodec:   int32_t profile = 65536
03-27 15:46:07.573 21078-21085/? D/CCodec:   int32_t width = 720
03-27 15:46:07.573 21078-21085/? D/CCodec: }
03-27 15:46:07.573 21078-21085/? I/CCodecConfig: query failed after returning 13 values (BAD_INDEX)
03-27 15:46:07.573 21078-21085/? D/CCodec: input format changed to AMessage(what = 0x00000000) = {
03-27 15:46:07.573 21078-21085/? D/CCodec:   Rect crop(0, 0, 719, 1279)
03-27 15:46:07.573 21078-21085/? D/CCodec:   int32_t color-standard = 1
03-27 15:46:07.573 21078-21085/? D/CCodec:   int32_t color-range = 2
03-27 15:46:07.573 21078-21085/? D/CCodec:   int32_t color-transfer = 3
03-27 15:46:07.573 21078-21085/? D/CCodec:   int32_t frame-rate = 60
03-27 15:46:07.573 21078-21085/? D/CCodec:   int32_t height = 1280
03-27 15:46:07.573 21078-21085/? D/CCodec:   int32_t intra-refresh-period = 0
03-27 15:46:07.573 21078-21085/? D/CCodec:   string mime = "video/raw"
03-27 15:46:07.573 21078-21085/? D/CCodec:   int32_t width = 720
03-27 15:46:07.573 21078-21085/? D/CCodec:   int32_t android._dataspace = 260
03-27 15:46:07.573 21078-21085/? D/CCodec:   int32_t using-sw-read-often = 1
03-27 15:46:07.573 21078-21085/? D/CCodec:   int64_t android._C2MemoryUsage = 1
03-27 15:46:07.573 21078-21085/? D/CCodec:   int32_t color-format = 2130708361
03-27 15:46:07.573 21078-21085/? D/CCodec:   int32_t android._color-format = 2130708361
03-27 15:46:07.573 21078-21085/? D/CCodec: }
03-27 15:46:07.573 21078-21085/? D/GraphicBufferSource: setting dataspace: 0x104, acquired=0
03-27 15:46:07.573 21078-21085/? D/CCodec: ISConfig not changed
03-27 15:46:07.573 21078-21085/? W/Codec2Client: query -- param skipped: index = 1342179345.
03-27 15:46:07.573 21078-21085/? W/Codec2Client: query -- param skipped: index = 2415921170.
03-27 15:46:07.573 21078-21085/? D/CCodecBufferChannel: [c2.android.avc.encoder#745] Using basic input block pool with poolID 1 => got 1 - OK (0)
03-27 15:46:07.573 21078-21085/? D/C2Store: Using DMABUF Heaps
03-27 15:46:07.574 21078-21085/? I/CCodecBufferChannel: [c2.android.avc.encoder#745] Created output block pool with allocatorID 16 => poolID 68 - OK
03-27 15:46:07.574 21078-21085/? D/CCodecBufferChannel: [c2.android.avc.encoder#745] Configured output block pool ids 68 => OK
03-27 15:46:07.574 451-2693/? W/ResourceManagerService: Ignoring request to add new resource entry with value <= 0
03-27 15:46:07.580 192-192/? I/hwservicemanager: getTransport: Cannot find entry android.hardware.graphics.mapper@4.0::IMapper/default in either framework or device VINTF manifest.
03-27 15:46:07.581 1303-1551/? I/MediaProvider: Deleted 0 0 0 1 0 0 0 items on external_primary due to com.android.shell
03-27 15:46:07.581 21078-21082/? I/Gralloc4: mapper 4.x is not supported
03-27 15:46:07.582 1303-1551/? W/MediaProvider: isAppCloneUserPair for user 0: false
03-27 15:46:07.585 21078-21078/? D/MPEG4Writer: PreAllocation enabled
03-27 15:46:07.585 21078-21078/? E/MediaMuxer: stop() is called in invalid state 1
03-27 15:46:07.586 21078-21085/? I/hw-BpHwBinder: onLastStrongRef automatically unlinking death recipients
03-27 15:46:07.586 458-6072/? D/BufferPoolAccessor2.0: Destruction - bufferpool2 0x7de648628978 cached: 0/0M, 0/0% in use; allocs: 0, 0% recycled; transfers: 0, 0% unfetched
03-27 15:46:07.586 458-6171/? V/C2Store: in ~ComponentModule
03-27 15:46:07.586 458-6171/? V/C2Store: unloading dll
03-27 15:46:07.589 21078-21082/? D/HostConnection: createUnique: call
03-27 15:46:07.589 21078-21082/? D/HostConnection: HostConnection::get() New Host Connection established 0x7ec66c48d190, tid 21082
03-27 15:46:07.589 21078-21082/? D/goldfish-address-space: allocate: Ask for block of size 0x100
03-27 15:46:07.589 21078-21082/? D/goldfish-address-space: allocate: ioctl allocate returned offset 0x3ebffe000 size 0x2000
03-27 15:46:07.611 540-570/? I/libprocessgroup: Successfully killed process cgroup uid 10171 pid 21055 in 58ms
03-27 15:46:07.615 192-192/? I/hwservicemanager: getTransport: Cannot find entry android.hardware.graphics.allocator@4.0::IAllocator/default in either framework or device VINTF manifest.
03-27 15:46:07.615 21078-21078/? D/ScreenRecord: failed
03-27 15:46:07.615 21078-21082/? W/Gralloc4: allocator 4.x is not supported
03-27 15:46:07.616 21078-21078/? I/BpBinder: onLastStrongRef automatically unlinking death recipients: <uncached descriptor>
03-27 15:46:07.616 21078-21078/? I/BpBinder: onLastStrongRef automatically unlinking death recipients: <uncached descriptor>
03-27 15:46:07.616 350-390/? D/goldfish-address-space: claimShared: Ask to claim region [0x3ec000000 0x3ec384000]
03-27 15:46:07.628 6721-6748/? I/NetworkScheduler.Stats: Task com.google.android.gms/com.google.android.gms.ipa.base.IpaGcmTaskService finished executing. cause:9 result: 1 elapsed_millis: 85 uptime_millis: 85 exec_start_elapsed_seconds: 2718 [CONTEXT service_id=218 ]
03-27 15:46:07.629 408-408/? E/CompositionEngine: ANativeWindow::dequeueBuffer failed for display [ScreenRecorder] with error: -32
03-27 15:46:07.629 408-408/? W/CompositionEngine: Dequeuing buffer for display [ScreenRecorder] failed, bailing out of client composition for this frame
03-27 15:46:07.978 458-768/? D/BufferPoolAccessor2.0: evictor expired: 1, evicted: 0
03-27 15:46:08.259 1303-19408/? I/MediaProvider: Deleted 0 0 0 1 0 0 0 items on external_primary due to com.android.shell
