03-27 15:45:14.417 1303-1551/? W/MediaProvider: isAppCloneUserPair for user 0: false
03-27 15:45:14.421 408-433/? E/HWComposer: getSupportedContentTypes: getSupportedContentTypes failed for display 4619827259835644672: Unsupported (8)
03-27 15:45:14.422 18167-18167/? D/MediaCodecList: codecHandlesFormat: no format, so no extra checks
03-27 15:45:14.423 18167-18172/? D/CCodec: allocate(c2.android.avc.encoder)
03-27 15:45:14.425 18167-18172/? I/Codec2Client: Available Codec2 services: "default" "software"
03-27 15:45:14.426 18167-18172/? I/CCodec: setting up 'default' as default (vendor) store
03-27 15:45:14.427 458-810/? V/C2Store: in init
03-27 15:45:14.427 458-810/? V/C2Store: loading dll
03-27 15:45:14.428 458-810/? I/mediaswcodec: missing struct descriptor #Param::CoreIndex(--004) for field values of struct #Param::CoreIndex(F-12004)
03-27 15:45:14.428 458-810/? I/mediaswcodec: missing struct descriptor #Param::CoreIndex(--1812) for field values of struct #Param::CoreIndex(F-11812)
03-27 15:45:14.428 458-810/? I/mediaswcodec: missing struct descriptor #Param::CoreIndex(--004) for field values of struct #Param::CoreIndex(F-12004)
03-27 15:45:14.428 458-810/? I/mediaswcodec: missing struct descriptor #Param::CoreIndex(--1812) for field values of struct #Param::CoreIndex(F-11812)
03-27 15:45:14.429 18167-18172/? I/CCodec: Created component [c2.android.avc.encoder]
03-27 15:45:14.429 18144-18163/? W/FileTestStorage: Output properties is not supported.
03-27 15:45:14.429 18167-18172/? D/CCodecConfig: read media type: video/avc
03-27 15:45:14.430 18144-18163/? I/Tracing: Tracer added: class androidx.test.platform.tracing.AndroidXTracer
03-27 15:45:14.430 18167-18172/? D/ReflectedParamUpdater: extent() != 1 for single value type: algo.buffers.max-count.values
03-27 15:45:14.430 18167-18172/? D/ReflectedParamUpdater: extent() != 1 for single value type: output.subscribed-indices.values
03-27 15:45:14.431 18167-18172/? D/ReflectedParamUpdater: extent() != 1 for single value type: input.buffers.allocator-ids.values
03-27 15:45:14.431 18167-18172/? D/ReflectedParamUpdater: extent() != 1 for single value type: output.buffers.allocator-ids.values
03-27 15:45:14.431 18167-18172/? D/ReflectedParamUpdater: [ 03-
03-27 15:45:14.431 18167-18172/? D/ReflectedParamUpdater: 27 15:45:14.431 18167:18172 D/ReflectedParamUpdater ]
03-27 15:45:14.431 18167-18172/? D/ReflectedParamUpdater: extent() != 1 for single value type: algo.buffers.allocator-ids.values
03-27 15:45:14.431 18167-18172/? D/ReflectedParamUpdater: extent() != 1 for single value type: output.buffers.pool-ids.values
03-27 15:45:14.431 18167-18172/? D/ReflectedParamUpdater: extent() != 1 for single value type: algo.buffers.pool-ids.values
03-27 15:45:14.431 18167-18172/? D/ReflectedParamUpdater: ignored struct field coding.gop.values
03-27 15:45:14.431 18167-18172/? D/ReflectedParamUpdater: ignored struct field coding.qp.values
03-27 15:45:14.432 18167-18172/? D/CCodecConfig: ignoring local param raw.color (0xc2001809) as it is already supported
03-27 15:45:14.432 18167-18172/? I/CCodecConfig: query failed after returning 12 values (BAD_INDEX)
03-27 15:45:14.432 18167-18172/? D/CCodecConfig: c2 config diff is Dict {
03-27 15:45:14.432 18167-18172/? D/CCodecConfig:   c2::u32 coded.bitrate.value = 64000
03-27 15:45:14.432 18167-18172/? D/CCodecConfig:   c2::float coded.frame-rate.value = 1
03-27 15:45:14.432 18167-18172/? D/CCodecConfig:   c2::u32 coded.pl.level = 20492
03-27 15:45:14.432 18167-18172/? D/CCodecConfig:   c2::u32 coded.pl.profile = 20481
03-27 15:45:14.432 18167-18172/? D/CCodecConfig:   c2::u32 coded.vui.color.matrix = 0
03-27 15:45:14.432 18167-18172/? D/CCodecConfig:   c2::u32 coded.vui.color.primaries = 0
03-27 15:45:14.432 18167-18172/? D/CCodecConfig:   c2::u32 coded.vui.color.range = 0
03-27 15:45:14.432 18167-18172/? D/CCodecConfig:   c2::u32 coded.vui.color.transfer = 0
03-27 15:45:14.432 18167-18172/? D/CCodecConfig:   c2::u32 coding.intra
03-27 15:45:14.432 18167-18172/? D/CCodecConfig: -refresh.mode = 0
03-27 15:45:14.432 18167-18172/? D/CCodecConfig:   c2::float coding.intra-refresh.period = 0
03-27 15:45:14.432 18167-18172/? D/CCodecConfig:   c2::u32 coding.request-sync-frame.value = 0
03-27 15:45:14.432 18167-18172/? D/CCodecConfig:   c2::i64 coding.sync-frame-interval.value = 1000000
03-27 15:45:14.432 18167-18172/? D/CCodecConfig:   c2::u32 input.delay.value = 0
03-27 15:45:14.432 18167-18172/? D/CCodecConfig:   string input.media-type.value = "video/raw"
03-27 15:45:14.432 18167-18172/? D/CCodecConfig:   string output.media-type.value = "video/avc"
03-27 15:45:14.432 18167-18172/? D/CCodecConfig:   c2::u32 raw.color.matrix = 0
03-27 15:45:14.432 18167-18172/? D/CCodecConfig:   c2::u32 raw.color.primaries = 0
03-27 15:45:14.432 18167-18172/? D/CCodecConfig:   c2::u32 raw.color.range = 0
03-27 15:45:14.432 18167-18172/? D/CCodecConfig:   c2::u32 raw.color.transfer = 0
03-27 15:45:14.432 18167-18172/? D/CCodecConfig:   c2::u32 raw.size.height = 16
03-27 15:45:14.432 18167-18172/? D/CCodecConfig:   c2::u32 raw.size.width = 16
03-27 15:45:14.432 18167-18172/? D/CCodecConfig: }
03-27 15:45:14.432 18167-18172/? W/ColorUtils: expected specified color aspects (0:0:0:0)
03-27 15:45:14.437 18167-18167/? D/CodecSeeding: Seed: codec c2.android.avc.encoder, mediatype video/avc, overrideable 1
03-27 15:45:14.437 18167-18167/? D/CodecProperties: setTuningValue(vq-target-bpp,0)
03-27 15:45:14.437 18167-18167/? D/CodecProperties: setTuningValue(vq-target-bpp-1080p,1.90)
03-27 15:45:14.437 18167-18167/? D/CodecProperties: setTuningValue(vq-target-bpp-720p,2.25)
03-27 15:45:14.437 18167-18167/? D/CodecProperties: setTuningValue(vq-target-bpp-540p,2.65)
03-27 15:45:14.437 18167-18167/? D/CodecProperties: setTuningValue(vq-target-bpp-480p,3.00)
03-27 15:45:14.437 18167-18167/? D/CodecProperties: setTuningValue(vq-target-bpp-320x240,0)
03-27 15:45:14.437 18167-18167/? D/CodecProperties: setTuningValue(vq-target-qpmax,-1)
03-27 15:45:14.437 18167-18167/? D/CodecProperties: setTuningValue(vq-target-qpmax-1080p,45)
03-27 15:45:14.437 18167-18167/? D/CodecProperties: setTuningValue(vq-target-qpmax-720p,43)
03-27 15:45:14.437 18167-18167/? D/CodecProperties: setTuningValue(vq-target-qpmax-540p,42)
03-27 15:45:14.437 18167-18167/? D/CodecProperties: setTuningValue(vq-target-qpmax-480p,38)
03-27 15:45:14.437 18167-18167/? D/CodecProperties: setTuningValue(vq-bitrate-phaseout,1.75)
03-27 15:45:14.437 18167-18167/? D/CodecProperties: setTuningValue(vq-boost-missing-qp,0.20)
03-27 15:45:14.437 18167-18167/? D/CodecProperties: setFeatureValue(intra-refresh,0)
03-27 15:45:14.437 18167-18167/? D/CodecProperties: setFeatureValue(qp-bounds,0)
03-27 15:45:14.437 18167-18167/? D/CodecProperties: setFeatureValue(_vq_eligible.device,1)
03-27 15:45:14.437 18167-18167/? D/CodecProperties: setFeatureValue(_quality.target,1)
03-27 15:45:14.437 18167-18167/? D/CodecSeeding: Seed: codec c2.android.avc.encoder, mediatype video/avc, overrideable 0
03-27 15:45:14.437 18167-18167/? D/VQApply: raise bitrate: configured 1000000 to floor 2073600
03-27 15:45:14.437 18167-18167/? D/VQApply: minquality by QP: inject video-qp-max=43
03-27 15:45:14.437 18167-18167/? D/VQApply: minquality/target bitrate raised from 1000000 to 2073600 bps
03-27 15:45:14.437 18167-18167/? D/MediaCodec: shapeMediaFormat: deltas(6): AMessage(what = 0x00000000) = {
03-27 15:45:14.437 18167-18167/? D/MediaCodec:     int32_t bitrate = 2073600
03-27 15:45:14.437 18167-18167/? D/MediaCodec:     int32_t android._encoding-quality-level = 0
03-27 15:45:14.437 18167-18167/? D/MediaCodec:     int32_t video-qp-max = 43
03-27 15:45:14.437 18167-18167/? D/MediaCodec:     int32_t video-qp-i-max = 43
03-27 15:45:14.437 18167-18167/? D/MediaCodec:     int32_t video-qp-p-max = 46
03-27 15:45:14.437 18167-18167/? D/MediaCodec:     int32_t video-qp-b-max = 49
03-27 15:45:14.437 18167-18167/? D/MediaCodec:   }
03-27 15:45:14.437 18167-18172/? D/CCodec: [c2.android.avc.encoder] buffers are bound to CCodec for this session
03-27 15:45:14.437 18167-18172/? D/CCodecConfig: no c2 equivalents for color-format
03-27 15:45:14.437 18167-18172/? D/CCodecConfig: no c2 equivalents for max-bframes
03-27 15:45:14.438 18167-18172/? D/CCodecConfig: no c2 equivalents for video-qp-max
03-27 15:45:14.438 18167-18172/? D/CCodecConfig: no c2 equivalents for video-qp-i-max
03-27 15:45:14.438 18167-18172/? D/CCodecConfig: no c2 equivalents for video-qp-p-max
03-27 15:45:14.438 18167-18172/? D/CCodecConfig: no c2 equivalents for video-qp-b-max
03-27 15:45:14.438 18167-18172/? D/CCodecConfig: no c2 equivalents for flags
03-27 15:45:14.438 18167-18172/? D/CCodecConfig: no c2 equivalents for encoder
03-27 15:45:14.438 18167-18172/? D/CCodecConfig: c2 config diff is   c2::u32 coded.bitrate.value = 2073600
03-27 15:45:14.438 18167-18172/? D/CCodecConfig:   c2::float coded.frame-rate.value = 60
03-27 15:45:14.438 18167-18172/? D/CCodecConfig:   c2::i64 coding.sync-frame-interval.value = 10000000
03-27 15:45:14.438 18167-18172/? D/CCodecConfig:   c2::u32 raw.size.height = 1280
03-27 15:45:14.438 18167-18172/? D/CCodecConfig:   c2::u32 raw.size.width = 720
03-27 15:45:14.438 18167-18172/? W/ColorUtils: expected specified color aspects (0:0:0:0)
03-27 15:45:14.438 18167-18172/? D/CCodec: setup formats input: AMessage(what = 0x00000000) = {
03-27 15:45:14.438 18167-18172/? D/CCodec:   Rect crop(0, 0, 719, 1279)
03-27 15:45:14.438 18167-18172/? D/CCodec:   int32_t color-standard = 0
03-27 15:45:14.438 18167-18172/? D/CCodec:   int32_t color-range = 0
03-27 15:45:14.438 18167-18172/? D/CCodec:   int32_t color-transfer = 0
03-27 15:45:14.438 18167-18172/? D/CCodec:   int32_t frame-rate = 60
03-27 15:45:14.438 18167-18172/? D/CCodec:   int32_t height = 1280
03-27 15:45:14.438 18167-18172/? D/CCodec:   int32_t intra-refresh-period = 0
03-27 15:45:14.438 18167-18172/? D/CCodec:   string mime = "video/raw"
03-27 15:45:14.438 18167-18172/? D/CCodec:   int32_t width = 720
03-27 15:45:14.438 18167-18172/? D/CCodec:   int32_t android._dataspace = 0
03-27 15:45:14.438 18167-18172/? D/CCodec:   int32_t using-sw-read-often = 1
03-27 15:45:14.438 18167-18172/? D/CCodec:   int64_t android._C2MemoryUsage = 1
03-27 15:45:14.438 18167-18172/? D/CCodec:   int32_t color-format = 2130708361
03-27 15:45:14.438 18167-18172/? D/CCodec:   int32_t android._color-format = 2130708361
03-27 15:45:14.438 18167-18172/? D/CCodec: }
03-27 15:45:14.438 18167-18172/? D/CCodec: setup formats output: AMessage(what = 0x00000000) = {
03-27 15:45:14.438 18167-18172/? D/CCodec:   int32_t bitrate = 2073600
03-27 15:45:14.438 18167-18172/? D/CCodec:   Rect crop(0, 0, 719, 1279)
03-27 15:45:14.438 18167-18172/? D/CCodec:   int32_t color-standard = 0
03-27 15:45:14.438 18167-18172/? D/CCodec:   int32_t color-range = 0
03-27 15:45:14.438 18167-18172/? D/CCodec:   int32_t color-transfer = 0
03-27 15:45:14.438 18167-18172/? D/CCodec:   int32_t frame-rate = 60
03-27 15:45:14.438 18167-18172/? D/CCodec:   int32_t height = 1280
03-27 15:45:14.438 18167-18172/? D/CCodec:   int32_t intra-refresh-period = 0
03-27 15:45:14.438 18167-18172/? D/CCodec:   int32_t level = 4096
03-27 15:45:14.438 18167-18172/? D/CCodec:   int32_t max-bitrate = 2073600
03-27 15:45:14.438 18167-18172/? D/CCodec:   string mime = "video/avc"
03-27 15:45:14.438 18167-18172/? D/CCodec:   int32_t profile = 65536
03-27 15:45:14.438 18167-18172/? D/CCodec:   int32_t width = 720
03-27 15:45:14.438 18167-18172/? D/CCodec: }
03-27 15:45:14.438 18167-18172/? D/CCodec: [ 03-27 15:45:14.438 18167:18
03-27 15:45:14.438 18167-18172/? D/CCodec: 172 I/CCodecConfig ]
03-27 15:45:14.438 18167-18172/? D/CCodec: query failed after returning 13 values (BAD_INDEX)
03-27 15:45:14.439 18167-18172/? D/CCodec: input format changed to AMessage(what = 0x00000000) = {
03-27 15:45:14.439 18167-18172/? D/CCodec:   Rect crop(0, 0, 719, 1279)
03-27 15:45:14.439 18167-18172/? D/CCodec:   int32_t color-standard = 1
03-27 15:45:14.439 18167-18172/? D/CCodec:   int32_t color-range = 2
03-27 15:45:14.439 18167-18172/? D/CCodec:   int32_t color-transfer = 3
03-27 15:45:14.439 18167-18172/? D/CCodec:   int32_t frame-rate = 60
03-27 15:45:14.439 18167-18172/? D/CCodec:   int32_t height = 1280
03-27 15:45:14.439 18167-18172/? D/CCodec:   int32_t intra-refresh-period = 0
03-27 15:45:14.439 18167-18172/? D/CCodec:   string mime = "video/raw"
03-27 15:45:14.439 18167-18172/? D/CCodec:   int32_t width = 720
03-27 15:45:14.439 18167-18172/? D/CCodec:   int32_t android._dataspace = 260
03-27 15:45:14.439 18167-18172/? D/CCodec:   int32_t using-sw-read-often = 1
03-27 15:45:14.439 18167-18172/? D/CCodec:   int64_t android._C2MemoryUsage = 1
03-27 15:45:14.439 18167-18172/? D/CCodec:   int32_t color-format = 2130708361
03-27 15:45:14.439 18167-18172/? D/CCodec:   int32_t android._color-format = 2130708361
03-27 15:45:14.439 18167-18172/? D/CCodec: }
03-27 15:45:14.439 18167-18172/? D/GraphicBufferSource: setting dataspace: 0x104, acquired=0
03-27 15:45:14.439 18167-18172/? D/CCodec: ISConfig not changed
03-27 15:45:14.439 18144-18163/? D/EventInjectionStrategy: Creating injection strategy with input manager.
03-27 15:45:14.439 18167-18172/? W/Codec2Client: query -- param skipped: index = 1342179345.
03-27 15:45:14.439 18167-18172/? W/Codec2Client: query -- param skipped: index = 2415921170.
03-27 15:45:14.439 18167-18172/? D/CCodecBufferChannel: [c2.android.avc.encoder#317] Using basic input block pool with poolID 1 => got 1 - OK (0)
03-27 15:45:14.439 18144-18163/? W/com.example: Accessing hidden method Landroid/hardware/input/InputManager;->getInstance()Landroid/hardware/input/InputManager; (unsupported, reflection, allowed)
03-27 15:45:14.439 18167-18172/? D/C2Store: Using DMABUF Heaps
03-27 15:45:14.440 18144-18163/? W/com.example: Accessing hidden method Landroid/hardware/input/InputManager;->injectInputEvent(Landroid/view/InputEvent;I)Z (unsupported, reflection, allowed)
03-27 15:45:14.440 18144-18163/? W/com.example: Accessing hidden field Landroid/hardware/input/InputManager;->INJECT_INPUT_EVENT_MODE_WAIT_FOR_FINISH:I (unsupported, reflection, allowed)
03-27 15:45:14.440 18167-18172/? I/CCodecBufferChannel: [c2.android.avc.encoder#317] Created output block pool with allocatorID 16 => poolID 53 - OK
03-27 15:45:14.440 18167-18172/? D/CCodecBufferChannel: [c2.android.avc.encoder#317] Configured output block pool ids 53 => OK
03-27 15:45:14.440 451-2926/? W/ResourceManagerService: Ignoring request to add new resource entry with value <= 0
03-27 15:45:14.448 1303-1727/? I/MediaProvider: Deleted 0 0 0 1 0 0 0 items on external_primary due to com.android.shell
03-27 15:45:14.451 192-192/? I/hwservicemanager: getTransport: Cannot find entry android.hardware.graphics.mapper@4.0::IMapper/default in either framework or device VINTF manifest.
03-27 15:45:14.452 18167-18171/? I/Gralloc4: mapper 4.x is not supported
03-27 15:45:14.453 1303-1550/? W/MediaProvider: isAppCloneUserPair for user 0: false
03-27 15:45:14.457 18167-18167/? D/MPEG4Writer: PreAllocation enabled
03-27 15:45:14.459 18144-18163/? W/Settings: Setting always_finish_activities has moved from android.provider.Settings.System to android.provider.Settings.Global, returning read-only value.
03-27 15:45:14.460 18167-18171/? D/HostConnection: createUnique: call
03-27 15:45:14.461 18167-18171/? D/HostConnection: HostConnection::get() New Host Connection established 0x7149f1fedf90, tid 18171
03-27 15:45:14.461 18167-18171/? D/goldfish-address-space: allocate: Ask for block of size 0x100
03-27 15:45:14.461 18167-18171/? D/goldfish-address-space: allocate: ioctl allocate returned offset 0x3ebffe000 size 0x2000
03-27 15:45:14.462 6721-10009/? I/NetworkScheduler.Stats: Task com.google.android.gms/com.google.android.gms.ipa.base.IpaGcmTaskService started execu
03-27 15:45:14.462 6721-10009/? I/NetworkScheduler.Stats: tion. cause:9 exec_start_elapsed_seconds: 2665 [CONTEXT service_id=218 ]
03-27 15:45:14.469 540-2692/? I/ActivityTaskManager: START u0 {act=android.intent.action.MAIN cat=[android.intent.category.LAUNCHER] flg=0x10008000 cmp=com.example/.MainActivity} from uid 10171
03-27 15:45:14.472 540-2692/? W/ActivityTaskManager: Can't find TaskDisplayArea to determine support for multi window. Task id=110 attached=false
03-27 15:45:14.479 540-2692/? D/CompatibilityChangeReporter: Compat change id reported: 174042980; UID 10171; state: DISABLED
03-27 15:45:14.479 540-2692/? D/CompatibilityChangeReporter: Compat change id reported: 184838306; UID 10171; state: DISABLED
03-27 15:45:14.480 540-2692/? D/CompatibilityChangeReporter: Compat change id reported: 185004937; UID 10171; state: DISABLED
03-27 15:45:14.480 540-2692/? D/CompatibilityChangeReporter: Compat change id reported: 181136395; UID 10171; state: DISABLED
03-27 15:45:14.480 540-2692/? D/CompatibilityChangeReporter: Compat change id reported: 174042936; UID 10171; state: DISABLED
03-27 15:45:14.494 192-192/? I/hwservicemanager: getTransport: Cannot find entry android.hardware.graphics.allocator@4.0::IAllocator/default in either framework or device VINTF manifest.
03-27 15:45:14.495 18167-18171/? W/Gralloc4: allocator 4.x is not supported
03-27 15:45:14.497 350-390/? D/goldfish-address-space: claimShared: Ask to claim region [0x3ee179000 0x3ee4fd000]
03-27 15:45:14.515 6721-17547/? I/NetworkScheduler.Stats: Task com.google.android.gms/com.google.android.gms.ipa.base.IpaGcmTaskService finished executing. cause:9 result: 1 elapsed_millis: 67 uptime_millis: 67 exec_start_elapsed_seconds: 2665 [CONTEXT service_id=218 ]
03-27 15:45:14.516 18144-18144/? D/LifecycleMonitor: Lifecycle status change: com.example.MainActivity@cc64fc3 in: PRE_ON_CREATE
03-27 15:45:14.517 18144-18144/? V/ActivityScenario: Activity lifecycle changed event received but ignored because the reported transition was not ON_CREATE while the last known transition was PRE_ON_CREATE
03-27 15:45:14.517 18167-18171/? D/HostConnection: HostComposition ext ANDROID_EMU_CHECKSUM_HELPER_v1 ANDROID_EMU_native_sync_v2 ANDROID_EMU_native_sync_v3 ANDROID_EMU_native_sync_v4 ANDROID_EMU_dma_v1 ANDROID_EMU_direct_mem ANDROID_EMU_vulkan ANDROID_EMU_deferred_vulkan_commands ANDROID_EMU_vulkan_null_optional_strings ANDROID_EMU_vulkan_create_resources_with_requirements ANDROID_EMU_YUV_Cache ANDROID_EMU_vulkan_ignored_handles ANDROID_EMU_has_shared_slots_host_memory_allocator ANDROID_EMU_vulkan_free_memory_sync ANDROID_EMU_vulkan_shader_float16_int8 ANDROID_EMU_vulkan_async_queue_submit ANDROID_EMU_vulkan_queue_submit_with_commands ANDROID_EMU_sync_buffer_data ANDROID_EMU_vulkan_async_qsri ANDROID_EMU_read_color_buffer_dma GL_OES_EGL_image_external_essl3 GL_OES_vertex_array_object GL_KHR_texture_compression_astc_ldr ANDROID_EMU_host_side_tracing ANDROID_EMU_gles_max_version_3_0 
03-27 15:45:14.519 18144-18182/? D/libEGL: loaded /vendor/lib64/egl/libEGL_emulation.so
03-27 15:45:14.520 18167-18171/? D/GraphicBufferSource: got buffer with new dataSpace #104
03-27 15:45:14.520 18167-18171/? D/C2OMXNode: dataspace changed to 0x104 pixel format: 0x1
03-27 15:45:14.522 408-408/? I/BpBinder: onLastStrongRef automatically unlinking death recipients: <uncached descriptor>
03-27 15:45:14.522 458-18177/? D/SimpleC2Component: Using output block pool with poolID 53 => got 53 - 0
03-27 15:45:14.522 458-18177/? D/SimpleC2Component: applied 2 configUpdates => BAD_INDEX (6)
03-27 15:45:14.522 458-18177/? D/C2SoftAvcEnc: Params width 720 height 1280 level 41 colorFormat 0 bframes 0
03-27 15:45:14.522 18144-18182/? D/libEGL: loaded /vendor/lib64/egl/libGLESv1_CM_emulation.so
03-27 15:45:14.523 458-18177/? E/C2SoftAvcEnc: Unable to set air params = 0x
03-27 15:45:14.523 458-18177/? E/C2SoftAvcEnc: 1ad
03-27 15:45:14.524 350-390/? D/goldfish-address-space: claimShared: Ask to claim region [0x3ee4fd000 0x3ee881000]
03-27 15:45:14.524 18144-18182/? D/libEGL: loaded /vendor/lib64/egl/libGLESv2_emulation.so
03-27 15:45:14.529 350-390/? D/goldfish-address-space: claimShared: Ask to claim region [0x3ee881000 0x3ef1a7000]
03-27 15:45:14.533 350-390/? D/goldfish-address-space: claimShared: Ask to claim region [0x3ec926000 0x3ed24c000]
03-27 15:45:14.534 350-390/? D/goldfish-address-space: claimShared: Ask to claim region [0x3f0000000 0x3f0926000]
03-27 15:45:14.545 350-390/? D/goldfish-address-space: claimShared: Ask to claim region [0x3ef1a7000 0x3ef52b000]
03-27 15:45:14.551 1023-1489/? D/EGL_emulation: app_time_stats: avg=226.01ms min=0.94ms max=1655.61ms count=11
03-27 15:45:14.557 18167-18172/? D/CCodecConfig: c2 config diff is   Buffer coded.init-data.value = {
03-27 15:45:14.557 18167-18172/? D/CCodecConfig:     00000000:  00 00 00 01 67 42 c0 29  8d 68 0b 40 a1 a4 20 20  ....gB.).h.@..  
03-27 15:45:14.557 18167-18172/? D/CCodecConfig:     00000010:  20 20 f0 88 46 a0 00 00  00 01 68 ce 01 a8 35 c8    ..F.....h...5.
03-27 15:45:14.557 18167-18172/? D/CCodecConfig:   }
03-27 15:45:14.559 18167-18167/? D/MPEG4Writer: fpathconf _PC_FILESIZEBITS:64
03-27 15:45:14.559 18167-18167/? D/MPEG4Writer: File size limit set to 4503599627370495 bytes implicitly
03-27 15:45:14.559 18167-18167/? D/MPEG4Writer: MP4WtrCtrlHlpLooper Started
03-27 15:45:14.559 18167-18167/? I/MPEG4Writer: limits: 4503599627370495/0 bytes/us, bit rate: -1 bps and the estimated moov size 3192 bytes
03-27 15:45:14.561 18167-18189/? I/MPEG4Writer: setStartTimestampUs: 2665648424
03-27 15:45:14.561 18167-18189/? I/MPEG4Writer: Earliest track starting time: 2665648424
03-27 15:45:14.596 540-3714/? W/ActivityManager: Unable to start service Intent { act=android.service.smartspace.SmartspaceService cmp=com.google.android.as/com.google.android.apps.miphone.aiai.app.AiAiSmartspaceService } U=0: not found
03-27 15:45:14.596 540-3714/? W/RemoteSmartspaceService: could not bind to Intent { act=android.service.smartspace.SmartspaceService cmp=com.google.android.as/com.google.android.apps.miphone.aiai.app.AiAiSmartspaceService } using flags 67112961
03-27 15:45:14.597 540-540/? W/ActivityManager: Unbind failed: could not find connection for android.app.LoadedApk$ServiceDispatcher$InnerConnection@c49b199
03-27 15:45:14.599 713-938/? D/EGL_emulation: app_time_stats: avg=500.03ms min=15.44ms max=2433.59ms count=5
03-27 15:45:14.604 18144-18144/? D/LifecycleMonitor: Lifecycle status change: com.example.MainActivity@cc64fc3 in: CREATED
03-27 15:45:14.605 18144-18144/? V/ActivityScenario: Update currentActivityStage to CREATED, currentActivity=com.example.MainActivity@cc64fc3
03-27 15:45:14.606 1432-1432/? I/A: onApplyWindowInsets: systemWindowInsets=Insets{left=0, top=66, right=0, bottom=132}
03-27 15:45:14.606 1432-1432/? I/A: onApplyWindowInsets: systemWindowInsets=Insets{left=0, top=66, right=0, bottom=132}
03-27 15:45:14.609 713-938/? D/EGL_emulation: app_time_stats: avg=501.79ms min=15.21ms max=2431.60ms count=5
03-27 15:45:14.612 18144-18144/? D/LifecycleMonitor: Lifecycle status change: com.example.MainActivity@cc64fc3 in: STARTED
03-27 15:45:14.612 18144-18144/? V/ActivityScenario: Update currentActivityStage to STARTED, currentActivity=com.example.MainActivity@cc64fc3
03-27 15:45:14.612 350-390/? D/goldfish-address-space: claimShared: Ask to claim region [0x3ef52b000 0x3ef8af000]
03-27 15:45:14.617 1305-1305/? I/GsaVoiceInteractionSrv: Handling ACTION_STOP_HOTWORD
03-27 15:45:14.617 1305-1305/? E/HwDetectorWithState: a: 3
03-27 15:45:14.620 18144-18144/? D/LifecycleMonitor: Lifecycle status change: com.example.MainActivity@cc64fc3 in: RESUMED
03-27 15:45:14.620 18144-18144/? V/ActivityScenario: Update currentActivityStage to RESUMED, currentActivity=com.example.MainActivity@cc64fc3
03-27 15:45:14.629 350-390/? D/goldfish-address-space: claimShared: Ask to claim region [0x3ef8af000 0x3efc33000]
03-27 15:45:14.645 350-390/? D/goldfish-address-space: claimShared: Ask to claim region [0x3efc33000 0x3effb7000]
03-27 15:45:14.665 18144-18180/? D/HostConnection: createUnique: call
03-27 15:45:14.666 18144-18180/? D/HostConnection: HostConnection::get() New Host Connection established 0x7fa32f90dbd0, tid 18180
03-27 15:45:14.672 18144-18180/? D/HostConnection: HostComposition ext ANDROID_EMU_CHECKSUM_HELPER_v1 ANDROID_EMU_native_sync_v2 ANDROID_EMU_native_sync_v3 ANDROID_EMU_native_sync_v4 ANDROID_EMU_dma_v1 ANDROID_EMU_direct_mem ANDROID_EMU_vulkan ANDROID_EMU_deferred_vulkan_commands ANDROID_EMU_vulkan_null_optional_strings ANDROID_EMU_vulkan_create_resources_with_requ
03-27 15:45:14.672 18144-18180/? D/HostConnection: irements ANDROID_EMU_YUV_Cache ANDROID_EMU_vulkan_ignored_handles ANDROID_EMU_has_shared_slots_host_memory_allocator ANDROID_EMU_vulkan_free_memory_sync ANDROID_EMU_vulkan_shader_float16_int8 ANDROID_EMU_vulkan_async_queue_submit ANDROID_EMU_vulkan_queue_submit_with_commands ANDROID_EMU_sync_buffer_data ANDROID_EMU_vulkan_async_qsri ANDROID_EMU_read_color_buffer_dma GL_OES_EGL_image_external_essl3 GL_OES_vertex_array_object GL_KHR_texture_compression_astc_ldr ANDROID_EMU_host_side_tracing ANDROID_EMU_gles_max_version_3_0 
03-27 15:45:14.674 192-192/? I/hwservicemanager: getTransport: Cannot find entry android.hardware.configstore@1.0::ISurfaceFlingerConfigs/default in either framework or device VINTF manifest.
03-27 15:45:14.674 18144-18180/? W/OpenGLRenderer: Failed to choose config with EGL_SWAP_BEHAVIOR_PRESERVED, retrying without...
03-27 15:45:14.674 18144-18180/? W/OpenGLRenderer: Failed to initialize 101010-2 format, error = EGL_SUCCESS
03-27 15:45:14.679 18144-18180/? D/EGL_emulation: eglCreateContext: 0x7fa32f90d990: maj 3 min 0 rcv 3
03-27 15:45:14.681 18144-18180/? D/EGL_emulation: eglMakeCurrent: 0x7fa32f90d990: ver 3 0 (tinfo 0x7fa54d615080) (first time)
03-27 15:45:14.687 408-433/? E/HWComposer: getSupportedContentTypes: getSupportedContentTypes failed for display 4619827259835644672: Unsupported (8)
03-27 15:45:14.692 192-192/? I/hwservicemanager: getTransport: Cannot find entry android.hardware.graphics.mapper@4.0::IMapper/default in either framework or device VINTF manifest.
03-27 15:45:14.692 18144-18180/? I/Gralloc4: mapper 4.x is not supported
03-27 15:45:14.694 18144-18180/? D/HostConnection: createUnique: call
03-27 15:45:14.695 18144-18180/? D/HostConnection: HostConnection::get() New Host Connection established 0x7fa32f90d810, tid 18180
03-27 15:45:14.695 18144-18180/? D/goldfish-address-space: allocate: Ask for block of size 0x100
03-27 15:45:14.695 18144-18180/? D/goldfish-address-space: allocate: ioctl allocate returned offset 0x3ebffe000 size 0x2000
03-27 15:45:14.717 11419-18205/? I/ProvidersCache: Provider returned no roots. Possibly naughty: com.google.android.apps.docs.storage
03-27 15:45:14.719 350-390/? D/goldfish-address-space: claimShared: Ask to claim region [0x3ed24c000 0x3ed5d0000]
03-27 15:45:14.721 192-192/? I/hwservicemanager: getTransport: Cannot find entry android.hardware.graphics.allocator@4.0::IAllocator/default in either framework or device VINTF manifest.
03-27 15:45:14.721 18144-18180/? W/Gralloc4: allocator 4.x is not supported
03-27 15:45:14.722 350-15463/? D/goldfish-address-space: claimShared: Ask to claim region [0x3f361c000 0x3f3f42000]
03-27 15:45:14.738 18144-18180/? D/HostConnection: HostComposition ext ANDROID_EMU_CHECKSUM_HELPER_v1 ANDROID_EMU_native_sync_v2 ANDROID_EMU_native_sync_v3 ANDROID_EMU_native_sync_v4 ANDROID_EMU_dma_v1 ANDROID_EMU_direct_mem ANDROID_EMU_vulkan ANDROID_EMU_deferred_vulkan_commands ANDROID_EMU_vulkan_null_optional_strings ANDROID_EMU_vulkan_create_resources_with_requirements ANDROID_EMU_YUV_Cache ANDROID_EMU_vulkan_ignored_handles ANDROID_EMU_has_shared_slots_h
03-27 15:45:14.738 18144-18180/? D/HostConnection: ost_memory_allocator ANDROID_EMU_vulkan_free_memory_sync ANDROID_EMU_vulkan_shader_float16_int8 ANDROID_EMU_vulkan_async_queue_submit ANDROID_EMU_vulkan_queue_submit_with_commands ANDROID_EMU_sync_buffer_data ANDROID_EMU_vulkan_async_qsri ANDROID_EMU_read_color_buffer_dma GL_OES_EGL_image_external_essl3 GL_OES_vertex_array_object GL_KHR_texture_compression_astc_ldr ANDROID_EMU_host_side_tracing ANDROID_EMU_gles_max_version_3_0 
03-27 15:45:14.746 350-390/? D/goldfish-address-space: claimShared: Ask to claim region [0x3f0926000 0x3f124c000]
03-27 15:45:14.747 350-15463/? D/goldfish-address-space: claimShared: Ask to claim region [0x3f124c000 0x3f1b72000]
03-27 15:45:14.794 540-557/? I/ActivityTaskManager: Displayed com.example/.MainActivity: +323ms
03-27 15:45:14.808 1267-1267/? I/GoogleInputMethodService: GoogleInputMethodService.onFinishInput():3420 
03-27 15:45:14.809 1267-1267/? I/GoogleInputMethodService: GoogleInputMethodService.onStartInput():2002 
03-27 15:45:14.813 1267-1267/? I/DeviceUnlockedTag: DeviceUnlockedTag.notifyDeviceLockStatusChanged():31 Notify device unlocked.
03-27 15:45:14.823 540-3537/? W/InputManager-JNI: Input channel object '1337175 Splash Screen com.example (client)' was disposed without first being removed with the input manager!
03-27 15:45:15.149 6721-6737/? I/FontLog: Received query Noto Color Emoji Compat, URI content://com.google.android.gms.fonts [CONTEXT service_id=132 ]
03-27 15:45:15.150 6721-6737/? I/FontLog: Query [emojicompat-emoji-font] resolved to {Noto Color Emoji Compat, wdth 100.0, wght 400, ital 0.0, bestEffort false} [CONTEXT service_id=132 ]
03-27 15:45:15.155 6721-6737/? I/FontLog: Fetch {Noto Color Emoji Compat, wdth 100.0, wght 400, ital 0.0, bestEffort false} end status Status{statusCode=SUCCESS, resolution=null} [CONTEXT service_id=132 ]
03-27 15:45:15.162 6721-6737/? I/FontLog: Pulling font file for id = 28, cache size = 14 [CONTEXT service_id=132 ]
03-27 15:45:15.166 6721-6737/? I/FontLog: Pulling font file for id = 28, cache size = 14 [CONTEXT service_id=132 ]
03-27 15:45:15.336 18144-18144/? W/com.example: Accessing hidden method Landroid/os/MessageQueue;->next()Landroid/os/Message; (unsupported, reflection, allowed)
03-27 15:45:15.336 18144-18144/? W/com.example: Accessing hidden field Landroid/os/MessageQueue;->mMessages:Landroid/os/Message; (unsupported, reflection, allowed)
03-27 15:45:15.336 18144-18144/? W/com.example: Accessing hidden method Landroid/os/Message;->recycleUnchecked()V (uns
03-27 15:45:15.336 18144-18144/? W/com.example: upported, reflection, allowed)
03-27 15:45:15.338 18144-18144/? W/com.example: Accessing hidden method Landroid/view/WindowManagerGlobal;->getInstance()Landroid/view/WindowManagerGlobal; (unsupported, reflection, allowed)
03-27 15:45:15.338 18144-18144/? W/com.example: Accessing hidden field Landroid/view/WindowManagerGlobal;->mViews:Ljava/util/ArrayList; (unsupported, reflection, allowed)
03-27 15:45:15.338 18144-18144/? W/com.example: Accessing hidden field Landroid/view/WindowManagerGlobal;->mParams:Ljava/util/ArrayList; (unsuppo
03-27 15:45:15.338 18144-18144/? W/com.example: rted, reflection, allowed)
03-27 15:45:15.340 18144-18144/? I/ViewInteraction: Checking 'MatchesViewAssertion{viewMatcher=an instance of android.widget.TextView and view.getText() with or without transformation to match: is "Test"}' assertion on view (view.getId() is <2131230838/com.example:id/edittext>)
03-27 15:45:15.344 540-2692/? I/ActivityTaskManager: START u0 {act=android.intent.action.MAIN cat=[android.intent.category.LAUNCHER] flg=0x10000000 cmp=com.example.test/androidx.test.core.app.InstrumentationActivityInvoker$EmptyActivity} from uid 10171
03-27 15:45:15.345 540-2692/? W/ActivityTaskManager: Can't find TaskDisplayArea to determine support for multi window. Task id=111 attached=false
03-27 15:45:15.352 18144-18144/? D/LifecycleMonitor: Lifecycle status change: com.example.MainActivity@cc64fc3 in: PAUSED
03-27 15:45:15.352 18144-18144/? V/ActivityScenario: Update currentActivityStage to PAUSED, currentActivity=com.example.MainActivity@cc64fc3
03-27 15:45:15.352 540-3537/? W/ActivityTaskManager: Tried to set launchTime (0) < mLastActivityLaunchTime (2662937)
03-27 15:45:15.364 350-15463/? D/goldfish-address-space: claimShared: Ask to claim region [0x3ee881000 0x3ef1a7000]
03-27 15:45:15.367 350-15463/? D/goldfish-address-space: claimShared: Ask to claim region [0x3ed5d0000 0x3edef6000]
03-27 15:45:15.369 350-15463/? D/goldfish-address-space: claimShared: Ask to claim region [0x3ec000000 0x3ec926000]
03-27 15:45:15.377 408-408/? I/BpBinder: onLastStrongRef automatically unlinking death recipients: <uncached descriptor>
03-27 15:45:15.383 350-15463/? D/goldfish-address-space: claimShared: Ask to claim region [0x3ec926000 0x3ecf01000]
03-27 15:45:15.405 350-15463/? D/goldfish-address-space: claimShared: Ask to claim region [0x3f0000000 0x3f0926000]
03-27 15:45:15.407 350-15463/? D/goldfish-address-space: claimShared: Ask to claim region [0x3f1b72000 0x3f2498000]
03-27 15:45:15.408 350-15463/? D/goldfish-address-space: claimShared: Ask to claim region [0x3f4000000 0x3f4926000]
03-27 15:45:15.422 540-557/? I/ActivityTaskManager: Displayed com.example.test/androidx.test.core.app.InstrumentationActivityInvoker$EmptyActivity: +75ms
03-27 15:45:15.426 18144-18144/? D/LifecycleMonitor: Lifecycle status change: com.example.MainActivity@cc64fc3 in: STOPPED
03-27 15:45:15.426 18144-18144/? V/ActivityScenario: Update currentActivityStage to STOPPED, currentActivity=com.example.MainActivity@cc64fc3
03-27 15:45:15.426 350-15463/? D/goldfish-address-space: claimShared: Ask to claim region [0x3f4926000 0x3f4f01000]
03-27 15:45:15.433 18144-18144/? D/LifecycleMonitor: Lifecycle status change: com.example.MainActivity@cc64fc3 in: DESTROYED
03-27 15:45:15.433 18144-18144/? V/ActivityScenario: Update currentActivityStage to DESTROYED, currentActivity=null
03-27 15:45:15.440 540-2692/? W/InputManager-JNI: Input channel object 'ba3d95b com.example/com.example.MainActivity (client)' was disposed without first being removed with the input manager!
03-27 15:45:15.443 540-854/? W/InputManager-JNI: Input channel object '85debca Splash Screen com.example.test (client)' was disposed without first being removed with the input manager!
03-27 15:45:15.446 18144-18163/? I/TestRunner: finished: testText6(com.example.MainActivityTest)
03-27 15:45:15.458 540-561/? W/ActivityTaskManager: Can't find TaskDisplayArea to determine support for multi window. Task id=110 attached=false
03-27 15:45:15.458 540-561/? W/ActivityTaskManager: Can't find TaskDisplayArea to determine support for multi window. Task id=110 attached=false
03-27 15:45:15.476 1432-1432/? I/A: onApplyWindowInsets: systemWindowInsets=Insets{left=0, top=66, right=0, bottom=132}
03-27 15:45:15.476 1432-1432/? I/A: onApplyWindowInsets: systemWindowInsets=Insets{left=0, top=66, right=0, bottom=132}
03-27 15:45:15.477 350-15463/? D/goldfish-address-space: claimShared: Ask to claim region [0x3ec000000 0x3ec926000]
03-27 15:45:15.480 350-15463/? D/goldfish-address-space: claimShared: Ask to claim region [0x3ee881000 0x3ef1a7000]
03-27 15:45:15.481 350-15463/? D/goldfish-address-space: claimShared: Ask to claim region [0x3ed5d0000 0x3edef6000]
03-27 15:45:15.482 540-2692/? W/ActivityManager: Unable to start service Intent { act=android.service.smartspace.SmartspaceService cmp=com.google.android.as/com.google.android.apps.miphone.aiai.app.AiAiSmartspaceService } U=0: not found
03-27 15:45:15.482 540-2692/? W/RemoteSmartspaceService: could not bind to Intent { act=android.service.sm
03-27 15:45:15.482 540-2692/? W/RemoteSmartspaceService: artspace.SmartspaceService cmp=com.google.android.as/com.google.android.apps.miphone.aiai.app.AiAiSmartspaceService } using flags 67112961
03-27 15:45:15.482 540-540/? W/ActivityManager: Unbind failed: could not find connection for android.app.LoadedApk$ServiceDispatcher$InnerConnection@6659001
03-27 15:45:15.485 408-408/? I/BpBinder: onLastStrongRef automatically unlinking death recipients: <uncached descriptor>
03-27 15:45:15.486 350-15463/? D/goldfish-address-space: claimShared: Ask to claim region [0x3f361c000 0x3f3f42000]
03-27 15:45:15.488 350-15463/? D/goldfish-address-space: claimShared: Ask to claim region [0x3f0926000 0x3f124c000]
03-27 15:45:15.489 350-390/? D/goldfish-address-space: claimShared: Ask to claim region [0x3f124c000 0x3f1b72000]
03-27 15:45:15.490 540-2400/? W/ActivityManager: Unable to start service Intent { act=android.service.smartspace.SmartspaceService cmp=com.google.android.as/com.google.android.apps.miphone.aiai.app.AiAiSmartspaceService } U=0: not found
03-27 15:45:15.490 540-2400/? W/RemoteSmartspaceService: could not bind to Intent
03-27 15:45:15.490 540-2400/? W/RemoteSmartspaceService:  { act=android.service.smartspace.SmartspaceService cmp=com.google.android.as/com.google.android.apps.miphone.aiai.app.AiAiSmartspaceService } using flags 67112961
03-27 15:45:15.491 540-540/? W/ActivityManager: Unbind failed: could not find connection for android.app.LoadedApk$ServiceDispatcher$InnerConnection@fff2f32
03-27 15:45:15.505 1305-1305/? I/GsaVoiceInteractionSrv: Handling ACTION_START_HOTWORD
03-27 15:45:15.506 1305-1305/? I/GsaVoiceInteractionSrv: disregardVoiceMatch: false
03-27 15:45:15.506 1305-1305/? I/GsaVoiceInteractionSrv: Cannot start hotword, hotword has been explicitly disabled.
03-27 15:45:15.508 1432-2945/? I/OpenGLRenderer: Davey! duration=58571ms; Flags=1, FrameTimelineVsyncId=7718, IntendedVsync=2608038542015, Vsync=2608038542015, InputEventId=0, HandleInputStart=2608039162829, AnimationStart=2608039163480, PerformTraversalsStart=2608039163831, DrawStart=2608049524313, FrameDeadline=2608071875347, FrameInterval=2608039154584, FrameStartTime=16666666, SyncQueued=2608050414677, SyncStart=2608050670662, IssueDrawCommandsStart=2608050754063, SwapBuffers=2608050849958, FrameCompleted=2666610399679, DequeueBufferDuration=1993, QueueBufferDuration=316557, GpuCompleted=2666610399679, SwapBuffersCompleted=2608051452271, DisplayPresentTime=1418936626276466688, 
03-27 15:45:15.508 18144-18163/? I/TestRunner: run finished: 1 tests, 0 failed, 0 ignored
03-27 15:45:15.518 540-854/? I/ActivityManager: Force stopping com.example appid=10171 user=0: finished inst
03-27 15:45:15.520 540-854/? I/ActivityManager: Killing 18144:com.example/u0a171 (adj 0): stop com.example due to finished inst
03-27 15:45:15.532 18124-18124/? I/app_process: System.exit called, status: 0
03-27 15:45:15.532 18124-18124/? I/AndroidRuntime: VM exiting with result code 0.
03-27 15:45:15.549 350-390/? D/goldfish-address-space: claimShared: Ask to claim region [0x3f26e2000 0x3f2a66000]
03-27 15:45:15.565 1267-1267/? I/GoogleInputMethodService: GoogleInputMethodService.onFinishInput():3420 
03-27 15:45:15.565 1267-1267/? I/GoogleInputMethodService: GoogleInputMethodService.onStartInput():2002 
03-27 15:45:15.566 1267-1267/? I/DeviceUnlockedTag: DeviceUnlockedTag.notifyDeviceLockStatusChanged():31 Notify device unlocked.
03-27 15:45:15.581 350-390/? D/goldfish-address-space: claimShared: Ask to claim region [0x3f4f01000 0x3f5285000]
03-27 15:45:15.606 350-390/? D/goldfish-address-space: claimShared: Ask to claim region [0x3f5285000 0x3f5609000]
03-27 15:45:15.610 713-938/? D/EGL_emulation: app_time_stats: avg=166.82ms min=16.31ms max=551.49ms count=6
03-27 15:45:15.618 713-938/? D/EGL_emulation: app_time_stats: avg=168.20ms min=23.30ms max=551.33ms count=6
03-27 15:45:15.630 350-390/? D/goldfish-address-space: claimShared: Ask to claim region [0x3f5609000 0x3f598d000]
03-27 15:45:15.669 18167-18190/? I/MPEG4Writer: setStartTimestampUs: 2665648424
03-27 15:45:15.682 540-2692/? V/ActivityManager: Got obituary of 18144:com.example
03-27 15:45:15.682 18167-18171/? W/GraphicBufferSource: released unpopulated slots: [11, 12, 13, 14, 15, 16, 17, 18, 19, 20, 21, 22, 23, 24, 25, 26, 27, 28, 29, 30, 31, 32, 33, 34, 35, 36, 37, 38, 39, 40, 41, 42, 43, 44, 45, 46, 47, 48, 49, 50, 51, 52, 53, 54, 55, 56, 57, 58, 59, 60, 61, 62, 63]
03-27 15:45:15.684 540-560/? W/ActivityManager: setHasOverlayUi called on unknown pid: 18144
03-27 15:45:15.686 334-334/? I/Zygote: Process 18144 exited due to signal 9 (Killed)
03-27 15:45:15.689 18167-18167/? D/MPEG4Writer: reset()
03-27 15:45:15.689 18167-18167/? D/MPEG4Writer: Video track stopping. Stop source
03-27 15:45:15.689 18167-18167/? D/MPEG4Writer: Video track source stopping
03-27 15:45:15.689 18167-18167/? D/MPEG4Writer: Video track source stopped
03-27 15:45:15.689 18167-18189/? V/MediaWriter: Track event err/info msg:101, trackId:1, type:1000,val:-1011
03-27 15:45:15.689 18167-18189/? V/MediaWriter: [ 03-27 15:45:15.689 181
03-27 15:45:15.689 18167-18189/? V/MediaWriter: 67:18190 V/MediaWriter ]
03-27 15:45:15.689 18167-18189/? V/MediaWriter: Track event err/info msg:101, trackId:2, type:1000,val:-1011
03-27 15:45:15.689 18167-18190/? W/MPEG4Writer: 0-duration samples found: 1
03-27 15:45:15.689 18167-18190/? I/MPEG4Writer: Received total/0-length (1/0) buffers and encoded 1 frames. - Metadata
03-27 15:45:15.689 18167-18189/? I/MPEG4Writer: Received total/0-length (24/0) buffers and encoded 24 frames. - Video
03-27 15:45:15.689 18167-18167/? D/MPEG4Writer: Video track stopped. Status:0. Stop source
03-27 15:45:15.690 18167-18167/? D/MPEG4Writer: Metadata track stopping. Stop source
03-27 15:45:15.690 18167-18167/? D/MPEG4Writer: Metadata track source stopping
03-27 15:45:15.690 18167-18167/? D/MPEG4Writer: Metadata track source stopped
03-27 15:45:15.690 18167-18167/? D/MPEG4Writer: Metadata track stopped. Status:0. Stop source
03-27 15:45:15.690 18167-18167/? D/MPEG4Writer: Duration from tracks range is [0, 1018294] us
03-27 15:45:15.690 18167-18187/? D/MPEG4Writer: 0 chunks are written in the last batch
03-27 15:45:15.690 18167-18167/? D/MPEG4Writer: WriterThread stopped. Status:0
03-27 15:45:15.690 18167-18167/? I/MPEG4Writer: Adjust the moov start time from 2665648424 us -> 2665648424 us
03-27 15:45:15.690 18167-18167/? I/MPEG4Writer: MOOV atom was written to the file
03-27 15:45:15.690 18167-18167/? D/MPEG4Writer: release()
03-27 15:45:15.690 18167-18167/? D/MPEG4Writer: ftruncate mPreAllocateFileEndOffset:70432 mOffset:1488 mMdatEndOffset:67936 diff:2496
03-27 15:45:15.692 18167-18167/? D/MPEG4Writer: final fsync() takes 2 ms, file size 67936
03-27 15:45:15.693 18167-18167/? D/MPEG4Writer: MP4WtrCtrlHlpLooper stopped
03-27 15:45:15.693 18167-18167/? D/MPEG4Writer: Top 5 write durations(microseconds): #1:12 #2:15 #3:23 #4:301 #5:334
03-27 15:45:15.694 18167-18172/? I/hw-BpHwBinder: onLastStrongRef automatically unlinking death recipients
03-27 15:45:15.694 458-6072/? I/hw-BpHwBinder: onLastStrongRef automatically unlinking death recipients
03-27 15:45:15.695 540-570/? I/libprocessgroup: Successfully killed process cgroup uid 10171 pid 18144 in 174ms
03-27 15:45:15.697 458-6072/? V/C2Store: in ~ComponentModule
03-27 15:45:15.697 458-6072/? V/C2Store: unloading dll
03-27 15:45:15.719 1303-2216/? I/MediaProvider: Begin Intent { act=android.intent.action.MEDIA_SCANNER_SCAN_FILE dat=file:///sdcard/com.example.MainActivityTest-testText6-a4609443-bf81-4037-b6d2-8e068797850d.mp4 flg=0x1400010 cmp=com.google.android.providers.media.module/com.android.providers.media.MediaService }
03-27 15:45:15.719 18167-18167/? D/ScreenRecord: success
03-27 15:45:15.720 18167-18167/? I/BpBinder: onLastStrongRef automatically unlinking death recipients: <uncached descriptor>
03-27 15:45:15.720 18167-18167/? I/BpBinder: onLastStrongRef automatically unlinking death recipients: <uncached descriptor>
03-27 15:45:15.721 458-6072/? D/BufferPoolAccessor2.0: Destruction - bufferpool2 0x7de64862f628 cached: 0/0M, 0/0% in use; allocs: 25, 96% recycled; transfers: 25, 96% unfetched
03-27 15:45:15.749 1303-2216/? I/MediaProvider: End Intent { act=android.intent.action.MEDIA_SCANNER_SCAN_FILE dat=file:///sdcard/com.example.MainActivityTest-testText6-a4609443-bf81-4037-b6d2-8e068797850d.mp4 flg=0x1400010 cmp=com.google.android.providers.media.module/com.android.providers.media.MediaService }
03-27 15:45:15.771 6721-10009/? I/NetworkScheduler.Stats: Task com.google.android.gms/com.google.android.gms.ipa.base.IpaGcmTaskService started execution. cause:9 exec_start_elapsed_seconds: 2666 [CONTEXT service_id=218 ]
03-27 15:45:15.775 6721-17547/? I/NetworkScheduler.Stats: Task com.google.android.gms/com.google.android.gms.ipa.base.IpaGcmTaskService finished executing. cause:9 result: 1 elapsed_millis: 12 uptime_millis: 12 exec_start_elapsed_seconds: 2666 [CONTEXT service_id=218 ]
03-27 15:45:15.933 540-2692/? W/InputManager-JNI: Input channel object '5002a22 com.example.test/androidx.test.core.app.InstrumentationActivityInvoker$EmptyActivity (client)' was disposed without first being removed with the input manager!
03-27 15:45:15.936 540-561/? W/ActivityTaskManager: Can't find TaskDisplayArea to determine support for multi window. Task id=111 attached=false
03-27 15:45:15.936 540-561/? W/ActivityTaskManager: Can't find TaskDisplayArea to determine support for multi window. Task id=111 attached=false
03-27 15:45:16.325 1303-1727/? I/MediaProvider: Deleted 0 0 0 1 0 0 0 items on external_primary due to com.android.shell
