03-27 15:45:34.936 2141-2141/? W/A: 	at com.google.common.util.concurrent.dy.a(PG:1)
03-27 15:45:34.936 2141-2141/? W/A: 	at com.google.common.util.concurrent.cv.run(PG:4)
03-27 15:45:34.936 2141-2141/? W/A: 	at com.google.common.util.concurrent.dz.run(PG:1)
03-27 15:45:34.936 2141-2141/? W/A: 	at android.os.Handler.handleCallback(Handler.java:942)
03-27 15:45:34.936 2141-2141/? W/A: 	at android.os.Handler.dispatchMessage(Handler.java:99)
03-27 15:45:34.936 2141-2141/? W/A: 	at android.os.Looper.loopOnce(Looper.java:201)
03-27 15:45:34.936 2141-2141/? W/A: 	at android.os.Looper.loop(Looper.java:288)
03-27 15:45:34.936 2141-2141/? W/A: 	at android.app.ActivityThread.main(ActivityThread.java:7872)
03-27 15:45:34.936 2141-2141/? W/A: 	at java.lang.reflect.Method.invoke(Native Method)
03-27 15:45:34.936 2141-2141/? W/A: 	at com.android.internal.os.RuntimeInit$MethodAndArgsCaller.run(RuntimeInit.java:548)
03-27 15:45:34.936 2141-2141/? W/A: 	at com.android.internal.os.ZygoteInit.main(ZygoteInit.java:936)
03-27 15:45:34.938 27070-27082/? D/HostConnection: createUnique: call
03-27 15:45:34.939 27070-27082/? D/HostConnection: HostConnection::get() New Host Connection established 0x7c1487c23b50, tid 27082
03-27 15:45:34.939 27070-27082/? D/goldfish-address-space: allocate: Ask for block of size 0x100
03-27 15:45:34.939 27070-27082/? D/goldfish-address-space: allocate: ioctl allocate returned offset 0x3e7ffe000 size 0x2000
03-27 15:45:34.970 27070-27082/? D/HostConnection: HostComposition ext ANDROID_EMU_CHECKSUM_HELPER_v1 ANDROID_EMU_native_sync_v2 ANDROID_EMU_native_sync_v3 ANDROID_EMU_native_sync_v4 ANDROID_EMU_dma_v1 ANDROID_EMU_direct_mem ANDROID_EMU_host_composition_v1 ANDROID_EMU_host_composition_v2 ANDROID_EMU_vulkan ANDROID_EMU_deferred_vulkan_commands ANDROID_EMU_vulkan_null_optional_strings ANDROID_EMU_vulkan_create_resources_with_requirements ANDROID_EMU_YUV_Cache ANDROID_EMU_vulkan_ignored_handles ANDROID_EMU_has_shared_slots_host_memory_allocator ANDROID_EMU_vulkan_free_memory_sync ANDROID_EMU_vulkan_shader_float16_int8 ANDROID_EMU_vulkan_async_queue_submit ANDROID_EMU_vulkan_queue_submit_with_commands ANDROID_EMU_sync_buffer_data ANDROID_EMU_vulkan_async_qsri ANDROID_EMU_read_color_buffer_dma ANDROID_EMU_hwc_multi_configs GL_OES_EGL_image_external_essl3 GL_OES_vertex_array_object GL_KHR_texture_compression_astc_ldr ANDROID_EMU_host_side_tracing ANDROID_EMU_gles_max_version_3_1 
03-27 15:45:34.970 672-2764/? D/CoreBackPreview: Window{eb872cb u0 com.example.test/androidx.test.core.app.InstrumentationActivityInvoker$EmptyActivity}: Setting back callback null
03-27 15:45:34.971 1668-1668/? I/GoogleInputMethodService: GoogleInputMethodService.onFinishInput():3220 
03-27 15:45:34.972 1668-1668/? I/GoogleInputMethodService: GoogleInputMethodService.updateDeviceLockedStatus():2114 repeatCheckTimes = 0, unlocked = true
03-27 15:45:34.972 1668-1668/? I/GoogleInputMethodService: GoogleInputMethodService.onStartInput():1919 onStartInput(EditorInfo{inputType=0x0(NULL) imeOptions=0x0 privateImeOptions=null actionName=UNSPECIFIED actionLabel=null actionId=0 initialSelStart=-1 initialSelEnd=-1 initialCapsMode=0x0 hintText=null label=null packageName=com.google.android.apps.nexuslauncher fieldId=-1 fieldName=null extras=null}, false)
03-27 15:45:34.972 1668-1668/? I/GoogleInputMethodService: GoogleInputMethodService.updateDeviceLockedStatus():2114 repeatCheckTimes = 2, unlocked = true
03-27 15:45:34.973 672-2764/? W/InputManager-JNI: Input channel object 'eb872cb com.example.test/androidx.test.core.app.InstrumentationActivityInvoker$EmptyActivity (client)' was disposed without first being removed with the input manager!
03-27 15:45:34.979 27070-27189/? D/libEGL: loaded /vendor/lib64/egl/libEGL_emulation.so
03-27 15:45:34.980 27070-27189/? D/libEGL: loaded /vendor/lib64/egl/libGLESv1_CM_emulation.so
03-27 15:45:34.982 482-520/? W/TransactionTracing: Could not find layer handle 0x7321fa258bf0
03-27 15:45:34.982 27070-27189/? D/libEGL: loaded /vendor/lib64/egl/libGLESv2_emulation.so
03-27 15:45:34.982 482-520/? W/TransactionTracing: Could not find layer handle 0x7321fa258590
03-27 15:45:34.982 482-520/? W/TransactionTracing: Could not find layer handle 0x7321fa257a50
03-27 15:45:34.982 482-520/? W/TransactionTracing: Could not find layer handle 0x7321fa255c50
03-27 15:45:34.982 482-520/? W/TransactionTracing: Could not find layer handle 0x7321fa256190
03-27 15:45:34.982 482-520/? W/TransactionTracing: Could not find layer handle 0x7321fa257a50
03-27 15:45:34.991 27070-27189/? D/HostConnection: createUnique: call
03-27 15:45:34.992 27070-27189/? D/HostConnection: HostConnection::get() New Host Connection established 0x7c1487c23310, tid 27189
03-27 15:45:34.997 27070-27189/? D/HostConnection: HostComposition ext ANDROID_EMU_CHECKSUM_HELPER_v1 ANDROID_EMU_native_sync_v2 ANDROID_EMU_native_sync_v3 ANDROID_EMU_native_sync_v4 ANDROID_EMU_dma_v1 ANDROID_EMU_direct_mem ANDROID_EMU_host_composition_v1 ANDROID_EMU_host_composition_v2 ANDROID_EMU_vulkan ANDROID_EMU_deferred_vulkan_commands ANDROID_EMU_vulkan_null_optional_strings ANDROID_EMU_vulkan_create_resources_with_requirements ANDROID_EMU_YUV_Cache ANDROID_EMU_vulkan_ignored_handles ANDROID_EMU_has_shared_slots_host_memory_allocator ANDROID_EMU_vulkan_free_memory_sync ANDROID_EMU_vulkan_shader_float16_int8 ANDROID_EMU_vulkan_async_queue_submit ANDROID_EMU_vulkan_queue_submit_with_commands ANDROID_EMU_sync_buffer_data ANDROID_EMU_vulkan_async_qsri ANDROID_EMU_read_color_buffer_dma ANDROID_EMU_hwc_multi_configs GL_OES_EGL_image_external_essl3 GL_OES_vertex_array_object GL_KHR_texture_compression_astc_ldr ANDROID_EMU_host_side_tracing ANDROID_EMU_gles_max_version_3_1 
03-27 15:45:34.999 27070-27189/? W/OpenGLRenderer: Failed to choose config with EGL_SWAP_BEHAVIOR_PRESERVED, retrying without...
03-27 15:45:34.999 27070-27189/? W/OpenGLRenderer: Failed to initialize 101010-2 format, error = EGL_SUCCESS
03-27 15:45:35.000 27070-27189/? D/EGL_emulation: eglCreateContext: 0x7c1487c24990: maj 3 min 1 rcv 4
03-27 15:45:35.001 27070-27189/? D/EGL_emulation: eglMakeCurrent: 0x7c1487c24990: ver 3 1 (tinfo 0x7c16a4127080) (first time)
03-27 15:45:35.002 672-2764/? W/ActivityTaskManager: takeTaskSnapshot: taskId=189 not found or not visible
03-27 15:45:35.002 672-2764/? W/ActivityTaskManager: takeTaskSnapshot: taskId=190 not found or not visible
03-27 15:45:35.029 482-520/? W/TransactionTracing: Could not find layer handle 0x7321fa257bd0
03-27 15:45:35.091 672-686/? I/system_server: NativeAlloc concurrent copying GC freed 169863(8290KB) AllocSpace objects, 4(80KB) LOS objects, 49% free, 21MB/42MB, paused 85us,144us total 116.448ms
03-27 15:45:35.126 27090-27117/? I/TestRunner: finished: testTextFlaky8(com.example.MainActivityFlakyTest)
03-27 15:45:35.136 27090-27117/? I/TestRunner: run finished: 1 tests, 0 failed, 0 ignored
03-27 15:45:35.146 2141-2680/? I/A: NGA disabled due to not being eligible.
03-27 15:45:35.147 672-2086/? I/ActivityManager: Force stopping com.example appid=10181 user=0: finished inst
03-27 15:45:35.147 672-672/? D/BatterySaverPolicy: accessibility changed to false, updating policy.
03-27 15:45:35.148 672-2086/? I/ActivityManager: Killing 27090:com.example/u0a181 (adj 0): stop com.example due to finished inst
03-27 15:45:35.150 27070-27070/? I/app_process: System.exit called, status: 0
03-27 15:45:35.150 27070-27070/? I/AndroidRuntime: VM exiting with result code 0.
03-27 15:45:35.154 672-714/? I/libprocessgroup: Successfully killed process cgroup uid 10181 pid 27090 in 5ms
03-27 15:45:35.163 482-520/? W/TransactionTracing: Could not find layer handle 0x7321fa255350
03-27 15:45:35.170 672-2764/? V/ActivityManager: Got obituary of 27090:com.example
03-27 15:45:35.171 672-704/? W/ActivityManager: setHasOverlayUi called on unknown pid: 27090
03-27 15:45:35.172 429-429/? I/Zygote: Process 27090 exited due to signal 9 (Killed)
03-27 15:29:27.989 0-0/? I/binder: undelivered transaction 884695, process died.
03-27 15:29:27.990 0-0/? I/binder: undelivered TRANSACTION_COMPLETE
03-27 15:29:27.990 0-0/? I/binder: undelivered transaction 884738, process died.
03-27 15:29:27.991 0-0/? I/binder: undelivered transaction 884737, process died.
03-27 15:45:35.257 27121-27145/? I/MPEG4Writer: setStartTimestampUs: 4158735745
03-27 15:45:35.265 27121-27124/? W/GraphicBufferSource: released unpopulated slots: [18, 19, 20, 21, 22, 23, 24, 25, 26, 27, 28, 29, 30, 31, 32, 33, 34, 35, 36, 37, 38, 39, 40, 41, 42, 43, 44, 45, 46, 47, 48, 49, 50, 51, 52, 53, 54, 55, 56, 57, 58, 59, 60, 61, 62, 63]
03-27 15:45:35.313 482-520/? W/TransactionTracing: Could not find layer handle 0x7321fa258590
03-27 15:45:35.374 27121-27121/? D/MPEG4Writer: reset()
03-27 15:45:35.374 27121-27144/? V/MediaWriter: Track event err/info msg:101, trackId:1, type:1000,val:-1011
03-27 15:45:35.374 27121-27121/? D/MPEG4Writer: Video track stopping. Stop source
03-27 15:45:35.374 27121-27121/? D/MPEG4Writer: Video track source stopping
03-27 15:45:35.374 27121-27121/? D/MPEG4Writer: [ 03-27 15:45:35.374 27121:27121 D/MP
03-27 15:45:35.374 27121-27121/? D/MPEG4Writer: EG4Writer ]
03-27 15:45:35.374 27121-27121/? D/MPEG4Writer: Video track source stopped
03-27 15:45:35.374 27121-27145/? V/MediaWriter: Track event err/info msg:101, trackId:2, type:1000,val:-1011
03-27 15:45:35.374 27121-27145/? W/MPEG4Writer: 0-duration samples found: 1
03-27 15:45:35.374 27121-27145/? I/MPEG4Writer: Received total/0-length (1/0) buffers and encoded 1 frames. - Metadata
03-27 15:45:35.375 27121-27144/? I/MPEG4Writer: Received total/0-length (11/0) buffers and encoded 11 frames. - Video
03-27 15:45:35.377 27121-27121/? D/MPEG4Writer: Video track stopped. Status:0. Stop source
03-27 15:45:35.377 27121-27121/? D/MPEG4Writer: Metadata track stopping. Stop source
03-27 15:45:35.377 27121-27121/? D/MPEG4Writer: Metadata track source stopping
03-27 15:45:35.377 27121-27121/? D/MPEG4Writer: Metadata track source stopped
03-27 15:45:35.377 27121-27121/? D/MPEG4Writer: Metadata track stopped. Status:0. Stop source
03-27 15:45:35.377 27121-27121/? D/MPEG4Writer: Duration f
03-27 15:45:35.377 27121-27121/? D/MPEG4Writer: rom tracks range is [0, 191884] us
03-27 15:45:35.377 27121-27142/? D/MPEG4Writer: 0 chunks are written in the last batch
03-27 15:45:35.377 27121-27121/? D/MPEG4Writer: WriterThread stopped. Status:0
03-27 15:45:35.377 27121-27121/? I/MPEG4Writer: Adjust the moov start time from 4158735745 us -> 4158735745 us
03-27 15:45:35.377 27121-27121/? I/MPEG4Writer: MOOV atom was written to the file
03-27 15:45:35.377 27121-27121/? D/MPEG4Writer: release()
03-27 15:45:35.377 27121-27121/? D/MPEG4Writer: ftruncate mPreAllocateFileEndOffset:13737 mOffset:1332 mMdatEndOffset:11397 diff:2340
03-27 15:45:35.379 27121-27121/? D/MPEG4Writer: final fsync() takes 1 ms, file size 11397
03-27 15:45:35.379 27121-27121/? D/MPEG4Writer: MP4WtrCtrlHlpLooper stopped
03-27 15:45:35.379 27121-27121/? D/MPEG4Writer: Top 5 write durations(microseconds): #1:5 #2:9 #3:13 #4:489 #5:657
03-27 15:45:35.380 27121-27129/? I/hw-BpHwBinder: onLastStrongRef automatically unlinking death recipients
03-27 15:45:35.380 578-1077/? I/hw-BpHwBinder: onLastStrongRef automatically unlinking death recipients
03-27 15:45:35.381 578-1077/? I/hw-BpHwBinder: onLastStrongRef automatically unlinking death recipients
03-27 15:45:35.381 578-1077/? V/C2Store: in ~ComponentModule
03-27 15:45:35.381 578-1077/? V/C2Store: unloading dll
03-27 15:45:35.473 1876-3215/? I/MediaProvider: Begin Intent { act=android.intent.action.MEDIA_SCANNER_SCAN_FILE dat=file:///... flg=0x1400010 cmp=com.google.android.providers.media.module/com.android.providers.media.MediaService }
03-27 15:45:35.475 27121-27121/? D/ScreenRecord: success
03-27 15:45:35.476 27121-27121/? I/BpBinder: onLastStrongRef automatically unlinking death recipients: <uncached descriptor>
03-27 15:45:35.477 27121-27121/? I/BpBinder: onLastStrongRef automatically unlinking death recipients: <uncached descriptor>
03-27 15:45:35.478 578-1077/? D/BufferPoolAccessor2.0: Destruction - bufferpool2 0x753898b03f38 cached: 0/0M, 0/0% in use; allocs: 12, 92% recycled; transfers: 12, 92% unfetched
03-27 15:45:35.487 1876-3215/? V/MediaProvider: Inserted id:1000000104 less than next row id backup:1000001000.
03-27 15:45:35.488 1876-3215/? I/MediaProvider: End Intent { act=android.intent.action.MEDIA_SCANNER_SCAN_FILE dat=file:///... flg=0x1400010 cmp=com.google.android.providers.media.module/com.android.providers.media.MediaService }
03-27 15:45:35.507 1394-19817/? I/NetworkScheduler.Stats: Task com.google.android.gms/com.google.android.gms.ipa.base.IpaGcmTaskService started execution. cause:9 exec_start_elapsed_seconds: 4160 [CONTEXT service_id=218 ]
03-27 15:45:35.510 1394-25328/? I/NetworkScheduler.Stats: Task com.google.android.gms/com.google.android.gms.ipa.base.IpaGcmTaskService finished executing. cause:9 result: 1 elapsed_millis: 10 uptime_millis: 10 exec_start_elapsed_seconds: 4160 [CONTEXT service_id=218 ]
03-27 15:45:35.868 1876-1994/? I/MediaProvider: Deleted 0 0 0 1 0 0 0 items on external_primary due to com.android.shell
