03-27 15:45:37.211 2141-2141/? W/A: 	at com.google.apps.tiktok.tracing.ei.run(PG:2)
03-27 15:45:37.211 2141-2141/? W/A: 	at java.util.concurrent.Executors$RunnableAdapter.call(Executors.java:463)
03-27 15:45:37.211 2141-2141/? W/A: 	at com.google.common.util.concurrent.dy.a(PG:1)
03-27 15:45:37.211 2141-2141/? W/A: 	at com.google.common.util.concurrent.cv.run(PG:4)
03-27 15:45:37.211 2141-2141/? W/A: 	at com.google.common.util.concurrent.dz.run(PG:1)
03-27 15:45:37.211 2141-2141/? W/A: 	at android.os.Handler.handleCallback(Handler.java:942)
03-27 15:45:37.211 2141-2141/? W/A: 	at android.os.Handler.dispatchMessage(Handler.java:99)
03-27 15:45:37.211 2141-2141/? W/A: 	at android.os.Looper.loopOnce(Looper.java:201)
03-27 15:45:37.211 2141-2141/? W/A: 	at android.os.Looper.loop(Looper.java:288)
03-27 15:45:37.211 2141-2141/? W/A: 	at android.app.ActivityThread.main(ActivityThread.java:7872)
03-27 15:45:37.211 2141-2141/? W/A: 	at java.lang.reflect.Method.invoke(Native Method)
03-27 15:45:37.211 2141-2141/? W/A: 	at com.android.internal.os.RuntimeInit$MethodAndArgsCaller.run(RuntimeInit.java:548)
03-27 15:45:37.211 2141-2141/? W/A: 	at com.android.internal.os.ZygoteInit.main(ZygoteInit.java:936)
03-27 15:45:37.215 27225-27389/? D/libEGL: loaded /vendor/lib64/egl/libEGL_emulation.so
03-27 15:45:37.216 27225-27389/? D/libEGL: loaded /vendor/lib64/egl/libGLESv1_CM_emulation.so
03-27 15:45:37.218 27225-27389/? D/libEGL: loaded /vendor/lib64/egl/libGLESv2_emulation.so
03-27 15:45:37.218 1668-1668/? I/GoogleInputMethodService: GoogleInputMethodService.updateDeviceLockedStatus():2114 repeatCheckTimes = 0, unlocked = true
03-27 15:45:37.218 1668-1668/? I/GoogleInputMethodService: GoogleInputMethodService.onStartInput():1919 onStartInput(EditorInfo{inputType=0x0(NULL) imeOptions=0x0 privateImeOptions=null actionName=UNSPECIFIED actionLabel=null actionId=0 initialSelStart=-1 initialSelEnd=-1 initialCapsMode=0x0 hintText=null label=null packageName=com.google.android.apps.nexuslauncher fieldId=-1 fieldName=null extras=null}, false)
03-27 15:45:37.218 1668-1668/? I/GoogleInputMethodService: GoogleInputMethodService.updateDeviceLockedStatus():2114 repeatCheckTimes = 2, unlocked = true
03-27 15:45:37.228 450-484/? D/goldfish-address-space: claimShared: Ask to claim region [0x3ec384000 0x3ec708000]
03-27 15:45:37.231 27225-27389/? D/HostConnection: createUnique: call
03-27 15:45:37.232 27225-27389/? D/HostConnection: HostConnection::get() New Host Connection established 0x7767b11ad050, tid 27389
03-27 15:45:37.232 482-520/? W/TransactionTracing: Could not find layer handle 0x7321fa2597f0
03-27 15:45:37.232 482-520/? W/TransactionTracing: Could not find layer handle 0x7321fa258590
03-27 15:45:37.232 482-520/? W/TransactionTracing: Could not find layer handle 0x7321fa256df0
03-27 15:45:37.234 450-484/? D/goldfish-address-space: claimShared: Ask to claim region [0x3ea848000 0x3eabcc000]
03-27 15:45:37.237 27225-27389/? D/HostConnection: HostComposition ext ANDROID_EMU_CHECKSUM_HELPER_v1 ANDROID_EMU_native_sync_v2 ANDROID_EMU_native_sync_v3 ANDROID_EMU_native_sync_v4 ANDROID_EMU_dma_v1 ANDROID_EMU_direct_mem ANDROID_EMU_host_composition_v1 ANDROID_EMU_host_composition_v2 ANDROID_EMU_vulkan ANDROID_EMU_deferred_vulkan_commands ANDROID_EMU_vulkan_null_optional_strings ANDROID_EMU_vulkan_create_resources_with_requirements ANDROID_EMU_YUV_Cache ANDROID_EMU_vulkan_ignored_handles ANDROID_EMU_has_shared_slots_host_memory_allocator ANDROID_EMU_vulkan_free_memory_sync ANDROID_EMU_vulkan_shader_float16_int8 ANDROID_EMU_vulkan_async_queue_submit ANDROID_EMU_vulkan_queue_submit_with_commands ANDROID_EMU_sync_buffer_data ANDROID_EMU_vulkan_async_qsri ANDROID_EMU_read_color_buffer_dma ANDROID_EMU_hwc_multi_configs GL_OES_EGL_image_external_essl3 GL_OES_vertex_array_object GL_KHR_texture_compression_astc_ldr ANDROID_EMU_host_side_tracing ANDROID_EMU_gles_max_version_3_1 
03-27 15:45:37.237 450-484/? D/goldfish-address-space: claimShared: Ask to claim region [0x3eb63b000 0x3eb885000]
03-27 15:45:37.238 672-2086/? D/HostConnection: createUnique: call
03-27 15:45:37.238 27225-27389/? W/OpenGLRenderer: Failed to choose config with EGL_SWAP_BEHAVIOR_PRESERVED, retrying without...
03-27 15:45:37.238 672-2086/? D/HostConnection: HostConnection::get() New Host Connection established 0x7d6283804510, tid 2086
03-27 15:45:37.238 27225-27389/? W/OpenGLRenderer: Failed to initialize 101010-2 format, error = EGL_SUCCESS
03-27 15:45:37.239 27225-27389/? D/EGL_emulation: eglCreateContext: 0x7767b11ab910: maj 3 min 1 rcv 4
03-27 15:45:37.240 27225-27389/? D/EGL_emulation: eglMakeCurrent: 0x7767b11ab910: ver 3 1 (tinfo 0x7769e389a080) (first time)
03-27 15:45:37.241 672-2086/? D/HostConnection: HostComposition ext ANDROID_EMU_CHECKSUM_HELPER_v1 ANDROID_EMU_native_sync_v2 ANDROID_EMU_native_sync_v3 ANDROID_EMU_native_sync_v4 ANDROID_EMU_dma_v1 ANDROID_EMU_direct_mem ANDROID_EMU_host_composition_v1 ANDROID_EMU_host_composition_v2 ANDROID_EMU_vulkan ANDROID_EMU_deferred_vulkan_command
03-27 15:45:37.241 672-2086/? D/HostConnection: s ANDROID_EMU_vulkan_null_optional_strings ANDROID_EMU_vulkan_create_resources_with_requirements ANDROID_EMU_YUV_Cache ANDROID_EMU_vulkan_ignored_handles ANDROID_EMU_has_shared_slots_host_memory_allocator ANDROID_EMU_vulkan_free_memory_sync ANDROID_EMU_vulkan_shader_float16_int8 ANDROID_EMU_vulkan_async_queue_submit ANDROID_EMU_vulkan_queue_submit_with_commands ANDROID_EMU_sync_buffer_data ANDROID_EMU_vulkan_async_qsri ANDROID_EMU_read_color_buffer_dma ANDROID_EMU_hwc_multi_configs GL_OES_EGL_image_external_essl3 GL_OES_vertex_array_object GL_KHR_texture_compression_astc_ldr ANDROID_EMU_host_side_tracing ANDROID_EMU_gles_max_version_3_1 
03-27 15:45:37.242 1394-3526/? I/FontLog: Received query Noto Color Emoji Compat, URI content://com.google.android.gms.fonts [CONTEXT service_id=132 ]
03-27 15:45:37.242 1394-3526/? I/FontLog: Query [emojicompat-emoji-font] resolved to {Noto Color Emoji Compat, wdth 100.0, wght 400, ital 0.0, bestEffort false} [CONTEXT service_id=132 ]
03-27 15:45:37.245 1394-3526/? I/FontLog: Fetch {Noto Color Emoji Compat, wdth 100.0, wght 400, ital 0.0, bestEffort false} end status Status{statusCode=SUCCESS, resolution=null} [CONTEXT service_id=132 ]
03-27 15:45:37.250 1394-3526/? I/FontLog: Pulling font file for id = 55, cache size = 9 [CONTEXT service_id=132 ]
03-27 15:45:37.250 672-768/? W/ActivityTaskManager: takeTaskSnapshot: taskId=192 not found or not visible
03-27 15:45:37.251 19748-27390/? I/ProvidersCache: Provider returned no roots. Possibly naughty: com.google.android.apps.docs.storage
03-27 15:45:37.255 1394-1417/? I/FontLog: Pulling font file for id = 55, cache size = 9 [CONTEXT service_id=132 ]
03-27 15:45:37.357 27245-27272/? I/TestRunner: finished: testTextFlaky7(com.example.MainActivityFlakyTest)
03-27 15:45:37.373 27245-27272/? I/TestRunner: run finished: 1 tests, 0 failed, 0 ignored
03-27 15:45:37.382 2141-2681/? I/A: NGA disabled due to not being eligible.
03-27 15:45:37.385 672-768/? I/ActivityManager: Force stopping com.example appid=10181 user=0: finished inst
03-27 15:45:37.385 672-672/? D/BatterySaverPolicy: accessibility changed to false, updating policy.
03-27 15:45:37.386 672-768/? I/ActivityManager: Killing 27245:com.example/u0a181 (adj 0): stop com.example due to finished inst
03-27 15:45:37.389 27225-27225/? I/app_process: System.exit called, status: 0
03-27 15:45:37.389 27225-27225/? I/AndroidRuntime: VM exiting with result code 0.
03-27 15:45:37.393 672-714/? I/libprocessgroup: Successfully killed process cgroup uid 10181 pid 27245 in 5ms
03-27 15:29:30.233 0-0/? I/binder: undelivered transaction 889724, process died.
03-27 15:29:30.234 0-0/? I/binder: undelivered TRANSACTION_COMPLETE
03-27 15:29:30.234 0-0/? I/binder: undelivered transaction 889776, process died.
03-27 15:45:37.415 672-2793/? V/ActivityManager: Got obituary of 27245:com.example
03-27 15:45:37.416 672-704/? W/ActivityManager: setHasOverlayUi called on unknown pid: 27245
03-27 15:45:37.416 672-704/? W/ActivityManager: [ 03-27 15:
03-27 15:45:37.416 672-704/? W/ActivityManager: 29:30.235     0:    0 I/binder   ]
03-27 15:45:37.416 672-704/? W/ActivityManager: undelivered transaction 889788, process died.
03-27 15:29:30.236 0-0/? I/binder: undelivered transaction 889769, process died.
03-27 15:45:37.417 429-429/? I/Zygote: Process 27245 exited due to signal 9 (Killed)
03-27 15:45:37.433 27276-27303/? I/MPEG4Writer: setStartTimestampUs: 4161552142
03-27 15:45:37.446 27276-27276/? D/MPEG4Writer: reset()
03-27 15:45:37.446 27276-27303/? V/MediaWriter: Track event err/info msg:101, trackId:2, type:1000,val:-1011
03-27 15:45:37.446 27276-27276/? D/MPEG4Writer: Video track stopping. Stop source
03-27 15:45:37.446 27276-27276/? D/MPEG4Writer: Video track source stopping
03-27 15:45:37.446 27276-27302/? V/MediaWriter: Track event err/info msg:101, trackId:1, type:1000,val:-1011
03-27 15:45:37.446 27276-27276/? D/MPEG4Writer: Video track source stopped
03-27 15:45:37.446 27276-27303/? W/MPEG4Writer: 0-duration samples found: 1
03-27 15:45:37.446 27276-27303/? I/MPEG4Writer: Received total/0-length (1/0) buffers and encoded 1 frames. - Metadata
03-27 15:45:37.446 27276-27302/? I/MPEG4Writer: Received total/0-length (34/0) buffers and encoded 34 frames. - Video
03-27 15:45:37.446 27276-27276/? D/MPEG4Writer: Video track stopped. Status:0. Stop source
03-27 15:45:37.447 27276-27276/? D/MPEG4Writer: Metadata track stopping. Stop source
03-27 15:45:37.447 27276-27276/? D/MPEG4Writer: [ 03-2
03-27 15:45:37.447 27276-27276/? D/MPEG4Writer: 7 15:45:37.447 27276:27276 D/MPEG4Writer ]
03-27 15:45:37.447 27276-27276/? D/MPEG4Writer: Metadata track source stopping
03-27 15:45:37.447 27276-27276/? D/MPEG4Writer: Metadata track source stopped
03-27 15:45:37.447 27276-27276/? D/MPEG4Writer: Metadata track stopped. Status:0. Stop source
03-27 15:45:37.447 27276-27276/? D/MPEG4Writer: Duration from tracks range is [0, 616137] us
03-27 15:45:37.447 27276-27300/? D/MPEG4Writer: 0 chunks are written in the last batch
03-27 15:45:37.447 27276-27276/? D/MPEG4Writer: WriterThread stopped. Status:0
03-27 15:45:37.447 27276-27276/? I/MPEG4Writer: Adjust the moov start time from 4161552142 us -> 4161552142 us
03-27 15:45:37.447 27276-27276/? I/MPEG4Writer: MOOV atom was written to the file
03-27 15:45:37.447 27276-27276/? D/MPEG4Writer: release()
03-27 15:45:37.447 27276-27276/? D/MPEG4Writer: ftruncate mPreAllocateFileEndOffset:234532 mOffset:1616 mMdatEndOffset:231908 diff:2624
03-27 15:45:37.450 27276-27276/? D/MPEG4Writer: final fsync() takes 3 ms, file size 231908
03-27 15:45:37.451 27276-27276/? D/MPEG4Writer: MP4WtrCtrlHlpLooper stopped
03-27 15:45:37.451 27276-27276/? D/MPEG4Writer: Top 5 write durations(microseconds): #1:7 #2:29 #3:57 #4:246 #5:386
03-27 15:45:37.452 27276-27284/? I/hw-BpHwBinder: onLastStrongRef automatically unlinking death recipients
03-27 15:45:37.452 578-1078/? I/hw-BpHwBinder: onLastStrongRef automatically unlinking death recipients
03-27 15:45:37.452 578-1078/? I/hw-BpHwBinder: onLastStrongRef automatically unlinking death recipients
03-27 15:45:37.453 578-1078/? V/C2Store: in ~ComponentModule
03-27 15:45:37.453 578-1078/? V/C2Store: unloading dll
03-27 15:45:37.453 27276-27276/? I/BpBinder: onLastStrongRef automatically unlinking death recipients: <uncached descriptor>
03-27 15:45:37.471 1876-3215/? I/MediaProvider: Begin Intent { act=android.intent.action.MEDIA_SCANNER_SCAN_FILE dat=file:///... flg=0x1400010 cmp=com.google.android.providers.media.module/com.android.providers.media.MediaService }
03-27 15:45:37.471 27276-27276/? D/ScreenRecord: success
03-27 15:45:37.472 27276-27276/? I/BpBinder: onLastStrongRef automatically unlinking death recipients: <uncached descriptor>
03-27 15:45:37.473 27276-27276/? I/BpBinder: onLastStrongRef automatically unlinking death recipients: <uncached descriptor>
03-27 15:45:37.473 578-1078/? D/BufferPoolAccessor2.0: Destruction - bufferpool2 0x753898b02378 cached: 0/0M, 0/0% in use; allocs: 35, 94% recycled; transfers: 35, 94% unfetched
03-27 15:45:37.489 1876-3215/? V/MediaProvider: Inserted id:1000000105 less than next row id backup:1000001000.
03-27 15:45:37.490 1876-3215/? I/MediaProvider: End Intent { act=android.intent.action.MEDIA_SCANNER_SCAN_FILE dat=file:///... flg=0x1400010 cmp=com.google.android.providers.media.module/com.android.providers.media.MediaService }
03-27 15:45:37.503 578-964/? D/BufferPoolAccessor2.0: evictor expired: 1, evicted: 0
03-27 15:45:37.531 1394-14480/? I/NetworkScheduler.Stats: Task com.google.android.gms/com.google.android.gms.ipa.base.IpaGcmTaskService started execution. cause:9 exec_start_elapsed_seconds: 4162 [CONTEXT service_id=218 ]
03-27 15:45:37.536 1394-26677/? I/NetworkScheduler.Stats: Task com.google.android.gms/com.google.android.gms.ipa.base.IpaGcmTaskService finished executing. cause:9 result: 1 elapsed_millis: 24 uptime_millis: 24 exec_start_elapsed_seconds: 4162 [CONTEXT service_id=218 ]
03-27 15:45:37.546 482-520/? W/TransactionTracing: Could not find layer handle 0x7321fa257210
03-27 15:45:38.095 1876-1995/? I/MediaProvider: Deleted 0 0 0 1 0 0 0 items on external_primary due to com.android.shell
