03-27 15:45:44.315 428-27747/? I/resolv: GetAddrInfoHandler::run: {101 101 101 983141 10181 0}
03-27 15:45:44.331 27710-27742/? W/FileTestStorage: Output properties is not supported.
03-27 15:45:44.332 27710-27742/? I/Tracing: Tracer added: class androidx.test.platform.tracing.AndroidXTracer
03-27 15:45:44.336 27710-27742/? D/EventInjectionStrategy: Creating injection strategy with input manager.
03-27 15:45:44.336 27710-27742/? W/com.example: Accessing hidden method Landroid/hardware/input/InputManager;->getInstance()Landroid/hardware/input/InputManager; (unsupported, reflection, allowed)
03-27 15:45:44.336 27710-27742/? W/com.example: Accessing hidden method Landroid/hardware/input/InputManager;->injectInputEvent(Landroid/view/InputEvent;I)Z (unsupported, reflection, allowed)
03-27 15:45:44.336 27710-27742/? W/com.example: Accessing hidden field Landroid/hardware/input/InputManager;->INJECT_INPUT_EVENT_MODE_WAIT_FOR_FINISH:I (unsupported, reflection, allowed)
03-27 15:45:44.339 1876-2098/? W/MediaProvider: isAppCloneUserPair for user 0: false
03-27 15:45:44.340 1876-2098/? V/MediaProvider: Inserted id:1000000107 less than next row id backup:1000001000.
03-27 15:45:44.349 27710-27742/? W/Settings: Setting always_finish_activities has moved from android.provider.Settings.System to android.provider.Settings.Global, returning read-only value.
03-27 15:45:44.349 27746-27746/? D/MediaCodecList: codecHandlesFormat: no format, so no extra checks
03-27 15:45:44.350 27746-27751/? D/CCodec: allocate(c2.android.avc.encoder)
03-27 15:45:44.352 27746-27751/? I/Codec2Client: Available Codec2 services: "default" "software"
03-27 15:45:44.353 27746-27751/? I/CCodec: setting up 'default' as default (vendor) store
03-27 15:45:44.355 672-805/? I/ActivityTaskManager: START u0 {act=android.intent.action.MAIN cat=[android.intent.category.LAUNCHER] flg=0x10008000 cmp=com.example/.MainActivity} from uid 10181
03-27 15:45:44.355 578-1077/? V/C2Store: in init
03-27 15:45:44.355 578-1077/? V/C2Store: loading dll
03-27 15:45:44.356 672-805/? D/CompatibilityChangeReporter: Compat change id reported: 194480991; UID 10181; state: ENABLED
03-27 15:45:44.356 578-1077/? I/mediaswcodec: missing struct descriptor #Param::CoreIndex(--004) for field values of struct #Param::CoreIndex(F-12004)
03-27 15:45:44.356 578-1077/? I/mediaswcodec: missing struct descriptor #Param::CoreIndex(--1812) for field values of struct #Param::CoreIndex(F-11812)
03-27 15:45:44.357 578-1077/? I/mediaswcodec: missing struct descriptor #Param::CoreIndex(--004) for field values of struct #Param::CoreIndex(F-12004)
03-27 15:45:44.357 578-1077/? I/mediaswcodec: missing struct descriptor #Param::CoreIndex(--1812) for field values of struct #Param::CoreIndex(F-11812)
03-27 15:45:44.358 27746-27751/? I/CCodec: Created component [c2.android.avc.encoder]
03-27 15:45:44.358 27746-27751/? D/CCodecConfig: read media type: video/avc
03-27 15:45:44.358 672-805/? D/CompatibilityChangeReporter: Compat change id reported: 174042980; UID 10181; state: DISABLED
03-27 15:45:44.358 672-805/? D/CompatibilityChangeReporter: Compat change id reported: 184838306; UID 10181; state: DISABLED
03-27 15:45:44.358 672-805/? D/CompatibilityChangeReporter: Compat change id reported: 185004937; UID 10181; state: DISABLED
03-27 15:45:44.358 672-805/? D/CompatibilityChangeReporter: [ 03-27 15:45:44.358   672:  805 D/Comp
03-27 15:45:44.358 672-805/? D/CompatibilityChangeReporter: atibilityChangeReporter ]
03-27 15:45:44.358 672-805/? D/CompatibilityChangeReporter: Compat change id reported: 181136395; UID 10181; state: DISABLED
03-27 15:45:44.358 672-805/? D/CompatibilityChangeReporter: Compat change id reported: 174042936; UID 10181; state: DISABLED
03-27 15:45:44.359 27746-27751/? D/ReflectedParamUpdater: extent() != 1 for single value type: algo.buffers.max-count.values
03-27 15:45:44.359 27746-27751/? D/ReflectedParamUpdater: extent() != 1 for single value type: output.subscribed-indices.values
03-27 15:45:44.359 27746-27751/? D/ReflectedParamUpdater: extent() != 1 for single value type: input.buffers.allocator-ids.values
03-27 15:45:44.359 27746-27751/? D/ReflectedParamUpdater: extent() != 1 for single value type: output.buffers.allocator-ids.values
03-27 15:45:44.359 27746-27751/? D/ReflectedParamUpdater: extent() != 1 for single value type: algo.buffers.allocator-ids.values
03-27 15:45:44.359 27746-27751/? D/ReflectedParamUpdater: extent() != 1 for single value type: output.buffers.pool-ids.values
03-27 15:45:44.359 27746-27751/? D/ReflectedParamUpdater: extent() != 1 for single value type: algo.buffers.pool-ids.values
03-27 15:45:44.360 672-805/? V/SplashScreenExceptionList: SplashScreen checking exception for package com.example (target sdk:33) -> false
03-27 15:45:44.360 672-805/? D/CompatibilityChangeReporter: Compat change id reported: 205907456; UID 10181; state: ENABLED
03-27 15:45:44.360 27746-27751/? D/ReflectedParamUpdater: ignored struct field coding.gop.values
03-27 15:45:44.360 27746-27751/? D/ReflectedParamUpdater: ignored struct field coding.qp.values
03-27 15:45:44.360 27746-27751/? D/CCodecConfig: ignoring local param raw.color (0xc2001809) as it is already supported
03-27 15:45:44.361 27746-27751/? I/CCodecConfig: query failed after returning 12 values (BAD_INDEX)
03-27 15:45:44.361 27746-27751/? D/CCodecConfig: c2 config diff is Dict {
03-27 15:45:44.361 27746-27751/? D/CCodecConfig:   c2::i32 coded.average-qp.value = 0
03-27 15:45:44.361 27746-27751/? D/CCodecConfig:   c2::u32 coded.bitrate.value = 64000
03-27 15:45:44.361 27746-27751/? D/CCodecConfig:   c2::float coded.frame-rate.value = 1
03-27 15:45:44.361 27746-27751/? D/CCodecConfig:   c2::u32 coded.picture-type.value = 0
03-27 15:45:44.361 27746-27751/? D/CCodecConfig:   c2::u32 coded.pl.level = 20492
03-27 15:45:44.361 27746-27751/? D/CCodecConfig:   c2::u32 coded.pl.profile = 20481
03-27 15:45:44.361 27746-27751/? D/CCodecConfig:   c2::u32 coded.vui.color.matrix = 0
03-27 15:45:44.361 27746-27751/? D/CCodecConfig:   c2::u32 coded.vui.color.primaries = 0
03-27 15:45:44.361 27746-27751/? D/CCodecConfig:   c2::u32 coded.vui.color.range = 0
03-27 15:45:44.361 27746-27751/? D/CCodecConfig:   c2::u32 coded.vui.color.transfer = 0
03-27 15:45:44.361 27746-27751/? D/CCodecConfig:   c2::u32 coding.intra-refresh.mode = 0
03-27 15:45:44.361 27746-27751/? D/CCodecConfig:   c2::float coding.intra
03-27 15:45:44.361 27746-27751/? D/CCodecConfig: -refresh.period = 0
03-27 15:45:44.361 27746-27751/? D/CCodecConfig:   c2::u32 coding.request-sync-frame.value = 0
03-27 15:45:44.361 27746-27751/? D/CCodecConfig:   c2::i64 coding.sync-frame-interval.value = 1000000
03-27 15:45:44.361 27746-27751/? D/CCodecConfig:   c2::u32 input.delay.value = 0
03-27 15:45:44.361 27746-27751/? D/CCodecConfig:   string input.media-type.value = "video/raw"
03-27 15:45:44.361 27746-27751/? D/CCodecConfig:   string output.media-type.value = "video/avc"
03-27 15:45:44.361 27746-27751/? D/CCodecConfig:   c2::u32 raw.color.matrix = 0
03-27 15:45:44.361 27746-27751/? D/CCodecConfig:   c2::u32 raw.color.primaries = 0
03-27 15:45:44.361 27746-27751/? D/CCodecConfig:   c2::u32 raw.color.range = 0
03-27 15:45:44.361 27746-27751/? D/CCodecConfig:   c2::u32 raw.color.transfer = 0
03-27 15:45:44.361 27746-27751/? D/CCodecConfig:   c2::u32 raw.size.height = 16
03-27 15:45:44.361 27746-27751/? D/CCodecConfig:   c2::u32 raw.size.width = 16
03-27 15:45:44.361 27746-27751/? D/CCodecConfig: }
03-27 15:45:44.361 27746-27751/? W/ColorUtils: expected specified color aspects (0:0:0:0)
03-27 15:45:44.362 672-805/? D/CompatibilityChangeReporter: Compat change id reported: 194833441; UID 10181; state: ENABLED
03-27 15:45:44.362 902-1083/? D/SplashScreenView: Build android.window.SplashScreenView{2c41151 V.E...... ......ID 0,0-0,0}
03-27 15:45:44.362 902-1083/? D/SplashScreenView: Icon: view: null drawable: null size: 0
03-27 15:45:44.362 902-1083/? D/SplashScreenView: Branding: view: android.view.View{683db6 G.ED..... ......I. 0,0-0,0 #10204db android:id/splashscreen_branding_view} drawable: null size w: 0 h: 0
03-27 15:45:44.365 27746-27746/? D/CodecSeeding: Seed: codec c2.android.avc.encoder, mediatype video/avc, overrideable 1
03-27 15:45:44.365 27746-27746/? D/CodecProperties: setTuningValue(vq-target-bpp,0)
03-27 15:45:44.365 27746-27746/? D/CodecProperties: setTuningValue(vq-target-bpp-1080p,1.90)
03-27 15:45:44.365 27746-27746/? D/CodecProperties: setTuningValue(vq-target-bpp-720p,2.25)
03-27 15:45:44.365 27746-27746/? D/CodecProperties: setTuningValue(vq-target-bpp-540p,2.65)
03-27 15:45:44.365 27746-27746/? D/CodecProperties: setTuningValue(vq-target-bpp-480p,3.00)
03-27 15:45:44.365 27746-27746/? D/CodecProperties: setTuningValue(vq-target-bpp-320x240,0)
03-27 15:45:44.365 27746-27746/? D/CodecProperties: setTuningValue(vq-target-qpmax,-1)
03-27 15:45:44.365 27746-27746/? D/CodecProperties: setTuningValue(vq-target-qpmax-1080p,45)
03-27 15:45:44.365 27746-27746/? D/CodecProperties: setTuningValue(vq-target-qpmax-720p,43)
03-27 15:45:44.365 27746-27746/? D/CodecProperties: setTuningValue(vq-target-qpmax-540p,42)
03-27 15:45:44.365 27746-27746/? D/CodecProperties: setTuningValue(vq-target-qpmax-480p,38)
03-27 15:45:44.365 27746-27746/? D/CodecProperties: setTuningValue(vq-bitrate-phaseout,1.75)
03-27 15:45:44.365 27746-27746/? D/CodecProperties: setTuningValue(vq-boost-missing-qp,0.20)
03-27 15:45:44.365 27746-27746/? D/CodecProperties: setFeatureValue(intra-refresh,0)
03-27 15:45:44.365 27746-27746/? D/CodecProperties: setFeatureValue(qp-bounds,0)
03-27 15:45:44.365 27746-27746/? D/CodecProperties: setFeatureValue(_vq_eligible.device,1)
03-27 15:45:44.365 27746-27746/? D/CodecProperties: setFeatureValue(_quality.target,1)
03-27 15:45:44.365 27746-27746/? D/CodecSeeding: Seed: codec c2.android.avc.encoder, mediatype video/avc, overrideable 0
03-27 15:45:44.365 27746-27746/? D/VQApply: raise bitrate: configured 1000000 to floor 2073600
03-27 15:45:44.365 27746-27746/? D/VQApply: minquality by QP: inject video-qp-max=43
03-27 15:45:44.365 27746-27746/? D/VQApply: minquality/target bitrate raised from 1000000 to 2073600 bps
03-27 15:45:44.365 27746-27746/? D/MediaCodec: shapeMediaFormat: deltas(6): AMessage(what = 0x00000000) = {
03-27 15:45:44.365 27746-27746/? D/MediaCodec:     int32_t bitrate = 2073600
03-27 15:45:44.365 27746-27746/? D/MediaCodec:     int32_t android._encoding-quality-level = 0
03-27 15:45:44.365 27746-27746/? D/MediaCodec:     int32_t video-qp-max = 43
03-27 15:45:44.365 27746-27746/? D/MediaCodec:     int32_t video-qp-i-max = 43
03-27 15:45:44.365 27746-27746/? D/MediaCodec:     int32_t video-qp-p-max = 46
03-27 15:45:44.365 27746-27746/? D/MediaCodec:     int32_t video-qp-b-max = 49
03-27 15:45:44.365 27746-27746/? D/MediaCodec:   }
03-27 15:45:44.366 27746-27751/? D/CCodec: [c2.android.avc.encoder] buffers are bound to CCodec for this session
03-27 15:45:44.366 27746-27751/? D/CCodecConfig: no c2 equivalents for color-format
03-27 15:45:44.367 27746-27751/? D/CCodecConfig: no c2 equivalents for max-bframes
03-27 15:45:44.367 27746-27751/? D/CCodecConfig: no c2 equivalents for video-qp-max
03-27 15:45:44.367 27746-27751/? D/CCodecConfig: no c2 equivalents for video-qp-i-max
03-27 15:45:44.367 27746-27751/? D/CCodecConfig: no c2 equivalents for video-qp-p-max
03-27 15:45:44.367 27746-27751/? D/CCodecConfig: no c2 equivalents for video-qp-b-max
03-27 15:45:44.367 27746-27751/? D/CCodecConfig: no c2 equivalents for flags
03-27 15:45:44.367 27746-27751/? D/CCodecConfig: no c2 equivalents for encoder
03-27 15:45:44.367 27746-27751/? D/CCodecConfig: c2 config diff is   c2::u32 coded.bitrate.value = 2073600
03-27 15:45:44.367 27746-27751/? D/CCodecConfig:   c2::float coded.frame-rate.value = 60
03-27 15:45:44.367 27746-27751/? D/CCodecConfig:   c2::i64 coding.sync-frame-interval.value = 10000000
03-27 15:45:44.367 27746-27751/? D/CCodecConfig:   c2::u32 raw.size.height = 1280
03-27 15:45:44.367 27746-27751/? D/CCodecConfig:   c2::u32 raw.size.width = 720
03-27 15:45:44.367 27746-27751/? W/ColorUtils: expected specified color aspects (0:0:0:0)
03-27 15:45:44.367 27746-27751/? D/CCodec: encoding statistics level = 0
03-27 15:45:44.367 27746-27751/? D/CCodec: setup formats input: AMessage(what = 0x00000000) = {
03-27 15:45:44.367 27746-27751/? D/CCodec:   Rect crop(0, 0, 719, 1279)
03-27 15:45:44.367 27746-27751/? D/CCodec:   int32_t color-standard = 0
03-27 15:45:44.367 27746-27751/? D/CCodec:   int32_t color-range = 0
03-27 15:45:44.367 27746-27751/? D/CCodec:   int32_t color-transfer = 0
03-27 15:45:44.367 27746-27751/? D/CCodec:   int32_t frame-rate = 60
03-27 15:45:44.367 27746-27751/? D/CCodec:   int32_t height = 1280
03-27 15:45:44.367 27746-27751/? D/CCodec:   int32_t intra-refresh-period = 0
03-27 15:45:44.367 27746-27751/? D/CCodec:   string mime = "video/raw"
03-27 15:45:44.367 27746-27751/? D/CCodec:   int32_t video-qp-average = 0
03-27 15:45:44.367 27746-27751/? D/CCodec:   int32_t width = 720
03-27 15:45:44.367 27746-27751/? D/CCodec:   int32_t android._dataspace = 0
03-27 15:45:44.367 27746-27751/? D/CCodec:   int32_t using-sw-read-often = 1
03-27 15:45:44.367 27746-27751/? D/CCodec:   int64_t android._C2MemoryUsage = 1
03-27 15:45:44.367 27746-27751/? D/CCodec:   int32_t color-format = 2130708361
03-27 15:45:44.367 27746-27751/? D/CCodec:   int32_t android._color-format = 2130708361
03-27 15:45:44.367 27746-27751/? D/CCodec: }
03-27 15:45:44.367 27746-27751/? D/CCodec: setup formats output: AMessage(what = 0x00000000) = {
03-27 15:45:44.367 27746-27751/? D/CCodec:   int32_t bitrate = 2073600
03-27 15:45:44.367 27746-27751/? D/CCodec:   Rect crop(0, 0, 719, 1279)
03-27 15:45:44.367 27746-27751/? D/CCodec:   int32_t color-standard = 0
03-27 15:45:44.367 27746-27751/? D/CCodec:   int32_t color-range = 0
03-27 15:45:44.367 27746-27751/? D/CCodec:   int32_t color-transfer = 0
03-27 15:45:44.367 27746-27751/? D/CCodec:   int32_t frame-rate = 60
03-27 15:45:44.367 27746-27751/? D/CCodec:   int32_t height = 1280
03-27 15:45:44.367 27746-27751/? D/CCodec:   int32_t intra-refresh-period = 0
03-27 15:45:44.367 27746-27751/? D/CCodec:   int32_t level = 4096
03-27 15:45:44.367 27746-27751/? D/CCodec:   int32_t max-bitrate = 2073600
03-27 15:45:44.367 27746-27751/? D/CCodec:   string mime = "video/avc"
03-27 15:45:44.367 27746-27751/? D/CCodec:   int32_t profile = 65536
03-27 15:45:44.367 27746-27751/? D/CCodec:   int32_t video-qp-average = 0
03-27 15:45:44.367 27746-27751/? D/CCodec:   int32_t width = 720
03-27 15:45:44.367 27746-27751/? D/CCodec: }
03-27 15:45:44.367 27746-27751/? I/CCodecConfig: query failed after returning 13 values (BAD_INDEX)
03-27 15:45:44.368 27746-27751/? D/CCodec: input format changed to AMessage(what = 0x00000000) = {
03-27 15:45:44.368 27746-27751/? D/CCodec:   Rect crop(0, 0, 719, 1279)
03-27 15:45:44.368 27746-27751/? D/CCodec:   int32_t color-standard = 1
03-27 15:45:44.368 27746-27751/? D/CCodec:   int32_t color-range = 2
03-27 15:45:44.368 27746-27751/? D/CCodec:   int32_t color-transfer = 3
03-27 15:45:44.368 27746-27751/? D/CCodec:   int32_t frame-rate = 60
03-27 15:45:44.368 27746-27751/? D/CCodec:   int32_t height = 1280
03-27 15:45:44.368 27746-27751/? D/CCodec:   int32_t intra-refresh-period = 0
03-27 15:45:44.368 27746-27751/? D/CCodec:   string mime = "video/raw"
03-27 15:45:44.368 27746-27751/? D/CCodec:   int32_t video-qp-average = 0
03-27 15:45:44.368 27746-27751/? D/CCodec:   int32_t width = 720
03-27 15:45:44.368 27746-27751/? D/CCodec:   int32_t android._dataspace = 260
03-27 15:45:44.368 27746-27751/? D/CCodec:   int32_t using-sw-read-often = 1
03-27 15:45:44.368 27746-27751/? D/CCodec:   
03-27 15:45:44.368 27746-27751/? D/CCodec: int64_t android._C2MemoryUsage = 1
03-27 15:45:44.368 27746-27751/? D/CCodec:   int32_t color-format = 2130708361
03-27 15:45:44.368 27746-27751/? D/CCodec:   int32_t android._color-format = 2130708361
03-27 15:45:44.368 27746-27751/? D/CCodec: }
03-27 15:45:44.372 672-805/? D/CoreBackPreview: Window{ffa9e49 u0 Splash Screen com.example}: Setting back callback OnBackInvokedCallbackInfo{mCallback=android.window.IOnBackInvokedCallback$Stub$Proxy@918ad7c, mPriority=0}
03-27 15:45:44.372 1394-14480/? I/NetworkScheduler.Stats: Task com.google.android.gms/com.google.android.gms.ipa.base.IpaGcmTaskService started execution. cause:9 exec_start_elapsed_seconds: 4169 [CONTEXT service_id=218 ]
03-27 15:45:44.373 672-711/? D/IntervalStats: Unable to parse usage stats packages: [186, 187, 188, 189]
03-27 15:45:44.373 672-711/? D/IntervalStats: Unable to parse event packages: [188, 189]
03-27 15:45:44.375 1394-26677/? I/NetworkScheduler.Stats: Task com.google.android.gms/com.google.android.gms.ipa.base.IpaGcmTaskService finished executing. cause:9 result: 1 elapsed_millis: 16 uptime_millis: 16 exec_start_elapsed_seconds: 4169 [CONTEXT service_id=218 ]
03-27 15:45:44.383 450-484/? D/goldfish-address-space: claimShared: Ask to claim region [0x3ea848000 0x3eb16e000]
03-27 15:45:44.394 27746-27751/? D/GraphicBufferSource: setting dataspace: 0x104, acquired=0
03-27 15:45:44.394 27746-27751/? D/CCodec: ISConfig not changed
03-27 15:45:44.394 450-484/? D/goldfish-address-space: claimShared: Ask to claim region [0x3e8000000 0x3e8926000]
03-27 15:45:44.395 27746-27751/? W/Codec2Client: query -- param skipped: index = 1342179345.
03-27 15:45:44.395 27746-27751/? W/Codec2Client: query -- param skipped: index = 2415921170.
03-27 15:45:44.395 27746-27751/? D/CCodecBufferChannel: [c2.android.avc.encoder#960] Using basic input block pool with poolID 1 => got 1 - OK (0)
03-27 15:45:44.395 27746-27751/? D/C2Store: Using DMABUF Heaps
03-27 15:45:44.396 27746-27751/? I/CCodecBufferChannel: [c2.android.avc.encoder#960] Created output block pool with allocatorID 16 => poolID 89 - OK
03-27 15:45:44.396 27746-27751/? D/CCodecBufferChannel: [c2.android.avc.encoder#960] Configured output block pool ids 89 => OK
03-27 15:45:44.397 450-484/? D/goldfish-address-space: claimShared: Ask to claim region [0x3ec000000 0x3ec926000]
03-27 15:45:44.399 27710-27761/? D/libEGL: loaded /vendor/lib64/egl/libEGL_emulation.so
03-27 15:45:44.400 902-1191/? W/Parcel: Expecting binder but got null!
03-27 15:45:44.400 570-7511/? W/ResourceManagerService: Ignoring request to add new resource entry with value <= 0
03-27 15:45:44.400 27710-27761/? D/libEGL: loaded /vendor/lib64/egl/libGLESv1_CM_emulation.so
03-27 15:45:44.400 27710-27710/? D/LifecycleMonitor: Lifecycle status change: com.example.MainActivity@dbbe86d in: PRE_ON_CREATE
03-27 15:45:44.401 27710-27710/? V/ActivityScenario: Activity lifecycle changed event received but ignored because the reported transition was not ON_CREATE while the last known transition was PRE_ON_CREATE
03-27 15:45:44.401 27710-27761/? D/libEGL: loaded /vendor/lib64/egl/libGLESv2_emulation.so
03-27 15:45:44.413 482-520/? W/TransactionTracing: Could not find layer id -1
03-27 15:45:44.414 482-520/? W/TransactionTracing: Could not find layer id -1
03-27 15:45:44.417 279-279/? I/hwservicemanager: getTransport: Cannot find entry android.hardware.graphics.mapper@4.0::IMapper/default in either framework or device VINTF manifest.
03-27 15:45:44.418 27746-27762/? I/Gralloc4: mapper 4.x is not supported
03-27 15:45:44.418 1876-2099/? I/MediaProvider: Deleted 0 0 0 1 0 0 0 items on external_primary due to com.android.shell
03-27 15:45:44.418 1318-2193/? D/EGL_emulation: app_time_stats: avg=801.76ms min=11.14ms max=2334.05ms count=3
03-27 15:45:44.421 1876-2098/? W/MediaProvider: isAppCloneUserPair for user 0: false
03-27 15:45:44.422 1876-2098/? V/MediaProvider: Inserted id:1000000107 less than next row id backup:1000001000.
03-27 15:45:44.424 27746-27746/? D/MPEG4Writer: PreAllocation enabled
03-27 15:45:44.427 27746-27762/? D/HostConnection: createUnique: call
03-27 15:45:44.428 27746-27762/? D/HostConnection: HostConnection::get() New Host Connection established 0x75d5d292b890, tid 27762
03-27 15:45:44.428 27746-27762/? D/goldfish-address-space: allocate: Ask for block of size 0x100
03-27 15:45:44.428 27746-27762/? D/goldfish-address-space: allocate: ioctl allocate returned offset 0x3e7ffe000 size 0x2000
03-27 15:45:44.455 279-279/? I/hwservicemanager: getTransport: Cannot find entry android.hardware.graphics.allocator@4.0::IAllocator/default in either framework or device VINTF manifest.
03-27 15:45:44.455 672-805/? W/ActivityManager: Unable to start service Intent { act=android.service.smartspace.SmartspaceService cmp=com.google.android.as/com.google.android.apps.miphone.aiai.app.AiAiSmartspaceService } U=0: not found
03-27 15:45:44.455 672-805/? W/ActivityManager: [ 03-27 15:45
03-27 15:45:44.455 672-805/? W/ActivityManager: :44.455   672:  805 W/RemoteSmartspaceService ]
03-27 15:45:44.455 672-805/? W/ActivityManager: could not bind to Intent { act=android.service.smartspace.SmartspaceService cmp=com.google.android.as/com.google.android.apps.miphone.aiai.app.AiAiSmartspaceService } using flags 67112961
03-27 15:45:44.455 672-672/? W/ActivityManager: Unbind failed: could not find connection for android.app.LoadedApk$ServiceDispatcher$InnerConnection@be918f1
03-27 15:45:44.455 278-278/? I/servicemanager: Could not find android.hardware.graphics.allocator.IAllocator/default in the VINTF manifest.
03-27 15:45:44.455 27746-27762/? W/Gralloc4: allocator 4.x is not supported
03-27 15:45:44.456 27710-27710/? D/CompatibilityChangeReporter: Compat change id reported: 210923482; UID 10181; state: ENABLED
03-27 15:45:44.456 450-484/? D/goldfish-address-space: claimShared: Ask to claim region [0x3eb885000 0x3ebc09000]
03-27 15:45:44.463 1394-14480/? I/NetworkScheduler.Stats: Task com.google.android.gms/com.google.android.gms.ipa.base.IpaGcmTaskService started execution. cause:9 exec_start_elapsed_seconds: 4169 [CONTEXT service_id=218 ]
03-27 15:45:44.465 27746-27762/? D/HostConnection: HostComposition ext ANDROID_EMU_CHECKSUM_HELPER_v1 ANDROID_EMU_native_sync_v2 ANDROID_EMU_native_sync_v3 ANDROID_EMU_native_sync_v4 ANDROID_EMU_dma_v1 ANDROID_EMU_direct_mem ANDROID_EMU_host_composition_v1 ANDROID_EMU_host_composition_v2 ANDROID_EMU_vulkan ANDROID_EMU_deferred_vulkan_commands ANDROID_EMU_vulkan_null_optional_strings ANDROID_EMU_vulkan_create_resources_with_requirements ANDROID_EMU_YUV_Cache ANDROID_EMU_vulkan_ignored_handles ANDROID_EMU_has_shared_slots_host_memory_allocator ANDROID_EMU_vulkan_free_memory_sync ANDROID_EMU_vulkan_shader_float16_int8 ANDROID_EMU_vulkan_async_queue_submit ANDROID_EMU_vulkan_queue_submit_with_commands ANDROID_EMU_sync_buffer_data ANDROID_EMU_vulkan_async_qsri ANDROID_EMU_read_color_buffer_dma ANDROID_EMU_hwc_multi_configs GL_OES_EGL_image_external_essl3 GL_OES_vertex_array_object GL_KHR_texture_compression_astc_ldr ANDROID_EMU_host_side_tracing ANDROID_EMU_gles_max_version_3_1 
03-27 15:45:44.466 1394-14480/? I/NetworkScheduler.Stats: Task com.google.android.gms/com.google.android.gms.ipa.base.IpaGcmTaskService finished executing. cause:9 result: 1 elapsed_millis: 16 uptime_millis: 16 exec_start_elapsed_seconds: 4169 [CONTEXT service_id=218 ]
03-27 15:45:44.468 1947-1947/? I/GsaVoiceInteractionSrv: Handling ACTION_STOP_HOTWORD
03-27 15:45:44.469 27746-27762/? D/GraphicBufferSource: got buffer with new dataSpace #104
03-27 15:45:44.469 27746-27762/? D/C2OMXNode: dataspace changed to 0x104 pixel format: 0x1
03-27 15:45:44.469 279-279/? I/hwservicemanager: getTransport: Cannot find entry android.hardware.graphics.mapper@4.0::IMapper/default in either framework or device VINTF manifest.
03-27 15:45:44.470 1947-2711/? E/HwDetectorWithState: a: 3
03-27 15:45:44.470 27710-27710/? D/LifecycleMonitor: Lifecycle status change: com.example.MainActivity@dbbe86d in: CREATED
03-27 15:45:44.470 27710-27710/? V/ActivityScenario: Update currentActivityStage to CREATED, currentActivity=com.example.MainActivity@dbbe86d
03-27 15:45:44.471 27710-27710/? D/LifecycleMonitor: Lifecycle status change: com.example.MainActivity@dbbe86d in: STARTED
03-27 15:45:44.471 27710-27710/? V/ActivityScenario: Update currentActivityStage to STARTED, currentActivity=com.example.MainActivity@dbbe86d
03-27 15:45:44.474 450-484/? D/goldfish-address-space: claimShared: Ask to claim region [0x3e998d000 0x3e9d11000]
03-27 15:45:44.475 27710-27710/? D/LifecycleMonitor: Lifecycle status change: com.example.MainActivity@dbbe86d in: RESUMED
03-27 15:45:44.475 27710-27710/? V/ActivityScenario: Update currentActivityStage to RESUMED, currentActivity=com.example.MainActivity@dbbe86d
03-27 15:45:44.475 578-27756/? D/SimpleC2Component: Using output block pool with poolID 89 => got 89 - 0
03-27 15:45:44.475 578-27756/? D/SimpleC2Component: applied 2 configUpdates => BAD_INDEX (6)
03-27 15:45:44.475 578-27756/? D/C2SoftAvcEnc: Params width 720 height 1280 level 41 colorFormat 0 bframes 0
03-27 15:45:44.481 450-484/? D/goldfish-address-space: claimShared: Ask to claim region [0x3e9d11000 0x3ea095000]
03-27 15:45:44.489 672-2086/? D/CoreBackPreview: Window{b0a806b u0 com.example/com.example.MainActivity}: Setting back callback OnBackInvokedCallbackInfo{mCallback=android.window.IOnBackInvokedCallback$Stub$Proxy@6212061, mPriority=0}
03-27 15:45:44.498 450-484/? D/goldfish-address-space: claimShared: Ask to claim region [0x3e8926000 0x3e8caa000]
03-27 15:45:44.498 578-27756/? E/C2SoftAvcEnc: Unable to set air params = 0x1ad
03-27 15:45:44.500 450-484/? D/goldfish-address-space: claimShared: Ask to claim region [0x3e8caa000 0x3e8ef4000]
03-27 15:45:44.503 672-6881/? D/HostConnection: createUnique: call
03-27 15:45:44.503 672-6881/? D/HostConnection: HostConnection::get() New Host Connection established 0x7d62838114d0, tid 6881
03-27 15:45:44.510 672-6881/? D/HostConnection: HostComposition ext ANDROID_EMU_CHECKSUM_HELPER_v1 ANDROID_EMU_native_sync_v2 ANDROID_EMU_native_sync_v3 ANDROID_EMU_native_sync_v4 ANDROID_EMU_dma_v1 ANDROID_EMU_direct_mem ANDROID_EMU_host_composition_v1 ANDROID_EMU_host_composition_v2 ANDROID_EMU_vulkan ANDROID_EMU_deferred_vulkan_commands ANDROID_EMU_vulkan_null_optional_strings ANDROID_EMU_vulkan_create_resources_with_requirements ANDROID_EMU_YUV_Cache ANDROID_EMU_vulkan_ignored_handle
03-27 15:45:44.510 672-6881/? D/HostConnection: s ANDROID_EMU_has_shared_slots_host_memory_allocator ANDROID_EMU_vulkan_free_memory_sync ANDROID_EMU_vulkan_shader_float16_int8 ANDROID_EMU_vulkan_async_queue_submit ANDROID_EMU_vulkan_queue_submit_with_commands ANDROID_EMU_sync_buffer_data ANDROID_EMU_vulkan_async_qsri ANDROID_EMU_read_color_buffer_dma ANDROID_EMU_hwc_multi_configs GL_OES_EGL_image_external_essl3 GL_OES_vertex_array_object GL_KHR_texture_compression_astc_ldr ANDROID_EMU_host_side_tracing ANDROID_EMU_gles_max_version_3_1 
03-27 15:45:44.511 672-6881/? W/OpenGLRenderer: Failed to choose config with EGL_SWAP_BEHAVIOR_PRESERVED, retrying without...
03-27 15:45:44.511 672-6881/? W/OpenGLRenderer: Failed to initialize 101010-2 format, error = EGL_SUCCESS
03-27 15:45:44.512 672-6881/? D/EGL_emulation: eglCreateContext: 0x7d6283801090: maj 3 min 1 rcv 4
03-27 15:45:44.513 672-6881/? D/EGL_emulation: eglMakeCurrent: 0x7d6283801090: ver 3 1 (tinfo 0x7d6495337100) (first time)
03-27 15:45:44.516 27746-27751/? D/CCodecConfig: c2 config diff is   Buffer coded.init-data.value = {
03-27 15:45:44.516 27746-27751/? D/CCodecConfig:     00000000:  00 00 00 01 67 42 c0 29  8d 68 0b 40 a1 a4 20 20  ....gB.).h.@..  
03-27 15:45:44.516 27746-27751/? D/CCodecConfig:     00000010:  20 20 f0 88 46 a0 00 00  00 01 68 ce 01 a8 35 c8    ..F.....h...5.
03-27 15:45:44.516 27746-27751/? D/CCodecConfig:   }
03-27 15:45:44.518 27746-27746/? D/MPEG4Writer: fpathconf _PC_FILESIZEBITS:64
03-27 15:45:44.518 27746-27746/? D/MPEG4Writer: File size limit set to 4503599627370495 bytes implicitly
03-27 15:45:44.518 27746-27746/? D/MPEG4Writer: MP4WtrCtrlHlpLooper Started
03-27 15:45:44.519 27746-27746/? I/MPEG4Writer: limits: 4503599627370495/0 bytes/us, bit rate: -1 bps and the estimated moov size 3192 bytes
03-27 15:45:44.521 27746-27769/? I/MPEG4Writer: setStartTimestampUs: 4169296595
03-27 15:45:44.521 27746-27769/? I/MPEG4Writer: Earliest track starting time: 4169296595
03-27 15:45:44.546 27710-27758/? D/HostConnection: createUnique: call
03-27 15:45:44.547 27710-27758/? D/HostConnection: HostConnection::get() New Host Connection established 0x7d62837e59d0, tid 27758
03-27 15:45:44.554 27710-27758/? D/HostConnection: HostComposition ext ANDROID_EMU_CHECKSUM_HELPER_v1 ANDROID_EMU_native_sync_v2 ANDROID_EMU_native_sync_v3 ANDROID_EMU_native_sync_v4 ANDROID_EMU_dma_v1 ANDROID_EMU_direct_mem ANDROID_EMU_host_composition_v1 ANDROID_EMU_host_composition_v2 ANDROID_EMU_vulkan ANDROID_EMU_deferred_vulkan_commands ANDROID_EMU_vulkan_null_optional_strings ANDROID_EMU_vulkan_create_resources_with_requirements ANDROID_EMU_YUV_Cache ANDROID_EMU_vulka
03-27 15:45:44.554 27710-27758/? D/HostConnection: n_ignored_handles ANDROID_EMU_has_shared_slots_host_memory_allocator ANDROID_EMU_vulkan_free_memory_sync ANDROID_EMU_vulkan_shader_float16_int8 ANDROID_EMU_vulkan_async_queue_submit ANDROID_EMU_vulkan_queue_submit_with_commands ANDROID_EMU_sync_buffer_data ANDROID_EMU_vulkan_async_qsri ANDROID_EMU_read_color_buffer_dma ANDROID_EMU_hwc_multi_configs GL_OES_EGL_image_external_essl3 GL_OES_vertex_array_object GL_KHR_texture_compression_astc_ldr ANDROID_EMU_host_side_tracing ANDROID_EMU_gles_max_version_3_1 
03-27 15:45:44.555 27710-27758/? W/OpenGLRenderer: Failed to choose config with EGL_SWAP_BEHAVIOR_PRESERVED, retrying without...
03-27 15:45:44.555 27710-27758/? W/OpenGLRenderer: Failed to initialize 101010-2 format, error = EGL_SUCCESS
03-27 15:45:44.556 27710-27758/? D/EGL_emulation: eglCreateContext: 0x7d62837e5310: maj 3 min 1 rcv 4
03-27 15:45:44.557 27710-27758/? D/EGL_emulation: eglMakeCurrent: 0x7d62837e5310: ver 3 1 (tinfo 0x7d64b7274080) (first time)
03-27 15:45:44.564 279-279/? I/hwservicemanager: getTransport: Cannot find entry android.hardware.graphics.mapper@4.0::IMapper/default in either framework or device VINTF manifest.
03-27 15:45:44.564 27710-27758/? I/Gralloc4: mapper 4.x is not supported
03-27 15:45:44.565 27710-27758/? D/HostConnection: createUnique: call
03-27 15:45:44.565 27710-27758/? D/HostConnection: HostConnection::get() New Host Connection established 0x7d62837e50d0, tid 27758
03-27 15:45:44.566 27710-27758/? D/goldfish-address-space: allocate: Ask for block of size 0x100
03-27 15:45:44.566 27710-27758/? D/goldfish-address-space: allocate: ioctl allocate returned offset 0x3e7ffe000 size 0x2000
03-27 15:45:44.585 279-279/? I/hwservicemanager: getTransport: Cannot find entry android.hardware.graphics.allocator@4.0::IAllocator/default in either framework or device VINTF manifest.
03-27 15:45:44.586 278-278/? I/servicemanager: Could not find android.hardware.graphics.allocator.IAllocator/default in the VINTF manifest.
03-27 15:45:44.586 27710-27758/? W/Gralloc4: allocator 4.x is not supported
03-27 15:45:44.588 450-484/? D/goldfish-address-space: claimShared: Ask to claim region [0x3ee761000 0x3ef087000]
03-27 15:45:44.596 27710-27758/? D/HostConnection: HostComposition ext ANDROID_EMU_CHECKSUM_HELPER_v1 ANDROID_EMU_native_sync_v2 ANDROID_EMU_native_sync_v3 ANDROID_EMU_native_sync_v4 ANDROID_EMU_dma_v1 ANDROID_EMU_direct_mem ANDROID_EMU_host_composition_v1 ANDROID_EMU_host_composition_v2 ANDROID_EMU_vulkan ANDROID_EMU_deferred_vulkan_commands ANDROID_EMU_vulkan_null_optional_strings ANDROID_EMU_vulkan_create_resources_with_requirements ANDROID_EMU_YUV_Cache A
03-27 15:45:44.596 27710-27758/? D/HostConnection: NDROID_EMU_vulkan_ignored_handles ANDROID_EMU_has_shared_slots_host_memory_allocator ANDROID_EMU_vulkan_free_memory_sync ANDROID_EMU_vulkan_shader_float16_int8 ANDROID_EMU_vulkan_async_queue_submit ANDROID_EMU_vulkan_queue_submit_with_commands ANDROID_EMU_sync_buffer_data ANDROID_EMU_vulkan_async_qsri ANDROID_EMU_read_color_buffer_dma ANDROID_EMU_hwc_multi_configs GL_OES_EGL_image_external_essl3 GL_OES_vertex_array_object GL_KHR_texture_compression_astc_ldr ANDROID_EMU_host_side_tracing ANDROID_EMU_gles_max_version_3_1 
03-27 15:45:44.597 450-484/? D/goldfish-address-space: claimShared: Ask to claim region [0x3ef087000 0x3ef9ad000]
03-27 15:45:44.598 450-484/? D/goldfish-address-space: claimShared: Ask to claim region [0x3ec926000 0x3ed24c000]
03-27 15:45:44.624 27710-27758/? W/Parcel: Expecting binder but got null!
03-27 15:45:44.630 672-701/? W/ziparchive: Unable to open '/data/app/~~AZmbGuQphIT3mSc4dUbQqQ==/com.example-JYplKpqG1IJkb3-k22IhFw==/base.dm': No such file or directory
03-27 15:45:44.632 672-701/? I/ActivityTaskManager: Displayed com.example/.MainActivity: +274ms
03-27 15:45:44.810 902-1191/? D/EGL_emulation: app_time_stats: avg=806.53ms min=109.43ms max=2775.46ms count=4
03-27 15:45:44.811 902-1191/? D/EGL_emulation: app_time_stats: avg=1577.54ms min=41.83ms max=3113.26ms count=2
03-27 15:45:45.006 1394-1417/? I/FontLog: Received query Noto Color Emoji Compat, URI content://com.google.android.gms.fonts [CONTEXT service_id=132 ]
03-27 15:45:45.006 1394-1417/? I/FontLog: Query [emojicompat-emoji-font] resolved to {Noto Color Emoji Compat, wdth 100.0, wght 400, ital 0.0, bestEffort false} [CONTEXT service_id=132 ]
03-27 15:45:45.009 1394-1417/? I/FontLog: Fetch {Noto Color Emoji Compat, wdth 100.0, wght 400, ital 0.0, bestEffort false} end status Status{statusCode=SUCCESS, resolution=null} [CONTEXT service_id=132 ]
03-27 15:45:45.015 1394-1417/? I/FontLog: Pulling font file for id = 57, cache size = 11 [CONTEXT service_id=132 ]
03-27 15:45:45.022 1394-1417/? I/FontLog: Pulling font file for id = 57, cache size = 11 [CONTEXT service_id=132 ]
03-27 15:45:45.308 672-706/? I/Choreographer: Skipped 44 frames!  The application may be doing too much work on its main thread.
03-27 15:45:45.308 672-705/? I/Choreographer: Skipped 44 frames!  The application may be doing too much work on its main thread.
03-27 15:45:45.311 482-520/? W/TransactionTracing: Could not find layer id -1
03-27 15:45:45.311 482-520/? W/TransactionTracing: Could not find layer id -1
03-27 15:45:45.311 482-520/? W/TransactionTracing: Could not find layer id -1
03-27 15:45:45.311 482-520/? W/TransactionTracing: Could not find layer id -1
03-27 15:45:45.311 482-520/? W/TransactionTracing: Could not find layer id -1
03-27 15:45:45.311 482-520/? W/TransactionTracing: Could not find layer id -1
03-27 15:45:45.311 482-520/? W/TransactionTracing: Could not find layer id -1
03-27 15:45:45.311 482-520/? W/TransactionTracing: [ 03-27 15:4
03-27 15:45:45.311 482-520/? W/TransactionTracing: 5:45.311   482:  520 W/TransactionTracing ]
03-27 15:45:45.311 482-520/? W/TransactionTracing: Could not find layer id -1
03-27 15:45:45.313 902-1082/? I/Choreographer: Skipped 46 frames!  The application may be doing too much work on its main thread.
03-27 15:45:45.317 27710-27710/? I/Choreographer: Skipped 46 frames!  The application may be doing too much work on its main thread.
03-27 15:45:45.320 672-2086/? D/CoreBackPreview: Window{ffa9e49 u0 Splash Screen com.example EXITING}: Setting back callback null
03-27 15:45:45.321 672-805/? W/InputManager-JNI: Input channel object 'ffa9e49 Splash Screen com.example (client)' was disposed without first being removed with the input manager!
03-27 15:45:45.324 672-805/? D/CompatibilityChangeReporter: Compat change id reported: 214016041; UID 10181; state: ENABLED
03-27 15:45:45.328 1668-1668/? I/GoogleInputMethodService: GoogleInputMethodService.onFinishInput():3220 
03-27 15:45:45.330 1668-1668/? I/GoogleInputMethodService: GoogleInputMethodService.updateDeviceLockedStatus():2114 repeatCheckTimes = 0, unlocked = true
03-27 15:45:45.330 1668-1668/? I/GoogleInputMethodService: GoogleInputMethodService.onStartInput():1919 onStartInput(EditorInfo{inputType=0x0(NULL) imeOptions=0x0 privateImeOptions=null actionName=UNSPECIFIED actionLabel=null actionId=0 initialSelStart=-1 initialSelEnd=-1 initialCapsMode=0x0 hintText=null label=null packageName=com.example fieldId=-1 fieldName=null extras=null}, false)
03-27 15:45:45.330 1668-1668/? I/GoogleInputMethodService: GoogleInputMethodService.updateDeviceLockedStatus():2114 repeatCheckTimes = 2, unlocked = true
03-27 15:45:45.333 482-520/? W/TransactionTracing: Could not find layer id -1
03-27 15:45:45.338 27710-27729/? I/OpenGLRenderer: Davey! duration=786ms; Flags=0, FrameTimelineVsyncId=108166, IntendedVsync=4169373874657, Vsync=4170140541293, InputEventId=0, HandleInputStart=4170144904673, AnimationStart=4170144908300, PerformTraversalsStart=4170144909772, DrawStart=4170149139165, FrameDeadline=4169473874653, FrameInterval=4170144735405, FrameStartTime=16666666, SyncQueued=4170149626011, SyncStart=4170149710176, IssueDrawCommandsStart=4170149816088, SwapBuffers=4170151880500, FrameCompleted=4170160253925, DequeueBufferDuration=4749, QueueBufferDuration=928833, GpuCompleted=4170160186335, SwapBuffersCompleted=4170160253925, DisplayPresentTime=0, CommandSubmissionCompleted=4170151880500, 
03-27 15:45:45.363 482-520/? W/TransactionTracing: Could not find layer handle 0x7321fa256730
03-27 15:45:45.363 482-520/? W/TransactionTracing: Could not find layer handle 0x7321fa253a30
03-27 15:45:45.455 672-2086/? I/ActivityTaskManager: START u0 {act=android.intent.action.MAIN cat=[android.intent.category.LAUNCHER] flg=0x10000000 cmp=com.example.test/androidx.test.core.app.InstrumentationActivityInvoker$EmptyActivity} from uid 10181
03-27 15:45:45.458 672-2086/? V/SplashScreenExceptionList: SplashScreen checking exception for package com.example.test (target sdk:33) -> false
03-27 15:45:45.460 902-1083/? D/SplashScreenView: Build android.window.SplashScreenView{9d2cda8 V.E...... ......ID 0,0-0,0}
03-27 15:45:45.460 902-1083/? D/SplashScreenView: Icon: view: null drawable: null size: 0
03-27 15:45:45.460 902-1083/? D/SplashScreenView: Branding: view: android.view.View{15af0c1 G.ED..... ......I. 0,0-0,0 #10204db android:id/splashscreen_branding_view} drawable: null size w: 0 h: 0
03-27 15:45:45.460 27710-27710/? D/LifecycleMonitor: Lifecycle status change: com.example.MainActivity@dbbe86d in: PAUSED
03-27 15:45:45.461 27710-27710/? V/ActivityScenario: Update currentActivityStage to PAUSED, currentActivity=com.example.MainActivity@dbbe86d
03-27 15:45:45.461 672-768/? W/ActivityTaskManager: Tried to set launchTime (0) < mLastActivityLaunchTime (4166570)
03-27 15:45:45.465 672-2086/? D/CoreBackPreview: Window{258bdc3 u0 Splash Screen com.example.test}: Setting back callback OnBackInvokedCallbackInfo{mCallback=android.window.IOnBackInvokedCallback$Stub$Proxy@7cf3979, mPriority=0}
03-27 15:45:45.483 450-484/? D/goldfish-address-space: claimShared: Ask to claim region [0x3e8000000 0x3e8926000]
03-27 15:45:45.483 672-711/? D/IntervalStats: Unable to parse usage stats packages: [186, 187, 188, 189]
03-27 15:45:45.483 672-711/? D/IntervalStats: Unable to parse event packages: [188, 189]
03-27 15:45:45.484 672-768/? D/CoreBackPreview: Window{e68bd58 u0 com.example.test/androidx.test.core.app.InstrumentationActivityInvoker$EmptyActivity}: Setting back callback OnBackInvokedCallbackInfo{mCallback=android.window.IOnBackInvokedCallback$Stub$Proxy@68af96, mPriority=0}
03-27 15:45:45.485 450-484/? D/goldfish-address-space: claimShared: Ask to claim region [0x3ea848000 0x3eb16e000]
03-27 15:45:45.486 450-484/? D/goldfish-address-space: claimShared: Ask to claim region [0x3ec000000 0x3ec926000]
03-27 15:45:45.487 902-1191/? W/Parcel: Expecting binder but got null!
03-27 15:45:45.491 450-484/? D/goldfish-address-space: claimShared: Ask to claim region [0x3ef9ad000 0x3eff88000]
03-27 15:45:45.497 482-520/? W/TransactionTracing: Could not find layer id -1
03-27 15:45:45.497 482-520/? W/TransactionTracing: Could not find layer id -1
03-27 15:45:45.497 482-520/? W/TransactionTracing: Could not find layer id -1
03-27 15:45:45.497 482-520/? W/TransactionTracing: Could not find layer id -1
03-27 15:45:45.502 1020-1341/? D/BtGatt.ScanManager: uid 10106 isForeground true scanMode -1
03-27 15:45:45.502 1020-1341/? D/BtGatt.ScanManager: uid 10106 isForeground true scanMode -1
03-27 15:45:45.503 450-484/? D/goldfish-address-space: claimShared: Ask to claim region [0x3ed24c000 0x3edb72000]
03-27 15:45:45.503 27710-27710/? D/LifecycleMonitor: Lifecycle status change: com.example.MainActivity@dbbe86d in: STOPPED
03-27 15:45:45.503 27710-27710/? V/ActivityScenario: Update currentActivityStage to STOPPED, currentActivity=com.example.MainActivity@dbbe86d
03-27 15:45:45.505 450-484/? D/goldfish-address-space: claimShared: Ask to claim region [0x3f1827000 0x3f214d000]
03-27 15:45:45.506 450-484/? D/goldfish-address-space: claimShared: Ask to claim region [0x3f214d000 0x3f2a73000]
03-27 15:45:45.508 25552-25587/? W/Parcel: Expecting binder but got null!
03-27 15:45:45.511 672-701/? W/ziparchive: Unable to open '/data/app/~~ofbq2_DhVsNnXQxU-96oJQ==/com.example.test-4NJ2mXyXDxuLw3b6Y7_HtA==/base.dm': No such file or directory
03-27 15:45:45.511 27710-27710/? D/LifecycleMonitor: Lifecycle status change: com.example.MainActivity@dbbe86d in: DESTROYED
03-27 15:45:45.511 672-701/? I/ActivityTaskManager: Disp
03-27 15:45:45.511 672-701/? I/ActivityTaskManager: layed com.example.test/androidx.test.core.app.InstrumentationActivityInvoker$EmptyActivity: +56ms
03-27 15:45:45.511 27710-27710/? V/ActivityScenario: Update currentActivityStage to DESTROYED, currentActivity=null
03-27 15:45:45.512 450-484/? D/goldfish-address-space: claimShared: Ask to claim region [0x3edb72000 0x3ee14d000]
03-27 15:45:45.513 482-520/? W/TransactionTracing: Could not find layer id -1
03-27 15:45:45.513 482-520/? W/TransactionTracing: Could not find layer id -1
03-27 15:45:45.539 482-520/? W/TransactionTracing: Could not find layer id -1
03-27 15:45:45.541 672-2086/? D/CoreBackPreview: Window{b0a806b u0 com.example/com.example.MainActivity}: Setting back callback null
03-27 15:45:45.541 672-768/? W/InputManager-JNI: Input channel object 'b0a806b com.example/com.example.MainActivity (client)' was disposed without first being removed with the input manager!
03-27 15:45:45.545 672-805/? W/InputManager-JNI: Input channel object '258bdc3 Splash Screen com.example.test (client)' was disposed without first being removed with the input manager!
03-27 15:45:45.545 672-2765/? D/CoreBackPreview: Window{258bdc3 u0 Splash Screen com.example.test EXITING}: Setting back callback null
03-27 15:45:45.550 1020-1341/? D/BtGatt.ScanManager: uid 10106 isForeground true scanMode -1
03-27 15:45:45.550 1020-1341/? D/BtGatt.ScanManager: uid 10106 isForeground true scanMode -1
03-27 15:45:45.550 672-768/? W/ActivityManager: Unable to start service Intent { act=android.service.smartspace.SmartspaceService cmp=com.google.android.as/com.google.android.apps.miphone.aiai.app.AiAiSmartspaceService } U=0: not found
03-27 15:45:45.550 672-768/? W/ActivityManager: [ 03-27 15:4
03-27 15:45:45.550 672-768/? W/ActivityManager: 5:45.550   672:  768 W/RemoteSmartspaceService ]
03-27 15:45:45.550 672-768/? W/ActivityManager: could not bind to Intent { act=android.service.smartspace.SmartspaceService cmp=com.google.android.as/com.google.android.apps.miphone.aiai.app.AiAiSmartspaceService } using flags 67112961
03-27 15:45:45.552 672-672/? W/ActivityManager: Unbind failed: could not find connection for android.app.LoadedApk$ServiceDispatcher$InnerConnection@7710985
03-27 15:45:45.553 482-520/? W/TransactionTracing: Could not find layer handle 0x7321fa2585f0
03-27 15:45:45.553 482-520/? W/TransactionTracing: Could not find layer handle 0x7321fa257030
03-27 15:45:45.553 482-520/? W/TransactionTracing: Could not find layer handle 0x7321fa255350
03-27 15:45:45.564 672-805/? W/ActivityManager: Unable to start service Intent { act=android.service.smartspace.SmartspaceService cmp=com.google.android.as/com.google.android.apps.miphone.aiai.app.AiAiSmartspaceService } U=0: not found
03-27 15:45:45.564 672-672/? D/BatterySaverPolicy: accessibility changed to true, updating policy.
03-27 15:45:45.565 672-805/? W/RemoteSmartspaceService: could not bind to Intent { act=android.service.smartspace.SmartspaceService cmp=com.google.android.as/com.google.android.apps.miphone.aiai.app.AiAiSmartspaceService } using flags 67112961
03-27 15:45:45.566 672-672/? W/ActivityManager: Unbind failed: could not find connection for android.app.LoadedApk$ServiceDispatcher$InnerConnection@7bdb901
03-27 15:45:45.566 482-520/? W/TransactionTracing: Could not find layer id -1
03-27 15:45:45.566 482-520/? W/TransactionTracing: Could not find layer id -1
03-27 15:45:45.566 482-520/? W/TransactionTracing: Could not find layer id -1
03-27 15:45:45.566 482-520/? W/TransactionTracing: Could not find layer id -1
03-27 15:45:45.566 482-520/? W/TransactionTracing: Could not find layer id -1
03-27 15:45:45.567 482-520/? W/TransactionTracing: Could not find layer id -1
03-27 15:45:45.568 450-484/? D/goldfish-address-space: claimShared: Ask to claim region [0x3e8000000 0x3e8926000]
03-27 15:45:45.570 450-484/? D/goldfish-address-space: claimShared: Ask to claim region [0x3ea848000 0x3eb16e000]
03-27 15:45:45.571 450-530/? D/goldfish-address-space: claimShared: Ask to claim region [0x3ee761000 0x3ef087000]
03-27 15:45:45.572 450-484/? D/goldfish-address-space: claimShared: Ask to claim region [0x3ef087000 0x3ef9ad000]
03-27 15:45:45.573 450-484/? D/goldfish-address-space: claimShared: Ask to claim region [0x3ec000000 0x3ec926000]
03-27 15:45:45.574 450-484/? D/goldfish-address-space: claimShared: Ask to claim region [0x3ec926000 0x3ed24c000]
03-27 15:45:45.580 482-520/? W/TransactionTracing: Could not find layer handle 0x7321fa257c90
03-27 15:45:45.580 482-520/? W/TransactionTracing: Could not find layer handle 0x7321fa258230
03-27 15:45:45.580 482-520/? W/TransactionTracing: Could not find layer id -1
03-27 15:45:45.580 482-520/? W/TransactionTracing: Could not find layer id -1
03-27 15:45:45.581 1947-1947/? I/GsaVoiceInteractionSrv: Handling ACTION_START_HOTWORD
03-27 15:45:45.581 1947-1947/? I/GsaVoiceInteractionSrv: [ 03-27 15:45:45.581  1947: 2796 I/GsaVoiceInteracti
03-27 15:45:45.581 1947-1947/? I/GsaVoiceInteractionSrv: onSrv ]
03-27 15:45:45.581 1947-1947/? I/GsaVoiceInteractionSrv: disregardVoiceMatch: false
03-27 15:45:45.581 1947-2796/? I/GsaVoiceInteractionSrv: Cannot start hotword, hotword has been explicitly disabled.
03-27 15:45:45.583 27710-27845/? V/UiAutomation: Init UiAutomation@59f7ac8[id=17, flags=0]
03-27 15:45:45.591 1220-1220/? V/SafetyCenterAccessibilityListener: accessibility event occurred, safety center feature not enabled.
03-27 15:45:45.594 450-484/? D/goldfish-address-space: claimShared: Ask to claim region [0x3f0000000 0x3f0926000]
03-27 15:45:45.602 279-279/? I/hwservicemanager: getTransport: Cannot find entry android.hardware.graphics.mapper@4.0::IMapper/default in either framework or device VINTF manifest.
03-27 15:45:45.602 27690-27702/? I/Gralloc4: mapper 4.x is not supported
03-27 15:45:45.605 672-1256/? D/CoreBackPreview: Window{e68bd58 u0 com.example.test/androidx.test.core.app.InstrumentationActivityInvoker$EmptyActivity}: Setting back callback null
03-27 15:45:45.605 2141-2681/? I/A: NGA disabled due to not being eligible.
03-27 15:45:45.606 672-805/? W/InputManager-JNI: Input channel object 'e68bd58 com.example.test/androidx.test.core.app.InstrumentationActivityInvoker$EmptyActivity (client)' was disposed without first being removed with the input manager!
03-27 15:45:45.613 27690-27702/? D/HostConnection: createUnique: call
03-27 15:45:45.613 27690-27702/? D/HostConnection: HostConnection::get() New Host Connection established 0x7538fd213210, tid 27702
03-27 15:45:45.613 27690-27702/? D/goldfish-address-space: allocate: Ask for block of size 0x100
03-27 15:45:45.613 27690-27702/? D/goldfish-address-space: allocate: ioctl allocate returned offset 0x3e7ffe000 size 0x2000
03-27 15:45:45.636 482-520/? W/TransactionTracing: Could not find layer handle 0x7321fa256730
03-27 15:45:45.636 482-520/? W/TransactionTracing: Could not find layer handle 0x7321fa254690
03-27 15:45:45.636 482-520/? W/TransactionTracing: Could not find layer handle 0x7321fa257bd0
03-27 15:45:45.636 482-520/? W/TransactionTracing: Could not find layer handle 0x7321fa258a10
03-27 15:45:45.636 482-520/? W/TransactionTracing: Could not find layer handle 0x7321fa258a10
03-27 15:45:45.636 482-520/? W/TransactionTracing: [ 03-27 15:4
03-27 15:45:45.636 482-520/? W/TransactionTracing: 5:45.636   482:  520 W/TransactionTracing ]
03-27 15:45:45.636 482-520/? W/TransactionTracing: Could not find layer id -1
03-27 15:45:45.636 482-520/? W/TransactionTracing: Could not find layer id -1
03-27 15:45:45.646 27690-27702/? D/HostConnection: HostComposition ext ANDROID_EMU_CHECKSUM_HELPER_v1 ANDROID_EMU_native_sync_v2 ANDROID_EMU_native_sync_v3 ANDROID_EMU_native_sync_v4 ANDROID_EMU_dma_v1 ANDROID_EMU_direct_mem ANDROID_EMU_host_composition_v1 ANDROID_EMU_host_composition_v2 ANDROID_EMU_vulkan ANDROID_EMU_deferred_vulkan_commands ANDROID_EMU_vulkan_null_optional_strings ANDROID_EMU_vulkan_create_resources_with_requirements ANDROID_EMU_YUV_Cache ANDROID_EMU_vulkan_ignored_handles ANDROID_EMU_has_shared_slots_host_memory_allocator ANDROID_EMU_vulkan_free_memory_sync ANDROID_EMU_vulkan_shader_float16_int8 ANDROID_EMU_vulkan_async_queue_submit ANDROID_EMU_vulkan_queue_submit_with_commands ANDROID_EMU_sync_buffer_data ANDROID_EMU_vulkan_async_qsri ANDROID_EMU_read_color_buffer_dma ANDROID_EMU_hwc_multi_configs GL_OES_EGL_image_external_essl3 GL_OES_vertex_array_object GL_KHR_texture_compression_astc_ldr ANDROID_EMU_host_side_tracing ANDROID_EMU_gles_max_version_3_1 
03-27 15:45:45.655 27690-27863/? D/libEGL: loaded /vendor/lib64/egl/libEGL_emulation.so
03-27 15:45:45.656 27690-27863/? D/libEGL: loaded /vendor/lib64/egl/libGLESv1_CM_emulation.so
03-27 15:45:45.657 27690-27863/? D/libEGL: loaded /vendor/lib64/egl/libGLESv2_emulation.so
