03-27 15:45:45.658 25552-25564/? I/om.example.test: Compiler allocated 4533KB to compile void android.view.ViewRootImpl.performTraversals()
03-27 15:45:45.667 27690-27863/? D/HostConnection: createUnique: call
03-27 15:45:45.668 27690-27863/? D/HostConnection: HostConnection::get() New Host Connection established 0x7538fd212250, tid 27863
03-27 15:45:45.675 2141-2141/? W/A: Can't get WAA status for Mavatar!
03-27 15:45:45.675 2141-2141/? W/A: java.lang.NullPointerException: Attempt to invoke virtual method 'java.lang.Class java.lang.Object.getClass()' on a null object reference
03-27 15:45:45.675 2141-2141/? W/A: 	at com.google.apps.tiktok.dataservice.z.b(PG:1)
03-27 15:45:45.675 2141-2141/? W/A: 	at com.google.apps.tiktok.dataservice.at.a(PG:1)
03-27 15:45:45.675 2141-2141/? W/A: 	at com.google.apps.tiktok.tracing.ec.a(PG:2)
03-27 15:45:45.675 2141-2141/? W/A: 	at com.google.common.util.concurrent.aj.a(PG:2)
03-27 15:45:45.675 2141-2141/? W/A: 	at com.google.common.util.concurrent.ac.apply(PG:1)
03-27 15:45:45.675 2141-2141/? W/A: 	at com.google.common.util.concurrent.h.e(PG:2)
03-27 15:45:45.675 2141-2141/? W/A: 	at com.google.common.util.concurrent.j.run(PG:9)
03-27 15:45:45.675 2141-2141/? W/A: 	at com.google.common.util.concurrent.bf.execute(PG:1)
03-27 15:45:45.675 2141-2141/? W/A: 	at com.google.common.util.concurrent.d.i(PG:1)
03-27 15:45:45.675 2141-2141/? W/A: 	at com.google.common.util.concurrent.d.iq(PG:5)
03-27 15:45:45.675 2141-2141/? W/A: 	at com.google.common.util.concurrent.j.h(PG:2)
03-27 15:45:45.675 2141-2141/? W/A: 	at com.google.common.util.concurrent.ax.d(PG:1)
03-27 15:45:45.675 2141-2141/? W/A: 	at com.google.apps.tiktok.dataservice.au.a(PG:5)
03-27 15:45:45.675 2141-2141/? W/A: 	at com.google.apps.tiktok.dataservice.dr.c(PG:5)
03-27 15:45:45.675 2141-2141/? W/A: 	at com.google.apps.tiktok.dataservice.dp.run(PG:6)
03-27 15:45:45.675 2141-2141/? W/A: 	at com.google.apps.tiktok.concurrent.ak.run(PG:6)
03-27 15:45:45.675 2141-2141/? W/A: 	at com.g
03-27 15:45:45.675 2141-2141/? W/A: oogle.apps.tiktok.tracing.ei.run(PG:2)
03-27 15:45:45.675 2141-2141/? W/A: 	at java.util.concurrent.Executors$RunnableAdapter.call(Executors.java:463)
03-27 15:45:45.675 2141-2141/? W/A: 	at com.google.common.util.concurrent.dy.a(PG:1)
03-27 15:45:45.675 2141-2141/? W/A: 	at com.google.common.util.concurrent.cv.run(PG:4)
03-27 15:45:45.675 2141-2141/? W/A: 	at com.google.common.util.concurrent.dz.run(PG:1)
03-27 15:45:45.675 2141-2141/? W/A: 	at android.os.Handler.handleCallback(Handler.java:942)
03-27 15:45:45.675 2141-2141/? W/A: 	at android.os.Handler.dispatchMessage(Handler.java:99)
03-27 15:45:45.675 2141-2141/? W/A: 	at android.os.Looper.loopOnce(Looper.java:201)
03-27 15:45:45.675 2141-2141/? W/A: 	at android.os.Looper.loop(Looper.java:288)
03-27 15:45:45.675 2141-2141/? W/A: 	at android.app.ActivityThread.main(ActivityThread.java:7872)
03-27 15:45:45.675 2141-2141/? W/A: 	at java.lang.reflect.Method.invoke(Native Method)
03-27 15:45:45.675 2141-2141/? W/A: 	at com.android.internal.os.RuntimeInit$MethodAndArgsCaller.run(RuntimeInit.java:548)
03-27 15:45:45.675 2141-2141/? W/A: 	at com.android.internal.os.ZygoteInit.main(ZygoteInit.java:936)
03-27 15:45:45.676 27690-27863/? D/HostConnection: HostComposition ext ANDROID_EMU_CHECKSUM_HELPER_v1 ANDROID_EMU_native_sync_v2 ANDROID_EMU_native_sync_v3 ANDROID_EMU_native_sync_v4 ANDROID_EMU_dma_v1 ANDROID_EMU_direct_mem ANDROID_EMU_host_composition_v1 ANDROID_EMU_host_composition_v2 ANDROID_EMU_vulkan ANDROID_EMU_deferred_vulkan_commands ANDROID_EMU_vulkan_null_optional_strings ANDROID_EMU_vulkan_create_resources_with_requirements ANDROID_EMU_YUV_Cache ANDROID_EMU_vulkan_ignored_handles ANDROID_EMU_has_shared_slots_host_memory_allocator ANDROID_EMU_vulkan_free_memory_sync ANDROID_EMU_vulkan_shader_float16_int8 ANDROID_EMU_vulkan_async_queue_submit ANDROID_EMU_vulkan_queue_submit_with_commands ANDROID_EMU_sync_buffer_data ANDROID_EMU_vulkan_async_qsri ANDROID_EMU_read_color_buffer_dma ANDROID_EMU_hwc_multi_configs GL_OES_EGL_image_external_essl3 GL_OES_vertex_array_object GL_KHR_texture_compression_astc_ldr ANDROID_EMU_host_side_tracing ANDROID_EMU_gles_max_version_3_1 
03-27 15:45:45.677 27690-27863/? W/OpenGLRenderer: Failed to choose config with EGL_SWAP_BEHAVIOR_PRESERVED, retrying without...
03-27 15:45:45.677 27690-27863/? W/OpenGLRenderer: Failed to initialize 101010-2 format, error = EGL_SUCCESS
03-27 15:45:45.679 27690-27863/? D/EGL_emulation: eglCreateContext: 0x7538fd213150: maj 3 min 1 rcv 4
03-27 15:45:45.680 27690-27863/? D/EGL_emulation: eglMakeCurrent: 0x7538fd213150: ver 3 1 (tinfo 0x753b17923080) (first time)
03-27 15:45:45.751 1668-1668/? I/GoogleInputMethodService: GoogleInputMethodService.onFinishInput():3220 
03-27 15:45:45.753 1668-1668/? I/GoogleInputMethodService: GoogleInputMethodService.updateDeviceLockedStatus():2114 repeatCheckTimes = 0, unlocked = true
03-27 15:45:45.753 1668-1668/? I/GoogleInputMethodService: GoogleInputMethodService.onStartInput():1919 onStartInput(EditorInfo{inputType=0x0(NULL) imeOptions=0x0 privateImeOptions=null actionName=UNSPECIFIED actionLabel=null actionId=0 initialSelStart=-1 initialSelEnd=-1 initialCapsMode=0x0 hintText=null label=null packageName=com.google.android.apps.nexuslauncher fieldId=-1 fieldName=null extras=null}, false)
03-27 15:45:45.753 1668-1668/? I/GoogleInputMethodService: GoogleInputMethodService.updateDeviceLockedStatus():2114 repeatCheckTimes = 2, unlocked = true
03-27 15:45:45.763 450-484/? D/goldfish-address-space: claimShared: Ask to claim region [0x3e8ef4000 0x3e913e000]
03-27 15:45:45.766 672-768/? D/HostConnection: createUnique: call
03-27 15:45:45.766 482-520/? W/TransactionTracing: Could not find layer handle 0x7321fa254930
03-27 15:45:45.766 450-484/? D/goldfish-address-space: claimShared: Ask to claim region [0x3ee14d000 0x3ee4d1000]
03-27 15:45:45.767 672-768/? D/HostConnection: HostConnection::get() New Host Connection established 0x7d6283805050, tid 768
03-27 15:45:45.776 672-768/? D/HostConnection: HostComposition ext ANDROID_EMU_CHECKSUM_HELPER_v1 ANDROID_EMU_native_sync_v2 ANDROID_EMU_native_sync_v3 ANDROID_EMU_native_sync_v4 ANDROID_EMU_dma_v1 ANDROID_EMU_direct_mem ANDROID_EMU_host_composition_v1 ANDROID_EMU_host_composition_v2 ANDROID_EMU_vulkan ANDROID_EMU_deferred_vulkan_commands ANDROID_EMU_vulkan_null_optional_strings ANDROID_EMU_vulkan_create_resources_with_requirements ANDROID_EMU_YUV_Cache ANDROID_EMU_vulkan_ignored_handles ANDROID_EMU_ha
03-27 15:45:45.776 672-768/? D/HostConnection: s_shared_slots_host_memory_allocator ANDROID_EMU_vulkan_free_memory_sync ANDROID_EMU_vulkan_shader_float16_int8 ANDROID_EMU_vulkan_async_queue_submit ANDROID_EMU_vulkan_queue_submit_with_commands ANDROID_EMU_sync_buffer_data ANDROID_EMU_vulkan_async_qsri ANDROID_EMU_read_color_buffer_dma ANDROID_EMU_hwc_multi_configs GL_OES_EGL_image_external_essl3 GL_OES_vertex_array_object GL_KHR_texture_compression_astc_ldr ANDROID_EMU_host_side_tracing ANDROID_EMU_gles_max_version_3_1 
03-27 15:45:45.796 672-768/? W/ActivityTaskManager: takeTaskSnapshot: taskId=196 not found or not visible
03-27 15:45:45.823 27710-27742/? I/TestRunner: finished: testTextFlaky2(com.example.MainActivityFlakyTest)
03-27 15:45:45.844 27710-27742/? I/TestRunner: run finished: 1 tests, 0 failed, 0 ignored
03-27 15:45:45.853 672-768/? I/ActivityManager: Force stopping com.example appid=10181 user=0: finished inst
03-27 15:45:45.854 672-768/? I/ActivityManager: Killing 27710:com.example/u0a181 (adj 0): stop com.example due to finished inst
03-27 15:45:45.856 27690-27690/? I/app_process: System.exit called, status: 0
03-27 15:45:45.856 27690-27690/? I/AndroidRuntime: VM exiting with result code 0.
03-27 15:45:45.859 2141-2682/? I/A: NGA disabled due to not being eligible.
03-27 15:45:45.861 672-672/? D/BatterySaverPolicy: accessibility changed to false, updating policy.
03-27 15:45:45.863 672-714/? I/libprocessgroup: Successfully killed process cgroup uid 10181 pid 27710 in 6ms
03-27 15:45:45.865 450-484/? D/goldfish-address-space: claimShared: Ask to claim region [0x3ed24c000 0x3ed5d0000]
03-27 15:45:45.871 19748-19748/? I/ProvidersCache: Updating roots due to change on user 0at content://com.android.providers.media.documents/root
03-27 15:45:45.879 482-520/? W/TransactionTracing: Could not find layer handle 0x7321fa256fd0
03-27 15:45:45.881 450-484/? D/goldfish-address-space: claimShared: Ask to claim region [0x3ed5d0000 0x3ed954000]
03-27 15:45:45.887 19748-27907/? I/ProvidersCache: Provider returned no roots. Possibly naughty: com.google.android.apps.docs.storage
03-27 15:29:38.738 0-0/? I/binder: undelivered transaction 900023, process died.
03-27 15:45:45.925 672-2765/? V/ActivityManager: Got obituary of 27710:com.example
03-27 15:29:38.743 0-0/? I/binder: undelivered transaction 900033, process died.
03-27 15:29:38.744 0-0/? I/binder: undelivered transaction 900053, process died.
03-27 15:29:38.745 0-0/? I/binder: undelivered transaction 900085, process died.
03-27 15:29:38.745 0-0/? I/binder: undelivered transaction 900113, process died.
03-27 15:45:45.926 672-704/? W/ActivityManager: setHasOverlayUi called on unknown pid: 27710
03-27 15:45:45.927 429-429/? I/Zygote: Process 27710 exited due to signal 9 (Killed)
03-27 15:45:45.979 27746-27770/? I/MPEG4Writer: setStartTimestampUs: 4169296595
03-27 15:45:45.987 27746-27746/? D/MPEG4Writer: reset()
03-27 15:45:45.987 27746-27769/? V/MediaWriter: Track event err/info msg:101, trackId:1, type:1000,val:-1011
03-27 15:45:45.987 27746-27746/? D/MPEG4Writer: Video track stopping. Stop source
03-27 15:45:45.987 27746-27746/? D/MPEG4Writer: Video track source stopping
03-27 15:45:45.987 27746-27746/? D/MPEG4Writer: Video track source stopped
03-27 15:45:45.987 27746-27770/? V/MediaWriter: Track event err/info msg:101, trackId:2, type:1000,val:-1011
03-27 15:45:45.987 27746-27770/? W/MPEG4Writer: 0-duration samples found: 1
03-27 15:45:45.987 27746-27769/? I/MPEG4Writer: Received total/0-length (42/0) buffers and encoded 42 frames. - Video
03-27 15:45:45.987 27746-27770/? I/MPEG4Writer: Received total/0-length (1/0) buffers and encoded 1 frames. - Metadata
03-27 15:45:45.987 27746-27746/? D/MPEG4Writer: Video track stopped. Status:0. Stop source
03-27 15:45:45.988 27746-27746/? D/MPEG4Writer: Metadata track stopping. Stop source
03-27 15:45:45.988 27746-27746/? D/MPEG4Writer: Metadata track source stopping
03-27 15:45:45.988 27746-27746/? D/MPEG4Writer: Metadata track source stopped
03-27 15:45:45.988 27746-27746/? D/MPEG4Writer: Metadata track stopped. Status:0. Stop source
03-27 15:45:45.988 27746-27746/? D/MPEG4Writer: Duration from tracks range is [0, 1422116] us
03-27 15:45:45.988 27746-27767/? D/MPEG4Writer: 0 chunks are written in
03-27 15:45:45.988 27746-27767/? D/MPEG4Writer:  the last batch
03-27 15:45:45.988 27746-27746/? D/MPEG4Writer: WriterThread stopped. Status:0
03-27 15:45:45.988 27746-27746/? I/MPEG4Writer: Adjust the moov start time from 4169296595 us -> 4169296595 us
03-27 15:45:45.988 27746-27746/? I/MPEG4Writer: MOOV atom was written to the file
03-27 15:45:45.988 27746-27746/? D/MPEG4Writer: release()
03-27 15:45:45.988 27746-27746/? D/MPEG4Writer: ftruncate mPreAllocateFileEndOffset:302325 mOffset:1716 mMdatEndOffset:299601 diff:2724
03-27 15:45:45.992 27746-27746/? D/MPEG4Writer: final fsync() takes 3 ms, file size 299601
03-27 15:45:45.993 27746-27746/? D/MPEG4Writer: MP4WtrCtrlHlpLooper stopped
03-27 15:45:45.993 27746-27746/? D/MPEG4Writer: Top 5 write durations(microseconds): #1:78 #2:120 #3:315 #4:337 #5:381
03-27 15:45:45.995 27746-27751/? I/hw-BpHwBinder: onLastStrongRef automatically unlinking death recipients
03-27 15:45:45.995 578-8367/? I/hw-BpHwBinder: onLastStrongRef automatically unlinking death recipients
03-27 15:45:45.995 578-8367/? I/hw-BpHwBinder: onLastStrongRef automatically unlinking death recipients
03-27 15:45:45.996 578-8367/? V/C2Store: in ~ComponentModule
03-27 15:45:45.996 578-8367/? V/C2Store: unloading dll
03-27 15:45:46.022 1876-3215/? I/MediaProvider: Begin Intent { act=android.intent.action.MEDIA_SCANNER_SCAN_FILE dat=file:///... flg=0x1400010 cmp=com.google.android.providers.media.module/com.android.providers.media.MediaService }
03-27 15:45:46.022 27746-27746/? D/ScreenRecord: success
03-27 15:45:46.023 27746-27746/? I/BpBinder: onLastStrongRef automatically unlinking death recipients: <uncached descriptor>
03-27 15:45:46.024 27746-27762/? I/BpBinder: onLastStrongRef automatically unlinking death recipients: <uncached descriptor>
03-27 15:45:46.025 27746-27746/? I/BpBinder: onLastStrongRef automatically unlinking death recipients: <uncached descriptor>
03-27 15:45:46.026 578-1077/? D/BufferPoolAccessor2.0: Destruction - bufferpool2 0x753898b03f38 cached: 0/0M, 0/0% in use; allocs: 43, 95% recycled; transfers: 43, 95% unfetched
03-27 15:45:46.052 1876-3215/? V/MediaProvider: Inserted id:1000000107 less than next row id backup:1000001000.
03-27 15:45:46.054 1876-3215/? I/MediaProvider: End Intent { act=android.intent.action.MEDIA_SCANNER_SCAN_FILE dat=file:///... flg=0x1400010 cmp=com.google.android.providers.media.module/com.android.providers.media.MediaService }
03-27 15:45:46.086 1394-26677/? I/NetworkScheduler.Stats: Task com.google.android.gms/com.google.android.gms.ipa.base.IpaGcmTaskService started execution. cause:9 exec_start_elapsed_seconds: 4170 [CONTEXT service_id=218 ]
03-27 15:45:46.092 1394-14480/? I/NetworkScheduler.Stats: Task com.google.android.gms/com.google.android.gms.ipa.base.IpaGcmTaskService finished executing. cause:9 result: 1 elapsed_millis: 18 uptime_millis: 18 exec_start_elapsed_seconds: 4170 [CONTEXT service_id=218 ]
03-27 15:45:46.634 19748-19748/? I/ProvidersCache: Updating roots due to change on user 0at content://com.android.providers.media.documents/root
03-27 15:45:46.647 19748-27951/? I/ProvidersCache: Provider returned no roots. Possibly naughty: com.google.android.apps.docs.storage
03-27 15:45:46.650 1876-2098/? I/MediaProvider: Deleted 0 0 0 1 0 0 0 items on external_primary due to com.android.shell
