03-27 15:44:56.027 25552-25552/? D/nativeloader: Configuring classloader-namespace for other apk /system/framework/android.test.mock.jar. target_sdk_version=33, uses_libraries=ALL, library_path=/data/app/~~ofbq2_DhVsNnXQxU-96oJQ==/com.example.test-4NJ2mXyXDxuLw3b6Y7_HtA==/lib/x86_64, permitted_path=/data:/mnt/expand:/data/user/0/com.example.test
03-27 15:44:56.027 25552-25552/? D/ApplicationLoaders: Returning zygote-cached class loader: /system/framework/android.test.base.jar
03-27 15:44:56.028 25552-25552/? W/om.example.test: ClassLoaderContext shared library size mismatch. Expected=0, found=2 (PCL[] | PCL[]{PCL[/system/framework/android.test.base.jar*1628045882]#PCL[/system/framework/android.test.mock.jar*849501951]})
03-27 15:44:56.029 25552-25552/? D/nativeloader: Configuring classloader-namespace for other apk /system/framework/android.test.runner.jar. target_sdk_version=33, uses_libraries=ALL, library_path=/data/app/~~ofbq2_DhVsNnXQxU-96oJQ==/com.example.test-4NJ2mXyXDxuLw3b6Y7_HtA==/lib/x86_64, permitted_path=/data:/mnt/expand:/data/user/0/com.example.test
03-27 15:44:56.029 25552-25552/? W/ziparchive: Unable to open '/data/app/~~ofbq2_DhVsNnXQxU-96oJQ==/com.example.test-4NJ2mXyXDxuLw3b6Y7_HtA==/base.dm': No such file or directory
03-27 15:44:56.029 25552-25552/? W/ziparchive: Unable to open '/data/app/~~ofbq2_DhVsNnXQxU-96oJQ==/com.example.test-4NJ2mXyXDxuLw3b6Y7_HtA==/base.dm': No such file or directory
03-27 15:44:56.031 450-530/? D/goldfish-address-space: claimShared: Ask to claim region [0x3ea71b000 0x3eaa9f000]
03-27 15:44:56.049 450-530/? D/goldfish-address-space: claimShared: Ask to claim region [0x3e998d000 0x3e9d11000]
03-27 15:44:56.065 450-530/? D/goldfish-address-space: claimShared: Ask to claim region [0x3e9d11000 0x3ea095000]
03-27 15:44:56.082 450-530/? D/goldfish-address-space: claimShared: Ask to claim region [0x3e8000000 0x3e8384000]
03-27 15:44:56.099 450-530/? D/goldfish-address-space: claimShared: Ask to claim region [0x3ef974000 0x3efcf8000]
03-27 15:44:56.129 482-520/? W/TransactionTracing: Could not find layer id -1
03-27 15:44:56.131 450-530/? D/goldfish-address-space: claimShared: Ask to claim region [0x3ecf01000 0x3ed285000]
03-27 15:44:56.149 450-530/? D/goldfish-address-space: claimShared: Ask to claim region [0x3ec000000 0x3ec384000]
03-27 15:44:56.195 25552-25552/? D/nativeloader: Configuring classloader-namespace for other apk /data/app/~~ofbq2_DhVsNnXQxU-96oJQ==/com.example.test-4NJ2mXyXDxuLw3b6Y7_HtA==/base.apk. target_sdk_version=33, uses_libraries=, library_path=/data/app/~~ofbq2_DhVsNnXQxU-96oJQ==/com.example.test-4NJ2mXyXDxuLw3b6Y7_HtA==/lib/x86_64, permitted_path=/data:/mnt/expand:/data/user/0/com.exa
03-27 15:44:56.195 25552-25552/? D/nativeloader: mple.test
03-27 15:44:56.204 25552-25552/? V/GraphicsEnvironment: ANGLE Developer option for 'com.example.test' set to: 'default'
03-27 15:44:56.204 25552-25552/? V/GraphicsEnvironment: ANGLE GameManagerService for com.example.test: false
03-27 15:44:56.204 25552-25552/? V/GraphicsEnvironment: Neither updatable production driver nor prerelease driver is supported.
03-27 15:44:56.207 25552-25552/? D/NetworkSecurityConfig: No Network Security Config specified, using platform default
03-27 15:44:56.207 25552-25552/? D/NetworkSecurityConfig: No Network Security Config specified, using platform default
03-27 15:44:56.218 25552-25589/? D/libEGL: loaded /vendor/lib64/egl/libEGL_emulation.so
03-27 15:44:56.218 450-530/? D/goldfish-address-space: claimShared: Ask to claim region [0x3ec384000 0x3ec708000]
03-27 15:44:56.220 25552-25589/? D/libEGL: loaded /vendor/lib64/egl/libGLESv1_CM_emulation.so
03-27 15:44:56.222 25552-25589/? D/libEGL: loaded /vendor/lib64/egl/libGLESv2_emulation.so
03-27 15:44:56.229 672-1254/? D/CompatibilityChangeReporter: Compat change id reported: 161145287; UID 10182; state: DISABLED
03-27 15:44:56.231 450-530/? D/goldfish-address-space: claimShared: Ask to claim region [0x3f29b8000 0x3f2d3c000]
03-27 15:44:56.248 450-530/? D/goldfish-address-space: claimShared: Ask to claim region [0x3f2d3c000 0x3f30c0000]
03-27 15:44:56.257 1020-1341/? D/BtGatt.ScanManager: uid 10106 isForeground true scanMode -1
03-27 15:44:56.261 1020-1341/? D/BtGatt.ScanManager: uid 10106 isForeground true scanMode -1
03-27 15:44:56.264 25390-25390/? D/LifecycleMonitor: Lifecycle status change: com.example.MainActivity@b215ca2 in: STOPPED
03-27 15:44:56.264 25390-25390/? V/ActivityScenario: Update currentActivityStage to STOPPED, currentActivity=com.example.MainActivity@b215ca2
03-27 15:44:56.267 25390-25390/? D/LifecycleMonitor: Lifecycle status change: com.example.MainActivity@b215ca2 in: DESTROYED
03-27 15:44:56.267 25390-25390/? V/ActivityScenario: Update currentActivityStage to DESTROYED, currentActivity=null
03-27 15:44:56.268 672-1254/? D/CoreBackPreview: Window{216f130 u0 com.example/com.example.MainActivity}: Setting back callback null
03-27 15:44:56.268 450-530/? D/goldfish-address-space: claimShared: Ask to claim region [0x3f30c0000 0x3f3444000]
03-27 15:44:56.271 672-1254/? W/InputManager-JNI: Input channel object '216f130 com.example/com.example.MainActivity (client)' was disposed without first being removed with the input manager!
03-27 15:44:56.275 25390-25418/? I/TestRunner: finished: testScreencapture(com.example.ScreenshotTest)
03-27 15:44:56.287 450-530/? D/goldfish-address-space: claimShared: Ask to claim region [0x3ede02000 0x3ee186000]
03-27 15:44:56.288 482-520/? W/TransactionTracing: Could not find layer handle 0x7321fa258050
03-27 15:44:56.288 482-520/? W/TransactionTracing: Could not find layer handle 0x7321fa256550
03-27 15:44:56.288 482-520/? W/TransactionTracing: Could not find layer handle 0x7321fa2572d0
03-27 15:44:56.288 482-520/? W/TransactionTracing: Could not find layer handle 0x7321fa2574b0
03-27 15:44:56.288 482-520/? W/TransactionTracing: Could not find layer handle 0x7321fa254c90
03-27 15:44:56.288 482-520/? W/TransactionTracing: Could not find layer handle 0x7321fa2574b0
03-27 15:44:56.291 672-1254/? D/CoreBackPreview: Window{1cdb20a u0 com.example.test/androidx.test.core.app.InstrumentationActivityInvoker$EmptyActivity}: Setting back callback OnBackInvokedCallbackInfo{mCallback=android.window.IOnBackInvokedCallback$Stub$Proxy@ca82098, mPriority=0}
03-27 15:44:56.293 25390-25418/? I/TestRunner: run finished: 1 tests, 0 failed, 0 ignored
03-27 15:44:56.295 450-530/? D/goldfish-address-space: claimShared: Ask to claim region [0x3ed285000 0x3ed860000]
03-27 15:44:56.299 482-520/? W/TransactionTracing: Could not find layer id -1
03-27 15:44:56.308 672-2124/? I/ActivityManager: Force stopping com.example appid=10181 user=0: finished inst
03-27 15:44:56.310 2141-2680/? I/A: NGA disabled due to not being eligible.
03-27 15:44:56.313 25370-25370/? I/app_process: System.exit called, status: 0
03-27 15:44:56.313 25370-25370/? I/AndroidRuntime: VM exiting with result code 0.
03-27 15:44:56.336 672-672/? D/BatterySaverPolicy: accessibility changed to false, updating policy.
03-27 15:44:56.337 482-520/? W/TransactionTracing: Could not find layer id -1
03-27 15:44:56.339 672-2124/? I/ActivityManager: Killing 25390:com.example/u0a181 (adj 0): stop com.example due to finished inst
03-27 15:44:56.340 902-972/? W/Looper: Slow dispatch took 31ms wmshell.main h=android.view.ViewRootImpl$ViewRootHandler c=android.view.accessibility.AccessibilityManager$$ExternalSyntheticLambda1@34531cc m=0
03-27 15:44:56.341 482-1302/? W/ServiceManager: Permission failure: android.permission.ACCESS_SURFACE_FLINGER from uid=10182 pid=0
03-27 15:44:56.341 482-1302/? D/PermissionCache: checking android.permission.ACCESS_SURFACE_
03-27 15:44:56.341 482-1302/? D/PermissionCache: FLINGER for uid=10182 => denied (181 us)
03-27 15:44:56.341 482-516/? W/ServiceManager: Permission failure: android.permission.ROTATE_SURFACE_FLINGER from uid=10182 pid=25552
03-27 15:44:56.341 482-516/? D/PermissionCache: checking android.permission.ROTATE_SURFACE_FLINGER for uid=10182 => denied (108 us)
03-27 15:44:56.341 482-516/? W/ServiceManager: Permission failure: android.permission.INTERNAL_SYSTEM_WINDOW from uid=10182 pid=25552
03-27 15:44:56.341 482-516/? D/PermissionCache: checking android.permission.INTERNAL_SYST
03-27 15:44:56.341 482-516/? D/PermissionCache: EM_WINDOW for uid=10182 => denied (84 us)
03-27 15:44:56.342 482-1302/? W/ServiceManager: Permission failure: android.permission.ROTATE_SURFACE_FLINGER from uid=10182 pid=0
03-27 15:44:56.342 482-1302/? D/PermissionCache: checking android.permission.ROTATE_SURFACE_FLINGER for uid=10182 => denied (975 us)
03-27 15:44:56.342 25552-25587/? D/HostConnection: createUnique: call
03-27 15:44:56.343 25552-25587/? D/HostConnection: HostConnection::get() New Host Connection established 0x7d62837e5610, tid 25587
03-27 15:44:56.345 902-972/? W/Looper: Slow delivery took 31ms wmshell.main h=android.view.ViewRootImpl$ViewRootHandler c=android.view.accessibility.AccessibilityManager$$ExternalSyntheticLambda1@96a8c15 m=0
03-27 15:44:56.345 902-972/? W/Looper: Drained
03-27 15:44:56.347 1020-1341/? D/BtGatt.ScanManager: uid 10106 isForeground true scanMode -1
03-27 15:44:56.348 1020-1341/? D/BtGatt.ScanManager: uid 10106 isForeground true scanMode -1
03-27 15:44:56.349 25552-25587/? D/HostConnection: HostComposition ext ANDROID_EMU_CHECKSUM_HELPER_v1 ANDROID_EMU_native_sync_v2 ANDROID_EMU_native_sync_v3 ANDROID_EMU_native_sync_v4 ANDROID_EMU_dma_v1 ANDROID_EMU_direct_mem ANDROID_EMU_host_composition_v1 ANDROID_EMU_host_composition_v2 ANDROID_EMU_vulkan ANDROID_EMU_deferred_vulkan_commands ANDROID_EMU_vulkan_null_optional_strings ANDROID_EMU_vulkan_create_resources_with_requirements ANDROID_EMU_YUV_Cache ANDROID_EMU_vulkan_ignored_handles ANDROID_EMU_has_shared_slots_host_memory_allocator ANDROID_EMU_vulkan_free_memory_sync ANDROID_EMU_vulkan_shader_float16_int8 ANDROID_EMU_vulkan_async_queue_submit ANDROID_EMU_vulkan_queue_submit_with_commands ANDROID_EMU_sync_buffer_data ANDROID_EMU_vulkan_async_qsri ANDROID_EMU_read_color_buffer_dma ANDROID_EMU_hwc_multi_configs GL_OES_EGL_image_external_essl3 GL_OES_vertex_array_object GL_KHR_texture_compression_astc_ldr ANDROID_EMU_host_side_tracing ANDROID_EMU_gles_max_version_3_1 
03-27 15:44:56.350 25552-25587/? W/OpenGLRenderer: Failed to choose config with EGL_SWAP_BEHAVIOR_PRESERVED, retrying without...
03-27 15:44:56.350 25552-25587/? W/OpenGLRenderer: Failed to initialize 101010-2 format, error = EGL_SUCCESS
03-27 15:44:56.351 25552-25587/? D/EGL_emulation: eglCreateContext: 0x7d62837e5790: maj 3 min 1 rcv 4
03-27 15:44:56.352 25552-25587/? D/EGL_emulation: eglMakeCurrent: 0x7d62837e5790: ver 3 1 (tinfo 0x7d64b736c080) (first time)
03-27 15:44:56.358 279-279/? I/hwservicemanager: getTransport: Cannot find entry android.hardware.graphics.mapper@4.0::IMapper/default in either framework or device VINTF manifest.
03-27 15:44:56.358 25552-25587/? I/Gralloc4: mapper 4.x is not supported
03-27 15:44:56.359 25552-25587/? D/HostConnection: createUnique: call
03-27 15:44:56.359 25552-25587/? D/HostConnection: HostConnection::get() New Host Connection established 0x7d62837e5e50, tid 25587
03-27 15:44:56.359 25552-25587/? D/goldfish-address-space: allocate: Ask for block of size 0x100
03-27 15:44:56.359 25552-25587/? D/goldfish-address-space: allocate: ioctl allocate returned offset 0x3e7ffe000 size 0x2000
03-27 15:44:56.384 279-279/? I/hwservicemanager: getTransport: Cannot find entry android.hardware.graphics.allocator@4.0::IAllocator/default in either framework or device VINTF manifest.
03-27 15:44:56.385 278-278/? I/servicemanager: Could not find android.hardware.graphics.allocator.IAllocator/default in the VINTF manifest.
03-27 15:44:56.385 25552-25587/? W/Gralloc4: allocator 4.x is not supported
03-27 15:44:56.385 482-520/? W/TransactionTracing: Could not find layer id -1
03-27 15:44:56.386 482-520/? W/TransactionTracing: Could not find layer id -1
03-27 15:44:56.386 450-530/? D/goldfish-address-space: claimShared: Ask to claim re
03-27 15:44:56.386 450-530/? D/goldfish-address-space: gion [0x3e8384000 0x3e8caa000]
03-27 15:44:56.393 25552-25587/? D/HostConnection: HostComposition ext ANDROID_EMU_CHECKSUM_HELPER_v1 ANDROID_EMU_native_sync_v2 ANDROID_EMU_native_sync_v3 ANDROID_EMU_native_sync_v4 ANDROID_EMU_dma_v1 ANDROID_EMU_direct_mem ANDROID_EMU_host_composition_v1 ANDROID_EMU_host_composition_v2 ANDROID_EMU_vulkan ANDROID_EMU_deferred_vulkan_commands ANDROID_EMU_vulkan_null_optional_strings ANDROID_EMU_vulkan_create_resources_with_requirements ANDROID_EMU_YUV_Cache ANDROID_EMU_vulkan_ignored_handles ANDROID_EMU_has_shared_slots_host_memory_allocator ANDROID_EMU_vulkan_free_memory_sync ANDROID_EMU_vulkan_shader_float16_int8 ANDROID_EMU_vulkan_async_queue_submit ANDROID_EMU_vulkan_queue_submit_with_commands ANDROID_EMU_sync_buffer_data ANDROID_EMU_vulkan_async_qsri ANDROID_EMU_read_color_buffer_dma ANDROID_EMU_hwc_multi_configs GL_OES_EGL_image_external_essl3 GL_OES_vertex_array_object GL_KHR_texture_compression_astc_ldr ANDROID_EMU_host_side_tracing ANDROID_EMU_gles_max_version_3_1 
03-27 15:44:56.413 482-520/? W/TransactionTracing: Could not find layer handle 0x7321fa2569d0
03-27 15:44:56.568 672-714/? E/libprocessgroup: Failed to kill process cgroup uid 10181 pid 25390 in 224ms, 1 processes remain
03-27 15:44:56.794 672-704/? W/ActivityTaskManager: Activity top resumed state loss timeout for ActivityRecord{a8c25f9 u0 com.example.test/androidx.test.core.app.InstrumentationActivityInvoker$EmptyActivity} t176 f}}
03-27 15:44:56.805 672-704/? W/ActivityTaskManager: Activity pause timeout for ActivityRecord{a8c25f9 u0 com.example.test/androidx.test.core.app.InstrumentationActivityInvoker$EmptyActivity} t176 f}}
03-27 15:44:56.818 672-1256/? W/ActivityManager: Unable to start service Intent { act=android.service.smartspace.SmartspaceService cmp=com.google.android.as/com.google.android.apps.miphone.aiai.app.AiAiSmartspaceService } U=0: not found
03-27 15:44:56.818 672-1256/? W/RemoteSmartspaceService: could not bind to Intent { act=android.service.smartspace.SmartspaceService cmp=com.google.android.as/com.google.android.apps.miphone.aiai.app.AiAiSmartspaceService } using flags 67112961
03-27 15:44:56.971 1318-1318/? I/Choreographer: Skipped 39 frames!  The application may be doing too much work on its main thread.
03-27 15:44:56.972 2141-2141/? I/Choreographer: Skipped 39 frames!  The application may be doing too much work on its main thread.
03-27 15:44:56.982 672-2124/? W/ActivityManager: Unable to start service Intent { act=android.service.smartspace.SmartspaceService cmp=com.google.android.as/com.google.android.apps.miphone.aiai.app.AiAiSmartspaceService } U=0: not found
03-27 15:44:56.982 672-2124/? W/RemoteSmartspaceService: could not bind to Intent { act=android.service.smartspace.SmartspaceService cmp=com.google.android.as/com.google.android.apps.miphone.aiai.app.AiAiSmartspaceService } using flag
03-27 15:44:56.982 672-2124/? W/RemoteSmartspaceService: s 67112961
03-27 15:44:56.982 672-672/? W/Looper: Slow dispatch took 631ms main h=android.os.Handler c=android.database.ContentObserver$$ExternalSyntheticLambda0@a86fd6a m=0
03-27 15:44:56.983 450-530/? D/goldfish-address-space: claimShared: Ask to claim region [0x3f3444000 0x3f3d6a000]
03-27 15:44:56.984 672-672/? W/Looper: Slow delivery took 632ms main h=android.os.Handler c=android.database.ContentObserver$$ExternalSyntheticLambda0@6ac625b m=0
03-27 15:44:56.984 450-530/? D/goldfish-address-space: claimShared: Ask to claim region [0x3f0000000 0x3f0926000]
03-27 15:44:56.986 672-672/? W/ActivityManager: Unbind failed: could not find connection for android.app.LoadedApk$ServiceDispatcher$InnerConnection@abfcaf8
03-27 15:44:56.986 672-672/? W/ActivityManager: Unbind failed: could not find connection for android.app.LoadedApk$ServiceDispatcher$InnerConnection@7512bd1
03-27 15:44:56.986 672-672/? W/Looper: Drained
03-27 15:44:57.000 1947-1947/? I/GsaVoiceInteractionSrv: Handling ACTION_START_HOTWORD
03-27 15:44:57.000 1947-2718/? I/GsaVoiceInteractionSrv: disregardVoiceMatch: false
03-27 15:44:57.000 1947-2718/? I/GsaVoiceInteractionSrv: Cannot start hotword, hotword has been explicitly disabled.
03-27 15:44:57.005 450-530/? D/goldfish-address-space: claimShared: Ask to claim region [0x3f0926000 0x3f124c000]
03-27 15:44:57.006 25424-25447/? I/MPEG4Writer: setStartTimestampUs: 4119404880
03-27 15:44:57.011 450-450/? D/goldfish-address-space: claimShared: Ask to claim region [0x3f124c000 0x3f1b72000]
03-27 15:44:57.012 450-450/? D/goldfish-address-space: claimShared: Ask to claim region [0x3f6549000 0x3f6e6f000]
03-27 15:44:57.013 450-450/? D/goldfish-address-space: claimShared: Ask to claim region [0x3f6e6f000 0x3f7795000]
03-27 15:44:57.013 450-530/? D/goldfish-address-space: claimShared: Ask to claim region [0x3f4000000 0x3f4926000]
03-27 15:44:57.013 672-1254/? V/ActivityManager: Got obituary of 25390:com.example
03-27 15:44:57.014 450-530/? D/goldfish-address-space: claimShared: Ask to claim region [0x3f4926000 0x3f524c000]
03-27 15:28:49.832 0-0/? I/binder: undelivered TRANSACTION_COMPLETE
03-27 15:28:49.833 0-0/? I/binder: undelivered transaction 843206, process died.
03-27 15:28:49.834 0-0/? I/binder: undelivered transaction 843220, process died.
03-27 15:44:57.017 25424-25596/? W/GraphicBufferSource: released unpopulated slots: [18, 19, 20, 21, 22, 23, 24, 25, 26, 27, 28, 29, 30, 31, 32, 33, 34, 35, 36, 37, 38, 39, 40, 41, 42, 43, 44, 45, 46, 47, 48, 49, 50, 51, 52, 53, 54, 55, 56, 57, 58, 59, 60, 61, 62, 63]
03-27 15:44:57.021 25424-25424/? D/MPEG4Writer: reset()
03-27 15:44:57.021 25424-25447/? V/MediaWriter: Track event err/info msg:101, trackId:2, type:1000,val:-1011
03-27 15:44:57.021 25424-25424/? D/MPEG4Writer: Video track stopping. Stop source
03-27 15:44:57.021 25424-25424/? D/MPEG4Writer: Video track source stopping
03-27 15:44:57.021 25424-25424/? D/MPEG4Writer: Video track source stopped
03-27 15:44:57.021 25424-25424/? D/MPEG4Writer: [ 03-27 15:44:57.021 254
03-27 15:44:57.021 25424-25424/? D/MPEG4Writer: 24:25447 W/MPEG4Writer ]
03-27 15:44:57.021 25424-25424/? D/MPEG4Writer: 0-duration samples found: 1
03-27 15:44:57.021 25424-25446/? V/MediaWriter: Track event err/info msg:101, trackId:1, type:1000,val:-1011
03-27 15:44:57.022 25424-25447/? I/MPEG4Writer: Received total/0-length (1/0) buffers and encoded 1 frames. - Metadata
03-27 15:44:57.022 25424-25446/? I/MPEG4Writer: Received total/0-length (41/0) buffers and encoded 41 frames. - Video
03-27 15:44:57.022 25424-25424/? D/MPEG4Writer: Video track stopped. Status:0. Stop source
03-27 15:44:57.022 25424-25424/? D/MPEG4Writer: Metadata track stopping. Stop source
03-27 15:44:57.022 25424-25424/? D/MPEG4Writer: Metadata track source stopping
03-27 15:44:57.022 25424-25424/? D/MPEG4Writer: Metadata track source stopped
03-27 15:44:57.022 25424-25424/? D/MPEG4Writer: Metadata track stopped. Status:0. Stop source
03-27 15:44:57.022 25424-25424/? D/MPEG4Writer: Duration from tracks range is [0, 1508188] us
03-27 15:44:57.022 25424-25444/? D/MPEG4Writer: 0 chunks are written in the last batch
03-27 15:44:57.022 25424-25424/? D/MPEG4Writer: WriterThread stopped. Status:0
03-27 15:44:57.023 25424-25424/? I/MPEG4Writer: Adjust the moov start time from 4119404880 us -> 4119404880 us
03-27 15:44:57.023 25424-25424/? I/MPEG4Writer: MOOV atom was written to the file
03-27 15:44:57.023 25424-25424/? D/MPEG4Writer: release()
03-27 15:44:57.023 25424-25424/? D/MPEG4Writer: ftruncate mPreAllocateFileEndOffset:41810 mOffset:1704 mMdatEndOffset:39098 diff:2712
03-27 15:44:57.025 25424-25424/? D/MPEG4Writer: final fsync() takes 1 ms, file size 39098
03-27 15:44:57.025 25424-25424/? D/MPEG4Writer: MP4WtrCtrlHlpLooper stopped
03-27 15:44:57.025 25424-25424/? D/MPEG4Writer: Top 5 write durations(microseconds): #1:11 #2:14 #3:232 #4:340 #5:849
03-27 15:44:57.025 2141-2141/? W/A: Can't get WAA status for Mavatar!
03-27 15:44:57.025 2141-2141/? W/A: java.lang.NullPointerException: Attempt to invoke virtual method 'java.lang.Class java.lang.Object.getClass()' on a null object reference
03-27 15:44:57.025 2141-2141/? W/A: 	at com.google.apps.tiktok.dataservice.z.b(PG:1)
03-27 15:44:57.025 2141-2141/? W/A: 	at com.google.apps.tiktok.dataservice.at.a(PG:1)
03-27 15:44:57.025 2141-2141/? W/A: 	at com.google.apps.tiktok.tracing.ec.a(PG:2)
03-27 15:44:57.025 2141-2141/? W/A: 	at com.google.common.util.concurrent.aj.a(PG:2)
03-27 15:44:57.025 2141-2141/? W/A: 	at com.google.common.util.concurrent.ac.apply(PG:1)
03-27 15:44:57.025 2141-2141/? W/A: 	at com.google.common.util.concurrent.h.e(PG:2)
03-27 15:44:57.025 2141-2141/? W/A: 	at com.google.common.util.concurrent.j.run(PG:9)
03-27 15:44:57.025 2141-2141/? W/A: 	at com.google.common.util.concurrent.bf.execute(PG:1)
03-27 15:44:57.025 2141-2141/? W/A: 	at com.google.common.util.concurrent.d.i(PG:1)
03-27 15:44:57.025 2141-2141/? W/A: 	at com.google.common.util.concurrent.d.iq(PG:5)
03-27 15:44:57.025 2141-2141/? W/A: 	at com.google.common.util.concurrent.j.h(PG:2)
03-27 15:44:57.025 2141-2141/? W/A: 	at com.google.common.util.concurrent.ax.d(PG:1)
03-27 15:44:57.025 2141-2141/? W/A: 	at com.google.apps.tiktok.dataservice.au.a(PG:5)
03-27 15:44:57.025 2141-2141/? W/A: 	at com.google.apps.tiktok.dataservice.dr.c(PG:5)
03-27 15:44:57.025 2141-2141/? W/A: 	at com.google.apps.tiktok.dataservice.dp.run(PG:6)
03-27 15:44:57.025 2141-2141/? W/A: 	at com.google.apps.tiktok.concurrent.ak.run(PG:6)
03-27 15:44:57.025 2141-2141/? W/A: 	at com.g
03-27 15:44:57.025 2141-2141/? W/A: oogle.apps.tiktok.tracing.ei.run(PG:2)
03-27 15:44:57.025 2141-2141/? W/A: 	at java.util.concurrent.Executors$RunnableAdapter.call(Executors.java:463)
03-27 15:44:57.025 2141-2141/? W/A: 	at com.google.common.util.concurrent.dy.a(PG:1)
03-27 15:44:57.025 2141-2141/? W/A: 	at com.google.common.util.concurrent.cv.run(PG:4)
03-27 15:44:57.025 2141-2141/? W/A: 	at com.google.common.util.concurrent.dz.run(PG:1)
03-27 15:44:57.025 2141-2141/? W/A: 	at android.os.Handler.handleCallback(Handler.java:942)
03-27 15:44:57.025 2141-2141/? W/A: 	at android.os.Handler.dispatchMessage(Handler.java:99)
03-27 15:44:57.025 2141-2141/? W/A: 	at android.os.Looper.loopOnce(Looper.java:201)
03-27 15:44:57.025 2141-2141/? W/A: 	at android.os.Looper.loop(Looper.java:288)
03-27 15:44:57.025 2141-2141/? W/A: 	at android.app.ActivityThread.main(ActivityThread.java:7872)
03-27 15:44:57.025 2141-2141/? W/A: 	at java.lang.reflect.Method.invoke(Native Method)
03-27 15:44:57.025 2141-2141/? W/A: 	at com.android.internal.os.RuntimeInit$MethodAndArgsCaller.run(RuntimeInit.java:548)
03-27 15:44:57.025 2141-2141/? W/A: 	at com.android.internal.os.ZygoteInit.main(ZygoteInit.java:936)
03-27 15:44:57.027 25424-25433/? I/hw-BpHwBinder: onLastStrongRef automatically unlinking death recipients
03-27 15:44:57.027 578-1078/? I/hw-BpHwBinder: onLastStrongRef automatically unlinking death recipients
03-27 15:44:57.027 578-1078/? I/hw-BpHwBinder: onLastStrongRef automatically unlinking death recipients
03-27 15:44:57.028 578-1078/? V/C2Store: in ~ComponentModule
03-27 15:44:57.028 578-1078/? V/C2Store: unloading dll
03-27 15:44:57.045 25552-25587/? W/Parcel: Expecting binder but got null!
03-27 15:44:57.050 1668-1668/? I/GoogleInputMethodService: GoogleInputMethodService.onFinishInput():3220 
03-27 15:44:57.051 1668-1668/? I/GoogleInputMethodService: GoogleInputMethodService.updateDeviceLockedStatus():2114 repeatCheckTimes = 0, unlocked = true
03-27 15:44:57.051 1668-1668/? I/GoogleInputMethodService: GoogleInputMethodService.onStartInput():1919 onStartInput(EditorInfo{inputType=0x0(NULL) imeOptions=0x0 privateImeOptions=null actionName=UNSPECIFIED actionLabel=null actionId=0 initialSelStart=-1 initialSelEnd=-1 initialCapsMode=0x0 hintText=null label=null packageName=com.google.android.apps.nexuslauncher fieldId=-1 fieldName=null extras=null}, false)
03-27 15:44:57.051 1668-1668/? I/GoogleInputMethodService: GoogleInputMethodService.updateDeviceLockedStatus():2114 repeatCheckTimes = 2, unlocked = true
03-27 15:44:57.052 1876-3215/? I/MediaProvider: Begin Intent { act=android.intent.action.MEDIA_SCANNER_SCAN_FILE dat=file:///... flg=0x1400010 cmp=com.google.android.providers.media.module/com.android.providers.media.MediaService }
03-27 15:44:57.053 25424-25424/? D/ScreenRecord: success
03-27 15:44:57.054 25424-25424/? I/BpBinder: onLastStrongRef automatically unlinking death recipients: <uncached descriptor>
03-27 15:44:57.055 25424-25424/? I/BpBinder: onLastStrongRef automatically unlinking death recipients: <uncached descriptor>
03-27 15:44:57.056 578-7319/? D/BufferPoolAccessor2.0: Destruction - bufferpool2 0x753898b03a98 cached: 0/0M, 0/0% in use; allocs: 42, 98% recycled; transfers: 42, 98% unfetched
03-27 15:44:57.063 482-520/? W/TransactionTracing: Could not find layer handle 0x7321fa24c470
03-27 15:44:57.064 672-2376/? D/WindowManager: relayoutVisibleWindow: Window{ac0b8ab u0 Splash Screen com.example.test EXITING} mAnimatingExit=true, mRemoveOnExit=true, mDestroying=false
03-27 15:44:57.066 25552-25570/? I/OpenGLRenderer: Davey! duration=738ms; Flags=1, FrameTimelineVsyncId=94723, IntendedVsync=4121123876587, Vsync=4121140543253, InputEventId=0, HandleInputStart=4121155251512, AnimationStart=4121155255570, PerformTraversalsStart=4121155258595, DrawStart=4121811031135, FrameDeadline=4121140543253, FrameInterval=4121155186705, FrameStartTime=16666666, SyncQueued=4121813818174, SyncStart=4121826374156, IssueDrawCommandsStart=4121838371033, SwapBuffers=412187017
03-27 15:44:57.066 25552-25570/? I/OpenGLRenderer: 4653, FrameCompleted=4121874755402, DequeueBufferDuration=3566, QueueBufferDuration=225911, GpuCompleted=4121874755402, SwapBuffersCompleted=4121871986774, DisplayPresentTime=0, CommandSubmissionCompleted=4121870174653, 
03-27 15:44:57.068 902-1191/? D/EGL_emulation: app_time_stats: avg=714.55ms min=169.45ms max=1259.65ms count=2
03-27 15:44:57.084 1876-3215/? V/MediaProvider: Inserted id:1000000096 less than next row id backup:1000001000.
03-27 15:44:57.113 482-520/? W/TransactionTracing: Could not find layer id -1
03-27 15:44:57.113 482-520/? W/TransactionTracing: Could not find layer id -1
03-27 15:44:57.113 482-520/? W/TransactionTracing: Could not find layer id -1
03-27 15:44:57.113 482-520/? W/TransactionTracing: Could not find layer id -1
03-27 15:44:57.120 1394-14480/? I/NetworkScheduler.Stats: Task com.google.android.gms/com.google.android.gms.ipa.base.IpaGcmTaskService started execution. cause:9 exec_start_elapsed_seconds: 4121 [CONTEXT service_id=218 ]
03-27 15:44:57.130 1876-3215/? I/MediaProvider: End Intent { act=android.intent.action.MEDIA_SCANNER_SCAN_FILE dat=file:///... flg=0x1400010 cmp=com.google.android.providers.media.module/com.android.providers.media.MediaService }
03-27 15:44:57.134 1394-19817/? I/NetworkScheduler.Stats: Task com.google.android.gms/com.google.android.gms.ipa.base.IpaGcmTaskService finished executing. cause:9 result: 1 elapsed_millis: 20 uptime_millis: 20 exec_start_elapsed_seconds: 4121 [CONTEXT service_id=218 ]
03-27 15:44:57.196 482-520/? W/TransactionTracing: Could not find layer id -1
03-27 15:44:57.223 902-1191/? D/EGL_emulation: app_time_stats: avg=688.19ms min=152.55ms max=1223.83ms count=2
03-27 15:44:57.337 672-2140/? D/CoreBackPreview: Window{ac0b8ab u0 Splash Screen com.example.test EXITING}: Setting back callback null
03-27 15:44:57.337 672-805/? W/InputManager-JNI: Input channel object 'ac0b8ab Splash Screen com.example.test (client)' was disposed without first being removed with the input manager!
03-27 15:44:57.419 672-805/? D/CoreBackPreview: Window{1cdb20a u0 com.example.test/androidx.test.core.app.InstrumentationActivityInvoker$EmptyActivity}: Setting back callback null
03-27 15:44:57.429 672-805/? W/InputManager-JNI: Input channel object '1cdb20a com.example.test/androidx.test.core.app.InstrumentationActivityInvoker$EmptyActivity (client)' was disposed without first being removed with the input manager!
03-27 15:44:57.446 482-520/? W/TransactionTracing: Could not find layer handle 0x7321fa258e30
03-27 15:44:57.446 482-520/? W/TransactionTracing: Could not find layer handle 0x7321fa255c50
03-27 15:44:57.513 482-520/? W/TransactionTracing: Could not find layer handle 0x7321fa255d70
03-27 15:44:57.513 482-520/? W/TransactionTracing: Could not find layer handle 0x7321fa2592b0
03-27 15:44:57.513 482-520/? W/TransactionTracing: Could not find layer handle 0x7321fa2583b0
03-27 15:44:57.513 482-520/? W/TransactionTracing: Could not find layer handle 0x7321fa2583b0
03-27 15:44:57.513 482-520/? W/TransactionTracing: Could no
03-27 15:44:57.513 482-520/? W/TransactionTracing: t find layer handle 0x7321fa2592b0
03-27 15:44:57.529 482-520/? W/TransactionTracing: Could not find layer handle 0x7321fa258b30
03-27 15:44:57.529 482-520/? W/TransactionTracing: Could not find layer handle 0x7321fa258e30
03-27 15:44:57.702 1876-2098/? I/MediaProvider: Deleted 0 0 0 1 0 0 0 items on external_primary due to com.android.shell
