03-27 15:45:36.594 428-27277/? I/resolv: GetAddrInfoHandler::run: {101 101 101 983141 10181 0}
03-27 15:45:36.607 27245-27272/? W/FileTestStorage: Output properties is not supported.
03-27 15:45:36.608 27245-27272/? I/Tracing: Tracer added: class androidx.test.platform.tracing.AndroidXTracer
03-27 15:45:36.611 27245-27272/? D/EventInjectionStrategy: Creating injection strategy with input manager.
03-27 15:45:36.611 27245-27272/? W/com.example: Accessing hidden method Landroid/hardware/input/InputManager;->getInstance()Landroid/hardware/input/InputManager; (unsupported, reflection, allowed)
03-27 15:45:36.611 27245-27272/? W/com.example: Accessing hidden method Landroid/hardware/input/InputManager;->injectInputEvent(Landroid/view/InputEvent;I)Z (unsupported, reflection, allo
03-27 15:45:36.611 27245-27272/? W/com.example: wed)
03-27 15:45:36.611 27245-27272/? W/com.example: Accessing hidden field Landroid/hardware/input/InputManager;->INJECT_INPUT_EVENT_MODE_WAIT_FOR_FINISH:I (unsupported, reflection, allowed)
03-27 15:45:36.618 27245-27272/? W/Settings: Setting always_finish_activities has moved from android.provider.Settings.System to android.provider.Settings.Global, returning read-only value.
03-27 15:45:36.622 672-2793/? I/ActivityTaskManager: START u0 {act=android.intent.action.MAIN cat=[android.intent.category.LAUNCHER] flg=0x10008000 cmp=com.example/.MainActivity} from uid 10181
03-27 15:45:36.623 672-2793/? D/CompatibilityChangeReporter: Compat change id reported: 194480991; UID 10181; state: ENABLED
03-27 15:45:36.624 672-2793/? D/CompatibilityChangeReporter: Compat change id reported: 174042980; UID 10181; state: DISABLED
03-27 15:45:36.624 1876-1994/? W/MediaProvider: isAppCloneUserPair for user 0: false
03-27 15:45:36.624 672-2793/? D/CompatibilityChangeReporter: Compat change id reported: 184838306; UID 10181; state: DISABLED
03-27 15:45:36.624 672-2793/? D/CompatibilityChangeReporter: Compat change id reported: 185004937; UID 10181; state: DISABLED
03-27 15:45:36.624 672-2793/? D/CompatibilityChangeReporter: Compat change id reported: 181136395; UID 10181; state: DISABLED
03-27 15:45:36.624 672-2793/? D/CompatibilityChangeReporter: Compat change id reported: 174042936; UID 10181; state: DISABLED
03-27 15:45:36.625 672-2793/? D/CompatibilityChangeReporter: Compat change id reported: 197654537; UID 10181; state: ENABLED
03-27 15:45:36.625 672-2793/? V/SplashScreenExceptionList: SplashScreen checking exception for package com.example (target sdk:33) -> false
03-27 15:45:36.625 672-2793/? D/CompatibilityChangeReporter: Compat change id reported: 205907456; UID 10181; state: ENABLED
03-27 15:45:36.625 1876-1994/? V/MediaProvider: Inserted id:1000000105 less than next row id backup:1000001000.
03-27 15:45:36.627 672-2793/? D/CompatibilityChangeReporter: Compat change id reported: 194833441; UID 10181; state: ENABLED
03-27 15:45:36.628 902-1083/? D/SplashScreenView: Build android.window.SplashScreenView{af9b821 V.E...... ......ID 0,0-0,0}
03-27 15:45:36.628 902-1083/? D/SplashScreenView: Icon: view: null drawable: null size: 0
03-27 15:45:36.628 902-1083/? D/SplashScreenView: Branding: view: android.view.View{cf3a446 G.ED..... ......I. 0,0-0,0 #10204db android:id/splashscreen_branding_view} drawable: null size w: 0 h: 0
03-27 15:45:36.631 672-984/? D/CoreBackPreview: Window{606f03c u0 Splash Screen com.example}: Setting back callback OnBackInvokedCallbackInfo{mCallback=android.window.IOnBackInvokedCallback$Stub$Proxy@730b71a, mPriority=0}
03-27 15:45:36.635 672-711/? D/IntervalStats: Unable to parse usage stats packages: [186, 187, 188, 189]
03-27 15:45:36.635 672-711/? D/IntervalStats: Unable to parse event packages: [188, 189]
03-27 15:45:36.647 27276-27276/? D/MediaCodecList: codecHandlesFormat: no format, so no extra checks
03-27 15:45:36.648 1394-19817/? I/NetworkScheduler.Stats: Task com.google.android.gms/com.google.android.gms.ipa.base.IpaGcmTaskService started execution. cause:9 exec_start_elapsed_seconds: 4161 [CONTEXT service_id=218 ]
03-27 15:45:36.648 27276-27284/? D/CCodec: allocate(c2.android.avc.encoder)
03-27 15:45:36.649 450-484/? D/goldfish-address-space: claimShared: Ask to claim region [0x3e8000000 0x3e8926000]
03-27 15:45:36.649 27276-27284/? I/Codec2Client: Available Codec2 services: "default" "software"
03-27 15:45:36.650 27276-27284/? I/CCodec: setting up 'default' as default (vendor) store
03-27 15:45:36.651 1394-14480/? I/NetworkScheduler.Stats: Task com.google.android.gm
03-27 15:45:36.651 1394-14480/? I/NetworkScheduler.Stats: s/com.google.android.gms.ipa.base.IpaGcmTaskService finished executing. cause:9 result: 1 elapsed_millis: 9 uptime_millis: 9 exec_start_elapsed_seconds: 4161 [CONTEXT service_id=218 ]
03-27 15:45:36.651 578-1077/? V/C2Store: in init
03-27 15:45:36.651 578-1077/? V/C2Store: loading dll
03-27 15:45:36.652 578-1077/? I/mediaswcodec: missing struct descriptor #Param::CoreIndex(--004) for field values of struct #Param::CoreIndex(F-12004)
03-27 15:45:36.652 578-1077/? I/mediaswcodec: missing struct descriptor #Param::CoreIndex(--1812) for field values of struct #Param::CoreIndex(F-11812)
03-27 15:45:36.652 578-1077/? I/mediaswcodec: missing struct descriptor #Param::CoreIndex(--004) for field values of struct #Param::CoreIndex(F-12004)
03-27 15:45:36.652 578-1077/? I/mediaswcodec: missing struct descriptor #Param::CoreIndex(--1812) for field values of struct #Param::CoreIndex(F-11812)
03-27 15:45:36.652 27245-27245/? D/LifecycleMonitor: Lifecycle status change: com.example.MainActivity@dbbe86d in: PRE_ON_CREATE
03-27 15:45:36.653 27245-27245/? V/ActivityScenario: Activity lifecycle changed event received but ignored because the reported transition was not ON_CREATE while the last known transition was PRE_ON_CREATE
03-27 15:45:36.653 27276-27284/? I/CCodec: Created component [c2.android.avc.encoder]
03-27 15:45:36.653 27276-27284/? D/CCodecConfig: read media type: video/avc
03-27 15:45:36.654 27276-27284/? D/ReflectedParamUpdater: extent() != 1 for single value type: algo.buffers.max-count.values
03-27 15:45:36.654 27276-27284/? D/ReflectedParamUpdater: extent() != 1 for single value type: output.subscribed-indices.values
03-27 15:45:36.654 27276-27284/? D/ReflectedParamUpdater: extent() != 1 for single value type: input.buffers.allocator-ids.values
03-27 15:45:36.654 27276-27284/? D/ReflectedParamUpdater: extent() != 1 for single value type: output.buffers.allocator-ids.values
03-27 15:45:36.654 27276-27284/? D/ReflectedParamUpdater: extent() != 1 for single value type: algo.buffers.allocator-ids.values
03-27 15:45:36.654 27276-27284/? D/ReflectedParamUpdater: extent() != 1 for single value type: output.buffers.pool-ids.values
03-27 15:45:36.654 27276-27284/? D/ReflectedParamUpdater: extent() != 1 for single value type: algo.buffers.pool-ids.values
03-27 15:45:36.655 27276-27284/? D/ReflectedParamUpdater: ignored struct field coding.gop.values
03-27 15:45:36.655 27276-27284/? D/ReflectedParamUpdater: ignored struct field coding.qp.values
03-27 15:45:36.655 27276-27284/? D/CCodecConfig: ignoring local param raw.color (0xc2001809) as it is already supported
03-27 15:45:36.655 27276-27284/? I/CCodecConfig: query failed after returning 12 values (BAD_INDEX)
03-27 15:45:36.655 27276-27284/? D/CCodecConfig: c2 config diff is Dict {
03-27 15:45:36.655 27276-27284/? D/CCodecConfig:   c2::i32 coded.average-qp.value = 0
03-27 15:45:36.655 27276-27284/? D/CCodecConfig:   c2::u32 coded.bitrate.value = 64000
03-27 15:45:36.655 27276-27284/? D/CCodecConfig:   c2::float coded.frame-rate.value = 1
03-27 15:45:36.655 27276-27284/? D/CCodecConfig:   c2::u32 coded.picture-type.value = 0
03-27 15:45:36.655 27276-27284/? D/CCodecConfig:   c2::u32 coded.pl.level = 20492
03-27 15:45:36.655 27276-27284/? D/CCodecConfig:   c2::u32 coded.pl.profile = 20481
03-27 15:45:36.655 27276-27284/? D/CCodecConfig:   c2::u32 coded.vui.color.matrix = 0
03-27 15:45:36.655 27276-27284/? D/CCodecConfig:   c2::u32 coded.vui.color.primaries = 0
03-27 15:45:36.655 27276-27284/? D/CCodecConfig:   c2::u32 coded.vui.color.range = 0
03-27 15:45:36.655 27276-27284/? D/CCodecConfig:   c2::u32 coded.vui.color.transfer = 0
03-27 15:45:36.655 27276-27284/? D/CCodecConfig:   c2::u32 coding.intra-refresh.mode = 0
03-27 15:45:36.655 27276-27284/? D/CCodecConfig:   c2::float coding.intra-refresh.period = 0
03-27 15:45:36.655 27276-27284/? D/CCodecConfig:   c2::u32 coding.request-sync-frame.value = 0
03-27 15:45:36.655 27276-27284/? D/CCodecConfig:   c2::i64 coding.sync-frame-interval.value = 1000000
03-27 15:45:36.655 27276-27284/? D/CCodecConfig:   c2::u32 input.delay.value = 0
03-27 15:45:36.655 27276-27284/? D/CCodecConfig:   string input.media-type.value = "video/raw"
03-27 15:45:36.655 27276-27284/? D/CCodecConfig:   string output.media-type.value = "video/avc"
03-27 15:45:36.655 27276-27284/? D/CCodecConfig:   c2::u32 raw.color.matrix = 0
03-27 15:45:36.655 27276-27284/? D/CCodecConfig:   c2::u32 raw.color.primaries = 0
03-27 15:45:36.655 27276-27284/? D/CCodecConfig:   c2::u32 raw.color.range = 0
03-27 15:45:36.655 27276-27284/? D/CCodecConfig:   c2::u32 raw.color.transfer = 0
03-27 15:45:36.655 27276-27284/? D/CCodecConfig:   c2::u32 raw.size.height = 16
03-27 15:45:36.655 27276-27284/? D/CCodecConfig:   c2::u32 raw.size.width = 16
03-27 15:45:36.655 27276-27284/? D/CCodecConfig: }
03-27 15:45:36.655 27276-27284/? W/ColorUtils: expected specified color aspects (0:0:0:0)
03-27 15:45:36.657 27276-27276/? D/CodecSeeding: Seed: codec c2.android.avc.encoder, mediatype video/avc, overrideable 1
03-27 15:45:36.657 27276-27276/? D/CodecProperties: setTuningValue(vq-target-bpp,0)
03-27 15:45:36.657 27276-27276/? D/CodecProperties: setTuningValue(vq-target-bpp-1080p,1.90)
03-27 15:45:36.657 27276-27276/? D/CodecProperties: setTuningValue(vq-target-bpp-720p,2.25)
03-27 15:45:36.657 27276-27276/? D/CodecProperties: setTuningValue(vq-target-bpp-540p,2.65)
03-27 15:45:36.657 27276-27276/? D/CodecProperties: setTuningValue(vq-target-bpp-480p,3.00)
03-27 15:45:36.657 27276-27276/? D/CodecProperties: setTuningValue(vq-target-bpp-320x240,0)
03-27 15:45:36.657 27276-27276/? D/CodecProperties: setTuningValue(vq-target-qpmax,-1)
03-27 15:45:36.657 27276-27276/? D/CodecProperties: setTuningValue(vq-target-qpmax-1080p,45)
03-27 15:45:36.657 27276-27276/? D/CodecProperties: setTuningValue(vq-target-qpmax-720p,43)
03-27 15:45:36.658 27276-27276/? D/CodecProperties: setTuningValue(vq-target-qpmax-540p,42)
03-27 15:45:36.658 27276-27276/? D/CodecProperties: setTuningValue(vq-target-qpmax-480p,38)
03-27 15:45:36.658 27276-27276/? D/CodecProperties: setTuningValue(vq-bitrate-phaseout,1.75)
03-27 15:45:36.658 27276-27276/? D/CodecProperties: setTuningValue(vq-boost-missing-qp,0.20)
03-27 15:45:36.658 27276-27276/? D/CodecProperties: setFeatureValue(intra-refresh,0)
03-27 15:45:36.658 27276-27276/? D/CodecProperties: setFeatureValue(qp-bounds,0)
03-27 15:45:36.658 27276-27276/? D/CodecProperties: setFeatureValue(_vq_eligible.device,1)
03-27 15:45:36.658 27276-27276/? D/CodecProperties: setFeatureValue(_quality.target,1)
03-27 15:45:36.658 27276-27276/? D/CodecSeeding: Seed: codec c2.android.avc.encoder, mediatype video/avc, overrideable 0
03-27 15:45:36.658 27276-27276/? D/VQApply: raise bitrate: configured 1000000 to floor 2073600
03-27 15:45:36.658 27276-27276/? D/VQApply: minquality by QP: inject video-qp-max=43
03-27 15:45:36.658 27276-27276/? D/VQApply: minquality/target bitrate raised from 1000000 to 2073600 bps
03-27 15:45:36.658 27276-27276/? D/MediaCodec: shapeMediaFormat: deltas(6): AMessage(what = 0x00000000) = {
03-27 15:45:36.658 27276-27276/? D/MediaCodec:     int32_t bitrate = 2073600
03-27 15:45:36.658 27276-27276/? D/MediaCodec:     int32_t android._encoding-quality-level = 0
03-27 15:45:36.658 27276-27276/? D/MediaCodec:     int32_t video-qp-max = 43
03-27 15:45:36.658 27276-27276/? D/MediaCodec:     int32_t video-qp-i-max = 43
03-27 15:45:36.658 27276-27276/? D/MediaCodec:     int32_t video-qp-p-max = 46
03-27 15:45:36.658 27276-27276/? D/MediaCodec:     int32_t video-qp-b-max = 49
03-27 15:45:36.658 27276-27276/? D/MediaCodec:   }
03-27 15:45:36.658 27276-27284/? D/CCodec: [c2.android.avc.encoder] buffers are bound to CCodec for this session
03-27 15:45:36.658 27276-27284/? D/CCodecConfig: no c2 equivalents for color-format
03-27 15:45:36.658 27276-27284/? D/CCodecConfig: no c2 equivalents for max-bframes
03-27 15:45:36.658 27276-27284/? D/CCodecConfig: no c2 equivalents for video-qp-max
03-27 15:45:36.658 27276-27284/? D/CCodecConfig: no c2 equivalents for video-qp-i-max
03-27 15:45:36.658 27276-27284/? D/CCodecConfig: no c2 equivalents for video-qp-p-max
03-27 15:45:36.658 27276-27284/? D/CCodecConfig: no c2 equivalents for video-qp-b-max
03-27 15:45:36.658 27276-27284/? D/CCodecConfig: no c2 equivalents for flags
03-27 15:45:36.658 27276-27284/? D/CCodecConfig: no c2 equivalents for encoder
03-27 15:45:36.658 450-484/? D/goldfish-address-space: claimShared: Ask to claim region [0x3e8926000 0x3e924c000]
03-27 15:45:36.658 27276-27284/? D/CCodecConfig: c2 config diff is   c2::u32 coded.bitrate.value = 2073600
03-27 15:45:36.658 27276-27284/? D/CCodecConfig:   c2::float coded.frame-rate.value = 60
03-27 15:45:36.658 27276-27284/? D/CCodecConfig:   c2::i64 coding.sync-frame-interval.value = 10000000
03-27 15:45:36.658 27276-27284/? D/CCodecConfig:   c2::u32 raw.size.height = 1280
03-27 15:45:36.658 27276-27284/? D/CCodecConfig:   c2::u32 raw.size.width = 720
03-27 15:45:36.659 27276-27284/? W/ColorUtils: expected specified color aspects (0:0:0:0)
03-27 15:45:36.659 27276-27284/? D/CCodec: encoding statistics level = 0
03-27 15:45:36.659 27276-27284/? D/CCodec: setup formats input: AMessage(what = 0x00000000) = {
03-27 15:45:36.659 27276-27284/? D/CCodec:   Rect crop(0, 0, 719, 1279)
03-27 15:45:36.659 27276-27284/? D/CCodec:   int32_t color-standard = 0
03-27 15:45:36.659 27276-27284/? D/CCodec:   int32_t color-range = 0
03-27 15:45:36.659 27276-27284/? D/CCodec:   int32_t color-transfer = 0
03-27 15:45:36.659 27276-27284/? D/CCodec:   int32_t frame-rate = 60
03-27 15:45:36.659 27276-27284/? D/CCodec:   int32_t height = 1280
03-27 15:45:36.659 27276-27284/? D/CCodec:   int32_t intra-refresh-period = 0
03-27 15:45:36.659 27276-27284/? D/CCodec:   string mime = "video/raw"
03-27 15:45:36.659 27276-27284/? D/CCodec:   int32_t video-qp-average = 0
03-27 15:45:36.659 27276-27284/? D/CCodec:   int32_t width = 720
03-27 15:45:36.659 27276-27284/? D/CCodec:   int32_t android._dataspace = 0
03-27 15:45:36.659 27276-27284/? D/CCodec:   int32_t using-sw-read-often = 1
03-27 15:45:36.659 27276-27284/? D/CCodec:   int64_t android._C2MemoryUsage = 1
03-27 15:45:36.659 27276-27284/? D/CCodec:   int32_t color-format = 2130708361
03-27 15:45:36.659 27276-27284/? D/CCodec:   int32_t android._color-format = 2130708361
03-27 15:45:36.659 27276-27284/? D/CCodec: }
03-27 15:45:36.659 27276-27284/? D/CCodec: setup formats output: AMessage(what = 0x00000000) = {
03-27 15:45:36.659 27276-27284/? D/CCodec:   int32_t bitrate = 2073600
03-27 15:45:36.659 27276-27284/? D/CCodec:   Rect crop(0, 0, 719, 1279)
03-27 15:45:36.659 27276-27284/? D/CCodec:   int32_t color-standard = 0
03-27 15:45:36.659 27276-27284/? D/CCodec:   int32_t color-range = 0
03-27 15:45:36.659 27276-27284/? D/CCodec:   int32_t color-transfer = 0
03-27 15:45:36.659 27276-27284/? D/CCodec:   int32_t frame-rate = 60
03-27 15:45:36.659 27276-27284/? D/CCodec:   int32_t height = 1280
03-27 15:45:36.659 27276-27284/? D/CCodec:   int32_t intra-refresh-period = 0
03-27 15:45:36.659 27276-27284/? D/CCodec:   int32_t level = 4096
03-27 15:45:36.659 27276-27284/? D/CCodec:   int32_t max-bitrate = 2073600
03-27 15:45:36.659 27276-27284/? D/CCodec:   string mime = "video/avc"
03-27 15:45:36.659 27276-27284/? D/CCodec:   int32_t profile = 65536
03-27 15:45:36.659 27276-27284/? D/CCodec:   int32_t video-qp-average = 0
03-27 15:45:36.659 27276-27284/? D/CCodec:   int32_t width = 720
03-27 15:45:36.659 27276-27284/? D/CCodec: }
03-27 15:45:36.659 27276-27284/? I/CCodecConfig: query failed after returning 13 values (BAD_INDEX)
03-27 15:45:36.660 27276-27284/? D/CCodec: input format changed to AMessage(what = 0x00000000) = {
03-27 15:45:36.660 27276-27284/? D/CCodec:   Rect crop(0, 0, 719, 1279)
03-27 15:45:36.660 27276-27284/? D/CCodec:   int32_t color-standard = 1
03-27 15:45:36.660 27276-27284/? D/CCodec:   int32_t color-range = 2
03-27 15:45:36.660 27276-27284/? D/CCodec:   int32_t color-transfer = 3
03-27 15:45:36.660 27276-27284/? D/CCodec:   int32_t frame-rate = 60
03-27 15:45:36.660 27276-27284/? D/CCodec:   int32_t height = 1280
03-27 15:45:36.660 27276-27284/? D/CCodec:   int32_t intra-refresh-period = 0
03-27 15:45:36.660 27276-27284/? D/CCodec:   string mime = "video/raw"
03-27 15:45:36.660 27276-27284/? D/CCodec:   int32_t video-qp-average = 0
03-27 15:45:36.660 27276-27284/? D/CCodec:   int32_t width = 720
03-27 15:45:36.660 27276-27284/? D/CCodec:   int32_t android._dataspace = 260
03-27 15:45:36.660 27276-27284/? D/CCodec:   int32_t using-sw-read-often = 1
03-27 15:45:36.660 27276-27284/? D/CCodec:   int64_t android._C2MemoryUsage = 1
03-27 15:45:36.660 27276-27284/? D/CCodec:   int32_t color-format = 2130708361
03-27 15:45:36.660 27276-27284/? D/CCodec:   int32_t android._color-format = 2130708361
03-27 15:45:36.660 27276-27284/? D/CCodec: }
03-27 15:45:36.660 450-450/? D/goldfish-address-space: claimShared: Ask to claim region [0x3e924c000 0x3e9b72000]
03-27 15:45:36.660 27276-27284/? D/GraphicBufferSource: setting dataspace: 0x104, acquired=0
03-27 15:45:36.660 27276-27284/? D/CCodec: ISConfig not changed
03-27 15:45:36.661 27276-27284/? W/Codec2Client: query -- param skipped: index = 1342179345.
03-27 15:45:36.661 27276-27284/? W/Codec2Client: query -- param skipped: index = 2415921170.
03-27 15:45:36.661 27276-27284/? D/CCodecBufferChannel: [c2.android.avc.encoder#13] Using basic input block pool with poolID 1 => got 1 - OK (0)
03-27 15:45:36.662 27276-27284/? D/C2Store: Using DMABUF Heaps
03-27 15:45:36.662 902-1191/? W/Parcel: Expecting binder but got null!
03-27 15:45:36.663 27276-27284/? I/CCodecBufferChannel: [c2.android.avc.encoder#13] Created output block pool with allocatorID 16 => poolID 87 - OK
03-27 15:45:36.665 27276-27284/? D/CCodecBufferChannel: [c2.android.avc.encoder#13] Configured output block pool ids 87 => OK
03-27 15:45:36.665 570-570/? W/ResourceManagerService: Ignoring request to add new resource entry with value <= 0
03-27 15:45:36.670 27245-27283/? D/libEGL: loaded /vendor/lib64/egl/libEGL_emulation.so
03-27 15:45:36.671 27245-27283/? D/libEGL: loaded /vendor/lib64/egl/libGLESv1_CM_emulation.so
03-27 15:45:36.672 27245-27283/? D/libEGL: loaded /vendor/lib64/egl/libGLESv2_emulation.so
03-27 15:45:36.682 1318-2193/? D/EGL_emulation: app_time_stats: avg=439.29ms min=13.60ms max=1679.98ms count=4
03-27 15:45:36.683 1876-2098/? I/MediaProvider: Deleted 0 0 0 1 0 0 0 items on external_primary due to com.android.shell
03-27 15:45:36.684 27245-27245/? D/CompatibilityChangeReporter: Compat change id reported: 210923482; UID 10181; state: ENABLED
03-27 15:45:36.685 1876-2098/? W/MediaProvider: isAppCloneUserPair for user 0: false
03-27 15:45:36.685 1876-2098/? V/MediaProvider: Inserted id:1000000105 less than next row id backup:1000001000.
03-27 15:45:36.686 279-279/? I/hwservicemanager: getTransport: Cannot find entry android.hardware.graphics.mapper@4.0::IMapper/default in either framework or device VINTF manifest.
03-27 15:45:36.687 27276-27292/? I/Gralloc4: mapper 4.x is not supported
03-27 15:45:36.687 27276-27276/? D/MPEG4Writer: PreAllocation enabled
03-27 15:45:36.691 27245-27245/? D/LifecycleMonitor: Lifecycle status change: com.example.MainActivity@dbbe86d in: CREATED
03-27 15:45:36.691 27245-27245/? V/ActivityScenario: Update currentActivityStage to CREATED, currentActivity=com.example.MainActivity@dbbe86d
03-27 15:45:36.691 27245-27245/? D/LifecycleMonitor: Lifecycle status change: com.example.
03-27 15:45:36.691 27245-27245/? D/LifecycleMonitor: MainActivity@dbbe86d in: STARTED
03-27 15:45:36.691 27276-27292/? D/HostConnection: createUnique: call
03-27 15:45:36.692 27245-27245/? V/ActivityScenario: Update currentActivityStage to STARTED, currentActivity=com.example.MainActivity@dbbe86d
03-27 15:45:36.692 27276-27292/? D/HostConnection: HostConnection::get() New Host Connection established 0x78516202c410, tid 27292
03-27 15:45:36.692 27276-27292/? D/goldfish-address-space: allocate: Ask for block of size 0x100
03-27 15:45:36.692 27276-27292/? D/goldfish-address-space: allocate: ioctl allocate returned offset 0x3e7ffe000 size 0x2000
03-27 15:45:36.693 27245-27245/? D/LifecycleMonitor: Lifecycle status change: com.example.MainActivity@dbbe86d in: RESUMED
03-27 15:45:36.693 27245-27245/? V/ActivityScenario: Update currentActivityStage to RESUMED, currentActivity=com.example.MainActivity@dbbe86d
03-27 15:45:36.713 279-279/? I/hwservicemanager: getTransport: Cannot find entry android.hardware.graphics.allocator@4.0::IAllocator/default in either framework or device VINTF manifest.
03-27 15:45:36.713 278-278/? I/servicemanager: Could not find android.hardware.graphics.allocator.IAllocator/default in the VINTF manifest.
03-27 15:45:36.714 27276-27292/? W/Gralloc4: allocator 4.x is not supported
03-27 15:45:36.715 450-484/? D/goldfish-address-space: claimShared: Ask to claim region [0x3eb885000 0x3ebc09000]
03-27 15:45:36.721 27276-27292/? D/HostConnection: HostComposition ext ANDROID_EMU_CHECKSUM_HELPER_v1 ANDROID_EMU_native_sync_v2 ANDROID_EMU_native_sync_v3 ANDROID_EMU_native_sync_v4 ANDROID_EMU_dma_v1 ANDROID_EMU_direct_mem ANDROID_EMU_host_composition_v1 ANDROID_EMU_host_composition_v2 ANDROID_EMU_vulkan ANDROID_EMU_deferred_vulkan_commands ANDROID_EMU_vulkan_null_optional_strings ANDROID_EMU_vulkan_create_resources_with_requirements ANDROID_EMU_YUV_Cache ANDROID_EMU_vulkan_ignored_handles ANDROID_EMU_has_shared_slots_host_memory_allocator ANDROID_EMU_vulkan_free_memory_sync ANDROID_EMU_vulkan_shader_float16_int8 ANDROID_EMU_vulkan_async_queue_submit ANDROID_EMU_vulkan_queue_submit_with_commands ANDROID_EMU_sync_buffer_data ANDROID_EMU_vulkan_async_qsri ANDROID_EMU_read_color_buffer_dma ANDROID_EMU_hwc_multi_configs GL_OES_EGL_image_external_essl3 GL_OES_vertex_array_object GL_KHR_texture_compression_astc_ldr ANDROID_EMU_host_side_tracing ANDROID_EMU_gles_max_version_3_1 
03-27 15:45:36.722 1394-19817/? I/NetworkScheduler.Stats: Task com.google.android.gms/com.google.android.gms.ipa.base.IpaGcmTaskService started execution. cause:9 exec_start_elapsed_seconds: 4161 [CONTEXT service_id=218 ]
03-27 15:45:36.724 27276-27292/? D/GraphicBufferSource: got buffer with new dataSpace #104
03-27 15:45:36.724 27276-27292/? D/C2OMXNode: dataspace changed to 0x104 pixel format: 0x1
03-27 15:45:36.725 1394-26677/? I/NetworkScheduler.Stats: Task com.google.android.gms/com.google.android.gms.ipa.base.IpaGcmTaskService finished executing. cause:9 result: 1 elapsed_millis: 31 uptime_millis: 31 exec_start_elapsed_seconds: 4161 [CONTEXT service_id=218 ]
03-27 15:45:36.725 279-279/? I/hwservicemanager: getTransport: Cannot find entry android.hardware.graphics.mapper@4.0::IMapper/default in either framework or device VINTF manifest.
03-27 15:45:36.726 578-27289/? D/SimpleC2Component: Using output block pool with poolID 87 => got 87 - 0
03-27 15:45:36.726 578-27289/? D/SimpleC2Component: applied 2 configUpdates => BAD_INDEX (6)
03-27 15:45:36.726 578-27289/? D/C2SoftAvcEnc: Params width 720 height 1280 level 41 colorFormat 0 bframes 0
03-27 15:45:36.728 672-805/? D/CoreBackPreview: Window{6821446 u0 com.example/com.example.MainActivity}: Setting back callback OnBackInvokedCallbackInfo{mCallback=android.window.IOnBackInvokedCallback$Stub$Proxy@fb48334, mPriority=0}
03-27 15:45:36.728 482-520/? W/TransactionTracing: Could not find layer handle 0x7321fa2584d0
03-27 15:45:36.728 482-520/? W/TransactionTracing: Could not find layer handle 0x7321fa255d70
03-27 15:45:36.728 482-520/? W/TransactionTracing: Could not find layer handle 0x7321fa255d70
03-27 15:45:36.728 482-520/? W/TransactionTracing: Could not find layer handle 0x7321fa2584d0
03-27 15:45:36.729 450-484/? D/goldfish-address-space: claimShared: Ask to claim region [0x3e9b72000 0x3e9ef6000]
03-27 15:45:36.730 672-805/? W/ActivityManager: Unable to start service Intent { act=android.service.smartspace.SmartspaceService cmp=com.google.android.as/com.google.android.apps.miphone.aiai.app.AiAiSmartspaceService } U=0: not found
03-27 15:45:36.730 672-805/? W/RemoteSmartspaceService: could not bind to Intent { act=android.service.smartspace.SmartspaceService cmp=com.google.android.as/com.google.android.apps.miphone.aiai.app.AiAiSmartspaceService } using flags 67112961
03-27 15:45:36.731 672-672/? W/ActivityManager: Unbind failed: could not find connection for android.app.LoadedApk$ServiceDispatcher$InnerConnection@abb2ed2
03-27 15:45:36.736 1947-1947/? I/GsaVoiceInteractionSrv: Handling ACTION_STOP_HOTWORD
03-27 15:45:36.741 1947-2799/? E/HwDetectorWithState: a: 3
03-27 15:45:36.741 450-484/? D/goldfish-address-space: claimShared: Ask to claim region [0x3e9ef6000 0x3ea27a000]
03-27 15:45:36.742 578-27289/? E/C2SoftAvcEnc: Unable to set air params = 0x1ad
03-27 15:45:36.748 450-484/? D/goldfish-address-space: claimShared: Ask to claim region [0x3ea27a000 0x3ea4c4000]
03-27 15:45:36.757 450-484/? D/goldfish-address-space: claimShared: Ask to claim region [0x3ef2fd000 0x3ef681000]
03-27 15:45:36.760 27245-27281/? D/HostConnection: createUnique: call
03-27 15:45:36.761 27245-27281/? D/HostConnection: HostConnection::get() New Host Connection established 0x7d62837e59d0, tid 27281
03-27 15:45:36.765 450-484/? D/goldfish-address-space: claimShared: Ask to claim region [0x3ed4dc000 0x3ed860000]
03-27 15:45:36.766 27245-27281/? D/HostConnection: HostComposition ext ANDROID_EMU_CHECKSUM_HELPER_v1 ANDROID_EMU_native_sync_v2 ANDROID_EMU_native_sync_v3 ANDROID_EMU_native_sync_v4 ANDROID_EMU_dma_v1 ANDROID_EMU_direct_mem ANDROID_EMU_host_composition_v1 ANDROID_EMU_host_composition_v2 ANDROID_EMU_vulkan ANDROID_EMU_deferred_vulkan_commands ANDROID_EMU_vulkan_null_optional_strings ANDROID_EMU_vulkan_create_resources_with_requirements ANDROID_EMU_YUV_Cache ANDROID_EMU_vulkan_ignored_handle
03-27 15:45:36.766 27245-27281/? D/HostConnection: s ANDROID_EMU_has_shared_slots_host_memory_allocator ANDROID_EMU_vulkan_free_memory_sync ANDROID_EMU_vulkan_shader_float16_int8 ANDROID_EMU_vulkan_async_queue_submit ANDROID_EMU_vulkan_queue_submit_with_commands ANDROID_EMU_sync_buffer_data ANDROID_EMU_vulkan_async_qsri ANDROID_EMU_read_color_buffer_dma ANDROID_EMU_hwc_multi_configs GL_OES_EGL_image_external_essl3 GL_OES_vertex_array_object GL_KHR_texture_compression_astc_ldr ANDROID_EMU_host_side_tracing ANDROID_EMU_gles_max_version_3_1 
03-27 15:45:36.768 902-1191/? D/EGL_emulation: app_time_stats: avg=687.19ms min=8.96ms max=1834.27ms count=4
03-27 15:45:36.768 27245-27281/? W/OpenGLRenderer: Failed to choose config with EGL_SWAP_BEHAVIOR_PRESERVED, retrying without...
03-27 15:45:36.768 27245-27281/? W/OpenGLRenderer: Failed to initialize 101010-2 format, error = EGL_SUCCESS
03-27 15:45:36.769 27245-27281/? D/EGL_emulation: eglCreateContext: 0x7d62837e5310: maj 3 min 1 rcv 4
03-27 15:45:36.769 27245-27281/? D/EGL_emulation: eglMakeCurrent: 0x7d62837e5310: ver 3 1 (tinfo 0x7d64b7275080) (first time)
03-27 15:45:36.771 27276-27284/? D/CCodecConfig: c2 config diff is   Buffer coded.init-data.value = {
03-27 15:45:36.771 27276-27284/? D/CCodecConfig:     00000000:  00 00 00 01 67 42 c0 29  8d 68 0b 40 a1 a4 20 20  ....gB.).h.@..  
03-27 15:45:36.771 27276-27284/? D/CCodecConfig:     00000010:  20 20 f0 88 46 a0 00 00  00 01 68 ce 01 a8 35 c8    ..F.....h...5.
03-27 15:45:36.771 27276-27284/? D/CCodecConfig:   }
03-27 15:45:36.773 27276-27276/? D/MPEG4Writer: fpathconf _PC_FILESIZEBITS:64
03-27 15:45:36.773 27276-27276/? D/MPEG4Writer: File size limit set to 4503599627370495 bytes implicitly
03-27 15:45:36.773 27276-27276/? D/MPEG4Writer: MP4WtrCtrlHlpLooper Started
03-27 15:45:36.773 27276-27276/? I/MPEG4Writer: limits: 4503599627370495/0 bytes/us, bit rate: -1 bps and the estimated moov size 3192 bytes
03-27 15:45:36.775 27276-27302/? I/MPEG4Writer: setStartTimestampUs: 4161552142
03-27 15:45:36.775 27276-27302/? I/MPEG4Writer: Earliest track starting time: 4161552142
03-27 15:45:36.775 279-279/? I/hwservicemanager: getTransport: Cannot find entry android.hardware.graphics.mapper@4.0::IMapper/default in either framework or device VINTF manifest.
03-27 15:45:36.775 27245-27281/? I/Gralloc4: mapper 4.x is not supported
03-27 15:45:36.776 27245-27281/? D/HostConnection: createUnique: call
03-27 15:45:36.776 27245-27281/? D/HostConnection: HostConnection::get() New Host Connection established 0x7d62837e50d0, tid 27281
03-27 15:45:36.776 27245-27281/? D/goldfish-address-space: allocate: Ask for block of size 0x100
03-27 15:45:36.776 27245-27281/? D/goldfish-address-space: allocate: ioctl allocate returned offset 0x3e7ffe000 size 0x2000
03-27 15:45:36.795 279-279/? I/hwservicemanager: getTransport: Cannot find entry android.hardware.graphics.allocator@4.0::IAllocator/default in either framework or device VINTF manifest.
03-27 15:45:36.797 278-278/? I/servicemanager: Could not find android.hardware.graphics.allocator.IAllocator/default in the VINTF manifest.
03-27 15:45:36.797 27245-27281/? W/Gralloc4: allocator 4.x is not supported
03-27 15:45:36.798 450-484/? D/goldfish-address-space: claimShared: Ask to claim region [0x3ec000000 0x3ec926000]
03-27 15:45:36.799 482-520/? W/TransactionTracing: Could not find layer id -1
03-27 15:45:36.799 482-520/? W/TransactionTracing: Could not find layer id -1
03-27 15:45:36.799 482-520/? W/TransactionTracing: Could not find layer id -1
03-27 15:45:36.799 482-520/? W/TransactionTracing: Could not find layer id -1
03-27 15:45:36.805 27245-27281/? D/HostConnection: HostComposition ext ANDROID_EMU_CHECKSUM_HELPER_v1 ANDROID_EMU_native_sync_v2 ANDROID_EMU_native_sync_v3 ANDROID_EMU_native_sync_v4 ANDROID_EMU_dma_v1 ANDROID_EMU_direct_mem ANDROID_EMU_host_composition_v1 ANDROID_EMU_host_composition_v2 ANDROID_EMU_vulkan ANDROID_EMU_deferred_vulkan_commands ANDROID_EMU_vulkan_null_optional_strings ANDROID_EMU_vulkan_create_res
03-27 15:45:36.805 27245-27281/? D/HostConnection: ources_with_requirements ANDROID_EMU_YUV_Cache ANDROID_EMU_vulkan_ignored_handles ANDROID_EMU_has_shared_slots_host_memory_allocator ANDROID_EMU_vulkan_free_memory_sync ANDROID_EMU_vulkan_shader_float16_int8 ANDROID_EMU_vulkan_async_queue_submit ANDROID_EMU_vulkan_queue_submit_with_commands ANDROID_EMU_sync_buffer_data ANDROID_EMU_vulkan_async_qsri ANDROID_EMU_read_color_buffer_dma ANDROID_EMU_hwc_multi_configs GL_OES_EGL_image_external_essl3 GL_OES_vertex_array_object GL_KHR_texture_compression_astc_ldr ANDROID_EMU_host_side_tracing ANDROID_EMU_gles_max_version_3_1 
03-27 15:45:36.807 450-484/? D/goldfish-address-space: claimShared: Ask to claim region [0x3ed860000 0x3ee186000]
03-27 15:45:36.808 450-484/? D/goldfish-address-space: claimShared: Ask to claim region [0x3f1827000 0x3f214d000]
03-27 15:45:36.826 902-1191/? D/EGL_emulation: app_time_stats: avg=1437.90ms min=200.02ms max=2675.78ms count=2
03-27 15:45:36.845 27245-27281/? W/Parcel: Expecting binder but got null!
03-27 15:45:36.846 482-520/? W/TransactionTracing: Could not find layer handle 0x7321fa259250
03-27 15:45:36.852 672-701/? W/ziparchive: Unable to open '/data/app/~~AZmbGuQphIT3mSc4dUbQqQ==/com.example-JYplKpqG1IJkb3-k22IhFw==/base.dm': No such file or directory
03-27 15:45:36.854 672-701/? I/ActivityTaskManager: Displayed com.example/.MainActivity: +229ms
03-27 15:45:36.866 450-484/? D/goldfish-address-space: claimShared: Ask to claim region [0x3e8926000 0x3e8caa000]
03-27 15:45:36.867 482-520/? W/TransactionTracing: Could not find layer id -1
03-27 15:45:36.867 482-520/? W/TransactionTracing: Could not find layer id -1
03-27 15:45:36.871 672-805/? D/CompatibilityChangeReporter: Compat change id reported: 214016041; UID 10181; state: ENABLED
03-27 15:45:36.871 672-2765/? D/CoreBackPreview: Window{606f03c u0 Splash Screen com.example EXITING}: Setting back callback null
03-27 15:45:36.872 672-2086/? W/InputManager-JNI: Input channel object '606f03c Splash Screen com.example (client)' was disposed without first being removed with the input manager!
03-27 15:45:36.874 1668-1668/? I/GoogleInputMethodService: GoogleInputMethodService.onFinishInput():3220 
03-27 15:45:36.875 1668-1668/? I/GoogleInputMethodService: GoogleInputMethodService.updateDeviceLockedStatus():2114 repeatCheckTimes = 0, unlocked = true
03-27 15:45:36.876 1668-1668/? I/GoogleInputMethodService: GoogleInputMethodService.onStartInput():1919 onStartInput(EditorInfo{inputType=0x0(NULL) imeOptions=0x0 privateImeOptions=null actionName=UNSPECIFIED actionLabel=null actionId=0 initialSelStart=-1 initialSelEnd=
03-27 15:45:36.876 1668-1668/? I/GoogleInputMethodService: -1 initialCapsMode=0x0 hintText=null label=null packageName=com.example fieldId=-1 fieldName=null extras=null}, false)
03-27 15:45:36.876 1668-1668/? I/GoogleInputMethodService: GoogleInputMethodService.updateDeviceLockedStatus():2114 repeatCheckTimes = 2, unlocked = true
03-27 15:45:36.882 450-484/? D/goldfish-address-space: claimShared: Ask to claim region [0x3e8caa000 0x3e902e000]
03-27 15:45:36.906 482-520/? W/TransactionTracing: Could not find layer handle 0x7321fa255c50
03-27 15:45:36.906 482-520/? W/TransactionTracing: Could not find layer handle 0x7321fa259370
03-27 15:45:36.906 482-520/? W/TransactionTracing: Could not find layer handle 0x7321fa256670
03-27 15:45:36.906 482-520/? W/TransactionTracing: Could not find layer handle 0x7321fa256670
03-27 15:45:36.906 482-520/? W/TransactionTracing: Could not find layer handle 0x7321fa259370
03-27 15:45:36.913 482-520/? W/TransactionTracing: Could not find layer id -1
03-27 15:45:36.915 1020-1341/? D/BtGatt.ScanManager: uid 10106 isForeground true scanMode -1
03-27 15:45:36.915 1020-1341/? D/BtGatt.ScanManager: uid 10106 isForeground true scanMode -1
03-27 15:45:37.001 672-2086/? I/ActivityTaskManager: START u0 {act=android.intent.action.MAIN cat=[android.intent.category.LAUNCHER] flg=0x10000000 cmp=com.example.test/androidx.test.core.app.InstrumentationActivityInvoker$EmptyActivity} from uid 10181
03-27 15:45:37.004 672-2086/? V/SplashScreenExceptionList: SplashScreen checking exception for package com.example.test (target sdk:33) -> false
03-27 15:45:37.008 902-1083/? D/SplashScreenView: Build android.window.SplashScreenView{213aaf6 V.E...... ......ID 0,0-0,0}
03-27 15:45:37.008 902-1083/? D/SplashScreenView: Icon: view: null drawable: null size: 0
03-27 15:45:37.008 902-1083/? D/SplashScreenView: Branding: view: android.view.View{baeef7 G.ED..... ......I. 0,0-0,0 #10204db android:id/splashscreen_branding_view} drawable: null size w: 0 h: 0
03-27 15:45:37.021 27245-27245/? D/LifecycleMonitor: Lifecycle status change: com.example.MainActivity@dbbe86d in: PAUSED
03-27 15:45:37.021 27245-27245/? V/ActivityScenario: Update currentActivityStage to PAUSED, currentActivity=com.example.MainActivity@dbbe86d
03-27 15:45:37.022 19748-19748/? I/ProvidersCache: Updating roots due to change on user 0at content://com.android.providers.media.documents/root
03-27 15:45:37.022 672-805/? W/ActivityTaskManager: Tried to set launchTime (
03-27 15:45:37.022 672-805/? W/ActivityTaskManager: 0) < mLastActivityLaunchTime (4159099)
03-27 15:45:37.026 672-711/? D/IntervalStats: Unable to parse usage stats packages: [186, 187, 188, 189]
03-27 15:45:37.027 672-711/? D/IntervalStats: Unable to parse event packages: [188, 189]
03-27 15:45:37.029 482-520/? W/TransactionTracing: Could not find layer id -1
03-27 15:45:37.029 482-520/? W/TransactionTracing: Could not find layer id -1
03-27 15:45:37.029 482-520/? W/TransactionTracing: Could not find layer id -1
03-27 15:45:37.029 482-520/? W/TransactionTracing: Could not find layer id -1
03-27 15:45:37.029 482-520/? W/TransactionTracing: Could not find layer id -1
03-27 15:45:37.029 482-520/? W/TransactionTracing: Could not find layer id -1
03-27 15:45:37.029 482-520/? W/TransactionTracing: Could not find layer id -1
03-27 15:45:37.035 672-805/? D/CoreBackPreview: Window{37ac2a9 u0 Splash Screen com.example.test}: Setting back callback OnBackInvokedCallbackInfo{mCallback=android.window.IOnBackInvokedCallback$Stub$Proxy@b4197cf, mPriority=0}
03-27 15:45:37.041 672-2765/? D/CoreBackPreview: Window{613e065 u0 com.example.test/androidx.test.core.app.InstrumentationActivityInvoker$EmptyActivity}: Setting back callback OnBackInvokedCallbackInfo{mCallback=android.window.IOnBackInvokedCallback$Stub$Proxy@d2cfb48, mPriority=0}
03-27 15:45:37.048 19748-27357/? I/ProvidersCache: Provider returned no roots. Possibly naughty: com.google.android.apps.docs.storage
03-27 15:45:37.050 450-484/? D/goldfish-address-space: claimShared: Ask to claim region [0x3e8000000 0x3e8926000]
03-27 15:45:37.059 450-450/? D/goldfish-address-space: claimShared: Ask to claim region [0x3ea848000 0x3eb16e000]
03-27 15:45:37.060 450-450/? D/goldfish-address-space: claimShared: Ask to claim region [0x3e902e000 0x3e9954000]
03-27 15:45:37.061 450-450/? D/goldfish-address-space: claimShared: Ask to claim region [0x3ef681000 0x3effa7000]
03-27 15:45:37.062 902-1191/? W/Parcel: Expecting binder but got null!
03-27 15:45:37.069 450-484/? D/goldfish-address-space: claimShared: Ask to claim region [0x3f214d000 0x3f2a73000]
03-27 15:45:37.070 450-530/? D/goldfish-address-space: claimShared: Ask to claim region [0x3ee186000 0x3ee761000]
03-27 15:45:37.071 25552-25587/? W/Parcel: Expecting binder but got null!
03-27 15:45:37.072 450-484/? D/goldfish-address-space: claimShared: Ask to claim region [0x3f2a73000 0x3f3399000]
03-27 15:45:37.083 482-520/? W/TransactionTracing: Could not find layer handle 0x7321fa258710
03-27 15:45:37.084 482-520/? W/TransactionTracing: Could not find layer id -1
03-27 15:45:37.092 672-701/? W/ziparchive: Unable to open '/data/app/~~ofbq2_DhVsNnXQxU-96oJQ==/com.example.test-4NJ2mXyXDxuLw3b6Y7_HtA==/base.dm': No such file or directory
03-27 15:45:37.092 450-484/? D/goldfish-address-space: claimShared: Ask to claim region [0x3f3399000 0x3f3974000]
03-27 15:45:37.092 672-701/? I/ActivityTaskManager: Displayed com.example.test/androidx.test.core.app.InstrumentationActivityInvoker$EmptyActi
03-27 15:45:37.092 672-701/? I/ActivityTaskManager: vity: +89ms
03-27 15:45:37.103 672-805/? D/CoreBackPreview: Window{37ac2a9 u0 Splash Screen com.example.test EXITING}: Setting back callback null
03-27 15:45:37.103 672-2764/? W/InputManager-JNI: Input channel object '37ac2a9 Splash Screen com.example.test (client)' was disposed without first being removed with the input manager!
03-27 15:45:37.103 19748-19748/? I/ProvidersCache: Updating roots due to change on user 0at content://com.android.providers.media.documents/root
03-27 15:45:37.105 1668-1668/? I/GoogleInputMethodService: GoogleInputMethodService.onFinishInput():3220 
03-27 15:45:37.106 1668-1668/? I/GoogleInputMethodService: GoogleInputMethodService.updateDeviceLockedStatus():2114 repeatCheckTimes = 0, unlocked = true
03-27 15:45:37.106 1668-1668/? I/GoogleInputMethodService: GoogleInputMethodService.onStartInput():1919 onStartInput(EditorInfo{inputType=0x0(NULL) imeOptions=0x0 privateImeOptions=null actionName=UNSPECIFIED actionLabel=null actionId=0 initialSelStart=-1 initialSelEnd=-1 initialCapsMode=0x0 hintText=null label=null 
03-27 15:45:37.106 1668-1668/? I/GoogleInputMethodService: packageName=com.example.test fieldId=-1 fieldName=null extras=null}, false)
03-27 15:45:37.106 1668-1668/? I/GoogleInputMethodService: GoogleInputMethodService.updateDeviceLockedStatus():2114 repeatCheckTimes = 2, unlocked = true
03-27 15:45:37.107 1318-1332/? W/System: A resource failed to call release. 
03-27 15:45:37.107 1318-1332/? W/System: A resource failed to call release. 
03-27 15:45:37.107 1318-1332/? W/System: A resource failed to call release. 
03-27 15:45:37.107 1318-1332/? W/System: A resource failed to call release. 
03-27 15:45:37.107 1318-1332/? W/System: A resource failed to call release. 
03-27 15:45:37.107 1318-1332/? W/System: A resource failed to call release. 
03-27 15:45:37.107 1318-1332/? W/System: A resource failed to call release. 
03-27 15:45:37.107 1318-1332/? W/System: A resource failed to call release. 
03-27 15:45:37.107 1318-1332/? W/System: A resource failed to call release. 
03-27 15:45:37.108 672-2793/? W/ActivityManager: Unable to start service Intent { act=android.service.smartspace.SmartspaceService cmp=com.google.android.as/com.google.android.apps.miphone.aiai.app.AiAiSmartspaceService } U=0: not found
03-27 15:45:37.108 672-2793/? W/RemoteSmartspaceService: could not bind to Intent { act=android.service.smartspace.SmartspaceService cmp=com.google.android.as/com.google.android.apps.miphone.aiai.app.AiAiSmartspaceService } using flags 67112961
03-27 15:45:37.109 672-672/? W/ActivityManager: Unbind failed: could not find connection for android.app.LoadedApk$ServiceDispatcher$InnerConnection@4cff066
03-27 15:45:37.110 1020-1341/? D/BtGatt.ScanManager: uid 10106 isForeground true scanMode -1
03-27 15:45:37.110 1020-1341/? D/BtGatt.ScanManager: uid 10106 isForeground true scanMode -1
03-27 15:45:37.115 672-984/? W/ActivityManager: Unable to start service Intent { act=android.service.smartspace.SmartspaceService cmp=com.google.android.as/com.google.android.apps.miphone.aiai.app.AiAiSmartspaceService } U=0: not found
03-27 15:45:37.115 672-984/? W/RemoteSmartspaceService: could not bind to Intent { act=android.service.smartspace.SmartspaceService cmp=com.google.android.as/com.google.android.apps.miphone.aiai.app.AiAiSmartspaceService } using flags 67112961
03-27 15:45:37.116 672-672/? W/ActivityManager: Unbind failed: could not find connection for android.app.LoadedApk$ServiceDispatcher$InnerConnection@8cc26f9
03-27 15:45:37.116 450-484/? D/goldfish-address-space: claimShared: Ask to claim region [0x3e902e000 0x3e93b2000]
03-27 15:45:37.117 450-530/? D/goldfish-address-space: claimShared: Ask to claim region [0x3ef681000 0x3effa7000]
03-27 15:45:37.119 450-530/? D/goldfish-address-space: claimShared: Ask to claim region [0x3ee761000 0x3ef087000]
03-27 15:45:37.120 27245-27245/? D/LifecycleMonitor: Lifecycle status change: com.example.MainActivity@dbbe86d in: STOPPED
03-27 15:45:37.120 27245-27245/? V/ActivityScenario: Update currentActivityStage to STOPPED, currentActivity=com.example.MainActivity@dbbe86d
03-27 15:45:37.129 450-530/? D/goldfish-address-space: claimShared: Ask to claim region [0x3ec926000 0x3ed24c000]
03-27 15:45:37.130 450-484/? D/goldfish-address-space: claimShared: Ask to claim region [0x3ed860000 0x3ee186000]
03-27 15:45:37.130 482-520/? W/TransactionTracing: Could not find layer handle 0x7321fa254690
03-27 15:45:37.130 482-520/? W/TransactionTracing: Could not find layer handle 0x7321fa254ff0
03-27 15:45:37.130 482-520/? W/TransactionTracing: Could not find layer handle 0x7321fa258a70
03-27 15:45:37.130 482-520/? W/TransactionTracing: Cou
03-27 15:45:37.130 482-520/? W/TransactionTracing: ld not find layer handle 0x7321fa2541b0
03-27 15:45:37.130 482-520/? W/TransactionTracing: Could not find layer handle 0x7321fa255710
03-27 15:45:37.130 482-520/? W/TransactionTracing: Could not find layer handle 0x7321fa255710
03-27 15:45:37.130 482-520/? W/TransactionTracing: Could not find layer handle 0x7321fa2541b0
03-27 15:45:37.130 482-520/? W/TransactionTracing: Could not find layer id -1
03-27 15:45:37.130 482-520/? W/TransactionTracing: Could not find layer id -1
03-27 15:45:37.130 482-520/? W/TransactionTracing: Could not find layer id -1
03-27 15:45:37.133 450-484/? D/goldfish-address-space: claimShared: Ask to claim region [0x3f1827000 0x3f214d000]
03-27 15:45:37.135 27245-27245/? D/LifecycleMonitor: Lifecycle status change: com.example.MainActivity@dbbe86d in: DESTROYED
03-27 15:45:37.135 27245-27245/? V/ActivityScenario: Update currentActivityStage to DESTROYED, currentActivity=null
03-27 15:45:37.135 672-2086/? D/CoreBackPreview: Window{6821446 u0 com.example/com.example.MainActivity}: Setting back callback null
03-27 15:45:37.136 672-2086/? W/InputManager-JNI: Input channel object '6821446 com.example/com.example.MainActivity (client)' was disposed without first being removed with the input manager!
03-27 15:45:37.138 1947-1947/? I/GsaVoiceInteractionSrv: Handling ACTION_START_HOTWORD
03-27 15:45:37.145 27245-27377/? V/UiAutomation: Init UiAutomation@f3714ba[id=15, flags=0]
03-27 15:45:37.147 672-672/? D/BatterySaverPolicy: accessibility changed to true, updating policy.
03-27 15:45:37.149 450-484/? D/goldfish-address-space: claimShared: Ask to claim region [0x3e8000000 0x3e8926000]
03-27 15:45:37.150 2141-2682/? I/A: NGA disabled due to not being eligible.
03-27 15:45:37.150 1220-1220/? V/SafetyCenterAccessibilityListener: accessibility event occurred, safety center feature not enabled.
03-27 15:45:37.151 482-520/? W/TransactionTracing: Could not find layer handle 0x7321fa258590
03-27 15:45:37.152 450-484/? D/goldfish-address-space: claimShared: Ask to claim region [0x3f0000000 0x3f0926000]
03-27 15:45:37.152 1947-2799/? I/GsaVoiceInteractionSrv: disregardVoiceMatch: false
03-27 15:45:37.152 1947-2799/? I/GsaVoiceInteractionSrv: Cannot start hotword, hotword has been explicitly disabled.
03-27 15:45:37.154 450-484/? D/goldfish-address-space: claimShared: Ask to claim region [0x3e93b2000 0x3e9736000]
03-27 15:45:37.159 279-279/? I/hwservicemanager: getTransport: Cannot find entry android.hardware.graphics.mapper@4.0::IMapper/default in either framework or device VINTF manifest.
03-27 15:45:37.159 27225-27237/? I/Gralloc4: mapper 4.x is not supported
03-27 15:45:37.169 27225-27237/? D/HostConnection: createUnique: call
03-27 15:45:37.169 27225-27237/? D/HostConnection: HostConnection::get() New Host Connection established 0x7767b11ac210, tid 27237
03-27 15:45:37.169 27225-27237/? D/goldfish-address-space: allocate: Ask for block of size 0x100
03-27 15:45:37.169 27225-27237/? D/goldfish-address-space: allocate: ioctl allocate returned offset 0x3e7ffe000 size 0x2000
03-27 15:45:37.169 27225-27237/? D/goldfish-address-space: [ 03-27 15:45:37.169   482:  520 W/Transaction
03-27 15:45:37.169 27225-27237/? D/goldfish-address-space: Tracing ]
03-27 15:45:37.169 27225-27237/? D/goldfish-address-space: Could not find layer id -1
03-27 15:45:37.193 450-484/? D/goldfish-address-space: claimShared: Ask to claim region [0x3e9736000 0x3e9aba000]
03-27 15:45:37.198 27225-27237/? D/HostConnection: HostComposition ext ANDROID_EMU_CHECKSUM_HELPER_v1 ANDROID_EMU_native_sync_v2 ANDROID_EMU_native_sync_v3 ANDROID_EMU_native_sync_v4 ANDROID_EMU_dma_v1 ANDROID_EMU_direct_mem ANDROID_EMU_host_composition_v1 ANDROID_EMU_host_composition_v2 ANDROID_EMU_vulkan ANDROID_EMU_deferred_vulkan_commands ANDROID_EMU_vulkan_null_optional_strings ANDROID_EMU_vulkan_create_resources_with_requirements ANDROID_EMU_YUV_Cache ANDROID_EMU_vulkan_ignored_handles ANDROID_EMU_has_shared_slots_host_memory_allocator ANDROID_EMU_vulkan_free_memory_sync ANDROID_EMU_vulkan_shader_float16_int8 ANDROID_EMU_vulkan_async_queue_submit ANDROID_EMU_vulkan_queue_submit_with_commands ANDROID_EMU_sync_buffer_data ANDROID_EMU_vulkan_async_qsri ANDROID_EMU_read_color_buffer_dma ANDROID_EMU_hwc_multi_configs GL_OES_EGL_image_external_essl3 GL_OES_vertex_array_object GL_KHR_texture_compression_astc_ldr ANDROID_EMU_host_side_tracing ANDROID_EMU_gles_max_version_3_1 
03-27 15:45:37.201 672-805/? D/CoreBackPreview: Window{613e065 u0 com.example.test/androidx.test.core.app.InstrumentationActivityInvoker$EmptyActivity}: Setting back callback null
03-27 15:45:37.202 672-805/? W/InputManager-JNI: Input channel object '613e065 com.example.test/androidx.test.core.app.InstrumentationActivityInvoker$EmptyActivity (client)' was disposed without first being removed with the input manager!
03-27 15:45:37.206 450-484/? D/goldfish-address-space: claimShared: Ask to claim region [0x3ec000000 0x3ec384000]
03-27 15:45:37.207 1668-1668/? I/GoogleInputMethodService: GoogleInputMethodService.onFinishInput():3220 
03-27 15:45:37.211 2141-2141/? W/A: Can't get WAA status for Mavatar!
03-27 15:45:37.211 2141-2141/? W/A: java.lang.NullPointerException: Attempt to invoke virtual method 'java.lang.Class java.lang.Object.getClass()' on a null object reference
03-27 15:45:37.211 2141-2141/? W/A: 	at com.google.apps.tiktok.dataservice.z.b(PG:1)
03-27 15:45:37.211 2141-2141/? W/A: 	at com.google.apps.tiktok.dataservice.at.a(PG:1)
03-27 15:45:37.211 2141-2141/? W/A: 	at com.google.apps.tiktok.tracing.ec.a(PG:2)
03-27 15:45:37.211 2141-2141/? W/A: 	at com.google.common.util.concurrent.aj.a(PG:2)
03-27 15:45:37.211 2141-2141/? W/A: 	at com.google.common.util.concurrent.ac.apply(PG:1)
03-27 15:45:37.211 2141-2141/? W/A: 	at com.google.common.util.conc
03-27 15:45:37.211 2141-2141/? W/A: urrent.h.e(PG:2)
03-27 15:45:37.211 2141-2141/? W/A: 	at com.google.common.util.concurrent.j.run(PG:9)
03-27 15:45:37.211 2141-2141/? W/A: 	at com.google.common.util.concurrent.bf.execute(PG:1)
03-27 15:45:37.211 2141-2141/? W/A: 	at com.google.common.util.concurrent.d.i(PG:1)
03-27 15:45:37.211 2141-2141/? W/A: 	at com.google.common.util.concurrent.d.iq(PG:5)
03-27 15:45:37.211 2141-2141/? W/A: 	at com.google.common.util.concurrent.j.h(PG:2)
03-27 15:45:37.211 2141-2141/? W/A: 	at com.google.common.util.concurrent.ax.d(PG:1)
03-27 15:45:37.211 2141-2141/? W/A: 	at com.google.apps.tiktok.dataservice.au.a(PG:5)
03-27 15:45:37.211 2141-2141/? W/A: 	at com.google.apps.tiktok.dataservice.dr.c(PG:5)
03-27 15:45:37.211 2141-2141/? W/A: 	at com.google.apps.tiktok.dataservice.dp.run(PG:6)
03-27 15:45:37.211 2141-2141/? W/A: 	at com.google.apps.tiktok.concurrent.ak.run(PG:6)
