03-27 15:45:05.180 450-530/? D/goldfish-address-space: claimShared: Ask to claim region [0x3e924c000 0x3e9b72000]
03-27 15:45:05.181 902-1191/? W/Parcel: Expecting binder but got null!
03-27 15:45:05.186 25937-25937/? D/LifecycleMonitor: Lifecycle status change: com.example.MainActivity@2bb6884 in: PRE_ON_CREATE
03-27 15:45:05.186 25937-25970/? D/libEGL: loaded /vendor/lib64/egl/libEGL_emulation.so
03-27 15:45:05.186 25937-25937/? V/ActivityScenario: Activity lifecycle changed event received but ignored because the reported transition was not ON_CREATE while the last known transition was PRE_ON_CREATE
03-27 15:45:05.187 25937-25970/? D/libEGL: loaded /vendor/lib64/egl/libGLESv1_CM_emulation.so
03-27 15:45:05.189 25937-25970/? D/libEGL: loaded /vendor/lib64/egl/libGLESv2_emulation.so
03-27 15:45:05.197 482-520/? W/TransactionTracing: Could not find layer id -1
03-27 15:45:05.197 482-520/? W/TransactionTracing: Could not find layer id -1
03-27 15:45:05.213 482-520/? W/TransactionTracing: Could not find layer handle 0x7321fa256850
03-27 15:45:05.213 482-520/? W/TransactionTracing: Could not find layer handle 0x7321fa2575d0
03-27 15:45:05.213 482-520/? W/TransactionTracing: Could not find layer handle 0x7321fa2575d0
03-27 15:45:05.213 482-520/? W/TransactionTracing: Could not find layer handle 0x7321fa256850
03-27 15:45:05.216 672-2765/? W/ActivityManager: Unable to start service Intent { act=android.service.smartspace.SmartspaceService cmp=com.google.android.as/com.google.android.apps.miphone.aiai.app.AiAiSmartspaceService } U=0: not found
03-27 15:45:05.216 672-2765/? W/RemoteSmartspaceService: could not bind to Intent { act=android.service.smartspace.SmartspaceService cmp=com.google.android.as/com.google.android.apps.miphone.aiai.app.AiAiSmartspaceService } using flags 67112961
03-27 15:45:05.224 902-1191/? D/EGL_emulation: app_time_stats: avg=55.45ms min=0.79ms max=1809.01ms count=38
03-27 15:45:05.224 672-672/? W/ActivityManager: Unbind failed: could not find connection for android.app.LoadedApk$ServiceDispatcher$InnerConnection@90ea891
03-27 15:45:05.233 25937-25937/? D/CompatibilityChangeReporter: Compat change id reported: 210923482; UID 10181; state: ENABLED
03-27 15:45:05.242 25937-25937/? D/LifecycleMonitor: Lifecycle status change: com.example.MainActivity@2bb6884 in: CREATED
03-27 15:45:05.242 25937-25937/? V/ActivityScenario: Update currentActivityStage to CREATED, currentActivity=com.example.MainActivity@2bb6884
03-27 15:45:05.243 25937-25937/? D/LifecycleMonitor: Lifecycle status change: com.example.MainActivity@2bb6884 in: STARTED
03-27 15:45:05.243 25937-25937/? V/ActivityScenario: Update currentActivityStage to STARTED, currentActivity=com.example.MainActivity@2bb6884
03-27 15:45:05.245 25937-25937/? D/LifecycleMonitor: Lifecycle status change: com.example.MainActivity@2bb6884 in: RESUMED
03-27 15:45:05.245 25937-25937/? V/ActivityScenario: Update currentActivityStage to RESUMED, currentActivity=com.example.MainActivity@2bb6884
03-27 15:45:05.252 1876-2098/? W/MediaProvider: isAppCloneUserPair for user 0: false
03-27 15:45:05.253 1876-2098/? V/MediaProvider: Inserted id:1000000099 less than next row id backup:1000001000.
03-27 15:45:05.254 672-1110/? D/CoreBackPreview: Window{da2b0d0 u0 com.example/com.example.MainActivity}: Setting back callback OnBackInvokedCallbackInfo{mCallback=android.window.IOnBackInvokedCallback$Stub$Proxy@d93bbce, mPriority=0}
03-27 15:45:05.257 25974-25974/? D/MediaCodecList: codecHandlesFormat: no format, so no extra checks
03-27 15:45:05.257 25974-25978/? D/CCodec: allocate(c2.android.avc.encoder)
03-27 15:45:05.258 25974-25978/? I/Codec2Client: Available Codec2 services: "default" "software"
03-27 15:45:05.259 25974-25978/? I/CCodec: setting up 'default' as default (vendor) store
03-27 15:45:05.261 578-7319/? V/C2Store: in init
03-27 15:45:05.261 578-7319/? V/C2Store: loading dll
03-27 15:45:05.261 578-7319/? I/mediaswcodec: missing struct descriptor #Param::CoreIndex(--004) for field values of struct #Param::CoreIndex(F-12004)
03-27 15:45:05.261 578-7319/? I/mediaswcodec: missing struct descriptor #Param::CoreIndex(--1812) for field values of struct #Param::CoreIndex(F-11812)
03-27 15:45:05.262 578-7319/? I/mediaswcodec: missing struct descriptor #Param::CoreIndex(--004) for field values of struct #Param::CoreIndex(F-12004)
03-27 15:45:05.262 578-7319/? I/mediaswcodec: missing struct descriptor #Param::CoreIndex(--1812) for field values of struct #Param::CoreIndex(F-11812)
03-27 15:45:05.263 25974-25978/? I/CCodec: Created component [c2.android.avc.encoder]
03-27 15:45:05.263 25974-25978/? D/CCodecConfig: read media type: video/avc
03-27 15:45:05.263 25974-25978/? D/ReflectedParamUpdater: extent() != 1 for single value type: algo.buffers.max-count.values
03-27 15:45:05.264 25974-25978/? D/ReflectedParamUpdater: extent() != 1 for single value type: output.subscribed-indices.values
03-27 15:45:05.264 25974-25978/? D/ReflectedParamUpdater: [ 03
03-27 15:45:05.264 25974-25978/? D/ReflectedParamUpdater: -27 15:45:05.264 25974:25978 D/ReflectedParamUpdater ]
03-27 15:45:05.264 25974-25978/? D/ReflectedParamUpdater: extent() != 1 for single value type: input.buffers.allocator-ids.values
03-27 15:45:05.264 25974-25978/? D/ReflectedParamUpdater: extent() != 1 for single value type: output.buffers.allocator-ids.values
03-27 15:45:05.264 25974-25978/? D/ReflectedParamUpdater: extent() != 1 for single value type: algo.buffers.allocator-ids.values
03-27 15:45:05.264 25974-25978/? D/ReflectedParamUpdater: extent() != 1 for single value type: output.buffers.pool-ids.values
03-27 15:45:05.264 25974-25978/? D/ReflectedParamUpdater: extent() != 1 for single value type: algo.buffers.pool-ids.values
03-27 15:45:05.264 25974-25978/? D/ReflectedParamUpdater: ignored struct field coding.gop.values
03-27 15:45:05.264 25974-25978/? D/ReflectedParamUpdater: ignored struct field coding.qp.values
03-27 15:45:05.265 25974-25978/? D/CCodecConfig: ignoring local param raw.color (0xc2001809) as it is already supported
03-27 15:45:05.265 25974-25978/? I/CCodecConfig: query failed after returning 12 values (BAD_INDEX)
03-27 15:45:05.265 25974-25978/? D/CCodecConfig: c2 config diff is Dict {
03-27 15:45:05.265 25974-25978/? D/CCodecConfig:   c2::i32 coded.average-qp.value = 0
03-27 15:45:05.265 25974-25978/? D/CCodecConfig:   c2::u32 coded.bitrate.value = 64000
03-27 15:45:05.265 25974-25978/? D/CCodecConfig:   c2::float coded.frame-rate.value = 1
03-27 15:45:05.265 25974-25978/? D/CCodecConfig:   c2::u32 coded.picture-type.value = 0
03-27 15:45:05.265 25974-25978/? D/CCodecConfig:   c2::u32 coded.pl.level = 20492
03-27 15:45:05.265 25974-25978/? D/CCodecConfig:   c2::u32 coded.pl.profile = 20481
03-27 15:45:05.265 25974-25978/? D/CCodecConfig:   c2::u32 coded.vui.color.matrix = 0
03-27 15:45:05.265 25974-25978/? D/CCodecConfig:   c2::u32 coded.vui.color.primaries = 0
03-27 15:45:05.265 25974-25978/? D/CCodecConfig:   c2::u32 coded.vui.color.range = 0
03-27 15:45:05.265 25974-25978/? D/CCodecConfig:   c2::u32 coded.vui.color.transfer = 0
03-27 15:45:05.265 25974-25978/? D/CCodecConfig:   c2::u32 coding.intra-refresh.mode = 0
03-27 15:45:05.265 25974-25978/? D/CCodecConfig:   c2::float coding.intra-refresh.period = 0
03-27 15:45:05.265 25974-25978/? D/CCodecConfig:   c2::u32 coding.request-sync-frame.value = 0
03-27 15:45:05.265 25974-25978/? D/CCodecConfig:   c2::i64 coding.sync-frame-interval.value = 1000000
03-27 15:45:05.265 25974-25978/? D/CCodecConfig:   c2::u32 input.delay.value = 0
03-27 15:45:05.265 25974-25978/? D/CCodecConfig:   string input.media-type.value = "video/raw"
03-27 15:45:05.265 25974-25978/? D/CCodecConfig:   string output.media-type.value = "video/avc"
03-27 15:45:05.265 25974-25978/? D/CCodecConfig:   c2::u32 raw.color.matrix = 0
03-27 15:45:05.265 25974-25978/? D/CCodecConfig:   c2::u32 raw.color.primaries = 0
03-27 15:45:05.265 25974-25978/? D/CCodecConfig:   c2::u32 raw.color.range = 0
03-27 15:45:05.265 25974-25978/? D/CCodecConfig:   c2::u32 raw.color.transfer = 0
03-27 15:45:05.265 25974-25978/? D/CCodecConfig:   c2::u32 raw.size.height = 16
03-27 15:45:05.265 25974-25978/? D/CCodecConfig:   c2::u32 raw.size.width = 16
03-27 15:45:05.265 25974-25978/? D/CCodecConfig: }
03-27 15:45:05.266 25974-25978/? W/ColorUtils: expected specified color aspects (0:0:0:0)
03-27 15:45:05.268 25974-25974/? D/CodecSeeding: Seed: codec c2.android.avc.encoder, mediatype video/avc, overrideable 1
03-27 15:45:05.268 25974-25974/? D/CodecProperties: setTuningValue(vq-target-bpp,0)
03-27 15:45:05.268 25974-25974/? D/CodecProperties: setTuningValue(vq-target-bpp-1080p,1.90)
03-27 15:45:05.268 25974-25974/? D/CodecProperties: setTuningValue(vq-target-bpp-720p,2.25)
03-27 15:45:05.268 25974-25974/? D/CodecProperties: setTuningValue(vq-target-bpp-540p,2.65)
03-27 15:45:05.268 25974-25974/? D/CodecProperties: setTuningValue(vq-target-bpp-480p,3.00)
03-27 15:45:05.268 25974-25974/? D/CodecProperties: setTuningValue(vq-target-bpp-320x240,0)
03-27 15:45:05.268 25974-25974/? D/CodecProperties: setTuningValue(vq-target-qpmax,-1)
03-27 15:45:05.268 25974-25974/? D/CodecProperties: setTuningValue(vq-target-qpmax-1080p,45)
03-27 15:45:05.268 25974-25974/? D/CodecProperties: setTuningValue(vq-target-qpmax-720p,43)
03-27 15:45:05.268 25974-25974/? D/CodecProperties: setTuningValue(vq-target-qpmax-540p,42)
03-27 15:45:05.268 25974-25974/? D/CodecProperties: setTuningValue(vq-target-qpmax-480p,38)
03-27 15:45:05.268 25974-25974/? D/CodecProperties: setTuningValue(vq-bitrate-phaseout,1.75)
03-27 15:45:05.268 25974-25974/? D/CodecProperties: setTuningValue(vq-boost-missing-qp,0.20)
03-27 15:45:05.268 25974-25974/? D/CodecProperties: setFeatureValue(intra-refresh,0)
03-27 15:45:05.268 25974-25974/? D/CodecProperties: setFeatureValue(qp-bounds,0)
03-27 15:45:05.268 25974-25974/? D/CodecProperties: setFeatureValue(_vq_eligible.device,1)
03-27 15:45:05.268 25974-25974/? D/CodecProperties: setFeatureValue(_quality.target,1)
03-27 15:45:05.268 25974-25974/? D/CodecSeeding: Seed: codec c2.android.avc.encoder, mediatype video/avc, overrideable 0
03-27 15:45:05.268 25974-25974/? D/VQApply: raise bitrate: configured 1000000 to floor 2073600
03-27 15:45:05.268 25974-25974/? D/VQApply: minquality by QP: inject video-qp-max=43
03-27 15:45:05.268 25974-25974/? D/VQApply: minquality/target bitrate raised from 1000000 to 2073600 bps
03-27 15:45:05.268 25974-25974/? D/MediaCodec: shapeMediaFormat: deltas(6): AMessage(what = 0x00000000) = {
03-27 15:45:05.268 25974-25974/? D/MediaCodec:     int32_t bitrate = 2073600
03-27 15:45:05.268 25974-25974/? D/MediaCodec:     int32_t android._encoding-quality-level = 0
03-27 15:45:05.268 25974-25974/? D/MediaCodec:     int32_t video-qp-max = 43
03-27 15:45:05.268 25974-25974/? D/MediaCodec:     int32_t video-qp-i-max = 43
03-27 15:45:05.268 25974-25974/? D/MediaCodec:     int32_t video-qp-p-max = 46
03-27 15:45:05.268 25974-25974/? D/MediaCodec:     int32_t video-qp-b-max = 49
03-27 15:45:05.268 25974-25974/? D/MediaCodec:   }
03-27 15:45:05.268 25974-25978/? D/CCodec: [c2.android.avc.encoder] buffers are bound to CCodec for this session
03-27 15:45:05.269 25974-25978/? D/CCodecConfig: no c2 equivalents for color-format
03-27 15:45:05.269 25974-25978/? D/CCodecConfig: no c2 equivalents for max-bframes
03-27 15:45:05.269 25974-25978/? D/CCodecConfig: no c2 equivalents for video-qp-max
03-27 15:45:05.269 25974-25978/? D/CCodecConfig: no c2 equivalents for video-qp-i-max
03-27 15:45:05.269 25974-25978/? D/CCodecConfig: no c2 equivalents for video-qp-p-max
03-27 15:45:05.269 25974-25978/? D/CCodecConfig: no c2 equivalents for video-qp-b-max
03-27 15:45:05.269 25974-25978/? D/CCodecConfig: no c2 equivalents for flags
03-27 15:45:05.269 25974-25978/? D/CCodecConfig: no c2 equivalents for encoder
03-27 15:45:05.269 25974-25978/? D/CCodecConfig: c2 config diff is   c2::u32 coded.bitrate.value = 2073600
03-27 15:45:05.269 25974-25978/? D/CCodecConfig:   c2::float coded.frame-rate.value = 60
03-27 15:45:05.269 25974-25978/? D/CCodecConfig:   c2::i64 coding.sync-frame-interval.value = 10000000
03-27 15:45:05.269 25974-25978/? D/CCodecConfig:   c2::u32 raw.size.height = 1280
03-27 15:45:05.269 25974-25978/? D/CCodecConfig:   c2::u32 raw.size.width = 720
03-27 15:45:05.269 25974-25978/? W/ColorUtils: expected specified color aspects (0:0:0:0)
03-27 15:45:05.269 25974-25978/? D/CCodec: encoding statistics level = 0
03-27 15:45:05.269 25974-25978/? D/CCodec: setup formats input: AMessage(what = 0x00000000) = {
03-27 15:45:05.269 25974-25978/? D/CCodec:   Rect crop(0, 0, 719, 1279)
03-27 15:45:05.269 25974-25978/? D/CCodec:   int32_t color-standard = 0
03-27 15:45:05.269 25974-25978/? D/CCodec:   int32_t color-range = 0
03-27 15:45:05.269 25974-25978/? D/CCodec:   int32_t color-transfer = 0
03-27 15:45:05.269 25974-25978/? D/CCodec:   int32_t frame-rate = 60
03-27 15:45:05.269 25974-25978/? D/CCodec:   int32_t height = 1280
03-27 15:45:05.269 25974-25978/? D/CCodec:   int32_t intra-refresh-period = 0
03-27 15:45:05.269 25974-25978/? D/CCodec:   string mime = "video/raw"
03-27 15:45:05.269 25974-25978/? D/CCodec:   int32_t video-qp-average = 0
03-27 15:45:05.269 25974-25978/? D/CCodec:   int32_t width = 720
03-27 15:45:05.269 25974-25978/? D/CCodec:   int32_t android._dataspace = 0
03-27 15:45:05.269 25974-25978/? D/CCodec:   int32_t using-sw-read-often = 1
03-27 15:45:05.269 25974-25978/? D/CCodec:   int64_t android._C2MemoryUsage = 1
03-27 15:45:05.269 25974-25978/? D/CCodec:   int32_t color-format = 2130708361
03-27 15:45:05.269 25974-25978/? D/CCodec:   int32_t android._color-format = 2130708361
03-27 15:45:05.269 25974-25978/? D/CCodec: }
03-27 15:45:05.270 25974-25978/? D/CCodec: setup formats output: AMessage(what = 0x00000000) = {
03-27 15:45:05.270 25974-25978/? D/CCodec:   int32_t bitrate = 2073600
03-27 15:45:05.270 25974-25978/? D/CCodec:   Rect crop(0, 0, 719, 1279)
03-27 15:45:05.270 25974-25978/? D/CCodec:   int32_t color-standard = 0
03-27 15:45:05.270 25974-25978/? D/CCodec:   int32_t color-range = 0
03-27 15:45:05.270 25974-25978/? D/CCodec:   int32_t color-transfer = 0
03-27 15:45:05.270 25974-25978/? D/CCodec:   int32_t frame-rate = 60
03-27 15:45:05.270 25974-25978/? D/CCodec:   int32_t height = 1280
03-27 15:45:05.270 25974-25978/? D/CCodec:   int32_t intra-refresh-period = 0
03-27 15:45:05.270 25974-25978/? D/CCodec:   int32_t level = 4096
03-27 15:45:05.270 25974-25978/? D/CCodec:   int32_t max-bitrate = 2073600
03-27 15:45:05.270 25974-25978/? D/CCodec:   string mime = "video/avc"
03-27 15:45:05.270 25974-25978/? D/CCodec:   int32_t profile = 65536
03-27 15:45:05.270 25974-25978/? D/CCodec:   int32_t video-qp-average = 0
03-27 15:45:05.270 25974-25978/? D/CCodec:   int32_t width = 720
03-27 15:45:05.270 25974-25978/? D/CCodec: }
03-27 15:45:05.270 25974-25978/? I/CCodecConfig: query failed after returning 13 values (BAD_INDEX)
03-27 15:45:05.270 25974-25978/? D/CCodec: input format changed to AMessage(what = 0x00000000) = {
03-27 15:45:05.270 25974-25978/? D/CCodec:   Rect crop(0, 0, 719, 1279)
03-27 15:45:05.270 25974-25978/? D/CCodec:   int32_t color-standard = 1
03-27 15:45:05.270 25974-25978/? D/CCodec:   int32_t color-range = 2
03-27 15:45:05.270 25974-25978/? D/CCodec:   int32_t color-transfer = 3
03-27 15:45:05.270 25974-25978/? D/CCodec:   int32_t frame-rate = 60
03-27 15:45:05.270 25974-25978/? D/CCodec:   int32_t height = 1280
03-27 15:45:05.270 25974-25978/? D/CCodec:   int32_t intra-refresh-period = 0
03-27 15:45:05.270 25974-25978/? D/CCodec:   string mime = "video/raw"
03-27 15:45:05.270 25974-25978/? D/CCodec:   int32_t video-qp-average = 0
03-27 15:45:05.270 25974-25978/? D/CCodec:   int32_t width = 720
03-27 15:45:05.270 25974-25978/? D/CCodec:   int32_t android._dataspace = 260
03-27 15:45:05.270 25974-25978/? D/CCodec:   int32_t using-sw-read-often = 1
03-27 15:45:05.270 25974-25978/? D/CCodec:   int64_t android._C2MemoryUsage = 1
03-27 15:45:05.270 25974-25978/? D/CCodec:   int32_t color-format = 2130708361
03-27 15:45:05.270 25974-25978/? D/CCodec:   int32_t android._color-format = 2130708361
03-27 15:45:05.270 25974-25978/? D/CCodec: }
03-27 15:45:05.270 25974-25978/? D/GraphicBufferSource: setting dataspace: 0x104, acquired=0
03-27 15:45:05.270 25974-25978/? D/CCodec: ISConfig not changed
03-27 15:45:05.271 25974-25978/? W/Codec2Client: query -- param skipped: index = 1342179345.
03-27 15:45:05.271 25974-25978/? W/Codec2Client: query -- param skipped: index = 2415921170.
03-27 15:45:05.271 25974-25978/? D/CCodecBufferChannel: [c2.android.avc.encoder#612] Using basic input block pool with poolID 1 => got 1 - OK (0)
03-27 15:45:05.271 25974-25978/? D/C2Store: Using DMABUF Heaps
03-27 15:45:05.272 25974-25978/? I/CCodecBufferChannel: [c2.android.avc.encoder#612] Created output block pool with allocatorID 16 => poolID 81 - OK
03-27 15:45:05.272 25974-25978/? D/CCodecBufferChannel: [c2.android.avc.encoder#612] Configured output block pool ids 81 => OK
03-27 15:45:05.273 570-570/? W/ResourceManagerService: Ignoring request to add new resource entry with value <= 0
03-27 15:45:05.273 1394-19817/? I/NetworkScheduler.Stats: Task com.google.android.gms/com.google.android.gms.ipa.base.IpaGcmTaskService started execution. cause:9 exec_start_elapsed_seconds: 4130 [CONTEXT service_id=218 ]
03-27 15:45:05.275 25937-25966/? D/HostConnection: createUnique: call
03-27 15:45:05.275 25937-25966/? D/HostConnection: HostConnection::get() New Host Connection established 0x7d62837e5310, tid 25966
03-27 15:45:05.278 1394-25328/? I/NetworkScheduler.Stats: Task com.google.android.gms/com.google.android.gms.ipa.base.IpaGcmTaskService finished executing. cause:9 result: 1 elapsed_millis: 12 uptime_millis: 12 exec_start_elapsed_seconds: 4130 [CONTEXT service_id=218 ]
03-27 15:45:05.282 25937-25966/? D/HostConnection: HostComposition ext ANDROID_EMU_CHECKSUM_HELPER_v1 ANDROID_EMU_native_sync_v2 ANDROID_EMU_native_sync_v3 ANDROID_EMU_native_sync_v4 ANDROID_EMU_dma_v1 ANDROID_EMU_direct_mem ANDROID_EMU_host_composition_v1 ANDROID_EMU_host_composition_v2 ANDROID_EMU_vulkan ANDROID_EMU_deferred_vulkan_commands ANDROID_EMU_vulkan_null_optional_strings ANDROID_EMU_vulkan_create_resources_with_requirements ANDROID_EMU_YUV_Cache ANDROID_EMU_vulkan_ignored_handles ANDROID_EMU_has_shared_slots_host_memory_allocator ANDROID_EMU_vulkan_free_memory_sync ANDROID_EMU_vulkan_shader_float16_int8 ANDROID_EMU_vulkan_async_queue_submit ANDROID_EMU_vulkan_queue_submit_with_commands ANDROID_EMU_sync_buffer_data ANDROID_EMU_vulkan_async_qsri ANDROID_EMU_read_color_buffer_dma ANDROID_EMU_hwc_multi_configs GL_OES_EGL_image_external_essl3 GL_OES_vertex_array_object GL_KHR_texture_compression_astc_ldr ANDROID_EMU_host_side_tracing ANDROID_EMU_gles_max_version_3_1 
03-27 15:45:05.283 902-1191/? D/EGL_emulation: app_time_stats: avg=2651.36ms min=2651.36ms max=2651.36ms count=1
03-27 15:45:05.283 279-279/? I/hwservicemanager: getTransport: Cannot find entry android.hardware.graphics.mapper@4.0::IMapper/default in either framework or device VINTF manifest.
03-27 15:45:05.284 25974-25988/? I/Gralloc4: mapper 4.x is not supported
03-27 15:45:05.284 25937-25966/? W/OpenGLRenderer: Failed to choose config with EGL_SWAP_BEHAVIOR_PRESERVED, retrying without...
03-27 15:45:05.284 25937-25966/? W/OpenGLRenderer: Failed to initialize 101010-2 format, error = EGL_SUCCESS
03-27 15:45:05.284 1876-1995/? I/MediaProvider: Deleted 0 0 0 1 0 0 0 items on external_primary due to com.android.shell
03-27 15:45:05.285 25937-25966/? D/EGL_emulation: eglCreateContext: 0x7d62837e4a10: maj 3 min 1 rcv 4
03-27 15:45:05.286 25937-25966/? D/EGL_emulation: eglMakeCurrent: 0x7d62837e4a10: ver 3 1 (tinfo 0x7d64b7275080) (first time)
03-27 15:45:05.287 1876-1995/? W/MediaProvider: isAppCloneUserPair for user 0: false
03-27 15:45:05.288 1876-1995/? V/MediaProvider: Inserted id:1000000099 less than next row id backup:1000001000.
03-27 15:45:05.289 25974-25974/? D/MPEG4Writer: PreAllocation enabled
03-27 15:45:05.292 25974-25988/? D/HostConnection: createUnique: call
03-27 15:45:05.292 25974-25988/? D/HostConnection: HostConnection::get() New Host Connection established 0x7ae330300ed0, tid 25988
03-27 15:45:05.292 25974-25988/? D/goldfish-address-space: allocate: Ask for block of size 0x100
03-27 15:45:05.292 25974-25988/? D/goldfish-address-space: allocate: ioctl allocate returned offset 0x3e7ffe000 size 0x2000
03-27 15:45:05.318 279-279/? I/hwservicemanager: getTransport: Cannot find entry android.hardware.graphics.allocator@4.0::IAllocator/default in either framework or device VINTF manifest.
03-27 15:45:05.319 278-278/? I/servicemanager: Could not find android.hardware.graphics.allocator.IAllocator/default in the VINTF manifest.
03-27 15:45:05.319 25974-25988/? W/Gralloc4: allocator 4.x is not supported
03-27 15:45:05.320 450-530/? D/goldfish-address-space: claimShared: Ask to claim region [0x3ead22000 0x3eb0a6000]
03-27 15:45:05.321 279-279/? I/hwservicemanager: getTransport: Cannot find entry android.hardware.graphics.mapper@4.0::IMapper/default in either framework or device VINTF manifest.
03-27 15:45:05.321 25937-25966/? I/Gralloc4: mapper 4.x is not supported
03-27 15:45:05.322 25937-25966/? D/HostConnection: createUnique: call
03-27 15:45:05.322 25937-25966/? D/HostConnection: HostConnection::get() New Host Connection established 0x7d62837e5550, tid 25966
03-27 15:45:05.323 25937-25966/? D/goldfish-address-space: allocate: Ask for block of size 0x100
03-27 15:45:05.323 25937-25966/? D/goldfish-address-space: allocate: ioctl allocate returned offset 0x3e7ffe000 size 0x2000
03-27 15:45:05.333 279-279/? I/hwservicemanager: getTransport: Cannot find entry android.hardware.graphics.allocator@4.0::IAllocator/default in either framework or device VINTF manifest.
03-27 15:45:05.333 278-278/? I/servicemanager: Could not find android.hardware.graphics.allocator.IAllocator/default in the VINTF manifest.
03-27 15:45:05.334 25937-25966/? W/Gralloc4: allocator 4.x is not supported
03-27 15:45:05.334 25974-25988/? D/HostConnection: HostComposition ext ANDROID_EMU_CHECKSUM_HELPER_v1 ANDROID_EMU_native_sync_v2 ANDROID_EMU_native_sync_v3 ANDROID_EMU_native_sync_v4 ANDROID_EMU_dma_v1 ANDROID_EMU_direct_mem ANDROID_EMU_ho
03-27 15:45:05.334 25974-25988/? D/HostConnection: st_composition_v1 ANDROID_EMU_host_composition_v2 ANDROID_EMU_vulkan ANDROID_EMU_deferred_vulkan_commands ANDROID_EMU_vulkan_null_optional_strings ANDROID_EMU_vulkan_create_resources_with_requirements ANDROID_EMU_YUV_Cache ANDROID_EMU_vulkan_ignored_handles ANDROID_EMU_has_shared_slots_host_memory_allocator ANDROID_EMU_vulkan_free_memory_sync ANDROID_EMU_vulkan_shader_float16_int8 ANDROID_EMU_vulkan_async_queue_submit ANDROID_EMU_vulkan_queue_submit_with_commands ANDROID_EMU_sync_buffer_data ANDROID_EMU_vulkan_async_qsri ANDROID_EMU_read_color_buffer_dma ANDROID_EMU_hwc_multi_configs GL_OES_EGL_image_external_essl3 GL_OES_vertex_array_object GL_KHR_texture_compression_astc_ldr ANDROID_EMU_host_side_tracing ANDROID_EMU_gles_max_version_3_1 
03-27 15:45:05.335 450-530/? D/goldfish-address-space: claimShared: Ask to claim region [0x3ed860000 0x3ee186000]
03-27 15:45:05.338 25974-25988/? D/GraphicBufferSource: got buffer with new dataSpace #104
03-27 15:45:05.338 25974-25988/? D/C2OMXNode: dataspace changed to 0x104 pixel format: 0x1
03-27 15:45:05.338 279-279/? I/hwservicemanager: getTransport: Cannot find entry android.hardware.graphics.mapper@4.0::IMapper/default in either framework or device VINTF manifest.
03-27 15:45:05.340 482-520/? W/TransactionTracing: Could not find layer id -1
03-27 15:45:05.340 578-25983/? D/SimpleC2Component: Using output block pool with poolID 81 => got 81 - 0
03-27 15:45:05.340 578-25983/? D/SimpleC2Component: applied 2 configUpdates => BAD_INDEX (6)
03-27 15:45:05.340 578-25983/? D/C2SoftAvcEnc: Params width 720 height 1280 level 41 colorFormat 0 bframes 0
03-27 15:45:05.342 25937-25966/? D/HostConnection: HostComposition ext ANDROID_EMU_CHECKSUM_HELPER_v1 ANDROID_EMU_native_sync_v2 ANDROID_EMU_native_sync_v3 ANDROID_EMU_native_sync_v4 ANDROID_EMU_dma_v1 ANDROID_EMU_direct_mem ANDROID_EMU_host_composition_v1 ANDROID_EMU_host_composition_v2 ANDROID_EMU_vulkan ANDROID_EMU_deferred_vulkan_commands ANDROID_EMU_vulkan_null_optional_strings ANDROID_EMU_vulkan_create_resources_with_requirements ANDROID_EMU_YUV_Cache ANDROID_EMU_vulkan_ignored_handles ANDROID_EMU_has_shared_slots_host_memory_allocator ANDROID_EMU_vulkan_free_memory_sync ANDROID_EMU_vulkan_shader_float16_int8 ANDROID_EMU_vulkan_async_queue_submit ANDROID_EMU_vulkan_queue_submit_with_commands ANDROID_EMU_sync_buffer_data ANDROID_EMU_vulkan_async_qsri ANDROID_EMU_read_color_buffer_dma ANDROID_EMU_hwc_multi_configs GL_OES_EGL_image_external_essl3 GL_OES_vertex_array_object GL_KHR_texture_compression_astc_ldr ANDROID_EMU_host_side_tracing ANDROID_EMU_gles_max_version_3_1 
03-27 15:45:05.342 450-530/? D/goldfish-address-space: claimShared: Ask to claim region [0x3ea397000 0x3ea71b000]
03-27 15:45:05.343 450-450/? D/goldfish-address-space: claimShared: Ask to claim region [0x3ee186000 0x3eeaac000]
03-27 15:45:05.344 450-450/? D/goldfish-address-space: claimShared: Ask to claim region [0x3eeaac000 0x3ef3d2000]
03-27 15:45:05.349 1394-19817/? I/NetworkScheduler.Stats: Task com.google.android.gms/com.google.android.gms.ipa.base.IpaGcmTaskService started execution. cause:5 exec_start_elapsed_seconds: 4130 [CONTEXT service_id=218 ]
03-27 15:45:05.357 578-25983/? E/C2SoftAvcEnc: Unable to set air params = 0x1ad
03-27 15:45:05.358 450-450/? D/goldfish-address-space: claimShared: Ask to claim region [0x3ea71b000 0x3eaa9f000]
03-27 15:45:05.363 482-520/? W/TransactionTracing: Could not find layer handle 0x7321fa258170
03-27 15:45:05.364 450-450/? D/goldfish-address-space: claimShared: Ask to claim region [0x3ef3d2000 0x3ef756000]
03-27 15:45:05.376 25974-25978/? D/CCodecConfig: c2 config diff is   Buffer coded.init-data.value = {
03-27 15:45:05.376 25974-25978/? D/CCodecConfig:     00000000:  00 00 00 01 67 42 c0 29  8d 68 0b 40 a1 a4 20 20  ....gB.).h.@..  
03-27 15:45:05.376 25974-25978/? D/CCodecConfig:     00000010:  20 20 f0 88 46 a0 00 00  00 01 68 ce 01 a8 35 c8    ..F.....h...5.
03-27 15:45:05.376 25974-25978/? D/CCodecConfig:   }
03-27 15:45:05.377 25974-25974/? D/MPEG4Writer: fpathconf _PC_FILESIZEBITS:64
03-27 15:45:05.377 25974-25974/? D/MPEG4Writer: File size limit set to 4503599627370495 bytes implicitly
03-27 15:45:05.378 25974-25974/? D/MPEG4Writer: MP4WtrCtrlHlpLooper Started
03-27 15:45:05.378 25974-25974/? I/MPEG4Writer: limits: 4503599627370495/0 bytes/us, bit rate: -1 bps and the estimated moov size 3192 bytes
03-27 15:45:05.379 25937-25966/? W/Parcel: Expecting binder but got null!
03-27 15:45:05.380 25974-25997/? I/MPEG4Writer: setStartTimestampUs: 4130165721
03-27 15:45:05.380 25974-25997/? I/MPEG4Writer: Earliest track starting time: 4130165721
03-27 15:45:05.396 672-701/? W/ziparchive: Unable to open '/data/app/~~AZmbGuQphIT3mSc4dUbQqQ==/com.example-JYplKpqG1IJkb3-k22IhFw==/base.dm': No such file or directory
03-27 15:45:05.398 450-450/? D/goldfish-address-space: claimShared: Ask to claim region [0x3ef756000 0x3efada000]
03-27 15:45:05.399 672-701/? I/ActivityTaskManager: Displayed com.example/.MainActivity: +535ms
03-27 15:45:05.406 672-763/? D/CompatibilityChangeReporter: Compat change id reported: 214016041; UID 10181; state: ENABLED
03-27 15:45:05.409 1668-1668/? I/GoogleInputMethodService: GoogleInputMethodService.onFinishInput():3220 
03-27 15:45:05.411 1668-1668/? I/GoogleInputMethodService: GoogleInputMethodService.updateDeviceLockedStatus():2114 repeatCheckTimes = 0, unlocked = true
03-27 15:45:05.411 1668-1668/? I/GoogleInputMethodService: GoogleInputMethodService.onStartInput():1919 onStartInput(EditorInfo{inputType=0x0(NULL) imeOptions=0x0 privateImeOptions=null actionName=UNSPECIFIED actionLabel=null actionId=0 initialSelStart=-1 initialSelEnd=-1 initialCapsMode=0x0 hintText=null label=null packageName=com.example fieldId=-1 fieldName=null extras=null}, false)
03-27 15:45:05.411 1668-1668/? I/GoogleInputMethodService: GoogleInputMethodService.updateDeviceLockedStatus():2114 repeatCheckTimes = 2, unlocked = true
03-27 15:45:05.413 482-520/? W/TransactionTracing: Could not find layer handle 0x7321fa257570
03-27 15:45:05.413 482-520/? W/TransactionTracing: Could not find layer id -1
03-27 15:45:05.413 482-520/? W/TransactionTracing: Could not find layer id -1
03-27 15:45:05.413 482-520/? W/TransactionTracing: Could not find layer id -1
03-27 15:45:05.413 482-520/? W/TransactionTracing: Could not find layer id -1
03-27 15:45:05.420 672-2765/? D/CoreBackPreview: Window{fc4b90f u0 Splash Screen com.example EXITING}: Setting back callback null
03-27 15:45:05.420 672-763/? W/InputManager-JNI: Input channel object 'fc4b90f Splash Screen com.example (client)' was disposed without first being removed with the input manager!
03-27 15:45:05.422 1020-1341/? D/BtGatt.ScanManager: uid 10106 isForeground true scanMode -1
03-27 15:45:05.422 1020-1341/? D/BtGatt.ScanManager: uid 10106 isForeground true scanMode -1
03-27 15:45:05.431 482-520/? W/TransactionTracing: Could not find layer id -1
03-27 15:45:05.431 1394-14480/? I/NetworkScheduler.Stats: Task com.google.android.gms/com.google.android.gms.ipa.base.IpaGcmTaskService finished executing. cause:5 result: 1 elapsed_millis: 105 uptime_millis: 105 exec_start_elapsed_seconds: 4130 [CONTEXT service_id=218 ]
03-27 15:45:05.432 450-450/? D/goldfish-address-space: claimShared: Ask to claim region [0x3e8926000 0x3e8caa000]
03-27 15:45:05.447 482-520/? W/TransactionTracing: Could not find layer handle 0x7321fa258f50
03-27 15:45:05.447 482-520/? W/TransactionTracing: Could not find layer handle 0x7321fa257db0
03-27 15:45:05.447 482-520/? W/TransactionTracing: Could not find layer handle 0x7321fa2516f0
03-27 15:45:05.449 450-450/? D/goldfish-address-space: claimShared: Ask to claim region [0x3e8caa000 0x3e902e000]
03-27 15:45:05.464 450-450/? D/goldfish-address-space: claimShared: Ask to claim region [0x3e902e000 0x3e93b2000]
03-27 15:45:05.481 450-450/? D/goldfish-address-space: claimShared: Ask to claim region [0x3e93b2000 0x3e9736000]
03-27 15:45:05.498 450-450/? D/goldfish-address-space: claimShared: Ask to claim region [0x3e9736000 0x3e9aba000]
03-27 15:45:05.515 450-450/? D/goldfish-address-space: claimShared: Ask to claim region [0x3e8000000 0x3e8384000]
03-27 15:45:05.531 450-450/? D/goldfish-address-space: claimShared: Ask to claim region [0x3e8384000 0x3e8708000]
03-27 15:45:05.548 450-450/? D/goldfish-address-space: claimShared: Ask to claim region [0x3efada000 0x3efe5e000]
03-27 15:45:05.565 450-450/? D/goldfish-address-space: claimShared: Ask to claim region [0x3ec000000 0x3ec384000]
03-27 15:45:05.729 482-520/? W/TransactionTracing: Could not find layer handle 0x7321fa257330
03-27 15:45:05.763 1394-3511/? I/FontLog: Received query Noto Color Emoji Compat, URI content://com.google.android.gms.fonts [CONTEXT service_id=132 ]
03-27 15:45:05.763 1394-3511/? I/FontLog: Query [emojicompat-emoji-font] resolved to {Noto Color Emoji Compat, wdth 100.0, wght 400, ital 0.0, bestEffort false} [CONTEXT service_id=132 ]
03-27 15:45:05.765 1020-1341/? D/BtGatt.ScanManager: uid 10106 isForeground true scanMode -1
03-27 15:45:05.766 1020-1341/? D/BtGatt.ScanManager: uid 10106 isForeground true scanMode -1
03-27 15:45:05.767 1394-3511/? I/FontLog: Fetch {Noto Color Emoji Compat, wdth 100.0, wght 400, ital 0.0, bestEffort false} end status Status{statusCode=SUCCESS, resolution=null} [CONTEXT service_id=132 ]
03-27 15:45:05.773 1394-3511/? I/FontLog: Pulling font file for id = 49, cache size = 14 [CONTEXT service_id=132 ]
03-27 15:45:05.778 1394-3511/? I/FontLog: Pulling font file for id = 49, cache size = 14 [CONTEXT service_id=132 ]
03-27 15:45:05.937 25937-25937/? W/com.example: Accessing hidden method Landroid/os/MessageQueue;->next()Landroid/os/Message; (unsupported, reflection, allowed)
03-27 15:45:05.937 25937-25937/? W/com.example: Accessing hidden field Landroid/os/MessageQueue;->mMessages:Landroid/os/Message; (unsupported, reflection, allowed)
03-27 15:45:05.937 25937-25937/? W/com.example: Accessing hidden method Landroid/os/Message;->recycleUnchecked()V (uns
03-27 15:45:05.937 25937-25937/? W/com.example: upported, reflection, allowed)
03-27 15:45:05.939 25937-25937/? W/com.example: Accessing hidden method Landroid/view/WindowManagerGlobal;->getInstance()Landroid/view/WindowManagerGlobal; (unsupported, reflection, allowed)
03-27 15:45:05.939 25937-25937/? W/com.example: Accessing hidden field Landroid/view/WindowManagerGlobal;->mViews:Ljava/util/ArrayList; (unsupported, reflection, allowed)
03-27 15:45:05.939 25937-25937/? W/com.example: Accessing hidden field Landroid/view/WindowManagerGlobal;->mParams:Ljava/util/ArrayList; (unsuppo
03-27 15:45:05.939 25937-25937/? W/com.example: rted, reflection, allowed)
03-27 15:45:05.941 25937-25937/? I/ViewInteraction: Checking 'MatchesViewAssertion{viewMatcher=an instance of android.widget.TextView and view.getText() with or without transformation to match: is "Test"}' assertion on view (view.getId() is <2131230838/com.example:id/edittext>)
03-27 15:45:05.944 672-984/? I/ActivityTaskManager: START u0 {act=android.intent.action.MAIN cat=[android.intent.category.LAUNCHER] flg=0x10000000 cmp=com.example.test/androidx.test.core.app.InstrumentationActivityInvoker$EmptyActivity} from uid 10181
03-27 15:45:05.948 672-984/? V/SplashScreenExceptionList: SplashScreen checking exception for package com.example.test (target sdk:33) -> false
03-27 15:45:05.950 902-1083/? D/SplashScreenView: Build android.window.SplashScreenView{db4fc06 V.E...... ......ID 0,0-0,0}
03-27 15:45:05.950 902-1083/? D/SplashScreenView: Icon: view: null drawable: null size: 0
03-27 15:45:05.950 902-1083/? D/SplashScreenView: Branding: view: android.view.View{d7d52c7 G.ED..... ......I. 0,0-0,0 #10204db android:id/splashscreen_branding_view} drawable: null size w: 0 h: 0
03-27 15:45:05.951 25937-25937/? D/LifecycleMonitor: Lifecycle status change: com.example.MainActivity@2bb6884 in: PAUSED
03-27 15:45:05.951 25937-25937/? V/ActivityScenario: Update currentActivityStage to PAUSED, currentActivity=com.example.MainActivity@2bb6884
03-27 15:45:05.952 672-2776/? W/ActivityTaskManager: Tried to set launchTime (0) < mLastActivityLaunchTime (4127085)
03-27 15:45:05.955 672-1110/? D/CoreBackPreview: Window{cd325ea u0 Splash Screen com.example.test}: Setting back callback OnBackInvokedCallbackInfo{mCallback=android.window.IOnBackInvokedCallback$Stub$Proxy@b67ce51, mPriority=0}
03-27 15:45:05.957 672-711/? D/IntervalStats: Unable to parse usage stats packages: [186, 187, 188, 189]
03-27 15:45:05.957 672-711/? D/IntervalStats: Unable to parse event packages: [188, 189]
03-27 15:45:05.966 450-450/? D/goldfish-address-space: claimShared: Ask to claim region [0x3ec384000 0x3eccaa000]
03-27 15:45:05.971 1020-1341/? D/BtGatt.ScanManager: uid 10106 isForeground true scanMode -1
03-27 15:45:05.971 1020-1341/? D/BtGatt.ScanManager: uid 10106 isForeground true scanMode -1
03-27 15:45:05.994 450-450/? D/goldfish-address-space: claimShared: Ask to claim region [0x3f0000000 0x3f0926000]
03-27 15:45:05.997 450-450/? D/goldfish-address-space: claimShared: Ask to claim region [0x3f0f01000 0x3f1827000]
03-27 15:45:06.001 902-1191/? W/Parcel: Expecting binder but got null!
03-27 15:45:06.008 450-450/? D/goldfish-address-space: claimShared: Ask to claim region [0x3eccaa000 0x3ed285000]
03-27 15:45:06.100 672-984/? D/CoreBackPreview: Window{d24f689 u0 com.example.test/androidx.test.core.app.InstrumentationActivityInvoker$EmptyActivity}: Setting back callback OnBackInvokedCallbackInfo{mCallback=android.window.IOnBackInvokedCallback$Stub$Proxy@b8a0f3e, mPriority=0}
03-27 15:45:06.102 450-450/? D/goldfish-address-space: claimShared: Ask to claim region [0x3ee186000 0x3ee761000]
03-27 15:45:06.124 450-450/? D/goldfish-address-space: claimShared: Ask to claim region [0x3ee761000 0x3ef087000]
03-27 15:45:06.127 450-450/? D/goldfish-address-space: claimShared: Ask to claim region [0x3f1827000 0x3f214d000]
03-27 15:45:06.128 450-450/? D/goldfish-address-space: claimShared: Ask to claim region [0x3f214d000 0x3f2a73000]
03-27 15:45:06.136 25552-25587/? W/Parcel: Expecting binder but got null!
03-27 15:45:06.144 1020-1341/? D/BtGatt.ScanManager: uid 10106 isForeground true scanMode -1
03-27 15:45:06.144 25937-25937/? D/LifecycleMonitor: Lifecycle status change: com.example.MainActivity@2bb6884 in: STOPPED
03-27 15:45:06.144 25937-25937/? V/ActivityScenario: Update currentActivityStage to STOPPED, currentActivity=com.example.MainActivity@2bb6884
03-27 15:45:06.144 1020-1341/? D/BtGatt.ScanManager: uid 10106 isForeground true scanMode -1
03-27 15:45:06.148 482-520/? W/TransactionTracing: Could not find layer id -1
03-27 15:45:06.151 25937-25937/? D/LifecycleMonitor: Lifecycle status change: com.example.MainActivity@2bb6884 in: DESTROYED
03-27 15:45:06.151 25937-25937/? V/ActivityScenario: Update currentActivityStage to DESTROYED, currentActivity=null
03-27 15:45:06.151 672-763/? W/ActivityManager: Unable to start service Intent { act=android.service.smartspace.SmartspaceService cmp=
03-27 15:45:06.151 672-763/? W/ActivityManager: com.google.android.as/com.google.android.apps.miphone.aiai.app.AiAiSmartspaceService } U=0: not found
03-27 15:45:06.151 672-763/? W/RemoteSmartspaceService: could not bind to Intent { act=android.service.smartspace.SmartspaceService cmp=com.google.android.as/com.google.android.apps.miphone.aiai.app.AiAiSmartspaceService } using flags 67112961
03-27 15:45:06.152 672-672/? W/ActivityManager: Unbind failed: could not find connection for android.app.LoadedApk$ServiceDispatcher$InnerConnection@5cf33f0
03-27 15:45:06.153 25937-25963/? I/TestRunner: finished: testText7(com.example.MainActivityTest)
03-27 15:45:06.154 672-763/? W/ActivityManager: Unable to start service Intent { act=android.service.smartspace.SmartspaceService cmp=com.google.android.as/com.google.android.apps.miphone.aiai.app.AiAiSmartspaceService } U=0: not found
03-27 15:45:06.154 672-763/? W/RemoteSmartspaceService: could not bind to Intent { act=android.service.smartspace.SmartspaceService cmp=com.google.android.as/com.google.android.apps.miphone.aiai.app.AiAiSmartspaceService } using flags 67112961
03-27 15:45:06.154 672-763/? W/RemoteSmartspaceService: [ 03
03-27 15:45:06.154 672-763/? W/RemoteSmartspaceService: -27 15:45:06.154   672:  672 W/ActivityManager ]
03-27 15:45:06.154 672-763/? W/RemoteSmartspaceService: Unbind failed: could not find connection for android.app.LoadedApk$ServiceDispatcher$InnerConnection@8d8208f
03-27 15:45:06.155 450-450/? D/goldfish-address-space: claimShared: Ask to claim region [0x3f2a73000 0x3f3399000]
03-27 15:45:06.155 672-763/? D/CoreBackPreview: Window{da2b0d0 u0 com.example/com.example.MainActivity}: Setting back callback null
03-27 15:45:06.156 672-1110/? W/InputManager-JNI: Input channel object 'da2b0d0 com.example/com.example.MainActivity (client)' was disposed without first being removed with the input manager!
03-27 15:45:06.164 450-530/? D/goldfish-address-space: claimShared: Ask to claim region [0x3f3399000 0x3f3cbf000]
03-27 15:45:06.175 482-520/? W/TransactionTracing: Could not find layer handle 0x7321fa258ad0
03-27 15:45:06.175 482-520/? W/TransactionTracing: Could not find layer handle 0x7321fa258fb0
03-27 15:45:06.175 482-520/? W/TransactionTracing: Could not find layer handle 0x7321fa256850
03-27 15:45:06.175 482-520/? W/TransactionTracing: Could not find layer handle 0x7321fa254330
03-27 15:45:06.175 482-520/? W/TransactionTracing: Could not find layer handle 0x7321fa256df0
03-27 15:45:06.175 482-520/? W/TransactionTracing: Could not find layer handle 0x7321fa2585f0
03-27 15:45:06.175 482-520/? W/TransactionTracing: Could not find layer handle 0x7321fa257f30
03-27 15:45:06.175 482-520/? W/TransactionTracing: Could not find layer handle 0x7321fa2560d0
03-27 15:45:06.175 482-520/? W/TransactionTracing: Could not find layer id -1
03-27 15:45:06.176 450-530/? D/goldfish-address-space: claimShared: Ask to claim region [0x3ed860000 0x3ee186000]
03-27 15:45:06.176 450-530/? D/goldfish-address-space: [ 03-27 15:45:06.17
03-27 15:45:06.176 450-530/? D/goldfish-address-space: 6   450:  450 D/goldfish-address-space ]
03-27 15:45:06.176 450-530/? D/goldfish-address-space: claimShared: Ask to claim region [0x3f6549000 0x3f6e6f000]
03-27 15:45:06.177 450-530/? D/goldfish-address-space: claimShared: Ask to claim region [0x3f6e6f000 0x3f7795000]
03-27 15:45:06.178 450-450/? D/goldfish-address-space: claimShared: Ask to claim region [0x3f4000000 0x3f4926000]
03-27 15:45:06.187 25937-25963/? I/TestRunner: run finished: 1 tests, 0 failed, 0 ignored
03-27 15:45:06.193 672-1110/? I/ActivityManager: Force stopping com.example appid=10181 user=0: finished inst
03-27 15:45:06.196 25917-25917/? I/app_process: System.exit called, status: 0
03-27 15:45:06.196 25917-25917/? I/AndroidRuntime: VM exiting with result code 0.
03-27 15:45:06.201 672-1110/? I/ActivityManager: Killing 25937:com.example/u0a181 (adj 0): stop com.example due to finished inst
03-27 15:45:06.216 672-714/? I/libprocessgroup: Successfully killed process cgroup uid 10181 pid 25937 in 10ms
03-27 15:45:06.228 2141-2141/? W/A: Can't get WAA status for Mavatar!
03-27 15:45:06.228 2141-2141/? W/A: java.lang.NullPointerException: Attempt to invoke virtual method 'java.lang.Class java.lang.Object.getClass()' on a null object reference
03-27 15:45:06.228 2141-2141/? W/A: 	at com.google.apps.tiktok.dataservice.z.b(PG:1)
03-27 15:45:06.228 2141-2141/? W/A: 	at com.google.apps.tiktok.dataservice.at.a(PG:1)
03-27 15:45:06.228 2141-2141/? W/A: 	at com.google.apps.tiktok.tracing.ec.a(PG:2)
03-27 15:45:06.228 2141-2141/? W/A: 	at com.google.common.util.concurrent.aj.a(PG:2)
03-27 15:45:06.228 2141-2141/? W/A: 	at com.google.common.util.concurrent.ac.apply(PG:1)
03-27 15:45:06.228 2141-2141/? W/A: 	at com.google.common.util.concurrent.h.e(PG:2)
03-27 15:45:06.228 2141-2141/? W/A: 	at com.google.common.util.concurrent.j.run(PG:9)
03-27 15:45:06.228 2141-2141/? W/A: 	at com.google.common.util.concurrent.bf.execute(PG:1)
03-27 15:45:06.228 2141-2141/? W/A: 	at com.google.common.util.concurrent.d.i(PG:1)
03-27 15:45:06.228 2141-2141/? W/A: 	at com.google.common.util.concurrent.d.iq(PG:5)
03-27 15:45:06.228 2141-2141/? W/A: 	at com.google.common.util.concurrent.j.h(PG:2)
03-27 15:45:06.228 2141-2141/? W/A: 	at com.google.common.util.concurrent.ax.d(PG:1)
03-27 15:45:06.228 2141-2141/? W/A: 	at com.google.apps.tiktok.dataservice.au.a(PG:5)
03-27 15:45:06.228 2141-2141/? W/A: 	at com.google.apps.tiktok.dataservice.dr.c(PG:5)
03-27 15:45:06.228 2141-2141/? W/A: 	at com.google.apps.tiktok.dataservice.dp.run(PG:6)
03-27 15:45:06.228 2141-2141/? W/A: 	at com.google.apps.tiktok.concurrent.ak.run(PG:6)
03-27 15:45:06.228 2141-2141/? W/A: 	at com.google.apps.tiktok.tracing.ei.run(PG:2)
03-27 15:45:06.228 2141-2141/? W/A: 	at java.util.concurrent.Executors$RunnableAdapter.call(Executors.java:463)
03-27 15:45:06.228 2141-2141/? W/A: 	at com.google.common.util.concurrent.dy.a(PG:1)
03-27 15:45:06.228 2141-2141/? W/A: 	at com.google.common.util.concurrent.cv.run(PG:4)
03-27 15:45:06.228 2141-2141/? W/A: 	at com.google.common.util.concurrent.dz.run(PG:1)
03-27 15:45:06.228 2141-2141/? W/A: 	at android.os.Handler.handleCallback(Handler.java:942)
03-27 15:45:06.228 2141-2141/? W/A: 	at android.os.Handler.dispatchMessage(Handler.java:99)
03-27 15:45:06.228 2141-2141/? W/A: 	at android.os.Looper.loopOnce(Looper.java:201)
03-27 15:45:06.228 2141-2141/? W/A: 	at android.os.Looper.loop(Looper.java:288)
03-27 15:45:06.228 2141-2141/? W/A: 	at android.app.ActivityThread.main(ActivityThread.java:7872)
03-27 15:45:06.228 2141-2141/? W/A: 	at java.lang.reflect.Method.invoke(Native Method)
03-27 15:45:06.228 2141-2141/? W/A: 	at com.android.internal.os.RuntimeInit$MethodAndArgsCaller.run(RuntimeInit.java:548)
03-27 15:45:06.228 2141-2141/? W/A: 	at com.android.internal.os.ZygoteInit.main(ZygoteInit.java:936)
03-27 15:45:06.247 672-763/? D/WindowManager: relayoutVisibleWindow: Window{cd325ea u0 Splash Screen com.example.test EXITING} mAnimatingExit=true, mRemoveOnExit=true, mDestroying=false
03-27 15:45:06.254 25974-25998/? I/MPEG4Writer: setStartTimestampUs: 4130165721
03-27 15:45:06.254 1947-1947/? I/GsaVoiceInteractionSrv: Handling ACTION_START_HOTWORD
03-27 15:45:06.259 25974-25982/? D/PipelineWatcher: onInputBufferReleased: frameIndex not found (35); ignored
03-27 15:45:06.259 25974-25982/? D/PipelineWatcher: onInputBufferReleased: frameIndex not found (36); ignored
03-27 15:45:06.261 672-2765/? V/ActivityManager: Got obituary of 25937:com.example
03-27 15:45:06.264 429-429/? I/Zygote: Process 25937 exited due to signal 9 (Killed)
03-27 15:28:59.081 0-0/? I/binder: undelivered transaction 855539, process died.
03-27 15:45:06.268 1947-2718/? I/GsaVoiceInteractionSrv: disregardVoiceMatch: false
03-27 15:45:06.268 1947-2718/? I/GsaVoiceInteractionSrv: Cannot start hotword, hotword has been explicitly disabled.
03-27 15:45:06.276 25974-25974/? D/MPEG4Writer: reset()
03-27 15:45:06.276 25974-25974/? D/MPEG4Writer: Video track stopping. Stop source
03-27 15:45:06.276 25974-25974/? D/MPEG4Writer: Video track sourc
03-27 15:45:06.276 25974-25974/? D/MPEG4Writer: e stopping
03-27 15:45:06.276 25974-25974/? D/MPEG4Writer: Video track source stopped
03-27 15:45:06.276 672-704/? W/ActivityManager: setHasOverlayUi called on unknown pid: 25937
03-27 15:45:06.277 25974-25997/? V/MediaWriter: Track event err/info msg:101, trackId:1, type:1000,val:-1011
03-27 15:45:06.277 25974-25998/? V/MediaWriter: Track event err/info msg:101, trackId:2, type:1000,val:-1011
03-27 15:45:06.277 25974-25998/? W/MPEG4Writer: 0-duration samples found: 1
03-27 15:45:06.277 25974-25998/? I/MPEG4Writer: Received total/0-length (1/0) buffers and encoded 1 frames. - Metadata
03-27 15:45:06.277 25974-25997/? I/MPEG4Writer: Received total/0-length (34/0) buffers and encoded 34 frames. - Video
03-27 15:45:06.277 25974-25974/? D/MPEG4Writer: Video track stopped. Status:0. Stop source
03-27 15:45:06.277 25974-25974/? D/MPEG4Writer: Metadata track stopping. Stop source
03-27 15:45:06.277 25974-25974/? D/MPEG4Writer: Metadata track source stopping
03-27 15:45:06.277 25974-25974/? D/MPEG4Writer: Metadata track source stopped
03-27 15:45:06.277 25974-25974/? D/MPEG4Writer: Metadata track stopped. Status:0. Stop source
03-27 15:45:06.278 25974-25974/? D/MPEG4Writer: Duration from tracks range is [0, 884455] us
03-27 15:45:06.278 25974-25995/? D/MPEG4Writer: 0 chunks are written in the last batch
03-27 15:45:06.278 25974-25974/? D/MPEG4Writer: WriterThread stopped. Status:0
03-27 15:45:06.278 25974-25974/? I/MPEG4Writer: Adjust the moov start time from 4130165721 us -> 4130165721 us
03-27 15:45:06.278 25974-25974/? I/MPEG4Writer: MOOV atom was written to the file
03-27 15:45:06.278 25974-25974/? D/MPEG4Writer: release()
03-27 15:45:06.278 25974-25974/? D/MPEG4Writer: ftruncate mPreAllocateFileEndOffset:42651 mOffset:1616 mMdatEndOffset:40027 diff:2624
03-27 15:45:06.278 1668-1668/? I/GoogleInputMethodService: GoogleInputMethodService.onFinishInput():3220 
03-27 15:45:06.279 1668-1668/? I/GoogleInputMethodService: GoogleInputMethodService.updateDeviceLockedStatus():2114 repeatCheckTimes = 0, unlocked = true
03-27 15:45:06.279 1668-1668/? I/GoogleInputMethodService: GoogleInputMethodService.onStartInput():1919 onStartInput(EditorInfo{inputType=0x0(NULL) imeOptions=0x0 privateImeOptions=null actionName=UNSPECIFIED actionLabel=null actionId=0 initialSelStart=-1 initialSelEnd=-1 initialCapsMode=0x0 hintText=null label=null packageName=com.google.android.apps.nexuslauncher fieldId=-1 fieldName=null extras=null}, false)
03-27 15:45:06.280 482-520/? W/TransactionTracing: Could not find layer handle 0x7321fa256550
03-27 15:45:06.280 1668-1668/? I/GoogleInputMethodService: GoogleInputMethodService.updateDeviceLockedStatus():2114 repeatCheckTimes = 2, unlocked = true
03-27 15:45:06.280 25974-25974/? D/MPEG4Writer: final fsync() takes 2 ms, file size 40027
03-27 15:45:06.281 25974-25974/? D/MPEG4Writer: MP4WtrCtrlHlpLooper stopped
03-27 15:45:06.281 25974-25974/? D/MPEG4Writer: Top 5 write durations(microseconds): #1:6 #2:7 #3:8 #4:219 #5:311
03-27 15:45:06.283 25974-25978/? I/hw-BpHwBinder: onLastStrongRef automatically unlinking death recipients
03-27 15:45:06.283 578-7319/? I/hw-BpHwBinder: onLastStrongRef automatically unlinking death recipients
03-27 15:45:06.283 578-7319/? I/hw-BpHwBinder: onLastStrongRef automatically unlinking death recipients
03-27 15:45:06.284 25974-25974/? I/BpBinder: onLastStrongRef automatically unlinking death recipients: <uncached descriptor>
03-27 15:45:06.285 578-7319/? V/C2Store: in ~ComponentModule
03-27 15:45:06.285 578-7319/? V/C2Store: unloading dll
03-27 15:45:06.291 902-1191/? D/EGL_emulation: app_time_stats: avg=250.09ms min=7.75ms max=825.41ms count=4
03-27 15:45:06.296 482-520/? W/TransactionTracing: Could not find layer id -1
03-27 15:45:06.296 482-520/? W/TransactionTracing: Could not find layer id -1
03-27 15:45:06.304 25974-25974/? D/ScreenRecord: success
03-27 15:45:06.305 25974-25974/? I/BpBinder: onLastStrongRef automatically unlinking death recipients: <uncached descriptor>
03-27 15:45:06.305 25974-25974/? I/BpBinder: onLastStrongRef automatically unlinking death recipients: <uncached descriptor>
03-27 15:45:06.306 578-7319/? D/BufferPoolAccessor2.0: Destruction - bufferpool2 0x753898b01a38 cached: 0/0M, 0/0% in use; allocs: 35, 97% recycled; transfers: 35, 97% unfetched
