03-27 15:44:54.221 428-25425/? I/resolv: GetAddrInfoHandler::run: {101 101 101 983141 10181 0}
03-27 15:44:54.253 25390-25418/? W/FileTestStorage: Output properties is not supported.
03-27 15:44:54.254 25390-25418/? I/Tracing: Tracer added: class androidx.test.platform.tracing.AndroidXTracer
03-27 15:44:54.263 25390-25418/? D/EventInjectionStrategy: Creating injection strategy with input manager.
03-27 15:44:54.263 25390-25418/? W/com.example: Accessing hidden method Landroid/hardware/input/InputManager;->getInstance()Landroid/hardware/input/InputManager; (unsupported, reflection, allowed)
03-27 15:44:54.263 25390-25418/? W/com.example: Accessing hidden method Landroid/hardware/input/InputManager;->injectInputEvent(Landroid/view/InputEvent;I)Z (unsupported, reflection, allowed)
03-27 15:44:54.263 25390-25418/? W/com.example: Accessing hidden field Landroid/hardware/input/InputManager;->INJECT_INPUT_EVENT_MODE_WAIT_FOR_FINISH:I (unsupported, reflection, allowed)
03-27 15:44:54.271 894-894/? I/wpa_supplicant: wlan0: CTRL-EVENT-BEACON-LOSS 
03-27 15:44:54.280 25390-25418/? W/Settings: Setting always_finish_activities has moved from android.provider.Settings.System to android.provider.Settings.Global, returning read-only value.
03-27 15:44:54.289 672-1254/? I/ActivityTaskManager: START u0 {act=android.intent.action.MAIN cat=[android.intent.category.LAUNCHER] flg=0x10008000 cmp=com.example/.MainActivity} from uid 10181
03-27 15:44:54.296 672-1254/? D/CompatibilityChangeReporter: Compat change id reported: 194480991; UID 10181; state: ENABLED
03-27 15:44:54.303 672-1254/? D/CompatibilityChangeReporter: Compat change id reported: 174042980; UID 10181; state: DISABLED
03-27 15:44:54.304 672-1254/? D/CompatibilityChangeReporter: Compat change id reported: 184838306; UID 10181; state: DISABLED
03-27 15:44:54.304 672-1254/? D/CompatibilityChangeReporter: Compat change id reported: 185004937; UID 10181; state: DISABLED
03-27 15:44:54.304 672-1254/? D/CompatibilityChangeReporter: Compat change id reported: 181136395; UID 10181; state
03-27 15:44:54.304 672-1254/? D/CompatibilityChangeReporter: : DISABLED
03-27 15:44:54.304 672-1254/? D/CompatibilityChangeReporter: Compat change id reported: 174042936; UID 10181; state: DISABLED
03-27 15:44:54.305 672-1254/? D/CompatibilityChangeReporter: Compat change id reported: 197654537; UID 10181; state: ENABLED
03-27 15:44:54.307 672-1254/? V/SplashScreenExceptionList: SplashScreen checking exception for package com.example (target sdk:33) -> false
03-27 15:44:54.308 672-1254/? D/CompatibilityChangeReporter: Compat change id reported: 205907456; UID 10181; state: ENABLED
03-27 15:44:54.315 1876-1995/? W/MediaProvider: isAppCloneUserPair for user 0: false
03-27 15:44:54.318 1876-1995/? V/MediaProvider: Inserted id:1000000096 less than next row id backup:1000001000.
03-27 15:44:54.320 902-1083/? D/SplashScreenView: Build android.window.SplashScreenView{3e4a9b1 V.E...... ......ID 0,0-0,0}
03-27 15:44:54.320 902-1083/? D/SplashScreenView: Icon: view: null drawable: null size: 0
03-27 15:44:54.320 902-1083/? D/SplashScreenView: Branding: view: android.view.View{3f65e96 G.ED..... ......I. 0,0-0,0 #10204db android:id/splashscreen_branding_view} drawable: null size w: 0 h: 0
03-27 15:44:54.325 672-1254/? D/CompatibilityChangeReporter: Compat change id reported: 194833441; UID 10181; state: ENABLED
03-27 15:44:54.336 672-768/? D/CoreBackPreview: Window{6f0ee34 u0 Splash Screen com.example}: Setting back callback OnBackInvokedCallbackInfo{mCallback=android.window.IOnBackInvokedCallback$Stub$Proxy@daec2a3, mPriority=0}
03-27 15:44:54.341 672-711/? D/IntervalStats: Unable to parse usage stats packages: [186, 187, 188, 189]
03-27 15:44:54.341 672-711/? D/IntervalStats: Unable to parse event packages: [188, 189]
03-27 15:44:54.357 1394-25342/? I/NetworkScheduler.Stats: Task com.google.android.gms/com.google.android.gms.ipa.base.IpaGcmTaskService started execution. cause:9 exec_start_elapsed_seconds: 4119 [CONTEXT service_id=218 ]
03-27 15:44:54.361 1394-14480/? I/NetworkScheduler.Stats: Task com.google.android.gms/com.google.android.gms.ipa.base.IpaGcmTaskService finished executing. cause:9 result: 1 elapsed_millis: 14 uptime_millis: 14 exec_start_elapsed_seconds: 4119 [CONTEXT service_id=218 ]
03-27 15:44:54.402 1318-2193/? D/EGL_emulation: app_time_stats: avg=611.14ms min=24.97ms max=2202.90ms count=4
03-27 15:44:54.404 450-530/? D/goldfish-address-space: claimShared: Ask to claim region [0x3e85db000 0x3e8f01000]
03-27 15:44:54.415 450-530/? D/goldfish-address-space: claimShared: Ask to claim region [0x3ee728000 0x3ef04e000]
03-27 15:44:54.417 450-530/? D/goldfish-address-space: claimShared: Ask to claim region [0x3ef04e000 0x3ef974000]
03-27 15:44:54.421 902-1191/? W/Parcel: Expecting binder but got null!
03-27 15:44:54.427 25424-25424/? D/MediaCodecList: codecHandlesFormat: no format, so no extra checks
03-27 15:44:54.431 482-520/? W/TransactionTracing: Could not find layer id -1
03-27 15:44:54.431 482-520/? W/TransactionTracing: Could not find layer id -1
03-27 15:44:54.431 482-520/? W/TransactionTracing: Could not find layer id -1
03-27 15:44:54.431 482-520/? W/TransactionTracing: Could not find layer id -1
03-27 15:44:54.431 482-520/? W/TransactionTracing: Could not find layer id -1
03-27 15:44:54.431 482-520/? W/TransactionTracing: [ 03-27 15:44:54.431   482: 
03-27 15:44:54.431 482-520/? W/TransactionTracing:  520 W/TransactionTracing ]
03-27 15:44:54.431 482-520/? W/TransactionTracing: Could not find layer id -1
03-27 15:44:54.431 482-520/? W/TransactionTracing: Could not find layer id -1
03-27 15:44:54.431 482-520/? W/TransactionTracing: Could not find layer id -1
03-27 15:44:54.431 482-520/? W/TransactionTracing: Could not find layer id -1
03-27 15:44:54.431 482-520/? W/TransactionTracing: Could not find layer id -1
03-27 15:44:54.435 25390-25390/? D/LifecycleMonitor: Lifecycle status change: com.example.MainActivity@b215ca2 in: PRE_ON_CREATE
03-27 15:44:54.435 25390-25390/? V/ActivityScenario: Activity lifecycle changed event received but ignored because the reported transition was not ON_CREATE while the last known transition was PRE_ON_CREATE
03-27 15:44:54.437 25390-25432/? D/libEGL: loaded /vendor/lib64/egl/libEGL_emulation.so
03-27 15:44:54.438 25390-25432/? D/libEGL: loaded /vendor/lib64/egl/libGLESv1_CM_emulation.so
03-27 15:44:54.440 25390-25432/? D/libEGL: loaded /vendor/lib64/egl/libGLESv2_emulation.so
03-27 15:44:54.443 25424-25433/? D/CCodec: allocate(c2.android.avc.encoder)
03-27 15:44:54.445 25424-25433/? I/Codec2Client: Available Codec2 services: "default" "software"
03-27 15:44:54.447 482-520/? W/TransactionTracing: Could not find layer handle 0x7321fa2578d0
03-27 15:44:54.447 482-520/? W/TransactionTracing: Could not find layer handle 0x7321fa256bb0
03-27 15:44:54.452 25424-25433/? I/CCodec: setting up 'default' as default (vendor) store
03-27 15:44:54.453 672-768/? W/ActivityManager: Unable to start service Intent { act=android.service.smartspace.SmartspaceService cmp=com.google.android.as/com.google.android.apps.miphone.aiai.app.AiAiSmartspaceService } U=0: not found
03-27 15:44:54.453 672-768/? W/RemoteSmartspaceService: could not bind to Intent { act=android.service.smartspace.SmartspaceService cmp=com.google.android.as/com.google.android.apps.miphone.aiai.app.AiAiSmartspaceService } using flags 67112961
03-27 15:44:54.453 672-768/? W/RemoteSmartspaceService: [ 03-27 15:44:54.453
03-27 15:44:54.453 672-768/? W/RemoteSmartspaceService:    672:  672 W/ActivityManager ]
03-27 15:44:54.453 672-768/? W/RemoteSmartspaceService: Unbind failed: could not find connection for android.app.LoadedApk$ServiceDispatcher$InnerConnection@714653d
03-27 15:44:54.464 578-1078/? V/C2Store: in init
03-27 15:44:54.464 578-1078/? V/C2Store: loading dll
03-27 15:44:54.464 1947-1947/? I/GsaVoiceInteractionSrv: Handling ACTION_STOP_HOTWORD
03-27 15:44:54.468 1947-2799/? E/HwDetectorWithState: a: 3
03-27 15:44:54.470 578-1078/? I/mediaswcodec: missing struct descriptor #Param::CoreIndex(--004) for field values of struct #Param::CoreIndex(F-12004)
03-27 15:44:54.470 578-1078/? I/mediaswcodec: missing struct descriptor #Param::CoreIndex(--1812) for field values of struct #Param::CoreIndex(F-11812)
03-27 15:44:54.471 578-1078/? I/mediaswcodec: missing struct descriptor #Param::CoreIndex(--004) for field values of struct #Param::CoreIndex(F-12004)
03-27 15:44:54.471 578-1078/? I/mediaswcodec: missing struct descriptor #Param::CoreIndex(--1812) for field values of struct #Param::CoreIndex(F-11812)
03-27 15:44:54.473 25424-25433/? I/CCodec: Created component [c2.android.avc.encoder]
03-27 15:44:54.474 25424-25433/? D/CCodecConfig: read media type: video/avc
03-27 15:44:54.475 25424-25433/? D/ReflectedParamUpdater: extent() != 1 for single value type: algo.buffers.max-count.values
03-27 15:44:54.475 25424-25433/? D/ReflectedParamUpdater: extent() != 1 for single value type: output.subscribed-indices.values
03-27 15:44:54.475 25424-25433/? D/ReflectedParamUpdater: extent() != 1 for single value type: input.buffers.allocator-ids.values
03-27 15:44:54.475 25424-25433/? D/ReflectedParamUpdater: extent() != 1 for single value type: output.buffers.allocator-ids.values
03-27 15:44:54.475 25424-25433/? D/ReflectedParamUpdater: extent() != 1 for single value type: algo.buffers.allocator-ids.values
03-27 15:44:54.475 25424-25433/? D/ReflectedParamUpdater: extent() != 1 for single value type: output.buffers.pool-
03-27 15:44:54.475 25424-25433/? D/ReflectedParamUpdater: ids.values
03-27 15:44:54.475 25424-25433/? D/ReflectedParamUpdater: extent() != 1 for single value type: algo.buffers.pool-ids.values
03-27 15:44:54.476 25424-25433/? D/ReflectedParamUpdater: ignored struct field coding.gop.values
03-27 15:44:54.476 25424-25433/? D/ReflectedParamUpdater: ignored struct field coding.qp.values
03-27 15:44:54.476 25424-25433/? D/CCodecConfig: ignoring local param raw.color (0xc2001809) as it is already supported
03-27 15:44:54.477 25424-25433/? I/CCodecConfig: query failed after returning 12 values (BAD_INDEX)
03-27 15:44:54.477 25424-25433/? D/CCodecConfig: c2 config diff is Dict {
03-27 15:44:54.477 25424-25433/? D/CCodecConfig:   c2::i32 coded.average-qp.value = 0
03-27 15:44:54.477 25424-25433/? D/CCodecConfig:   c2::u32 coded.bitrate.value = 64000
03-27 15:44:54.477 25424-25433/? D/CCodecConfig:   c2::float coded.frame-rate.value = 1
03-27 15:44:54.477 25424-25433/? D/CCodecConfig:   c2::u32 coded.picture-type.value = 0
03-27 15:44:54.477 25424-25433/? D/CCodecConfig:   c2::u32 coded.pl.level = 20492
03-27 15:44:54.477 25424-25433/? D/CCodecConfig:   c2::u32 coded.pl.profile = 20481
03-27 15:44:54.477 25424-25433/? D/CCodecConfig:   c2::u32 coded.vui.color.matrix = 0
03-27 15:44:54.477 25424-25433/? D/CCodecConfig:   c2::u32 coded.vui.color.primaries = 0
03-27 15:44:54.477 25424-25433/? D/CCodecConfig:   c2::u32 coded.vui.color.range = 0
03-27 15:44:54.477 25424-25433/? D/CCodecConfig:   c2::u32 coded.vui.color.transfer = 0
03-27 15:44:54.477 25424-25433/? D/CCodecConfig:   c2::u32 coding.intra-refresh.mode = 0
03-27 15:44:54.477 25424-25433/? D/CCodecConfig:   c2::float coding.intra-refresh.period = 0
03-27 15:44:54.477 25424-25433/? D/CCodecConfig:   c2::u32 coding.request-sync-frame.value = 0
03-27 15:44:54.477 25424-25433/? D/CCodecConfig:   c2::i64 coding.sync-frame-interval.value = 1000000
03-27 15:44:54.477 25424-25433/? D/CCodecConfig:   c2::u32 input.delay.value = 0
03-27 15:44:54.477 25424-25433/? D/CCodecConfig:   string input.media-type.value = "video/raw"
03-27 15:44:54.477 25424-25433/? D/CCodecConfig:   string output.media-type.value = "video/avc"
03-27 15:44:54.477 25424-25433/? D/CCodecConfig:   c2::u32 raw.color.matrix = 0
03-27 15:44:54.477 25424-25433/? D/CCodecConfig:   c2::u32 raw.color.primaries = 0
03-27 15:44:54.477 25424-25433/? D/CCodecConfig:   c2::u32 raw.color.range = 0
03-27 15:44:54.477 25424-25433/? D/CCodecConfig:   c2::u32 raw.color.transfer = 0
03-27 15:44:54.477 25424-25433/? D/CCodecConfig:   c2::u32 raw.size.height = 16
03-27 15:44:54.477 25424-25433/? D/CCodecConfig:   c2::u32 raw.size.width = 16
03-27 15:44:54.477 25424-25433/? D/CCodecConfig: }
03-27 15:44:54.477 25424-25433/? W/ColorUtils: expected specified color aspects (0:0:0:0)
03-27 15:44:54.489 25424-25424/? D/CodecSeeding: Seed: codec c2.android.avc.encoder, mediatype video/avc, overrideable 1
03-27 15:44:54.489 25424-25424/? D/CodecProperties: setTuningValue(vq-target-bpp,0)
03-27 15:44:54.489 25424-25424/? D/CodecProperties: setTuningValue(vq-target-bpp-1080p,1.90)
03-27 15:44:54.489 25424-25424/? D/CodecProperties: setTuningValue(vq-target-bpp-720p,2.25)
03-27 15:44:54.489 25424-25424/? D/CodecProperties: setTuningValue(vq-target-bpp-540p,2.65)
03-27 15:44:54.489 25424-25424/? D/CodecProperties: setTuningValue(vq-target-bpp-480p,3.00)
03-27 15:44:54.489 25424-25424/? D/CodecProperties: setTuningValue(vq-target-bpp-320x240,0)
03-27 15:44:54.489 25424-25424/? D/CodecProperties: setTuningValue(vq-target-qpmax,-1)
03-27 15:44:54.489 25424-25424/? D/CodecProperties: setTuningValue(vq-target-qpmax-1080p,45)
03-27 15:44:54.489 25424-25424/? D/CodecProperties: setTuningValue(vq-target-qpmax-720p,43)
03-27 15:44:54.489 25424-25424/? D/CodecProperties: setTuningValue(vq-target-qpmax-540p,42)
03-27 15:44:54.489 25424-25424/? D/CodecProperties: setTuningValue(vq-target-qpmax-480p,38)
03-27 15:44:54.489 25424-25424/? D/CodecProperties: setTuningValue(vq-bitrate-phaseout,1.75)
03-27 15:44:54.489 25424-25424/? D/CodecProperties: setTuningValue(vq-boost-missing-qp,0.20)
03-27 15:44:54.489 25424-25424/? D/CodecProperties: setFeatureValue(intra-refresh,0)
03-27 15:44:54.489 25424-25424/? D/CodecProperties: setFeatureValue(qp-bounds,0)
03-27 15:44:54.489 25424-25424/? D/CodecProperties: setFeatureValue(_vq_eligible.device,1)
03-27 15:44:54.489 25424-25424/? D/CodecProperties: setFeatureValue(_quality.target,1)
03-27 15:44:54.489 25424-25424/? D/CodecSeeding: Seed: codec c2.android.avc.encoder, mediatype video/avc, overrideable 0
03-27 15:44:54.490 25424-25424/? D/VQApply: raise bitrate: configured 1000000 to floor 2073600
03-27 15:44:54.490 25424-25424/? D/VQApply: minquality by QP: inject video-qp-max=43
03-27 15:44:54.490 25424-25424/? D/VQApply: minquality/target bitrate raised from 1000000 to 2073600 bps
03-27 15:44:54.490 25424-25424/? D/MediaCodec: shapeMediaFormat: deltas(6): AMessage(what = 0x00000000) = {
03-27 15:44:54.490 25424-25424/? D/MediaCodec:     int32_t bitrate = 2073600
03-27 15:44:54.490 25424-25424/? D/MediaCodec:     int32_t android._encoding-quality-level = 0
03-27 15:44:54.490 25424-25424/? D/MediaCodec:     int32_t video-qp-max = 43
03-27 15:44:54.490 25424-25424/? D/MediaCodec:     int32_t video-qp-i-max = 43
03-27 15:44:54.490 25424-25424/? D/MediaCodec:     int32_t video-qp-p-max = 46
03-27 15:44:54.490 25424-25424/? D/MediaCodec:     int32_t video-qp-b-max = 49
03-27 15:44:54.490 25424-25424/? D/MediaCodec:   }
03-27 15:44:54.490 25424-25433/? D/CCodec: [c2.android.avc.encoder] buffers are bound to CCodec for this session
03-27 15:44:54.490 25424-25433/? D/CCodecConfig: no c2 equivalents for color-format
03-27 15:44:54.490 25424-25433/? D/CCodecConfig: no c2 equivalents for max-bframes
03-27 15:44:54.490 25424-25433/? D/CCodecConfig: no c2 equivalents for video-qp-max
03-27 15:44:54.490 25424-25433/? D/CCodecConfig: no c2 equivalents for video-qp-i-max
03-27 15:44:54.490 25424-25433/? D/CCodecConfig: no c2 equivalents for video-qp-p-max
03-27 15:44:54.490 25424-25433/? D/CCodecConfig: no c2 equivalents for video-qp-b-max
03-27 15:44:54.490 25424-25433/? D/CCodecConfig: no c2 equivalents for flags
03-27 15:44:54.490 25424-25433/? D/CCodecConfig: no c2 equivalents for encoder
03-27 15:44:54.491 25424-25433/? D/CCodecConfig: c2 config diff is   c2::u32 coded.bitrate.value = 2073600
03-27 15:44:54.491 25424-25433/? D/CCodecConfig:   c2::float coded.frame-rate.value = 60
03-27 15:44:54.491 25424-25433/? D/CCodecConfig:   c2::i64 coding.sync-frame-interval.value = 10000000
03-27 15:44:54.491 25424-25433/? D/CCodecConfig:   c2::u32 raw.size.height = 1280
03-27 15:44:54.491 25424-25433/? D/CCodecConfig:   c2::u32 raw.size.width = 720
03-27 15:44:54.491 25424-25433/? W/ColorUtils: expected specified color aspects (0:0:0:0)
03-27 15:44:54.491 25424-25433/? D/CCodec: encoding statistics level = 0
03-27 15:44:54.491 25424-25433/? D/CCodec: setup formats input: AMessage(what = 0x00000000) = {
03-27 15:44:54.491 25424-25433/? D/CCodec:   Rect crop(0, 0, 719, 1279)
03-27 15:44:54.491 25424-25433/? D/CCodec:   int32_t color-standard = 0
03-27 15:44:54.491 25424-25433/? D/CCodec:   int32_t color-range = 0
03-27 15:44:54.491 25424-25433/? D/CCodec:   int32_t color-transfer = 0
03-27 15:44:54.491 25424-25433/? D/CCodec:   int32_t frame-rate = 60
03-27 15:44:54.491 25424-25433/? D/CCodec:   int32_t height = 1280
03-27 15:44:54.491 25424-25433/? D/CCodec:   int32_t intra-refresh-period = 0
03-27 15:44:54.491 25424-25433/? D/CCodec:   string mime = "video/raw"
03-27 15:44:54.491 25424-25433/? D/CCodec:   int32_t video-qp-average = 0
03-27 15:44:54.491 25424-25433/? D/CCodec:   int32_t width = 720
03-27 15:44:54.491 25424-25433/? D/CCodec:   int32_t android._dataspace = 0
03-27 15:44:54.491 25424-25433/? D/CCodec:   int32_t using-sw-read-often = 1
03-27 15:44:54.491 25424-25433/? D/CCodec:   int64_t android._C2MemoryUsage = 1
03-27 15:44:54.491 25424-25433/? D/CCodec:   int32_t color-format = 2130708361
03-27 15:44:54.491 25424-25433/? D/CCodec:   int32_t android._color-format = 2130708361
03-27 15:44:54.491 25424-25433/? D/CCodec: }
03-27 15:44:54.491 25424-25433/? D/CCodec: setup formats output: AMessage(what = 0x00000000) = {
03-27 15:44:54.491 25424-25433/? D/CCodec:   int32_t bitrate = 2073600
03-27 15:44:54.491 25424-25433/? D/CCodec:   Rect crop(0, 0, 719, 1279)
03-27 15:44:54.491 25424-25433/? D/CCodec:   int32_t color-standard = 0
03-27 15:44:54.491 25424-25433/? D/CCodec:   int32_t color-range = 0
03-27 15:44:54.491 25424-25433/? D/CCodec:   int32_t color-transfer = 0
03-27 15:44:54.491 25424-25433/? D/CCodec:   int32_t frame-rate = 60
03-27 15:44:54.491 25424-25433/? D/CCodec:   int32_t height = 128
03-27 15:44:54.491 25424-25433/? D/CCodec: 0
03-27 15:44:54.491 25424-25433/? D/CCodec:   int32_t intra-refresh-period = 0
03-27 15:44:54.491 25424-25433/? D/CCodec:   int32_t level = 4096
03-27 15:44:54.491 25424-25433/? D/CCodec:   int32_t max-bitrate = 2073600
03-27 15:44:54.491 25424-25433/? D/CCodec:   string mime = "video/avc"
03-27 15:44:54.491 25424-25433/? D/CCodec:   int32_t profile = 65536
03-27 15:44:54.491 25424-25433/? D/CCodec:   int32_t video-qp-average = 0
03-27 15:44:54.491 25424-25433/? D/CCodec:   int32_t width = 720
03-27 15:44:54.491 25424-25433/? D/CCodec: }
03-27 15:44:54.491 25424-25433/? I/CCodecConfig: query failed after returning 13 values (BAD_INDEX)
03-27 15:44:54.493 25424-25433/? D/CCodec: input format changed to AMessage(what = 0x00000000) = {
03-27 15:44:54.493 25424-25433/? D/CCodec:   Rect crop(0, 0, 719, 1279)
03-27 15:44:54.493 25424-25433/? D/CCodec:   int32_t color-standard = 1
03-27 15:44:54.493 25424-25433/? D/CCodec:   int32_t color-range = 2
03-27 15:44:54.493 25424-25433/? D/CCodec:   int32_t color-transfer = 3
03-27 15:44:54.493 25424-25433/? D/CCodec:   int32_t frame-rate = 60
03-27 15:44:54.493 25424-25433/? D/CCodec:   int32_t height = 1280
03-27 15:44:54.493 25424-25433/? D/CCodec:   int32_t intra-refresh-period = 0
03-27 15:44:54.493 25424-25433/? D/CCodec:   string mime = "video/raw"
03-27 15:44:54.493 25424-25433/? D/CCodec:   int32_t video-qp-average = 0
03-27 15:44:54.493 25424-25433/? D/CCodec:   int32_t width = 720
03-27 15:44:54.493 25424-25433/? D/CCodec:   int32_t android._dataspace = 260
03-27 15:44:54.493 25424-25433/? D/CCodec:   int32_t using-sw-read-often = 1
03-27 15:44:54.493 25424-25433/? D/CCodec:   int64_t android._C2MemoryUsage = 1
03-27 15:44:54.493 25424-25433/? D/CCodec:   int32_t color-format = 2130708361
03-27 15:44:54.493 25424-25433/? D/CCodec:   int32_t android._color-format = 2130708361
03-27 15:44:54.493 25424-25433/? D/CCodec: }
03-27 15:44:54.493 25424-25433/? D/GraphicBufferSource: setting dataspace: 0x104, acquired=0
03-27 15:44:54.493 25424-25433/? D/CCodec: ISConfig not changed
03-27 15:44:54.494 25424-25433/? W/Codec2Client: query -- param skipped: index = 1342179345.
03-27 15:44:54.494 25424-25433/? W/Codec2Client: query -- param skipped: index = 2415921170.
03-27 15:44:54.495 25424-25433/? D/CCodecBufferChannel: [c2.android.avc.encoder#898] Using basic input block pool with poolID 1 => got 1 - OK (0)
03-27 15:44:54.496 25424-25433/? D/C2Store: Using DMABUF Heaps
03-27 15:44:54.497 25424-25433/? I/CCodecBufferChannel: [c2.android.avc.encoder#898] Created output block pool with allocatorID 16 => poolID 79 - OK
03-27 15:44:54.497 25424-25433/? D/CCodecBufferChannel: [c2.android.avc.encoder#898] Configured output block pool ids 79 => OK
03-27 15:44:54.497 570-3980/? W/ResourceManagerService: Ignoring request to add new resource entry with value <= 0
03-27 15:44:54.516 279-279/? I/hwservicemanager: getTransport: Cannot find entry android.hardware.graphics.mapper@4.0::IMapper/default in either framework or device VINTF manifest.
03-27 15:44:54.516 25424-25427/? I/Gralloc4: mapper 4.x is not supported
03-27 15:44:54.519 1876-2098/? I/MediaProvider: Deleted 0 0 0 1 0 0 0 items on external_primary due to com.android.shell
03-27 15:44:54.521 1876-2098/? W/MediaProvider: isAppCloneUserPair for user 0: false
03-27 15:44:54.522 1876-2098/? V/MediaProvider: Inserted id:1000000096 less than next row id backup:1000001000.
03-27 15:44:54.526 25424-25424/? D/MPEG4Writer: PreAllocation enabled
03-27 15:44:54.534 25424-25427/? D/HostConnection: createUnique: call
03-27 15:44:54.534 25424-25427/? D/HostConnection: HostConnection::get() New Host Connection established 0x7853d2810110, tid 25427
03-27 15:44:54.535 25424-25427/? D/goldfish-address-space: allocate: Ask for block of size 0x100
03-27 15:44:54.535 1394-25328/? I/NetworkScheduler.Stats: Task com.google.android.gms/com.google.android.gms.ipa.base.IpaGcmTaskService started execution. cause:9 exec_start_elapsed_seconds: 4119 [CONTEXT service_id=218 ]
03-27 15:44:54.535 25424-25427/? D/goldfish-address-space: allocate: ioctl allocate returned offset 0x3e7ffe000 size 0x2000
03-27 15:44:54.538 1394-25342/? I/NetworkScheduler.Stats: Task com.google.android.gms/com.google.android.gms.ipa.base.IpaGcmTaskService finis
03-27 15:44:54.538 1394-25342/? I/NetworkScheduler.Stats: hed executing. cause:9 result: 1 elapsed_millis: 9 uptime_millis: 9 exec_start_elapsed_seconds: 4119 [CONTEXT service_id=218 ]
03-27 15:44:54.564 279-279/? I/hwservicemanager: getTransport: Cannot find entry android.hardware.graphics.allocator@4.0::IAllocator/default in either framework or device VINTF manifest.
03-27 15:44:54.565 278-278/? I/servicemanager: Could not find android.hardware.graphics.allocator.IAllocator/default in the VINTF manifest.
03-27 15:44:54.565 25424-25427/? W/Gralloc4: allocator 4.x is not supported
03-27 15:44:54.566 450-530/? D/goldfish-address-space: claimShared: Ask to claim region [0x3ea397000 0x3ea71b000]
03-27 15:44:54.573 25424-25427/? D/HostConnection: HostComposition ext ANDROID_EMU_CHECKSUM_HELPER_v1 ANDROID_EMU_native_sync_v2 ANDROID_EMU_native_sync_v3 ANDROID_EMU_native_sync_v4 ANDROID_EMU_dma_v1 ANDROID_EMU_direct_mem ANDROID_EMU_host_composition_v1 ANDROID_EMU_host_composition_v2 ANDROID_EMU_vulkan ANDROID_EMU_deferred_vulkan_commands ANDROID_EMU_vulkan_null_optional_strings ANDROID_EMU_vulkan_create_resources_with_requirements ANDROID_EMU_YUV_Cache ANDROID_EMU_vulkan_ignored_handles ANDROID_EMU_has_shared_slots_host_memory_allocator ANDROID_EMU_vulkan_free_memory_sync ANDROID_EMU_vulkan_shader_float16_int8 ANDROID_EMU_vulkan_async_queue_submit ANDROID_EMU_vulkan_queue_submit_with_commands ANDROID_EMU_sync_buffer_data ANDROID_EMU_vulkan_async_qsri ANDROID_EMU_read_color_buffer_dma ANDROID_EMU_hwc_multi_configs GL_OES_EGL_image_external_essl3 GL_OES_vertex_array_object GL_KHR_texture_compression_astc_ldr ANDROID_EMU_host_side_tracing ANDROID_EMU_gles_max_version_3_1 
03-27 15:44:54.577 25424-25427/? D/GraphicBufferSource: got buffer with new dataSpace #104
03-27 15:44:54.577 25424-25427/? D/C2OMXNode: dataspace changed to 0x104 pixel format: 0x1
03-27 15:44:54.578 279-279/? I/hwservicemanager: getTransport: Cannot find entry android.hardware.graphics.mapper@4.0::IMapper/default in either framework or device VINTF manifest.
03-27 15:44:54.579 578-25438/? D/SimpleC2Component: Using output block pool with poolID 79 => got 79 - 0
03-27 15:44:54.579 578-25438/? D/SimpleC2Component: applied 2 configUpdates => BAD_INDEX (6)
03-27 15:44:54.579 578-25438/? D/C2SoftAvcEnc: Params width 720 height 1280 level 41 colorFormat 0 bframes 0
03-27 15:44:54.581 450-530/? D/goldfish-address-space: claimShared: Ask to claim region [0x3e8f01000 0x3e9285000]
03-27 15:44:54.593 578-25438/? E/C2SoftAvcEnc: Unable to set air params = 0x1ad
03-27 15:44:54.602 450-530/? D/goldfish-address-space: claimShared: Ask to claim region [0x3e9285000 0x3e9609000]
03-27 15:44:54.615 450-530/? D/goldfish-address-space: claimShared: Ask to claim region [0x3e9609000 0x3e998d000]
03-27 15:44:54.616 25424-25433/? D/CCodecConfig: c2 config diff is   Buffer coded.init-data.value = {
03-27 15:44:54.616 25424-25433/? D/CCodecConfig:     00000000:  00 00 00 01 67 42 c0 29  8d 68 0b 40 a1 a4 20 20  ....gB.).h.@..  
03-27 15:44:54.616 25424-25433/? D/CCodecConfig:     00000010:  20 20 f0 88 46 a0 00 00  00 01 68 ce 01 a8 35 c8    ..F.....h...5.
03-27 15:44:54.616 25424-25433/? D/CCodecConfig:   }
03-27 15:44:54.618 25424-25424/? D/MPEG4Writer: fpathconf _PC_FILESIZEBITS:64
03-27 15:44:54.618 25424-25424/? D/MPEG4Writer: File size limit set to 4503599627370495 bytes implicitly
03-27 15:44:54.618 25424-25424/? D/MPEG4Writer: MP4WtrCtrlHlpLooper Started
03-27 15:44:54.618 25424-25424/? I/MPEG4Writer: limits: 4503599627370495/0 bytes/us, bit rate: -1 bps and the estimated moov size 3192 bytes
03-27 15:44:54.620 25424-25446/? I/MPEG4Writer: setStartTimestampUs: 4119404880
03-27 15:44:54.620 25424-25446/? I/MPEG4Writer: Earliest track starting time: 4119404880
03-27 15:44:54.622 902-1191/? D/EGL_emulation: app_time_stats: avg=6642.93ms min=16.65ms max=39723.59ms count=6
03-27 15:44:54.652 25390-25390/? W/com.example: Verification of void androidx.constraintlayout.solver.widgets.ConstraintWidget.applyConstraints(androidx.constraintlayout.solver.LinearSystem, boolean, boolean, boolean, boolean, androidx.constraintlayout.solver.SolverVariable, androidx.constraintlayout.solver.SolverVariable, androidx.constraintlayout.solver.widgets.ConstraintWidget$DimensionBehaviour, boolean, androidx.constraintlayout.solver.wi
03-27 15:44:54.652 25390-25390/? W/com.example: dgets.ConstraintAnchor, androidx.constraintlayout.solver.widgets.ConstraintAnchor, int, int, int, int, float, boolean, boolean, boolean, boolean, boolean, int, int, int, int, float, boolean) took 107.144ms (16687.81 bytecodes/s) (54968B approximate peak alloc)
03-27 15:44:54.879 482-520/? W/TransactionTracing: Could not find layer handle 0x7321fa2586b0
03-27 15:44:55.021 25390-25390/? D/CompatibilityChangeReporter: Compat change id reported: 210923482; UID 10181; state: ENABLED
03-27 15:44:55.320 25390-25390/? D/LifecycleMonitor: Lifecycle status change: com.example.MainActivity@b215ca2 in: CREATED
03-27 15:44:55.330 25390-25390/? V/ActivityScenario: Update currentActivityStage to CREATED, currentActivity=com.example.MainActivity@b215ca2
03-27 15:44:55.346 25390-25390/? D/LifecycleMonitor: Lifecycle status change: com.example.MainActivity@b215ca2 in: STARTED
03-27 15:44:55.346 25390-25390/? V/ActivityScenario: Update currentActivityStage to STARTED, currentActivity=com.example.MainActivity@b215ca2
03-27 15:44:55.389 25390-25390/? D/LifecycleMonitor: Lifecycle status change: com.example.MainActivity@b215ca2 in: RESUMED
03-27 15:44:55.390 25390-25390/? V/ActivityScenario: Update currentActivityStage to RESUMED, currentActivity=com.example.MainActivity@b215ca2
03-27 15:44:55.468 672-2813/? D/CoreBackPreview: Window{216f130 u0 com.example/com.example.MainActivity}: Setting back callback OnBackInvokedCallbackInfo{mCallback=android.window.IOnBackInvokedCallback$Stub$Proxy@cbbe32e, mPriority=0}
03-27 15:44:55.523 482-603/? W/ServiceManager: Permission failure: android.permission.ACCESS_SURFACE_FLINGER from uid=10181 pid=25390
03-27 15:44:55.523 482-516/? W/ServiceManager: Permission failure: android.permission.ACCESS_SURFACE_FLINGER from uid=10181 pid=0
03-27 15:44:55.523 482-603/? D/PermissionCache: checking android.permission.ACCESS_SURFACE_FLINGER for uid=10181 => denied (199 us)
03-27 15:44:55.523 482-516/? D/PermissionCache: checking android.permission.ACCESS_SURFACE_FLINGER for uid=10181 => denied (440 us)
03-27 15:44:55.523 482-603/? W/ServiceManager: Permission failure: android.permission.ROTATE_SURFACE_FLINGER from uid=10181 pid=25390
03-27 15:44:55.523 482-603/? D/PermissionCache: checking android.permission.ROTATE_SURFACE_FLINGER for uid=10181 => denied (95 us)
03-27 15:44:55.523 482-516/? W/ServiceManager: Permission failure: android.permission.ROTATE_SURFACE_FLINGER from uid=10181 pid=0
03-27 15:44:55.523 482-516/? D/PermissionCache: checki
03-27 15:44:55.523 482-516/? D/PermissionCache: ng android.permission.ROTATE_SURFACE_FLINGER for uid=10181 => denied (122 us)
03-27 15:44:55.523 482-603/? W/ServiceManager: Permission failure: android.permission.INTERNAL_SYSTEM_WINDOW from uid=10181 pid=25390
03-27 15:44:55.523 482-603/? D/PermissionCache: checking android.permission.INTERNAL_SYSTEM_WINDOW for uid=10181 => denied (77 us)
03-27 15:44:55.523 482-516/? W/ServiceManager: Permission failure: android.permission.INTERNAL_SYSTEM_WINDOW from uid=10181 pid=0
03-27 15:44:55.523 482-516/? D/PermissionCache: checking android.permission.INTERNAL_SYSTEM_WINDOW for uid=10181 => denied (58 us)
03-27 15:44:55.524 25390-25429/? D/HostConnection: createUnique: call
03-27 15:44:55.525 25390-25429/? D/HostConnection: HostConnection::get() New Host Connection established 0x7d62837e59d0, tid 25429
03-27 15:44:55.530 25390-25429/? D/HostConnection: HostComposition ext ANDROID_EMU_CHECKSUM_HELPER_v1 ANDROID_EMU_native_sync_v2 ANDROID_EMU_native_sync_v3 ANDROID_EMU_native_sync_v4 ANDROID_EMU_dma_v1 ANDROID_EMU_direct_mem ANDROID_EMU_host_composition_v1 ANDROID_EMU_host_composition_v2 ANDROID_EMU_vulkan ANDROID_EMU_deferred_vulkan_commands ANDROID_EMU_vulkan_null_optional_strings ANDROID_EMU_vulkan_create_resources_with_requirements ANDROID_EMU_YUV_Cache ANDROID_EMU_vulkan_ignored_handles ANDROID_EMU_has_shared_slots_host_memory_allocator ANDROID_EMU_vulkan_free_memory_sync ANDROID_EMU_vulkan_shader_float16_int8 ANDROID_EMU_vulkan_async_queue_submit ANDROID_EMU_vulkan_queue_submit_with_commands ANDROID_EMU_sync_buffer_data ANDROID_EMU_vulkan_async_qsri ANDROID_EMU_read_color_buffer_dma ANDROID_EMU_hwc_multi_configs GL_OES_EGL_image_external_essl3 GL_OES_vertex_array_object GL_KHR_texture_compression_astc_ldr ANDROID_EMU_host_side_tracing ANDROID_EMU_gles_max_version_3_1 
03-27 15:44:55.534 25390-25429/? W/OpenGLRenderer: Failed to choose config with EGL_SWAP_BEHAVIOR_PRESERVED, retrying without...
03-27 15:44:55.534 25390-25429/? W/OpenGLRenderer: Failed to initialize 101010-2 format, error = EGL_SUCCESS
03-27 15:44:55.544 25390-25429/? D/EGL_emulation: eglCreateContext: 0x7d62837e5310: maj 3 min 1 rcv 4
03-27 15:44:55.545 25390-25429/? D/EGL_emulation: eglMakeCurrent: 0x7d62837e5310: ver 3 1 (tinfo 0x7d64b7275080) (first time)
03-27 15:44:55.555 279-279/? I/hwservicemanager: getTransport: Cannot find entry android.hardware.graphics.mapper@4.0::IMapper/default in either framework or device VINTF manifest.
03-27 15:44:55.556 25390-25429/? I/Gralloc4: mapper 4.x is not supported
03-27 15:44:55.556 25390-25429/? D/HostConnection: createUnique: call
03-27 15:44:55.556 25390-25429/? D/HostConnection: HostConnection::get() New Host Connection established 0x7d62837e50d0, tid 25429
03-27 15:44:55.557 25390-25429/? D/goldfish-address-space: allocate: Ask for block of size 0x100
03-27 15:44:55.557 25390-25429/? D/goldfish-address-space: allocate: ioctl allocate returned offset 0x3e7ffe000 size 0x2000
03-27 15:44:55.572 279-279/? I/hwservicemanager: getTransport: Cannot find entry android.hardware.graphics.allocator@4.0::IAllocator/default in either framework or device VINTF manifest.
03-27 15:44:55.573 278-278/? I/servicemanager: Could not find android.hardware.graphics.allocator.IAllocator/default in the VINTF manifest.
03-27 15:44:55.573 25390-25429/? W/Gralloc4: allocator 4.x is not supported
03-27 15:44:55.574 450-530/? D/goldfish-address-space: claimShared: Ask to claim region [0x3ed4dc000 0x3ede02000]
03-27 15:44:55.581 25390-25429/? D/HostConnection: HostComposition ext ANDROID_EMU_CHECKSUM_HELPER_v1 ANDROID_EMU_native_sync_v2 ANDROID_EMU_native_sync_v3 ANDROID_EMU_native_sync_v4 ANDROID_EMU_dma_v1 ANDROID_EMU_direct_mem ANDROID_EMU_host_composition_v1 ANDROID_EMU_host_composition_v2 ANDROID_EMU_vulkan ANDROID_EMU_deferred_vulkan_commands ANDROID_EMU_vulkan_null_optional_strings ANDROID_EMU_vulkan_create_resources_with_requirements ANDROID_EMU_YUV_Cache ANDROID_EMU_vulkan_ignored_handle
03-27 15:44:55.581 25390-25429/? D/HostConnection: s ANDROID_EMU_has_shared_slots_host_memory_allocator ANDROID_EMU_vulkan_free_memory_sync ANDROID_EMU_vulkan_shader_float16_int8 ANDROID_EMU_vulkan_async_queue_submit ANDROID_EMU_vulkan_queue_submit_with_commands ANDROID_EMU_sync_buffer_data ANDROID_EMU_vulkan_async_qsri ANDROID_EMU_read_color_buffer_dma ANDROID_EMU_hwc_multi_configs GL_OES_EGL_image_external_essl3 GL_OES_vertex_array_object GL_KHR_texture_compression_astc_ldr ANDROID_EMU_host_side_tracing ANDROID_EMU_gles_max_version_3_1 
03-27 15:44:55.582 450-530/? D/goldfish-address-space: claimShared: Ask to claim region [0x3ede02000 0x3ee728000]
03-27 15:44:55.584 450-530/? D/goldfish-address-space: claimShared: Ask to claim region [0x3ec000000 0x3ec926000]
03-27 15:44:55.610 25390-25429/? W/Parcel: Expecting binder but got null!
03-27 15:44:55.617 672-701/? W/ziparchive: Unable to open '/data/app/~~AZmbGuQphIT3mSc4dUbQqQ==/com.example-JYplKpqG1IJkb3-k22IhFw==/base.dm': No such file or directory
03-27 15:44:55.619 672-701/? I/ActivityTaskManager: Displayed com.example/.MainActivity: +1s327ms
03-27 15:44:55.638 672-2813/? D/CompatibilityChangeReporter: Compat change id reported: 214016041; UID 10181; state: ENABLED
03-27 15:44:55.639 902-1191/? D/EGL_emulation: app_time_stats: avg=1817.52ms min=596.36ms max=3038.67ms count=2
03-27 15:44:55.644 672-1254/? D/CoreBackPreview: Window{6f0ee34 u0 Splash Screen com.example EXITING}: Setting back callback null
03-27 15:44:55.644 1668-1668/? I/GoogleInputMethodService: GoogleInputMethodService.onFinishInput():3220 
03-27 15:44:55.645 672-1134/? W/InputManager-JNI: Input channel object '6f0ee34 Splash Screen com.example (client)' was disposed without first being removed with the input manager!
03-27 15:44:55.646 1668-1668/? I/GoogleInputMethodService: GoogleInputMethodService.updateDeviceLockedStatus():2114 repeatCheckTimes = 0, unlocked = true
03-27 15:44:55.646 1668-1668/? I/GoogleInputMethodService: GoogleInputMethodService.onStartInput():1919 onStartInput(EditorInfo{inputType=0x0(NULL) imeOptions=0x0 privateImeOptions=null actionName=UNSPECIFIED actionLabel=null actionId=0 initialSelStart=-1 initialSelEnd=-1 initialCapsMode=0x0 hintText=null label=null packageName=com.
03-27 15:44:55.646 1668-1668/? I/GoogleInputMethodService: example fieldId=-1 fieldName=null extras=null}, false)
03-27 15:44:55.646 1668-1668/? I/GoogleInputMethodService: GoogleInputMethodService.updateDeviceLockedStatus():2114 repeatCheckTimes = 2, unlocked = true
03-27 15:44:55.654 1020-1341/? D/BtGatt.ScanManager: uid 10106 isForeground true scanMode -1
03-27 15:44:55.655 1020-1341/? D/BtGatt.ScanManager: uid 10106 isForeground true scanMode -1
03-27 15:44:55.663 482-520/? W/TransactionTracing: Could not find layer handle 0x7321fa259010
03-27 15:44:55.679 482-520/? W/TransactionTracing: Could not find layer handle 0x7321fa257ab0
03-27 15:44:55.682 25390-25529/? V/UiAutomation: Init UiAutomation@393ebae[id=13, flags=0]
03-27 15:44:55.684 672-672/? D/BatterySaverPolicy: accessibility changed to true, updating policy.
03-27 15:44:55.684 450-530/? D/goldfish-address-space: claimShared: Ask to claim region [0x3e85db000 0x3e8f01000]
03-27 15:44:55.685 2141-2657/? I/A: NGA disabled due to not being eligible.
03-27 15:44:55.693 279-279/? I/hwservicemanager: getTransport: Cannot find entry android.hardware.graphics.mapper@4.0::IMapper/default in either framework or device VINTF manifest.
03-27 15:44:55.693 25370-25382/? I/Gralloc4: mapper 4.x is not supported
03-27 15:44:55.704 25370-25382/? D/HostConnection: createUnique: call
03-27 15:44:55.704 25370-25382/? D/HostConnection: HostConnection::get() New Host Connection established 0x7ac664b79990, tid 25382
03-27 15:44:55.704 25370-25382/? D/goldfish-address-space: allocate: Ask for block of size 0x100
03-27 15:44:55.704 25370-25382/? D/goldfish-address-space: allocate: ioctl allocate returned offset 0x3e7ffe000 size 0x2000
03-27 15:44:55.723 25370-25382/? D/HostConnection: HostComposition ext ANDROID_EMU_CHECKSUM_HELPER_v1 ANDROID_EMU_native_sync_v2 ANDROID_EMU_native_sync_v3 ANDROID_EMU_native_sync_v4 ANDROID_EMU_dma_v1 ANDROID_EMU_direct_mem ANDROID_EMU_host_composition_v1 ANDROID_EMU_host_composition_v2 ANDROID_EMU_vulkan ANDROID_EMU_deferred_vulkan_commands ANDROID_EMU_vulkan_null_optional_strings ANDROID_EMU_vulkan_create_resources_with_requirements ANDROID_EMU_YUV_Cache ANDROID_EMU_vulka
03-27 15:44:55.723 25370-25382/? D/HostConnection: n_ignored_handles ANDROID_EMU_has_shared_slots_host_memory_allocator ANDROID_EMU_vulkan_free_memory_sync ANDROID_EMU_vulkan_shader_float16_int8 ANDROID_EMU_vulkan_async_queue_submit ANDROID_EMU_vulkan_queue_submit_with_commands ANDROID_EMU_sync_buffer_data ANDROID_EMU_vulkan_async_qsri ANDROID_EMU_read_color_buffer_dma ANDROID_EMU_hwc_multi_configs GL_OES_EGL_image_external_essl3 GL_OES_vertex_array_object GL_KHR_texture_compression_astc_ldr ANDROID_EMU_host_side_tracing ANDROID_EMU_gles_max_version_3_1 
03-27 15:44:55.733 25370-25545/? D/libEGL: loaded /vendor/lib64/egl/libEGL_emulation.so
03-27 15:44:55.733 25370-25545/? D/libEGL: loaded /vendor/lib64/egl/libGLESv1_CM_emulation.so
03-27 15:44:55.734 25370-25545/? D/libEGL: loaded /vendor/lib64/egl/libGLESv2_emulation.so
03-27 15:44:55.743 25370-25545/? D/HostConnection: createUnique: call
03-27 15:44:55.743 25370-25545/? D/HostConnection: HostConnection::get() New Host Connection established 0x7ac664b7a1d0, tid 25545
03-27 15:44:55.748 25370-25545/? D/HostConnection: HostComposition ext ANDROID_EMU_CHECKSUM_HELPER_v1 ANDROID_EMU_native_sync_v2 ANDROID_EMU_native_sync_v3 ANDROID_EMU_native_sync_v4 ANDROID_EMU_dma_v1 ANDROID_EMU_direct_mem ANDROID_EMU_host_composition_v1 ANDROID_EMU_host_composition_v2 ANDROID_EMU_vulkan ANDROID_EMU_deferred_vulkan_commands ANDROID_EMU_vulkan_null_optional_strings ANDROID_EMU_vulkan_create_resources_with_requirements ANDROID_EMU_YUV_Cache ANDROID_EMU_vulkan_ignored_handles ANDROID_EMU_ha
03-27 15:44:55.748 25370-25545/? D/HostConnection: s_shared_slots_host_memory_allocator ANDROID_EMU_vulkan_free_memory_sync ANDROID_EMU_vulkan_shader_float16_int8 ANDROID_EMU_vulkan_async_queue_submit ANDROID_EMU_vulkan_queue_submit_with_commands ANDROID_EMU_sync_buffer_data ANDROID_EMU_vulkan_async_qsri ANDROID_EMU_read_color_buffer_dma ANDROID_EMU_hwc_multi_configs GL_OES_EGL_image_external_essl3 GL_OES_vertex_array_object GL_KHR_texture_compression_astc_ldr ANDROID_EMU_host_side_tracing ANDROID_EMU_gles_max_version_3_1 
03-27 15:44:55.748 25370-25545/? W/OpenGLRenderer: Failed to choose config with EGL_SWAP_BEHAVIOR_PRESERVED, retrying without...
03-27 15:44:55.749 25370-25545/? W/OpenGLRenderer: Failed to initialize 101010-2 format, error = EGL_SUCCESS
03-27 15:44:55.750 25370-25545/? D/EGL_emulation: eglCreateContext: 0x7ac664b79b10: maj 3 min 1 rcv 4
03-27 15:44:55.750 25370-25545/? D/EGL_emulation: eglMakeCurrent: 0x7ac664b79b10: ver 3 1 (tinfo 0x7ac88e2f9080) (first time)
03-27 15:44:55.803 672-768/? D/CompatibilityChangeReporter: Compat change id reported: 149924527; UID 10181; state: ENABLED
03-27 15:44:55.803 672-768/? D/CompatibilityChangeReporter: Compat change id reported: 132649864; UID 10181; state: DISABLED
03-27 15:44:55.806 1876-2099/? W/MediaProvider: isAppCloneUserPair for user 0: false
03-27 15:44:55.808 1876-2099/? V/MediaProvider: Inserted id:1000000097 less than next row id backup:1000001000.
03-27 15:44:55.840 1394-14480/? I/NetworkScheduler.Stats: Task com.google.android.gms/com.google.android.gms.ipa.base.IpaGcmTaskService started execution. cause:9 exec_start_elapsed_seconds: 4120 [CONTEXT service_id=218 ]
03-27 15:44:55.843 1394-25328/? I/NetworkScheduler.Stats: Task com.google.android.gms/com.google.android.gms.ipa.base.IpaGcmTaskService finished executing. cause:9 result: 1 elapsed_millis: 15 uptime_millis: 15 exec_start_elapsed_seconds: 4120 [CONTEXT service_id=218 ]
03-27 15:44:55.846 902-1191/? D/EGL_emulation: app_time_stats: avg=1222.22ms min=1222.22ms max=1222.22ms count=1
03-27 15:44:55.894 25390-25390/? W/com.example: Accessing hidden method Landroid/os/MessageQueue;->next()Landroid/os/Message; (unsupported, reflection, allowed)
03-27 15:44:55.894 25390-25390/? W/com.example: Accessing hidden field Landroid/os/MessageQueue;->mMessages:Landroid/os/Message; (unsupported, reflection, allowed)
03-27 15:44:55.895 25390-25390/? W/com.example: Accessing hidden method Landroid/os/Message;->recycleUnchecked()V (unsupported, reflection, allowed)
03-27 15:44:55.907 25390-25390/? W/com.example: Accessing hidden method Landroid/view/WindowManagerGlobal;->getInstance()Landroid/view/WindowManagerGlobal; (unsupported, reflection, allowed)
03-27 15:44:55.907 25390-25390/? W/com.example: Accessing hidden field Landroid/view/WindowManagerGlobal;->mViews:Ljava/util/ArrayList; (unsupported, reflection, allowed)
03-27 15:44:55.907 25390-25390/? W/com.example: Accessing hidden field Landroid/view/WindowManagerGlobal;->mParam
03-27 15:44:55.907 25390-25390/? W/com.example: s:Ljava/util/ArrayList; (unsupported, reflection, allowed)
03-27 15:44:55.910 25390-25390/? I/ViewInteraction: Checking 'MatchesViewAssertion{viewMatcher=an instance of android.widget.TextView and view.getText() with or without transformation to match: is "Test"}' assertion on view (view.getId() is <2131230838/com.example:id/edittext>)
03-27 15:44:55.911 1020-1341/? D/BtGatt.ScanManager: uid 10106 isForeground true scanMode -1
03-27 15:44:55.911 1020-1341/? D/BtGatt.ScanManager: uid 10106 isForeground true scanMode -1
03-27 15:44:55.913 672-2124/? D/CompatibilityChangeReporter: Compat change id reported: 161252188; UID 10182; state: ENABLED
03-27 15:44:55.914 672-2124/? I/ActivityTaskManager: START u0 {act=android.intent.action.MAIN cat=[android.intent.category.LAUNCHER] flg=0x10000000 cmp=com.example.test/androidx.test.core.app.InstrumentationActivityInvoker$EmptyActivity} from uid 10181
03-27 15:44:55.915 1394-3138/? I/FontLog: Received query Noto Color Emoji Compat, URI content://com.google.android.gms.fonts [CONTEXT service_id=132 ]
03-27 15:44:55.916 1394-3138/? I/FontLog: Query [emojicompat-emoji-font] resolved to {Noto Color Emoji Compat, wdth 100.0, wght 400, ital 0.0, bestEffort false} [CONTEXT service_id=132 ]
03-27 15:44:55.918 672-2124/? D/CompatibilityChangeReporter: Compat change id reported: 194480991; UID 10182; state: ENABLED
03-27 15:44:55.919 1394-3138/? I/FontLog: Fetch {Noto Color Emoji Compat, wdth 100.0, wght 400, ital 0.0, bestEffort false} end status Status{statusCode=SUCCESS, resolution=null} [CONTEXT service_id=132 ]
03-27 15:44:55.920 672-2124/? D/CompatibilityChangeReporter: Compat change id reported: 174042980; UID 10182; state: DISABLED
03-27 15:44:55.920 672-2124/? D/CompatibilityChangeReporter: Compat change id reported: 184838306; UID 10182; state: DISABLED
03-27 15:44:55.921 672-2124/? D/CompatibilityChangeReporter: Compat change id reported: 185004937; UID 10182; state: DISABLED
03-27 15:44:55.921 672-2124/? D/CompatibilityChangeReporter: Compat change id reported: 181136395; UID 10182; state: DISABLED
03-27 15:44:55.921 672-2124/? D/CompatibilityChangeReporter: Compat change id reported: 174042936; UID 10182; state: DISABLED
03-27 15:44:55.921 672-2124/? D/CompatibilityChangeReporter: Compat change id reported: 197654537; UID 10182; state: ENABLED
03-27 15:44:55.922 672-2124/? V/SplashScreenExceptionList: SplashScreen checking exception for package com.example.test (target sdk:33) -> false
03-27 15:44:55.922 672-2124/? D/CompatibilityChangeReporter: Compat change id reported: 205907456; UID 10182; state: ENABLED
03-27 15:44:55.923 1394-3138/? I/FontLog: Pulling font file for id = 47, cache size = 19 [CONTEXT service_id=132 ]
03-27 15:44:55.924 672-2124/? D/CompatibilityChangeReporter: Compat change id reported: 194833441; UID 10182; state: ENABLED
03-27 15:44:55.925 672-704/? D/CompatibilityChangeReporter: Compat change id reported: 135634846; UID 10182; state: DISABLED
03-27 15:44:55.925 672-704/? D/CompatibilityChangeReporter: Compat change id reported: 177438394; UID 10182; state: DISABLED
03-27 15:44:55.925 672-704/? D/CompatibilityChangeReporter: Compat change id reported: 135772972; UID 10182; state: DISABLED
03-27 15:44:55.925 672-704/? D/CompatibilityChangeReporter: [ 03-27 15:44:55.925   672:  704 D/Comp
03-27 15:44:55.925 672-704/? D/CompatibilityChangeReporter: atibilityChangeReporter ]
03-27 15:44:55.925 672-704/? D/CompatibilityChangeReporter: Compat change id reported: 135754954; UID 10182; state: ENABLED
03-27 15:44:55.925 25390-25390/? D/LifecycleMonitor: Lifecycle status change: com.example.MainActivity@b215ca2 in: PAUSED
03-27 15:44:55.926 25390-25390/? V/ActivityScenario: Update currentActivityStage to PAUSED, currentActivity=com.example.MainActivity@b215ca2
03-27 15:44:55.926 672-713/? D/CompatibilityChangeReporter: Compat change id reported: 143937733; UID 10182; state: ENABLED
03-27 15:44:55.927 902-1083/? D/SplashScreenView: Build android.window.SplashScreenView{3826121 V.E...... ......ID 0,0-0,0}
03-27 15:44:55.927 902-1083/? D/SplashScreenView: Icon: view: null drawable: null size: 0
03-27 15:44:55.927 902-1083/? D/SplashScreenView: Branding: view: android.view.View{8a19946 G.ED..... ......I. 0,0-0,0 #10204db android:id/splashscreen_branding_view} drawable: null size w: 0 h: 0
03-27 15:44:55.928 1394-1411/? I/FontLog: Pulling font file for id = 47, cache size = 19 [CONTEXT service_id=132 ]
03-27 15:44:55.932 672-2124/? D/CoreBackPreview: Window{ac0b8ab u0 Splash Screen com.example.test}: Setting back callback OnBackInvokedCallbackInfo{mCallback=android.window.IOnBackInvokedCallback$Stub$Proxy@e34b2a1, mPriority=0}
03-27 15:44:55.936 450-530/? D/goldfish-address-space: claimShared: Ask to claim region [0x3ee728000 0x3ef04e000]
03-27 15:44:55.947 450-530/? D/goldfish-address-space: claimShared: Ask to claim region [0x3ef04e000 0x3ef974000]
03-27 15:44:55.947 429-429/? D/Zygote: Forked child process 25552
03-27 15:44:55.947 672-713/? I/ActivityManager: Start proc 25552:com.example.test/u0a182 for next-top-activity {com.example.test/androidx.test.core.app.InstrumentationActivityInvoker$EmptyActivity}
03-27 15:44:55.951 450-530/? D/goldfish-address-space: claimShared: Ask to claim region [0x3f2092000 0x3f29b8000]
03-27 15:44:55.951 902-1191/? W/Parcel: Expecting binder but got null!
03-27 15:44:55.955 450-530/? D/goldfish-address-space: claimShared: Ask to claim region [0x3ec926000 0x3ecf01000]
03-27 15:44:55.957 25552-25552/? I/om.example.test: Late-enabling -Xcheck:jni
03-27 15:44:55.988 1318-1332/? W/System: A resource failed to call release. 
03-27 15:44:55.988 1318-1332/? W/System: A resource failed to call release. 
03-27 15:44:55.988 1318-1332/? W/System: A resource failed to call release. 
03-27 15:44:55.988 1318-1332/? W/System: A resource failed to call release. 
03-27 15:44:55.988 1318-1332/? W/System: A resource failed to call release. 
03-27 15:44:55.988 1318-1332/? W/System: A resource failed t
03-27 15:44:55.988 1318-1332/? W/System: o call release. 
03-27 15:44:55.988 1318-1332/? W/System: A resource failed to call release. 
03-27 15:44:55.988 1318-1332/? W/System: A resource failed to call release. 
03-27 15:44:55.988 1318-1332/? W/System: A resource failed to call release. 
03-27 15:44:55.989 25552-25552/? W/om.example.test: Unexpected CPU variant for x86: x86_64.
03-27 15:44:55.989 25552-25552/? W/om.example.test: Known variants: atom, sandybridge, silvermont, kabylake, default
03-27 15:44:55.993 528-565/? I/adbd: jdwp connection from 25552
03-27 15:44:55.999 450-530/? D/goldfish-address-space: claimShared: Ask to claim region [0x3eb885000 0x3ebc09000]
03-27 15:44:56.007 672-711/? D/IntervalStats: Unable to parse usage stats packages: [186, 187, 188, 189]
03-27 15:44:56.007 672-711/? D/IntervalStats: Unable to parse event packages: [188, 189]
03-27 15:44:56.015 450-530/? D/goldfish-address-space: claimShared: Ask to claim region [0x3ead22000 0x3eb0a6000]
03-27 15:44:56.020 25552-25552/? D/CompatibilityChangeReporter: Compat change id reported: 171979766; UID 10182; state: ENABLED
03-27 15:44:56.025 25552-25552/? D/ApplicationLoaders: Returning zygote-cached class loader: /system/framework/android.test.base.jar
