03-27 15:45:54.953 672-1254/? W/system_server: Long monitor contention with owner android.anim (705) at void com.android.server.wm.WindowAnimator.lambda$new$1(long)(WindowAnimator.java:110) waiters=1 in android.app.ActivityTaskManager$RootTaskInfo com.android.server.wm.ActivityTaskManagerService.getRootTaskInfo(int, int) for 649ms
03-27 15:45:54.959 672-705/? I/Choreographer: Skipped 39 frames!  The application may be doing too much work on its main thread.
03-27 15:45:54.959 902-1082/? I/Choreographer: Skipped 38 frames!  The application may be doing too much work on its main thread.
03-27 15:45:54.960 672-1254/? D/CoreBackPreview: Window{2187b81 u0 Splash Screen com.example.test EXITING}: Setting back callback null
03-27 15:45:54.961 28215-28215/? D/LifecycleMonitor: Lifecycle status change: com.example.MainActivity@85ca0ee in: STOPPED
03-27 15:45:54.961 672-2636/? W/InputManager-JNI: Input channel object '2187b81 Splash Screen com.example.test (client)' was disposed without first being removed with the input manager!
03-27 15:45:54.961 28215-28215/? V/ActivityScenario: Update currentActivityStage to STOPPED, currentActivity=com.example.MainActivity@85ca0ee
03-27 15:45:54.962 672-1256/? W/ActivityManager: Unable to start service Intent { act=android.service.smartspace.SmartspaceService cmp=com.google.android.as/com.google.android.apps.miphone.aiai.app.AiAiSmartspaceService } U=0: not found
03-27 15:45:54.964 672-1256/? W/RemoteSmartspaceService: could not bind to Intent { act=android.service.smartspace.SmartspaceService cmp=com.google.android.as/com.google.android.apps.miphone.aiai.app.AiAiSmartspaceService } using flags 67112961
03-27 15:45:54.964 28215-28215/? D/LifecycleMonitor: Lifecycle status change: com.example.MainActivity@85ca0ee in: DESTROYED
03-27 15:45:54.964 28215-28215/? V/ActivityScenario: Update currentActivityStage to DESTROYED, currentActivity=null
03-27 15:45:54.965 1020-1341/? D/BtGatt.ScanManager: uid 10106 isForeground true scanMode -1
03-27 15:45:54.965 1020-1341/? D/BtGatt.ScanManager: uid 10106 isForeground true scanMode -1
03-27 15:45:54.966 672-672/? W/ActivityManager: Unbind failed: could not find connection for android.app.LoadedApk$ServiceDispatcher$InnerConnection@6e93ca4
03-27 15:45:54.966 672-2376/? D/CoreBackPreview: Window{ee132c0 u0 com.example/com.example.MainActivity}: Setting back callback null
03-27 15:45:54.966 1668-1668/? I/GoogleInputMethodService: GoogleInputMethodService.onFinishInput():3220 
03-27 15:45:54.967 672-805/? W/InputManager-JNI: Input channel object 'ee132c0 com.example/com.example.MainActivity (client)' was disposed without first being removed with the input manager!
03-27 15:45:54.968 1668-1668/? I/GoogleInputMethodService: GoogleInputMethodService.updateDeviceLockedStatus():2114 repeatCheckTimes = 0, unlocked = true
03-27 15:45:54.968 672-2636/? W/ActivityManager: Unable to start service Intent { act=android.service.smartspace.SmartspaceService cmp=com.google.android.as/com.google.android.apps.miphone.aiai.app.AiAiSmartspaceService } U=0: not found
03-27 15:45:54.968 672-2636/? W/RemoteSmartspaceService: could not bind to Intent { act=android.service.smartspace.SmartspaceService cmp=com.google.android.as/com.google.android.apps.miphone.aiai.app.AiAiSmartspaceService } using flags 67112961
03-27 15:45:54.968 672-672/? W/ActivityManager: Unbind failed: could not find connection for android.app.LoadedApk$ServiceDispatcher$InnerConnection@786d40e
03-27 15:45:54.968 1668-1668/? I/GoogleInputMethodService: GoogleInputMethodService.onStartInput():1919 onStartInput(EditorInfo{inputType=0x0(NULL) imeOptions=0x0 privateImeOptions=null actionName=UNSPECIFIED actionLabel=null actionId=0 initialSelStart=-1 initialSelEnd=-1 initialCapsMode=0x0 hintText=null label=null packageName=com.example.test fieldId=-1 fieldName=null extras=null}, false)
03-27 15:45:54.968 1668-1668/? I/GoogleInputMethodService: GoogleInputMethodService.updateDeviceLockedStatus():2114 repeatCheckTimes = 2, unlocked = true
03-27 15:45:54.976 450-484/? D/goldfish-address-space: claimShared: Ask to claim region [0x3ec000000 0x3ec926000]
03-27 15:45:54.978 450-484/? D/goldfish-address-space: claimShared: Ask to claim region [0x3edb72000 0x3ee498000]
03-27 15:45:54.979 482-520/? W/TransactionTracing: Could not find layer id -1
03-27 15:45:54.980 450-484/? D/goldfish-address-space: claimShared: Ask to claim region [0x3ee498000 0x3eedbe000]
03-27 15:45:54.984 450-484/? D/goldfish-address-space: claimShared: Ask to claim region [0x3e9f5b000 0x3ea881000]
03-27 15:45:54.987 450-484/? D/goldfish-address-space: claimShared: Ask to claim region [0x3ed24c000 0x3edb72000]
03-27 15:45:54.993 450-484/? D/goldfish-address-space: claimShared: Ask to claim region [0x3eedbe000 0x3ef6e4000]
03-27 15:45:54.996 482-520/? W/TransactionTracing: Could not find layer id -1
03-27 15:45:54.996 482-520/? W/TransactionTracing: Could not find layer id -1
03-27 15:45:55.004 1947-1947/? I/GsaVoiceInteractionSrv: Handling ACTION_START_HOTWORD
03-27 15:45:55.005 1947-2796/? I/GsaVoiceInteractionSrv: disregardVoiceMatch: false
03-27 15:45:55.005 1947-2796/? I/GsaVoiceInteractionSrv: Cannot start hotword, hotword has been explicitly disabled.
03-27 15:29:47.830 0-0/? I/logd: logdr: UID=2000 GID=2000 PID=28344 n tail=0 logMask=99 pid=0 start=0ns deadline=0ns
03-27 15:45:55.116 2141-2141/? W/A: Can't get WAA status for Mavatar!
03-27 15:45:55.116 2141-2141/? W/A: java.lang.NullPointerException: Attempt to invoke virtual method 'java.lang.Class java.lang.Object.getClass()' on a null object reference
03-27 15:45:55.116 2141-2141/? W/A: 	at com.google.apps.tiktok.dataservice.z.b(PG:1)
03-27 15:45:55.116 2141-2141/? W/A: 	at com.google.apps.tiktok.dataservice.at.a(PG:1)
03-27 15:45:55.116 2141-2141/? W/A: 	at com.google.apps.tiktok.tracing.ec.a(PG:2)
03-27 15:45:55.116 2141-2141/? W/A: 	at com.google.common.util.concurrent.aj.a(PG:2)
03-27 15:45:55.116 2141-2141/? W/A: 	at com.google.common.util.concurrent.ac.apply(PG:1)
03-27 15:45:55.116 2141-2141/? W/A: 	at com.google.common.util.concurrent.h.e(PG:2)
03-27 15:45:55.116 2141-2141/? W/A: 	at com.google.common.util.concurrent.j.run(PG:9)
03-27 15:45:55.116 2141-2141/? W/A: 	at com.google.common.util.concurrent.bf.execute(PG:1)
03-27 15:45:55.116 2141-2141/? W/A: 	at com.google.common.util.concurrent.d.i(PG:1)
03-27 15:45:55.116 2141-2141/? W/A: 	at com.google.common.util.concurrent.d.iq(PG:5)
03-27 15:45:55.116 2141-2141/? W/A: 	at com.google.common.util.concurrent.j.h(PG:2)
03-27 15:45:55.116 2141-2141/? W/A: 	at com.google.common.util.concurrent.ax.d(PG:1)
03-27 15:45:55.116 2141-2141/? W/A: 	at com.google.apps.tiktok.dataservice.au.a(PG:5)
03-27 15:45:55.116 2141-2141/? W/A: 	at com.google.apps.tiktok.dataservice.dr.c(PG:5)
03-27 15:45:55.116 2141-2141/? W/A: 	at com.google.apps.tiktok.dataservice.dp.run(PG:6)
03-27 15:45:55.116 2141-2141/? W/A: 	at com.google.apps.tiktok.concurrent.ak.run(PG:6)
03-27 15:45:55.116 2141-2141/? W/A: 	at com.google.apps.tiktok.tracing.ei.run(PG:2)
03-27 15:45:55.116 2141-2141/? W/A: 	at java.util.concurrent.Executors$RunnableAdapter.call(Executors.java:463)
03-27 15:45:55.116 2141-2141/? W/A: 	at com.google.common.util.concurrent.dy.a(PG:1)
03-27 15:45:55.116 2141-2141/? W/A: 	at com.google.common.util.concurrent.cv.run(PG:4)
03-27 15:45:55.116 2141-2141/? W/A: 	at com.google.common.util.concurrent.dz.run(PG:1)
03-27 15:45:55.116 2141-2141/? W/A: 	at android.os.Handler.handleCallback(Handler.java:942)
03-27 15:45:55.116 2141-2141/? W/A: 	at android.os.Handler.dispatchMessage(Handler.java:99)
03-27 15:45:55.116 2141-2141/? W/A: 	at android.os.Looper.loopOnce(Looper.java:201)
03-27 15:45:55.116 2141-2141/? W/A: 	at android.os.Looper.loop(Looper.java:288)
03-27 15:45:55.116 2141-2141/? W/A: 	at android.app.ActivityThread.main(ActivityThread.java:7872)
03-27 15:45:55.116 2141-2141/? W/A: 	at java.lang.reflect.Method.invoke(Native Method)
03-27 15:45:55.116 2141-2141/? W/A: 	at com.android.internal.os.RuntimeInit$MethodAndArgsCaller.run(RuntimeInit.java:548)
03-27 15:45:55.116 2141-2141/? W/A: 	at com.android.internal.os.ZygoteInit.main(ZygoteInit.java:936)
03-27 15:45:55.117 1668-1668/? I/GoogleInputMethodService: GoogleInputMethodService.onFinishInput():3220 
03-27 15:45:55.117 1668-1668/? I/GoogleInputMethodService: GoogleInputMethodService.updateDeviceLockedStatus():2114 repeatCheckTimes = 0, unlocked = true
03-27 15:45:55.117 1668-1668/? I/GoogleInputMethodService: GoogleInputMethodService.onStartInput():1919 onStartInput(EditorInfo{inputType=0x0(NULL) imeOptions=0x0 privateImeOptions=null actionName=UNSPECIFIED actionLabel=null actionId=0 initialSelStart=-1 initialSelEnd=-1 initialCapsMode=0x0 hintText=null label=null packageName=com.google.android.apps.nexuslauncher fieldId=-1 fieldName=null extras=null}, false)
03-27 15:45:55.118 1668-1668/? I/GoogleInputMethodService: GoogleInputMethodService.updateDeviceLockedStatus():2114 repeatCheckTimes = 2, unlocked = true
03-27 15:45:55.120 28215-28236/? E/TestRunner: failed: testFailure(com.example.MainActivityAllureTest)
03-27 15:45:55.120 28215-28236/? E/TestRunner: ----- begin exception -----
03-27 15:45:55.121 28215-28236/? E/TestRunner: androidx.test.espresso.base.AssertionErrorHandler$AssertionFailedWithCauseError: 'an instance of android.widget.TextView and view.getText() with or without transformation to match: is "Cafebabe"' doesn't match the selected view.
03-27 15:45:55.121 28215-28236/? E/TestRunner: Expected: an instance of android.widget.TextView and view.getText() with or without transformation to match: is "Cafebabe"
03-27 15:45:55.121 28215-28236/? E/TestRunner:      Got: view.getText() was "Test"
03-27 15:45:55.121 28215-28236/? E/TestRunner: View Details: EditText{id=2131230838, res-name=edittext, visibility=VISIBLE, width=1080, height=1934, has-focus=false, has-focusable=true, has-window-focus=true, is-clickable=true, is-enabled=true, is-focused=false, is-focusable=true, is-layout-requested=false, is-selected=false, layout-params=androidx.constraintlayout.widget.ConstraintLayout$LayoutParams@YYYYYY, tag=null, root-is-layout-requested=false, has-input-connection=true, editor-info=[inputType=0x20001 imeOptions=0x40000006 privateImeOptions=null actionLabel=null actionId=0 initialSelStart=0 initialSelEnd=0 initialCapsMode=0x0 hintText=null label=null packageName=null autofillId=null fieldId=0 fieldName=null extras=null hintLocales=null contentMimeTypes=null ], x=0.0, y=0.0, text=Test, input-type=131073, ime-target=false, has-links=false}
03-27 15:45:55.121 28215-28236/? E/TestRunner: 	at dalvik.system.VMStack.getThreadStackTrace(Native Method)
03-27 15:45:55.121 28215-28236/? E/TestRunner: 	at java.lang.Thread.getStackTrace(Thread.java:1841)
03-27 15:45:55.121 28215-28236/? E/TestRunner: 	at androidx.test.espresso.base.AssertionErrorHandler.handleSafely(AssertionErrorHandler.java:3)
03-27 15:45:55.121 28215-28236/? E/TestRunner: 	at androidx.test.espresso.base.AssertionErrorHandler.handleSafely(AssertionErrorHandler.java:1)
03-27 15:45:55.121 28215-28236/? E/TestRunner: 	at androidx.test.espresso.base.DefaultFailureHandler$TypedFailureHandler.handle(DefaultFailureHandler.java:4)
03-27 15:45:55.121 28215-28236/? E/TestRunner: 	at androidx.test.espresso.base.DefaultFailureHandler.handle(DefaultFailureHandler.java:5)
03-27 15:45:55.121 28215-28236/? E/TestRunner: 	at androidx.test.espresso.ViewInteraction.waitForAndHandleInteractionResults(ViewInteraction.java:5)
03-27 15:45:55.121 28215-28236/? E/TestRunner: 	at androidx.test.espresso.ViewInteraction.check(ViewInteraction.java:12)
03-27 15:45:55.121 28215-28236/? E/TestRunner: 	at io.github.kakaocup.kakao.delegate.ViewInteractionDelegate.check(ViewInteractionDelegate.kt:26)
03-27 15:45:55.121 28215-28236/? E/TestRunner: 	at io.github.kak
03-27 15:45:55.121 28215-28236/? E/TestRunner: aocup.kakao.text.TextViewAssertions$DefaultImpls.hasText(TextViewAssertions.kt:58)
03-27 15:45:55.121 28215-28236/? E/TestRunner: 	at io.github.kakaocup.kakao.edit.KEditText.hasText(KEditText.kt:18)
03-27 15:45:55.121 28215-28236/? E/TestRunner: 	at com.example.MainActivityAllureTest$testFailure$1$1$1.invoke(MainActivityAllureTest.kt:59)
03-27 15:45:55.121 28215-28236/? E/TestRunner: 	at com.example.MainActivityAllureTest$testFailure$1$1$1.invoke(MainActivityAllureTest.kt:58)
03-27 15:45:55.121 28215-28236/? E/TestRunner: 	at io.qameta.allure.kotlin.Allure.step(Allure.kt:60)
03-27 15:45:55.121 28215-28236/? E/TestRunner: 	at com.example.MainActivityAllureTest$testFailure$1$1.invoke(MainActivityAllureTest.kt:58)
03-27 15:45:55.121 28215-28236/? E/TestRunner: 	at com.example.MainActivityAllureTest$testFailure$1$1.invoke(MainActivityAllureTest.kt:57)
03-27 15:45:55.121 28215-28236/? E/TestRunner: 	at io.github.kakaocup.kakao.common.views.KDSLView.invoke(KDSLView.kt:12)
03-27 15:45:55.121 28215-28236/? E/TestRunner: 	at com.example.MainActivityAllureTest$testFailure$1.invoke(MainActivityAllureTest.kt:57)
03-27 15:45:55.121 28215-28236/? E/TestRunner: 	at com.example.MainActivityAllureTest$testFailure$1.invoke(MainActivityAllureTest.kt:56)
03-27 15:45:55.121 28215-28236/? E/TestRunner: 	at io.github.kakaocup.kakao.screen.Screen.invoke(Screen.kt:119)
03-27 15:45:55.121 28215-28236/? E/TestRunner: 	at com.example.MainActivityAllureTest.testFailure(MainActivityAllureTest.kt:56)
03-27 15:45:55.121 28215-28236/? E/TestRunner: 	at java.lang.reflect.Method.invoke(Native Method)
03-27 15:45:55.121 28215-28236/? E/TestRunner: 	at org.junit.runners.model.FrameworkMethod$1.runReflectiveCall(FrameworkMethod.java:59)
03-27 15:45:55.121 28215-28236/? E/TestRunner: 	at org.junit.internal.runners.model.ReflectiveCallable.run(ReflectiveCallable.java:12)
03-27 15:45:55.121 28215-28236/? E/TestRunner: 	at org.junit.runners.model.FrameworkMethod.invokeExplosively(FrameworkMethod.java:56)
03-27 15:45:55.121 28215-28236/? E/TestRunner: 	at org.junit.internal.runners.statements.InvokeMethod.evaluate(InvokeMethod.java:17)
03-27 15:45:55.121 28215-28236/? E/TestRunner: 	at io.qameta.allure.android.rules.WindowHierarchyRule$apply$1.evaluate(WindowHierarchyRule.kt:21)
03-27 15:45:55.121 28215-28236/? E/TestRunner: 	at io.qameta.allure.android.rules.ScreenshotRule$apply$1.evaluate(ScreenshotRule.kt:22)
03-27 15:45:55.121 28215-28236/? E/TestRunner: 	at org.junit.rules.ExternalResource$1.evaluate(ExternalResource.java:54)
03-27 15:45:55.121 28215-28236/? E/TestRunner: 	at io.qameta.allure.android.rules.LogcatRule$apply$1.evaluate(LogcatRule.kt:23)
03-27 15:45:55.121 28215-28236/? E/TestRunner: 	at org.junit.runners.ParentRunner$3.evaluate(ParentRunner.java:306)
03-27 15:45:55.121 28215-28236/? E/TestRunner: 	at org.junit.runners.BlockJUnit4ClassRunner$1.evaluate(BlockJUnit4ClassRunner.java:100)
03-27 15:45:55.121 28215-28236/? E/TestRunner: 	at org.junit.runners.ParentRunner.runLeaf(ParentRunner.java:366)
03-27 15:45:55.121 28215-28236/? E/TestRunner: 	at org.junit.runners.BlockJUnit4ClassRunner.runChild(BlockJUnit4ClassRunner.java:103)
03-27 15:45:55.121 28215-28236/? E/TestRunner: 	at org.junit.runners.BlockJUnit4ClassRunner.runChild(BlockJUnit4ClassRunner.java:63)
03-27 15:45:55.121 28215-28236/? E/TestRunner: 	at org.junit.runners.ParentRunner$4.run(ParentRunner.java:331)
03-27 15:45:55.121 28215-28236/? E/TestRunner: 	at org.junit.runners.ParentRunner$1.schedule(ParentRunner.java:79)
03-27 15:45:55.121 28215-28236/? E/TestRunner: 	at org.junit.runners.ParentRunner.runChildren(ParentRunner.java:329)
03-27 15:45:55.121 28215-28236/? E/TestRunner: 	at org.junit.runners.ParentRunner.access$100(ParentRunner.java:66)
03-27 15:45:55.121 28215-28236/? E/TestRunner: 	at org.junit.runners.ParentRunner$2.evaluate(ParentRunner.java:293)
03-27 15:45:55.121 28215-28236/? E/TestRunner: 	at org.junit.runners.ParentRunner$3.evaluate(ParentRunner.java:306)
03-27 15:45:55.121 28215-28236/? E/TestRunner: 	at org.junit.runners.ParentRunner.run(ParentRunner.java:413)
03-27 15:45:55.121 28215-28236/? E/TestRunner: 	at androidx.test.ext.junit.runners.AndroidJUnit4.run(AndroidJUnit4.java:162)
03-27 15:45:55.121 28215-28236/? E/TestRunner: 	at io.qameta.allure.android.runners.AllureAndroidJUnit4.run(AllureAndroidJUnitRunners.kt:29)
03-27 15:45:55.121 28215-28236/? E/TestRunner: 	at org.junit.runners.Suite.runChild(Suite.java:128)
03-27 15:45:55.121 28215-28236/? E/TestRunner: 	at org.junit.runners.Suite.runChild(Suite.java:27)
03-27 15:45:55.121 28215-28236/? E/TestRunner: 	at org.junit.runners.ParentRunner$4.run(ParentRunner.java:331)
03-27 15:45:55.121 28215-28236/? E/TestRunner: 	at org.junit.runners.ParentRunner$1.schedule(ParentRunner.java:79)
03-27 15:45:55.121 28215-28236/? E/TestRunner: 	at org.junit.runners.ParentRunner.runChildren(ParentRunner.java:329)
03-27 15:45:55.121 28215-28236/? E/TestRunner: 	at org.junit.runners.ParentRunner.access$100(ParentRunner.java:66)
03-27 15:45:55.121 28215-28236/? E/TestRunner: 	at org.junit.runners.ParentRunner$2.evaluate(ParentRunner.java:293)
03-27 15:45:55.121 28215-28236/? E/TestRunner: 	at org.junit.runners.ParentRunner$3.evaluate(ParentRunner.java:306)
03-27 15:45:55.121 28215-28236/? E/TestRunner: 	at org.junit.runners.ParentRunner.run(ParentRunner.java:413)
03-27 15:45:55.121 28215-28236/? E/TestRunner: 	at org.junit.runner.JUnitCore.run(JUnitCore.java:137)
03-27 15:45:55.121 28215-28236/? E/TestRunner: 	at org.junit.runner.JUnitCore.run(JUnitCore.java:115)
03-27 15:45:55.121 28215-28236/? E/TestRunner: 	at androidx.test.internal.runner.TestExecutor.execute(TestExecutor.java:67)
03-27 15:45:55.121 28215-28236/? E/TestRunner: 	at androidx.test.internal.runner.TestExecutor.execute(TestExecutor.java:58)
03-27 15:45:55.121 28215-28236/? E/TestRunner: 	at androidx.test.runner.AndroidJUnitRunner.onStart(AndroidJUnitRunner.java:446)
03-27 15:45:55.121 28215-28236/? E/TestRunner: 	at android.app.Instrumentation$InstrumentationThread.run(Instrumentation.java:2361)
03-27 15:45:55.121 28215-28236/? E/TestRunner: Caused by: junit.framework.AssertionFailedError: 'an instance of android.widget.TextView and view.getText() with or without transformation to match: is "Cafebabe"' doesn't match the selected view.
03-27 15:45:55.121 28215-28236/? E/TestRunner: Expected: an instance of android.widget.TextView and view.getText() with or without transformation to match: is "Cafebabe"
03-27 15:45:55.121 28215-28236/? E/TestRunner:      Got: view.getText() was "Test"
03-27 15:45:55.121 28215-28236/? E/TestRunner: View Details: EditText{id=2131230838, res-name=edittext, visibility=VISIBLE, width=1080, height=1934, has-focus=false, has-focusable=true, has-window-focus=true, is-clickable=true, is-enabled=true, is-focused=false, is-focusable=true, is-layout-requested=false, is-selected=false, layout-params=androidx.constraintlayout.widget.ConstraintLayout$LayoutParams@YYYYYY, tag=null, root-is-layout-requested=false, has-input-connection=true, editor-info=[inputType=0x20001 imeOptions=0x40000006 privateImeOptions=null actionLabel=null actionId=0 initialSelStart=0 initialSelEnd=0 initialCapsMode=0x0 hintText=null label=null packageName=null autofillId=null fieldId=0 fieldName=null extras=null hintLocales=null contentMimeTypes=null ], x=0.0, y=0.0, text=Test, input-type=131073, ime-target=false, has-links=false}
03-27 15:45:55.121 28215-28236/? E/TestRunner: 	at androidx.test.espresso.matcher.ViewMatchers.assertThat(ViewMatchers.java:16)
03-27 15:45:55.121 28215-28236/? E/TestRunner: 	at androidx.test.espresso.assertion.ViewAssertions$MatchesViewAssertion.check(ViewAssertions.java:7)
03-27 15:45:55.121 28215-28236/? E/TestRunner: 	at androidx.test.espresso.ViewInteraction$SingleExecutionViewAssertion.check(ViewInteraction.java:2)
03-27 15:45:55.121 28215-28236/? E/TestRunner: 	at androidx.test.espresso.ViewInteraction$2.call(ViewInteraction.java:14)
03-27 15:45:55.121 28215-28236/? E/TestRunner: 	at androidx.test.espresso.ViewInteraction$2.call(ViewInteraction.java:1)
03-27 15:45:55.121 28215-28236/? E/TestRunner: 	at java.util.concurrent.FutureTask.run(FutureTask.java:264)
03-27 15:45:55.121 28215-28236/? E/TestRunner: 	at android.os.Handler.handleCallback(Handler.java:942)
03-27 15:45:55.121 28215-28236/? E/TestRunner: 	at android.os.Handler.dispatchMessage(Handler.java:99)
03-27 15:45:55.121 28215-28236/? E/TestRunner: 	at android.os.Looper.loopOnce(Looper.java:201)
03-27 15:45:55.121 28215-28236/? E/TestRunner: 	at android.os.Looper.loop(Looper.java:288)
03-27 15:45:55.121 28215-28236/? E/TestRunner: 	at android.app.ActivityThread.main(ActivityThread.java:7872)
03-27 15:45:55.121 28215-28236/? E/TestRunner: 	at java.lang.reflect.Method.invoke(Native Method)
03-27 15:45:55.121 28215-28236/? E/TestRunner: 	at com.android.internal.os.RuntimeInit$MethodAndArgsCaller.run(RuntimeInit.java:548)
03-27 15:45:55.121 28215-28236/? E/TestRunner: 	at com.android.internal.os.ZygoteInit.main(ZygoteInit.java:936)
03-27 15:45:55.121 28215-28236/? E/TestRunner: ----- end exception -----
03-27 15:45:55.127 28215-28236/? I/TestRunner: finished: testFailure(com.example.MainActivityAllureTest)
03-27 15:45:55.128 672-1256/? D/CoreBackPreview: Window{a8e2957 u0 com.example.test/androidx.test.core.app.InstrumentationActivityInvoker$EmptyActivity}: Setting back callback null
03-27 15:45:55.129 672-1256/? W/InputManager-JNI: Input channel object 'a8e2957 com.example.test/androidx.test.core.app.InstrumentationActivityInvoker$EmptyActivity (client)' was disposed without first being removed with the input manager!
03-27 15:45:55.130 450-484/? D/goldfish-address-space: claimShared: Ask to claim region [0x3eb9bf000 0x3ebc09000]
03-27 15:45:55.133 482-520/? W/TransactionTracing: Could not find layer handle 0x7321fa256190
03-27 15:45:55.133 482-520/? W/TransactionTracing: Could not find layer id -1
03-27 15:45:55.133 482-520/? W/TransactionTracing: Could not find layer id -1
03-27 15:45:55.135 672-6881/? D/HostConnection: createUnique: call
03-27 15:45:55.135 672-6881/? D/HostConnection: HostConnection::get() New Host Connection established 0x7d6283801090, tid 6881
03-27 15:45:55.144 672-6881/? D/HostConnection: HostComposition ext ANDROID_EMU_CHECKSUM_HELPER_v1 ANDROID_EMU_native_sync_v2 ANDROID_EMU_native_sync_v3 ANDROID_EMU_native_sync_v4 ANDROID_EMU_dma_v1 ANDROID_EMU_direct_mem ANDROID_EMU_host_composition_v1 ANDROID_EMU_host_composition_v2 ANDROID_EMU_vulkan ANDROID_EMU_deferred_vulkan_commands ANDROID_EMU_vulkan_null_optional_strings ANDROID_EMU_vulkan_create_resources_with_requirements ANDROID_EMU_YUV_Cache ANDROID_EMU_vulkan_ignored_handles ANDROID_EMU_has_shared_slots_host_memory_allocator ANDROID_EMU_vulkan_free_memory_sync ANDROID_EMU_vulkan_shader_float16_int8 ANDROID_EMU_vulkan_async_queue_submit ANDROID_EMU_vulkan_queue_submit_with_commands ANDROID_EMU_sync_buffer_data ANDROID_EMU_vulkan_async_qsri ANDROID_EMU_read_color_buffer_dma ANDROID_EMU_hwc_multi_configs GL_OES_EGL_image_external_essl3 GL_OES_vertex_array_object GL_KHR_texture_compression_astc_ldr ANDROID_EMU_host_side_tracing ANDROID_EMU_gles_max_version_3_1 
03-27 15:45:55.145 672-6881/? W/OpenGLRenderer: Failed to choose config with EGL_SWAP_BEHAVIOR_PRESERVED, retrying without...
03-27 15:45:55.145 672-6881/? W/OpenGLRenderer: Failed to initialize 101010-2 format, error = EGL_SUCCESS
03-27 15:45:55.146 672-6881/? D/EGL_emulation: eglCreateContext: 0x7d6283810ed0: maj 3 min 1 rcv 4
03-27 15:45:55.147 672-6881/? D/EGL_emulation: eglMakeCurrent: 0x7d6283810ed0: ver 3 1 (tinfo 0x7d6495337100) (first time)
03-27 15:45:55.148 482-520/? W/TransactionTracing: Could not find layer handle 0x7321fa259190
03-27 15:45:55.148 482-520/? W/TransactionTracing: Could not find layer handle 0x7321fa255350
03-27 15:45:55.152 28215-28236/? I/TestRunner: run finished: 1 tests, 1 failed, 0 ignored
03-27 15:45:55.155 672-1254/? W/ActivityTaskManager: takeTaskSnapshot: taskId=200 not found or not visible
03-27 15:45:55.167 672-1254/? I/ActivityManager: Force stopping com.example appid=10181 user=0: finished inst
03-27 15:45:55.169 672-1254/? I/ActivityManager: Killing 28215:com.example/u0a181 (adj 0): stop com.example due to finished inst
03-27 15:45:55.174 2141-2681/? I/A: NGA disabled due to not being eligible.
03-27 15:45:55.174 28188-28188/? I/app_process: System.exit called, status: 0
03-27 15:45:55.174 28188-28188/? I/AndroidRuntime: VM exiting with result code 0.
03-27 15:45:55.176 672-672/? D/BatterySaverPolicy: accessibility changed to false, updating policy.
03-27 15:45:55.186 672-714/? I/libprocessgroup: Successfully killed process cgroup uid 10181 pid 28215 in 15ms
03-27 15:45:55.197 482-520/? W/TransactionTracing: Could not find layer handle 0x7321fa257ff0
03-27 15:45:55.257 672-2376/? V/ActivityManager: Got obituary of 28215:com.example
03-27 15:29:48.075 0-0/? I/binder: undelivered transaction 911195, process died.
03-27 15:29:48.076 0-0/? I/binder: undelivered TRANSACTION_COMPLETE
03-27 15:29:48.077 0-0/? I/binder: undelivered transaction 911225, process died.
03-27 15:29:48.077 0-0/? I/binder: undelivered transaction 911232, process died.
03-27 15:29:48.078 0-0/? I/binder: undelivered transaction 911262, process died.
03-27 15:29:48.078 0-0/? I/binder: [ 03-27 15:45:55.260   672: 
03-27 15:29:48.078 0-0/? I/binder:  704 W/ActivityManager ]
03-27 15:29:48.078 0-0/? I/binder: setHasOverlayUi called on unknown pid: 28215
03-27 15:29:48.079 0-0/? I/binder: undelivered transaction 911290, process died.
03-27 15:45:55.265 429-429/? I/Zygote: Process 28215 exited due to signal 9 (Killed)
03-27 15:45:55.308 28245-28285/? I/MPEG4Writer: setStartTimestampUs: 4178742214
03-27 15:45:55.319 28245-28245/? D/MPEG4Writer: reset()
03-27 15:45:55.319 28245-28284/? V/MediaWriter: Track event err/info msg:101, trackId:1, type:1000,val:-1011
03-27 15:45:55.319 28245-28245/? D/MPEG4Writer: Video track stopping. Stop source
03-27 15:45:55.319 28245-28245/? D/MPEG4Writer: Video track source stopping
03-27 15:45:55.319 28245-28285/? V/MediaWriter: Track event err/info msg:101, trackId:2, type:1000,val:-1011
03-27 15:45:55.319 28245-28245/? D/MPEG4Writer: Video track source st
03-27 15:45:55.319 28245-28245/? D/MPEG4Writer: opped
03-27 15:45:55.319 28245-28284/? I/MPEG4Writer: Received total/0-length (30/0) buffers and encoded 30 frames. - Video
03-27 15:45:55.319 28245-28245/? D/MPEG4Writer: Video track stopped. Status:0. Stop source
03-27 15:45:55.320 28245-28285/? W/MPEG4Writer: 0-duration samples found: 1
03-27 15:45:55.320 28245-28245/? D/MPEG4Writer: Metadata track stopping. Stop source
03-27 15:45:55.320 28245-28245/? D/MPEG4Writer: Metadata track source stopping
03-27 15:45:55.320 28245-28245/? D/MPEG4Writer: Metadata track source stopped
03-27 15:45:55.320 28245-28285/? I/MPEG4Writer: Received total/0-length (1/0) buffers and encoded 1 frames. - Metadata
03-27 15:45:55.320 28245-28245/? D/MPEG4Writer: Metadata track stopped. Status:0. Stop source
03-27 15:45:55.320 28245-28245/? D/MPEG4Writer: Duration from tracks range is [0, 1456424] us
03-27 15:45:55.320 28245-28282/? D/MPEG4Writer: 0 chunks are written in the last batch
03-27 15:45:55.320 28245-28245/? D/MPEG4Writer: WriterThread stopped. Status:0
03-27 15:45:55.320 28245-28245/? I/MPEG4Writer: Adjust the moov start time from 4178742214 us -> 4178742214 us
03-27 15:45:55.320 28245-28245/? I/MPEG4Writer: MOOV atom was written to the file
03-27 15:45:55.320 28245-28245/? D/MPEG4Writer: release()
03-27 15:45:55.320 28245-28245/? D/MPEG4Writer: ftruncate mPreAllocateFileEndOffset:257430 mOffset:1556 mMdatEndOffset:254866 diff:2564
03-27 15:45:55.325 28245-28245/? D/MPEG4Writer: final fsync() takes 4 ms, file size 254866
03-27 15:45:55.326 28245-28245/? D/MPEG4Writer: MP4WtrCtrlHlpLooper stopped
03-27 15:45:55.326 28245-28245/? D/MPEG4Writer: Top 5 write durations(microseconds): #1:98 #2:147 #3:197 #4:370 #5:404
03-27 15:45:55.328 28245-28270/? I/hw-BpHwBinder: onLastStrongRef automatically unlinking death recipients
03-27 15:45:55.328 578-1077/? I/hw-BpHwBinder: onLastStrongRef automatically unlinking death recipients
03-27 15:45:55.328 578-1077/? I/hw-BpHwBinder: onLastStrongRef automatically unlinking death recipients
03-27 15:45:55.329 578-1077/? V/C2Store: in ~ComponentModule
03-27 15:45:55.329 578-1077/? V/C2Store: unloading dll
03-27 15:45:55.330 28245-28245/? I/BpBinder: onLastStrongRef automatically unlinking death recipients: <uncached descriptor>
03-27 15:45:55.366 1876-3215/? I/MediaProvider: Begin Intent { act=android.intent.action.MEDIA_SCANNER_SCAN_FILE dat=file:///... flg=0x1400010 cmp=com.google.android.providers.media.module/com.android.providers.media.MediaService }
03-27 15:45:55.366 28245-28245/? D/ScreenRecord: success
03-27 15:45:55.367 28245-28245/? I/BpBinder: onLastStrongRef automatically unlinking death recipients: <uncached descriptor>
03-27 15:45:55.370 28245-28245/? I/BpBinder: onLastStrongRef automatically unlinking death recipients: <uncached descriptor>
03-27 15:45:55.372 578-7319/? D/BufferPoolAccessor2.0: Destruction - bufferpool2 0x753898b017e8 cached: 0/0M, 0/0% in use; allocs: 31, 97% recycled; transfers: 31, 97% unfetched
03-27 15:45:55.399 1876-3215/? V/MediaProvider: Inserted id:1000000109 less than next row id backup:1000001000.
03-27 15:45:55.404 1876-3215/? I/MediaProvider: End Intent { act=android.intent.action.MEDIA_SCANNER_SCAN_FILE dat=file:///... flg=0x1400010 cmp=com.google.android.providers.media.module/com.android.providers.media.MediaService }
03-27 15:45:55.439 1394-26677/? I/NetworkScheduler.Stats: Task com.google.android.gms/com.google.android.gms.ipa.base.IpaGcmTaskService started execution. cause:9 exec_start_elapsed_seconds: 4180 [CONTEXT service_id=218 ]
03-27 15:45:55.443 1394-19817/? I/NetworkScheduler.Stats: Task com.google.android.gms/com.google.android.gms.ipa.base.IpaGcmTaskService finished executing. cause:9 result: 1 elapsed_millis: 16 uptime_millis: 16 exec_start_elapsed_seconds: 4180 [CONTEXT service_id=218 ]
03-27 15:45:55.490 672-672/? W/AccessibilityManagerService:  wait for adding window timeout: 427
03-27 15:45:55.616 11429-28422/? I/GmscoreIpa: Starting mediastore instant index [CONTEXT service_id=255 ]
