03-27 15:45:41.322 1303-19408/? W/MediaProvider: isAppCloneUserPair for user 0: false
03-27 15:45:41.322 19444-19463/? W/FileTestStorage: Output properties is not supported.
03-27 15:45:41.322 19444-19463/? I/Tracing: Tracer added: class androidx.test.platform.tracing.AndroidXTracer
03-27 15:45:41.324 408-433/? E/HWComposer: getSupportedContentTypes: getSupportedContentTypes failed for display 4619827259835644672: Unsupported (8)
03-27 15:45:41.325 19467-19467/? D/MediaCodecList: codecHandlesFormat: no format, so no extra checks
03-27 15:45:41.325 19467-19472/? D/CCodec: allocate(c2.android.avc.encoder)
03-27 15:45:41.326 19467-19472/? I/Codec2Client: Available Codec2 services: "default" "software"
03-27 15:45:41.326 19444-19463/? D/EventInjectionStrategy: Creating injection strategy with input manager.
03-27 15:45:41.327 19444-19463/? W/com.example: Accessing hidden method Landroid/hardware/input/InputManager;->getInstance()Landroid/hardware/input/InputManager; (unsupported, reflection, allowed)
03-27 15:45:41.327 19467-19472/? I/CCodec: setting up 'default' as default (vendor) store
03-27 15:45:41.327 19444-19463/? W/com.example: Accessing hidden method Landroid/hardware/input/InputManager;->injectInputEvent(Landroid/view/InputEvent;I)Z (unsupported, reflection, allowed)
03-27 15:45:41.327 19444-19463/? W/com.example: [ 03-27 15:45:41.327 1944
03-27 15:45:41.327 19444-19463/? W/com.example: 4:19463 W/com.example ]
03-27 15:45:41.327 19444-19463/? W/com.example: Accessing hidden field Landroid/hardware/input/InputManager;->INJECT_INPUT_EVENT_MODE_WAIT_FOR_FINISH:I (unsupported, reflection, allowed)
03-27 15:45:41.328 458-6171/? V/C2Store: in init
03-27 15:45:41.328 458-6171/? V/C2Store: loading dll
03-27 15:45:41.328 458-6171/? I/mediaswcodec: missing struct descriptor #Param::CoreIndex(--004) for field values of struct #Param::CoreIndex(F-12004)
03-27 15:45:41.328 458-6171/? I/mediaswcodec: missing struct descriptor #Param::CoreIndex(--1812) for field values of struct #Param::CoreIndex(F-11812)
03-27 15:45:41.329 458-6171/? I/mediaswcodec: missing struct descriptor #Param::CoreIndex(--004) for field values of struct #Param::CoreIndex(F-12004)
03-27 15:45:41.329 458-6171/? I/mediaswcodec: missing struct descriptor #Param::CoreIndex(--1812) for field values of struct #Param::CoreIndex(F-11812)
03-27 15:45:41.329 19467-19472/? I/CCodec: Created component [c2.android.avc.encoder]
03-27 15:45:41.329 19467-19472/? D/CCodecConfig: read media type: video/avc
03-27 15:45:41.330 19467-19472/? D/ReflectedParamUpdater: extent() != 1 for single value type: algo.buffers.max-count.values
03-27 15:45:41.330 19467-19472/? D/ReflectedParamUpdater: extent() != 1 for single value type: output.subscribed-indices.values
03-27 15:45:41.330 19467-19472/? D/ReflectedParamUpdater: extent() != 1 for single value type: input.buffers.allocator-ids.values
03-27 15:45:41.330 19467-19472/? D/ReflectedParamUpdater: extent() != 1 for single value type: output.buffers.allocator-ids.values
03-27 15:45:41.330 19467-19472/? D/ReflectedParamUpdater: extent() != 1 for single value type: algo.buffers.allocator-ids.values
03-27 15:45:41.330 19467-19472/? D/ReflectedParamUpdater: extent() != 1 for single value type: output.buffers.pool-ids.values
03-27 15:45:41.330 19467-19472/? D/ReflectedParamUpdater: extent() != 1 for single value type: algo.buffers.pool-ids.values
03-27 15:45:41.331 19467-19472/? D/ReflectedParamUpdater: ignored struct field coding.gop.values
03-27 15:45:41.331 19467-19472/? D/ReflectedParamUpdater: ignored struct field coding.qp.values
03-27 15:45:41.331 19467-19472/? D/CCodecConfig: ignoring local param raw.color (0xc2001809) as it is already supported
03-27 15:45:41.332 19467-19472/? I/CCodecConfig: query failed after returning 12 values (BAD_INDEX)
03-27 15:45:41.332 19467-19472/? D/CCodecConfig: c2 config diff is Dict {
03-27 15:45:41.332 19467-19472/? D/CCodecConfig:   c2::u32 coded.bitrate.value = 64000
03-27 15:45:41.332 19467-19472/? D/CCodecConfig:   c2::float coded.frame-rate.value = 1
03-27 15:45:41.332 19467-19472/? D/CCodecConfig:   c2::u32 coded.pl.level = 20492
03-27 15:45:41.332 19467-19472/? D/CCodecConfig:   c2::u32 coded.pl.profile = 20481
03-27 15:45:41.332 19467-19472/? D/CCodecConfig:   c2::u32 coded.vui.color.matrix = 0
03-27 15:45:41.332 19467-19472/? D/CCodecConfig:   c2::u32 coded.vui.color.primaries = 0
03-27 15:45:41.332 19467-19472/? D/CCodecConfig:   c2::u32 coded.vui.color.range = 0
03-27 15:45:41.332 19467-19472/? D/CCodecConfig:   c2::u32 coded.vui.color.transfer = 0
03-27 15:45:41.332 19467-19472/? D/CCodecConfig:   c2::u32 coding.intra-refresh.mode = 0
03-27 15:45:41.332 19467-19472/? D/CCodecConfig:   c2::float coding.intra-refresh.period = 0
03-27 15:45:41.332 19467-19472/? D/CCodecConfig:   c2::u32 coding.request-sync-frame.valu
03-27 15:45:41.332 19467-19472/? D/CCodecConfig: e = 0
03-27 15:45:41.332 19467-19472/? D/CCodecConfig:   c2::i64 coding.sync-frame-interval.value = 1000000
03-27 15:45:41.332 19467-19472/? D/CCodecConfig:   c2::u32 input.delay.value = 0
03-27 15:45:41.332 19467-19472/? D/CCodecConfig:   string input.media-type.value = "video/raw"
03-27 15:45:41.332 19467-19472/? D/CCodecConfig:   string output.media-type.value = "video/avc"
03-27 15:45:41.332 19467-19472/? D/CCodecConfig:   c2::u32 raw.color.matrix = 0
03-27 15:45:41.332 19467-19472/? D/CCodecConfig:   c2::u32 raw.color.primaries = 0
03-27 15:45:41.332 19467-19472/? D/CCodecConfig:   c2::u32 raw.color.range = 0
03-27 15:45:41.332 19467-19472/? D/CCodecConfig:   c2::u32 raw.color.transfer = 0
03-27 15:45:41.332 19467-19472/? D/CCodecConfig:   c2::u32 raw.size.height = 16
03-27 15:45:41.332 19467-19472/? D/CCodecConfig:   c2::u32 raw.size.width = 16
03-27 15:45:41.332 19467-19472/? D/CCodecConfig: }
03-27 15:45:41.332 19467-19472/? W/ColorUtils: expected specified color aspects (0:0:0:0)
03-27 15:45:41.336 19467-19467/? D/CodecSeeding: Seed: codec c2.android.avc.encoder, mediatype video/avc, overrideable 1
03-27 15:45:41.336 19467-19467/? D/CodecProperties: setTuningValue(vq-target-bpp,0)
03-27 15:45:41.336 19467-19467/? D/CodecProperties: setTuningValue(vq-target-bpp-1080p,1.90)
03-27 15:45:41.336 19467-19467/? D/CodecProperties: setTuningValue(vq-target-bpp-720p,2.25)
03-27 15:45:41.336 19467-19467/? D/CodecProperties: setTuningValue(vq-target-bpp-540p,2.65)
03-27 15:45:41.336 19467-19467/? D/CodecProperties: setTuningValue(vq-target-bpp-480p,3.00)
03-27 15:45:41.336 19467-19467/? D/CodecProperties: setTuningValue(vq-target-bpp-320x240,0)
03-27 15:45:41.336 19467-19467/? D/CodecProperties: setTuningValue(vq-target-qpmax,-1)
03-27 15:45:41.336 19467-19467/? D/CodecProperties: setTuningValue(vq-target-qpmax-1080p,45)
03-27 15:45:41.336 19467-19467/? D/CodecProperties: setTuningValue(vq-target-qpmax-720p,43)
03-27 15:45:41.336 19467-19467/? D/CodecProperties: setTuningValue(vq-target-qpmax-540p,42)
03-27 15:45:41.336 19467-19467/? D/CodecProperties: setTuningValue(vq-target-qpmax-480p,38)
03-27 15:45:41.336 19467-19467/? D/CodecProperties: setTuningValue(vq-bitrate-phaseout,1.75)
03-27 15:45:41.336 19467-19467/? D/CodecProperties: setTuningValue(vq-boost-missing-qp,0.20)
03-27 15:45:41.336 19467-19467/? D/CodecProperties: setFeatureValue(intra-refresh,0)
03-27 15:45:41.336 19467-19467/? D/CodecProperties: setFeatureValue(qp-bounds,0)
03-27 15:45:41.336 19467-19467/? D/CodecProperties: setFeatureValue(_vq_eligible.device,1)
03-27 15:45:41.336 19467-19467/? D/CodecProperties: setFeatureValue(_quality.target,1)
03-27 15:45:41.336 19467-19467/? D/CodecSeeding: Seed: codec c2.android.avc.encoder, mediatype video/avc, overrideable 0
03-27 15:45:41.336 19467-19467/? D/VQApply: raise bitrate: configured 1000000 to floor 2073600
03-27 15:45:41.336 19467-19467/? D/VQApply: minquality by QP: inject video-qp-max=43
03-27 15:45:41.336 19467-19467/? D/VQApply: minqu
03-27 15:45:41.336 19467-19467/? D/VQApply: ality/target bitrate raised from 1000000 to 2073600 bps
03-27 15:45:41.336 19467-19467/? D/MediaCodec: shapeMediaFormat: deltas(6): AMessage(what = 0x00000000) = {
03-27 15:45:41.336 19467-19467/? D/MediaCodec:     int32_t bitrate = 2073600
03-27 15:45:41.336 19467-19467/? D/MediaCodec:     int32_t android._encoding-quality-level = 0
03-27 15:45:41.336 19467-19467/? D/MediaCodec:     int32_t video-qp-max = 43
03-27 15:45:41.336 19467-19467/? D/MediaCodec:     int32_t video-qp-i-max = 43
03-27 15:45:41.336 19467-19467/? D/MediaCodec:     int32_t video-qp-p-max = 46
03-27 15:45:41.336 19467-19467/? D/MediaCodec:     int32_t video-qp-b-max = 49
03-27 15:45:41.336 19467-19467/? D/MediaCodec:   }
03-27 15:45:41.336 19467-19472/? D/CCodec: [c2.android.avc.encoder] buffers are bound to CCodec for this session
03-27 15:45:41.336 19467-19472/? D/CCodecConfig: no c2 equivalents for color-format
03-27 15:45:41.336 19467-19472/? D/CCodecConfig: no c2 equivalents for max-bframes
03-27 15:45:41.336 19467-19472/? D/CCodecConfig: no c2 equivalents for video-qp-max
03-27 15:45:41.336 19467-19472/? D/CCodecConfig: no c2 equivalents for video-qp-i-max
03-27 15:45:41.336 19467-19472/? D/CCodecConfig: no c2 equivalents for video-qp-p-max
03-27 15:45:41.336 19467-19472/? D/CCodecConfig: no c2 equivalents for video-qp-b-max
03-27 15:45:41.336 19467-19472/? D/CCodecConfig: no c2 equivalents for flags
03-27 15:45:41.336 19467-19472/? D/CCodecConfig: no c2 equivalents for encoder
03-27 15:45:41.336 19467-19472/? D/CCodecConfig: c2 config diff is   c2::u32 coded.bitrate.value = 2073600
03-27 15:45:41.336 19467-19472/? D/CCodecConfig:   c2::float coded.frame-rate.value = 60
03-27 15:45:41.336 19467-19472/? D/CCodecConfig:   c2::i64 coding.sync-frame-interval.value = 10000000
03-27 15:45:41.336 19467-19472/? D/CCodecConfig:   c2::u32 raw.size.height = 1280
03-27 15:45:41.336 19467-19472/? D/CCodecConfig:   c2::u32 raw.size.width = 720
03-27 15:45:41.337 19467-19472/? W/ColorUtils: expected specified color aspects (0:0:0:0)
03-27 15:45:41.337 19467-19472/? D/CCodec: setup formats input: AMessage(what = 0x00000000) = {
03-27 15:45:41.337 19467-19472/? D/CCodec:   Rect crop(0, 0, 719, 1279)
03-27 15:45:41.337 19467-19472/? D/CCodec:   int32_t color-standard = 0
03-27 15:45:41.337 19467-19472/? D/CCodec:   int32_t color-range = 0
03-27 15:45:41.337 19467-19472/? D/CCodec:   int32_t color-transfer = 0
03-27 15:45:41.337 19467-19472/? D/CCodec:   int32_t frame-rate = 60
03-27 15:45:41.337 19467-19472/? D/CCodec:   int32_t height = 1280
03-27 15:45:41.337 19467-19472/? D/CCodec:   int32_t intra-refresh-period = 0
03-27 15:45:41.337 19467-19472/? D/CCodec:   string mime = "video/raw"
03-27 15:45:41.337 19467-19472/? D/CCodec:   int32_t width = 720
03-27 15:45:41.337 19467-19472/? D/CCodec:   int32_t android._dataspace = 0
03-27 15:45:41.337 19467-19472/? D/CCodec:   int32_t using-sw-read-often = 1
03-27 15:45:41.337 19467-19472/? D/CCodec:   int64_t android._C2MemoryUsage = 1
03-27 15:45:41.337 19467-19472/? D/CCodec:   int32_t color-format = 2130708361
03-27 15:45:41.337 19467-19472/? D/CCodec:   int32_t android._color-format = 2130708361
03-27 15:45:41.337 19467-19472/? D/CCodec: }
03-27 15:45:41.337 19467-19472/? D/CCodec: setup formats output: AMessage(what = 0x00000000) = {
03-27 15:45:41.337 19467-19472/? D/CCodec:   int32_t bitrate = 2073600
03-27 15:45:41.337 19467-19472/? D/CCodec:   Rect crop(0, 0, 719, 1279)
03-27 15:45:41.337 19467-19472/? D/CCodec:   int32_t color-standard = 0
03-27 15:45:41.337 19467-19472/? D/CCodec:   int32_t color-range = 0
03-27 15:45:41.337 19467-19472/? D/CCodec:   int32_t color-transfer = 0
03-27 15:45:41.337 19467-19472/? D/CCodec:   int32_t frame-rate = 60
03-27 15:45:41.337 19467-19472/? D/CCodec:   int32_t height = 1280
03-27 15:45:41.337 19467-19472/? D/CCodec:   int32_t intra-refresh-period = 0
03-27 15:45:41.337 19467-19472/? D/CCodec:   int32_t level = 4096
03-27 15:45:41.337 19467-19472/? D/CCodec:   int32_t max-bitrate = 2073600
03-27 15:45:41.337 19467-19472/? D/CCodec:   string mime = "video/avc"
03-27 15:45:41.337 19467-19472/? D/CCodec:   int32_t profile = 65536
03-27 15:45:41.337 19467-19472/? D/CCodec:   int32_t width = 720
03-27 15:45:41.337 19467-19472/? D/CCodec: }
03-27 15:45:41.337 19467-19472/? I/CCodecConfig: query failed after returning 13 values (BAD_INDEX)
03-27 15:45:41.338 19467-19472/? D/CCodec: input format changed to AMessage(what = 0x00000000) = {
03-27 15:45:41.338 19467-19472/? D/CCodec:   Rect crop(0, 0, 719, 1279)
03-27 15:45:41.338 19467-19472/? D/CCodec:   int32_t color-standard = 1
03-27 15:45:41.338 19467-19472/? D/CCodec:   int32_t color-range = 2
03-27 15:45:41.338 19467-19472/? D/CCodec:   int32_t color-transfer = 3
03-27 15:45:41.338 19467-19472/? D/CCodec:   int32_t frame-rate = 60
03-27 15:45:41.338 19467-19472/? D/CCodec:   int32_t height = 1280
03-27 15:45:41.338 19467-19472/? D/CCodec:   int32_t intra-refresh-period = 0
03-27 15:45:41.338 19467-19472/? D/CCodec:   string mime = "video/raw"
03-27 15:45:41.338 19467-19472/? D/CCodec:   int32_t width = 720
03-27 15:45:41.338 19467-19472/? D/CCodec:   int32_t android._dataspace = 260
03-27 15:45:41.338 19467-19472/? D/CCodec:   int32_t using-sw-read-often = 1
03-27 15:45:41.338 19467-19472/? D/CCodec:   int64_t android._C2MemoryUsage = 1
03-27 15:45:41.338 19467-19472/? D/CCodec:   int32_t color-format = 2130708361
03-27 15:45:41.338 19467-19472/? D/CCodec:   int32_t android._color-format = 2130708361
03-27 15:45:41.338 19467-19472/? D/CCodec: }
03-27 15:45:41.338 19467-19472/? D/GraphicBufferSource: setting dataspace: 0x104, acquired=0
03-27 15:45:41.338 19467-19472/? D/CCodec: ISConfig not changed
03-27 15:45:41.339 19467-19472/? W/Codec2Client: query -- param skipped: index = 1342179345.
03-27 15:45:41.339 19467-19472/? W/Codec2Client: query -- param skipped: index = 2415921170.
03-27 15:45:41.339 19467-19472/? D/CCodecBufferChannel: [c2.android.avc.encoder#726] Using basic input block pool with poolID 1 => got 1 - OK (0)
03-27 15:45:41.339 19467-19472/? D/C2Store: Using DMABUF Heaps
03-27 15:45:41.340 19467-19472/? I/CCodecBufferChannel: [c2.android.avc.encoder#726] Created output block pool with allocatorID 16 => poolID 60 - OK
03-27 15:45:41.340 19467-19472/? D/CCodecBufferChannel: [c2.android.avc.encoder#726] Configured output block pool ids 60 => OK
03-27 15:45:41.340 451-451/? W/ResourceManagerService: Ignoring request to add new resource entry with value <= 0
03-27 15:45:41.341 19444-19463/? W/Settings: Setting always_finish_activities has moved from android.provider.Settings.System to android.provider.Settings.Global, returning read-only value.
03-27 15:45:41.346 192-192/? I/hwservicemanager: getTransport: Cannot find entry android.hardware.graphics.mapper@4.0::IMapper/default in either framework or device VINTF manifest.
03-27 15:45:41.346 19467-19479/? I/Gralloc4: mapper 4.x is not supported
03-27 15:45:41.347 540-2400/? I/ActivityTaskManager: START u0 {act=android.intent.action.MAIN cat=[android.intent.category.LAUNCHER] flg=0x10008000 cmp=com.example/.MainActivity} from uid 10171
03-27 15:45:41.348 540-2400/? W/ActivityTaskManager: Can't find TaskDisplayArea to determine support for multi window. Task id=124 attached=false
03-27 15:45:41.348 1303-1551/? I/MediaProvider: Deleted 0 0 0 1 0 0 0 items on external_primary due to com.android.shell
03-27 15:45:41.349 540-2400/? D/CompatibilityChangeReporter: Compat change id reported: 174042980; UID 10171; state: DISABLED
03-27 15:45:41.349 540-2400/? D/CompatibilityChangeReporter: Compat change id reported: 184838306; UID 10171; state: DISABLED
03-27 15:45:41.350 540-2400/? D/CompatibilityChangeReporter: Compat change id reported: 185004937; UID 10171; state: DISABLED
03-27 15:45:41.350 540-2400/? D/CompatibilityChangeReporter: Compat change id reported: 181136395; UID 10171; state: DISABLED
03-27 15:45:41.350 1303-19408/? W/MediaProvider: isAppCloneUserPair for user 0: false
03-27 15:45:41.350 540-2400/? D/CompatibilityChangeReporter: Compat change id reported: 174042936; UID 10171; state: DISABLED
03-27 15:45:41.354 19467-19479/? D/HostConnection: createUnique: call
03-27 15:45:41.354 19467-19479/? D/HostConnection: HostConnection::get() New Host Connection established 0x73841232c250, tid 19479
03-27 15:45:41.354 19467-19479/? D/goldfish-address-space: allocate: Ask for block of size 0x100
03-27 15:45:41.354 19467-19479/? D/goldfish-address-space: allocate: ioctl allocate returned offset 0x3ebffe000 size 0x2000
03-27 15:45:41.374 19467-19467/? D/MPEG4Writer: PreAllocation enabled
03-27 15:45:41.377 192-192/? I/hwservicemanager: getTransport: Cannot find entry android.hardware.graphics.allocator@4.0::IAllocator/default in either framework or device VINTF manifest.
03-27 15:45:41.378 19467-19479/? W/Gralloc4: allocator 4.x is not supported
03-27 15:45:41.379 350-390/? D/goldfish-address-space: claimShared: Ask to claim region [0x3ef986000 0x3efd0a000]
03-27 15:45:41.389 19467-19479/? D/HostConnection: HostComposition ext ANDROID_EMU_CHECKSUM_HELPER_v1 ANDROID_EMU_native_sync_v2 ANDROID_EMU_native_sync_v3 ANDROID_EMU_native_sync_v4 ANDROID_EMU_dma_v1 ANDROID_EMU_direct_mem ANDROID_EMU_vulkan ANDROID_EMU_deferred_vulkan_commands ANDROID_EMU_vulkan_null_optional_strings ANDROID_EMU_vulkan_create_resources_with_requirements ANDROID_EMU_YUV_Cache A
03-27 15:45:41.389 19467-19479/? D/HostConnection: NDROID_EMU_vulkan_ignored_handles ANDROID_EMU_has_shared_slots_host_memory_allocator ANDROID_EMU_vulkan_free_memory_sync ANDROID_EMU_vulkan_shader_float16_int8 ANDROID_EMU_vulkan_async_queue_submit ANDROID_EMU_vulkan_queue_submit_with_commands ANDROID_EMU_sync_buffer_data ANDROID_EMU_vulkan_async_qsri ANDROID_EMU_read_color_buffer_dma GL_OES_EGL_image_external_essl3 GL_OES_vertex_array_object GL_KHR_texture_compression_astc_ldr ANDROID_EMU_host_side_tracing ANDROID_EMU_gles_max_version_3_0 
03-27 15:45:41.393 19467-19479/? D/GraphicBufferSource: got buffer with new dataSpace #104
03-27 15:45:41.393 19467-19479/? D/C2OMXNode: dataspace changed to 0x104 pixel format: 0x1
03-27 15:45:41.394 408-408/? I/BpBinder: onLastStrongRef automatically unlinking death recipients: <uncached descriptor>
03-27 15:45:41.394 458-19477/? D/SimpleC2Component: Using output block pool with poolID 60 => got 60 - 0
03-27 15:45:41.394 458-19477/? D/SimpleC2Component: applied 2 configUpdates => BAD_INDEX (6)
03-27 15:45:41.394 458-19477/? D/C2SoftAvcEnc: Params width 720 height 1280 level 41 colorFormat 0 bframes 0
03-27 15:45:41.395 458-19477/? E/C2SoftAvcEnc: Unable to set air params = 0x1ad
03-27 15:45:41.397 350-390/? D/goldfish-address-space: claimShared: Ask to claim region [0x3eeba0000 0x3eef24000]
03-27 15:45:41.399 350-390/? D/goldfish-address-space: claimShared: Ask to claim region [0x3ec000000 0x3ec926000]
03-27 15:45:41.399 19444-19481/? D/libEGL: loaded /vendor/lib64/egl/libEGL_emulation.so
03-27 15:45:41.400 19444-19481/? D/libEGL: loaded /vendor/lib64/egl/libGLESv1_CM_emulation.so
03-27 15:45:41.401 19444-19481/? D/libEGL: loaded /vendor/lib64/egl/libGLESv2_emulation.so
03-27 15:45:41.413 350-390/? D/goldfish-address-space: claimShared: Ask to claim region [0x3eef24000 0x3ef2a8000]
03-27 15:45:41.415 19444-19444/? D/LifecycleMonitor: Lifecycle status change: com.example.MainActivity@cc64fc3 in: PRE_ON_CREATE
03-27 15:45:41.415 19444-19444/? V/ActivityScenario: Activity lifecycle changed event received but ignored because the reported transition was not ON_CREATE while the last known transition was PRE_ON_CREATE
03-27 15:45:41.423 350-390/? D/goldfish-address-space: claimShared: Ask to claim region [0x3ec926000 0x3ed24c000]
03-27 15:45:41.425 19467-19472/? D/CCodecConfig: c2 config diff is   Buffer coded.init-data.value = {
03-27 15:45:41.425 19467-19472/? D/CCodecConfig:     00000000:  00 00 00 01 67 42 c0 29  8d 68 0b 40 a1 a4 20 20  ....gB.).h.@..  
03-27 15:45:41.425 19467-19472/? D/CCodecConfig:     00000010:  20 20 f0 88 46 a0 00 00  00 01 68 ce 01 a8 35 c8    ..F.....h...5.
03-27 15:45:41.425 19467-19472/? D/CCodecConfig:   }
03-27 15:45:41.426 19467-19467/? D/MPEG4Writer: fpathconf _PC_FILESIZEBITS:64
03-27 15:45:41.426 19467-19467/? D/MPEG4Writer: File size limit set to 4503599627370495 bytes implicitly
03-27 15:45:41.426 19467-19467/? D/MPEG4Writer: MP4WtrCtrlHlpLooper Started
03-27 15:45:41.426 19467-19467/? I/MPEG4Writer: limits: 4503599627370495/0 bytes/us, bit rate: -1 bps and the estimated moov size 3192 bytes
03-27 15:45:41.434 19467-19489/? I/MPEG4Writer: setStartTimestampUs: 2692521047
03-27 15:45:41.434 19467-19489/? I/MPEG4Writer: Earliest track starting time: 2692521047
03-27 15:45:41.435 350-390/? D/goldfish-address-space: claimShared: Ask to claim region [0x3ed24c000 0x3edb72000]
03-27 15:45:41.438 6721-11478/? I/NetworkScheduler.Stats: Task com.google.android.gms/com.google.android.gms.ipa.base.IpaGcmTaskService started execution. cause:9 exec_start_elapsed_seconds: 2692 [CONTEXT service_id=218 ]
03-27 15:45:41.440 1023-1489/? D/EGL_emulation: app_time_stats: avg=139.47ms min=8.30ms max=693.24ms count=11
03-27 15:45:41.458 1305-1305/? I/GsaVoiceInteractionSrv: Handling ACTION_STOP_HOTWORD
03-27 15:45:41.459 1305-1305/? E/HwDetectorWithState: a: 3
03-27 15:45:41.466 19444-19444/? D/LifecycleMonitor: Lifecycle status change: com.example.MainActivity@cc64fc3 in: CREATED
03-27 15:45:41.466 19444-19444/? V/ActivityScenario: Update currentActivityStage to CREATED, currentActivity=com.example.MainActivity@cc64fc3
03-27 15:45:41.467 713-938/? D/EGL_emulation: app_time_stats: avg=816.92ms min=90.58ms max=1543.26ms count=2
03-27 15:45:41.468 19444-19444/? D/LifecycleMonitor: Lifecycle status change: com.example.MainActivity@cc64fc3 in: STARTED
03-27 15:45:41.468 19444-19444/? V/ActivityScenario: Update currentActivityStage to STARTED, currentActivity=com.example.MainActivity@cc64fc3
03-27 15:45:41.470 713-938/? D/EGL_emulation: app_time_stats: avg=817.33ms min=95.26ms max=1539.39ms count=2
03-27 15:45:41.471 19444-19444/? D/LifecycleMonitor: Lifecycle status change: com.example.MainActivity@cc64fc3 in: RESUMED
03-27 15:45:41.471 19444-19444/? V/ActivityScenario: Update currentActivityStage to RESUMED, currentActivity=com.example.MainActivity@cc64fc3
03-27 15:45:41.478 540-554/? W/ActivityManager: Unable to start service Intent { act=android.service.smartspace.SmartspaceService cmp=com.google.android.as/com.google.android.apps.miphone.aiai.app.AiAiSmartspaceService } U=0: not found
03-27 15:45:41.480 350-390/? D/goldfish-address-space: claimShared: Ask to claim region [0x3ef2a8000 0x3ef62c000]
03-27 15:45:41.484 540-554/? W/RemoteSmartspaceService: could not bind to Intent { act=android.service.smartspace.SmartspaceService cmp=com.google.android.as/com.google.android.apps.miphone.aiai.app.AiAiSmartspaceService } using flags 67112961
03-27 15:45:41.484 540-540/? W/ActivityManager: Unbind failed: could not find connection for android.app.LoadedApk$ServiceDispatcher$InnerConnection@e3f4be3
03-27 15:45:41.490 1432-1432/? I/A: onApplyWindowInsets: systemWindowInsets=Insets{left=0, top=66, right=0, bottom=132}
03-27 15:45:41.490 1432-1432/? I/A: onApplyWindowInsets: systemWindowInsets=Insets{left=0, top=66, right=0, bottom=132}
03-27 15:45:41.491 6721-17547/? I/NetworkScheduler.Stats: Task com.google.android.gms/com.google.android.gms.ipa.base.IpaGcmTaskService finished executing. cause:9 result: 1 elapsed_millis: 103 uptime_millis: 103 exec_start_elapsed_seconds: 2692 [CONTEXT service_id=218 
03-27 15:45:41.491 6721-17547/? I/NetworkScheduler.Stats: ]
03-27 15:45:41.507 19444-19480/? D/HostConnection: createUnique: call
03-27 15:45:41.508 19444-19480/? D/HostConnection: HostConnection::get() New Host Connection established 0x7fa32f90f0d0, tid 19480
03-27 15:45:41.512 19444-19480/? D/HostConnection: HostComposition ext ANDROID_EMU_CHECKSUM_HELPER_v1 ANDROID_EMU_native_sync_v2 ANDROID_EMU_native_sync_v3 ANDROID_EMU_native_sync_v4 ANDROID_EMU_dma_v1 ANDROID_EMU_direct_mem ANDROID_EMU_vulkan ANDROID_EMU_deferred_vulkan_commands ANDROID_EMU_vulkan_null_optional_strin
03-27 15:45:41.512 19444-19480/? D/HostConnection: gs ANDROID_EMU_vulkan_create_resources_with_requirements ANDROID_EMU_YUV_Cache ANDROID_EMU_vulkan_ignored_handles ANDROID_EMU_has_shared_slots_host_memory_allocator ANDROID_EMU_vulkan_free_memory_sync ANDROID_EMU_vulkan_shader_float16_int8 ANDROID_EMU_vulkan_async_queue_submit ANDROID_EMU_vulkan_queue_submit_with_commands ANDROID_EMU_sync_buffer_data ANDROID_EMU_vulkan_async_qsri ANDROID_EMU_read_color_buffer_dma GL_OES_EGL_image_external_essl3 GL_OES_vertex_array_object GL_KHR_texture_compression_astc_ldr ANDROID_EMU_host_side_tracing ANDROID_EMU_gles_max_version_3_0 
03-27 15:45:41.519 192-192/? I/hwservicemanager: getTransport: Cannot find entry android.hardware.configstore@1.0::ISurfaceFlingerConfigs/default in either framework or device VINTF manifest.
03-27 15:45:41.519 19444-19480/? W/OpenGLRenderer: Failed to choose config with EGL_SWAP_BEHAVIOR_PRESERVED, retrying without...
03-27 15:45:41.520 19444-19480/? W/OpenGLRenderer: Failed to initialize 101010-2 format, error = EGL_SUCCESS
03-27 15:45:41.520 19444-19480/? D/EGL_emulation: eglCreateContext: 0x7fa32f9117d0: maj 3 min 0 rcv 3
03-27 15:45:41.521 19444-19480/? D/EGL_emulation: eglMakeCurrent: 0x7fa32f9117d0: ver 3 0 (tinfo 0x7fa54d615080) (first time)
03-27 15:45:41.524 408-433/? E/HWComposer: getSupportedContentTypes: getSupportedContentTypes failed for display 4619827259835644672: Unsupported (8)
03-27 15:45:41.525 192-192/? I/hwservicemanager: getTransport: Cannot find entry android.hardware.graphics.mapper@4.0::IMapper/default in either framework or device VINTF manifest.
03-27 15:45:41.525 19444-19480/? I/Gralloc4: mapper 4.x is not supported
03-27 15:45:41.525 19444-19480/? D/HostConnection: createUnique: call
03-27 15:45:41.526 19444-19480/? D/HostConnection: HostConnection::get() New Host Connection established 0x7fa32f911f50, tid 19480
03-27 15:45:41.526 19444-19480/? D/goldfish-address-space: allocate: Ask for block of size 0x100
03-27 15:45:41.526 19444-19480/? D/goldfish-address-space: allocate: ioctl allocate returned offset 0x3ebffe000 size 0x2000
03-27 15:45:41.542 192-192/? I/hwservicemanager: getTransport: Cannot find entry android.hardware.graphics.allocator@4.0::IAllocator/default in either framework or device VINTF manifest.
03-27 15:45:41.542 19444-19480/? W/Gralloc4: allocator 4.x is not supported
03-27 15:45:41.543 350-390/? D/goldfish-address-space: claimShared: Ask to claim region [0x3f0bb6000 0x3f14dc000]
03-27 15:45:41.549 19444-19480/? D/HostConnection: HostComposition ext ANDROID_EMU_CHECKSUM_HELPER_v1 ANDROID_EMU_native_sync_v2 ANDROID_EMU_native_sync_v3 ANDROID_EMU_native_sync_v4 ANDROID_EMU_dma_v1 ANDROID_EMU_direct_mem ANDROID_EMU_vulkan ANDROID_EMU_deferred_vulkan_commands ANDROID_EMU_vulkan_null_optional_strings ANDROID_EMU_vulkan_create_resources_with_requirements ANDROID_EMU_YUV_Cache ANDROID_EMU_vulkan_ignored_handles ANDROID_EMU_ha
03-27 15:45:41.549 19444-19480/? D/HostConnection: s_shared_slots_host_memory_allocator ANDROID_EMU_vulkan_free_memory_sync ANDROID_EMU_vulkan_shader_float16_int8 ANDROID_EMU_vulkan_async_queue_submit ANDROID_EMU_vulkan_queue_submit_with_commands ANDROID_EMU_sync_buffer_data ANDROID_EMU_vulkan_async_qsri ANDROID_EMU_read_color_buffer_dma GL_OES_EGL_image_external_essl3 GL_OES_vertex_array_object GL_KHR_texture_compression_astc_ldr ANDROID_EMU_host_side_tracing ANDROID_EMU_gles_max_version_3_0 
03-27 15:45:41.550 350-390/? D/goldfish-address-space: claimShared: Ask to claim region [0x3f14dc000 0x3f1e02000]
03-27 15:45:41.551 350-390/? D/goldfish-address-space: claimShared: Ask to claim region [0x3f1e02000 0x3f2728000]
03-27 15:45:41.588 540-557/? I/ActivityTaskManager: Displayed com.example/.MainActivity: +238ms
03-27 15:45:41.599 540-554/? W/InputManager-JNI: Input channel object 'e5d6b80 Splash Screen com.example (client)' was disposed without first being removed with the input manager!
03-27 15:45:41.600 1267-1267/? I/GoogleInputMethodService: GoogleInputMethodService.onFinishInput():3420 
03-27 15:45:41.600 1267-1267/? I/GoogleInputMethodService: GoogleInputMethodService.onStartInput():2002 
03-27 15:45:41.600 1267-1267/? I/DeviceUnlockedTag: DeviceUnlockedTag.notifyDeviceLockStatusChanged():31 Notify device unlocked.
03-27 15:45:41.629 408-408/? W/SurfaceFlinger: couldn't log to binary event log: overflow.
03-27 15:45:41.629 408-408/? W/SurfaceFlinger: couldn't log to binary event log: overflow.
03-27 15:45:41.984 6721-7236/? I/FontLog: Received query Noto Color Emoji Compat, URI content://com.google.android.gms.fonts [CONTEXT service_id=132 ]
03-27 15:45:41.985 6721-7236/? I/FontLog: Query [emojicompat-emoji-font] resolved to {Noto Color Emoji Compat, wdth 100.0, wght 400, ital 0.0, bestEffort false} [CONTEXT service_id=132 ]
03-27 15:45:41.987 6721-7236/? I/FontLog: Fetch {Noto Color Emoji Compat, wdth 100.0, wght 400, ital 0.0, bestEffort false} end status Status{statusCode=SUCCESS, resolution=null} [CONTEXT service_id=132 ]
03-27 15:45:41.992 6721-7236/? I/FontLog: Pulling font file for id = 35, cache size = 11 [CONTEXT service_id=132 ]
03-27 15:45:41.998 6721-7236/? I/FontLog: Pulling font file for id = 35, cache size = 11 [CONTEXT service_id=132 ]
03-27 15:45:43.741 11419-19545/? I/ProvidersCache: Provider returned no roots. Possibly naughty: com.google.android.apps.docs.storage
03-27 15:45:44.543 11419-19552/? I/ProvidersCache: Provider returned no roots. Possibly naughty: com.google.android.apps.docs.storage
03-27 15:45:44.968 458-768/? D/BufferPoolAccessor2.0: evictor expired: 1, evicted: 0
03-27 15:45:45.152 6721-17547/? I/AlarmManager: setExactAndAllowWhileIdle [name: GCM_HB_ALARM type: 2 triggerAtMillis: 2756280]
03-27 15:45:45.153 6721-6748/? V/NativeCrypto: Read error: ssl=0x7fa32f90ffd8: I/O error during system call, Connection reset by peer
03-27 15:45:45.156 6721-17547/? V/NativeCrypto: SSL shutdown failed: ssl=0x7fa32f90ffd8: I/O error during system call, Broken pipe
03-27 15:45:45.157 6721-17547/? E/WakeLock: GCM_HB_ALARM release without a matched acquire!
03-27 15:45:45.157 6721-17547/? W/WakeLock: GCM_HB_ALARM counter does not exist
03-27 15:45:45.160 540-655/? D/ConnectivityService: reportNetworkConnectivity(101, false) by 10098
03-27 15:45:45.161 794-2153/? D/NetworkMonitor/101: Forcing reevaluation for UID 10098. Dns signal count: 0
03-27 15:45:45.170 794-19557/? D/NetworkMonitor/101: PROBE_DNS connectivitycheck.gstatic.com 5ms OK 142.250.199.3,2404:6800:4001:803::2003
03-27 15:45:45.185 6721-10009/? I/NetworkManagementSocketTagger: tagSocketFd(-1, 536871943, -1) failed with errno-9
03-27 15:45:45.185 794-19556/? D/NetworkMonitor/101: PROBE_DNS www.google.com 21ms OK 216.58.200.4,2404:6800:4001:80a::2004
03-27 15:45:45.237 794-19557/? D/NetworkMonitor/101: PROBE_HTTP http://connectivitycheck.gstatic.com/generate_204 time=64ms ret=204 request={Connection=[close], User-Agent=[Mozilla/5.0 (X11; Linux x86_64) AppleWebKit/537.36 (KHTML, like Gecko) Chrome/60.0.3112.32 Safari/537.36]} headers={null=[HTTP/1.1 204 No Content], Connection=[close], Content-Length=[0], Cross-Origin-Resource-Policy=[cross-
03-27 15:45:45.237 794-19557/? D/NetworkMonitor/101: origin], Date=[Mon, 27 Mar 2023 08:45:46 GMT], X-Android-Received-Millis=[1679906745236], X-Android-Response-Source=[NETWORK 204], X-Android-Selected-Protocol=[http/1.1], X-Android-Sent-Millis=[1679906745205]}
03-27 15:45:45.270 6721-17547/? I/AlarmManager: setExactAndAllowWhileIdle [name: GCM_HB_ALARM type: 2 triggerAtMillis: 3226398]
03-27 15:45:45.294 794-19556/? D/NetworkMonitor/101: PROBE_HTTPS https://www.google.com/generate_204 time=108ms ret=204 request={Connection=[close], User-Agent=[Mozilla/5.0 (X11; Linux x86_64) AppleWebKit/537.36 (KHTML, like Gecko) Chrome/60.0.3112.32 Safari/537.36]} headers={null=[HTTP/1.1 204 No Content], Alt-Svc=[h3=":443"; ma=2592000,h3-29=":443"; ma=2592000], Connection=[close], Content-Length=[0], Cross-Origin-Resource-Policy=[cross-origin], Date=[Mon, 27 Mar 2023 08:45:47 GMT], X-Android-Received-Millis=[1679906745292], X-Android-Response-Source=[NETWORK 204], X-Android-Selected-Protocol=[http/1.1], X-Android-Sent-Millis=[1679906745261]}
03-27 15:45:45.294 794-19555/? D/NetworkMonitor/101: isCaptivePortal: isSuccessful()=true isPortal()=false RedirectUrl=null isPartialConnectivity()=false Time=131ms
03-27 15:45:45.296 540-655/? D/ConnectivityService: [101 WIFI] validation passed
03-27 15:45:45.316 6721-17547/? I/AlarmManager: setExactAndAllowWhileIdle [name: GCM_HB_ALARM type: 2 triggerAtMillis: 3226444]
03-27 15:45:45.320 6721-17547/? I/AlarmManager: setExactAndAllowWhileIdle [name: GCM_HB_ALARM type: 2 triggerAtMillis: 3226448]
03-27 15:45:46.635 19444-19444/? W/com.example: Accessing hidden method Landroid/os/MessageQueue;->next()Landroid/os/Message; (unsupported, reflection, allowed)
03-27 15:45:46.635 19444-19444/? W/com.example: Accessing hidden field Landroid/os/MessageQueue;->mMessages:Landroid/os/Message; (unsupported, reflection, allowed)
03-27 15:45:46.635 19444-19444/? W/com.example: Accessing hidden method Landroid/os/Message;->recycleUnchecked()V (unsupported, reflection, allowed)
03-27 15:45:46.637 19444-19444/? W/com.example: Accessing hidden method Landroid/view/WindowManagerGlobal;->getInstance()Landroid/view/WindowManagerGlobal; (unsupported, reflection, allowed)
03-27 15:45:46.637 19444-19444/? W/com.example: Accessing hidden field Landroid/view/WindowManagerGlobal;->mViews:Ljava/util/ArrayList; (unsupported, reflection, allowed)
03-27 15:45:46.637 19444-19444/? W/com.example: Accessing hidden field Landroid/view/WindowManagerGlobal;->mParams:Ljava/util/ArrayList; (unsupported, reflection, allowed)
03-27 15:45:46.639 19444-19444/? I/ViewInteraction: Checking 'MatchesViewAssertion{viewMatcher=an instance of android.widget.TextView and view.getText() with or without transformation to match: is "Test"}' assertion on view (view.getId() is <2131230838/com.example:id/edittext>)
03-27 15:45:46.641 540-3443/? I/ActivityTaskManager: START u0 {act=android.intent.action.MAIN cat=[android.intent.category.LAUNCHER] flg=0x10000000 cmp=com.example.test/androidx.test.core.app.InstrumentationActivityInvoker$EmptyActivity} from uid 10171
03-27 15:45:46.642 540-3443/? W/ActivityTaskManager: Can't find TaskDisplayArea to determine support for multi window. Task id=125 attached=false
03-27 15:45:46.646 19444-19444/? D/LifecycleMonitor: Lifecycle status change: com.example.MainActivity@cc64fc3 in: PAUSED
03-27 15:45:46.646 19444-19444/? V/ActivityScenario: Update currentActivityStage to PAUSED, currentActivity=com.example.MainActivity@cc64fc3
03-27 15:45:46.647 540-554/? W/ActivityTaskManager: Tried to set launchTime (0) < mLastActivityLaunchTime (2690907)
03-27 15:45:46.661 458-19477/? D/BufferPoolAccessor2.0: bufferpool2 0x7de64862f628 : 1(1382400 size) total buffers - 1(1382400 size) used buffers - 14/15 (recycle/alloc) - 1/14 (fetch/transfer)
03-27 15:45:46.663 350-390/? D/goldfish-address-space: claimShared: Ask to claim region [0x3ec000000 0x3ec926000]
03-27 15:45:46.667 350-390/? D/goldfish-address-space: claimShared: Ask to claim region [0x3ec926000 0x3ed24c000]
03-27 15:45:46.676 350-350/? D/goldfish-address-space: claimShared: Ask to claim region [0x3ed24c000 0x3edb72000]
03-27 15:45:46.678 408-408/? I/BpBinder: onLastStrongRef automatically unlinking death recipients: <uncached descriptor>
03-27 15:45:46.684 350-350/? D/goldfish-address-space: claimShared: Ask to claim region [0x3edb72000 0x3ee14d000]
03-27 15:45:46.697 19444-19480/? D/EGL_emulation: app_time_stats: avg=1707.20ms min=16.56ms max=5081.78ms count=3
03-27 15:45:46.718 350-350/? D/goldfish-address-space: claimShared: Ask to claim region [0x3ee14d000 0x3eea73000]
03-27 15:45:46.720 350-350/? D/goldfish-address-space: claimShared: Ask to claim region [0x3f304e000 0x3f3974000]
03-27 15:45:46.721 350-350/? D/goldfish-address-space: claimShared: Ask to claim region [0x3f4000000 0x3f4926000]
03-27 15:45:46.731 350-350/? D/goldfish-address-space: claimShared: Ask to claim region [0x3f78b9000 0x3f7e94000]
03-27 15:45:46.734 19444-19444/? D/LifecycleMonitor: Lifecycle status change: com.example.MainActivity@cc64fc3 in: STOPPED
03-27 15:45:46.734 19444-19444/? V/ActivityScenario: Update currentActivityStage to STOPPED, currentActivity=com.example.MainActivity@cc64fc3
03-27 15:45:46.735 713-938/? D/EGL_emulation: app_time_stats: avg=2633.76ms min=164.01ms max=5103.52ms count=2
03-27 15:45:46.742 713-938/? D/EGL_emulation: app_time_stats: avg=2636.31ms min=163.19ms max=5109.42ms count=2
03-27 15:45:46.747 19444-19444/? D/LifecycleMonitor: Lifecycle status change: com.example.MainActivity@cc64fc3 in: DESTROYED
03-27 15:45:46.747 19444-19444/? V/ActivityScenario: Update currentActivityStage to DESTROYED, currentActivity=null
03-27 15:45:46.764 540-703/? W/InputManager-JNI: Input channel object 'e825a74 com.example/com.example.MainActivity (client)' was disposed without first being removed with the input manager!
03-27 15:45:46.774 19444-19463/? I/TestRunner: finished: testTextSlow(com.example.MainActivitySlowTest)
03-27 15:45:46.779 408-408/? I/BpBinder: onLastStrongRef automatically unlinking death recipients: <uncached descriptor>
03-27 15:45:46.781 540-2697/? W/InputManager-JNI: Input channel object 'caf2ca Splash Screen com.example.test (client)' was disposed without first being removed with the input manager!
03-27 15:45:46.787 540-561/? W/ActivityTaskManager: Can't find TaskDisplayArea to determine support for multi window. Task id=124 attached=false
03-27 15:45:46.787 540-561/? W/ActivityTaskManager: Can't find TaskDisplayArea to determine support for multi window. Task id=124 attached=false
03-27 15:45:46.788 1432-1432/? I/A: onApplyWindowInsets: systemWindowInsets=Insets{left=0, top=66, right=0, bottom=132}
03-27 15:45:46.788 1432-1432/? I/A: onApplyWindowInsets: systemWindowInsets=Insets{left=0, top=66, right=0, bottom=132}
03-27 15:45:46.789 540-554/? W/ActivityManager: Unable to start service Intent { act=android.service.smartspace.SmartspaceService cmp=com.google.android.as/com.google.android.apps.miphone.aiai.app.AiAiSmartspaceService } U=0: not found
03-27 15:45:46.789 540-554/? W/RemoteSmartspaceService: could not bind to Intent { act=android.service.smartspace.SmartspaceService cmp=com.google.android.as/com.google.android.apps.miphone.aiai.app.AiAiSmartspaceService } using flags 67112961
03-27 15:45:46.789 350-350/? D/goldfish-address-space: claimShared: Ask to claim region [0x3ec926000 0x3ed24c000]
03-27 15:45:46.791 350-350/? D/goldfish-address-space: claimShared: Ask to claim region [0x3ed24c000 0x3edb72000]
03-27 15:45:46.793 350-350/? D/goldfish-address-space: claimShared: Ask to claim region [0x3f0bb6000 0x3f14dc000]
03-27 15:45:46.796 540-540/? W/ActivityManager: Unbind failed: could not find connection for android.app.LoadedApk$ServiceDispatcher$InnerConnection@1c572f6
03-27 15:45:46.800 540-3714/? W/ActivityManager: Unable to start service Intent { act=android.service.smartspace.SmartspaceService cmp=com.google.android.as/com.google.android.apps.miphone.aiai.app.AiAiSmartspaceService } U=0: not found
03-27 15:45:46.800 540-3714/? W/RemoteSmartspaceService: could not bind to Intent { act=android.service.smartspace.SmartspaceService cmp=com.google.android.as/com.google.android.apps.miphone.aiai.app.AiAiSmartspaceService } using flags 67112961
03-27 15:45:46.800 540-540/? W/ActivityManager: U
03-27 15:45:46.800 540-540/? W/ActivityManager: nbind failed: could not find connection for android.app.LoadedApk$ServiceDispatcher$InnerConnection@abc63c9
03-27 15:45:46.800 350-350/? D/goldfish-address-space: claimShared: Ask to claim region [0x3f14dc000 0x3f1e02000]
03-27 15:45:46.801 1305-1305/? I/GsaVoiceInteractionSrv: Handling ACTION_START_HOTWORD
03-27 15:45:46.801 1305-1305/? I/GsaVoiceInteractionSrv: disregardVoiceMatch: false
03-27 15:45:46.801 1305-1305/? I/GsaVoiceInteractionSrv: Cannot start hotword, hotword has been explicitly disabled.
03-27 15:45:46.802 350-350/? D/goldfish-address-space: claimShared: Ask to claim region [0x3f1e02000 0x3f2728000]
03-27 15:45:46.802 350-350/? D/goldfish-address-space: claimShared: Ask to claim region [0x3f4926000 0x3f524c000]
03-27 15:45:46.804 19444-19463/? I/TestRunner: run finished: 1 tests, 0 failed, 0 ignored
03-27 15:45:46.806 1432-1802/? I/OpenGLRenderer: Davey! duration=20996ms; Flags=1, FrameTimelineVsyncId=8765, IntendedVsync=2676921872593, Vsync=2676921872593, InputEventId=0, HandleInputStart=2676922135151, AnimationStart=2676922136032, PerformTraversalsStart=2676922137284, DrawStart=2676933804462, FrameDeadline=267695
03-27 15:45:46.806 1432-1802/? I/OpenGLRenderer: 5205925, FrameInterval=2676922122848, FrameStartTime=16666666, SyncQueued=2676934538326, SyncStart=2676939187774, IssueDrawCommandsStart=2676939392175, SwapBuffers=2676939891403, FrameCompleted=2697923503765, DequeueBufferDuration=3967, QueueBufferDuration=2196065, GpuCompleted=2697923503765, SwapBuffersCompleted=2676942880313, DisplayPresentTime=328237539, 
03-27 15:45:46.810 19424-19424/? I/app_process: System.exit called, status: 0
03-27 15:45:46.810 19424-19424/? I/AndroidRuntime: VM exiting with result code 0.
03-27 15:45:46.811 540-3443/? I/ActivityManager: Force stopping com.example appid=10171 user=0: finished inst
03-27 15:45:46.829 540-3443/? I/ActivityManager: Killing 19444:com.example/u0a171 (adj 0): stop com.example due to finished inst
03-27 15:45:46.838 1267-1267/? I/GoogleInputMethodService: GoogleInputMethodService.onFinishInput():3420 
03-27 15:45:46.838 1267-1267/? I/GoogleInputMethodService: GoogleInputMethodService.onStartInput():2002 
03-27 15:45:46.838 1267-1267/? I/DeviceUnlockedTag: DeviceUnlockedTag.notifyDeviceLockStatusChanged():31 Notify device unlocked.
03-27 15:45:46.839 350-350/? D/goldfish-address-space: claimShared: Ask to claim region [0x3f524c000 0x3f55d0000]
03-27 15:45:46.856 19467-19490/? I/MPEG4Writer: setStartTimestampUs: 2692521047
03-27 15:45:46.863 19467-19476/? D/PipelineWatcher: onInputBufferReleased: frameIndex not found (24); ignored
03-27 15:45:46.873 540-570/? I/libprocessgroup: Successfully killed process cgroup uid 10171 pid 19444 in 43ms
03-27 15:45:46.877 19467-19479/? W/GraphicBufferSource: released unpopulated slots: [5, 6, 7, 8, 9, 10, 11, 12, 13, 14, 15, 16, 17, 18, 19, 20, 21, 22, 23, 24, 25, 26, 27, 28, 29, 30, 31, 32, 33, 34, 35, 36, 37, 38, 39, 40, 41, 42, 43, 44, 45, 46, 47, 48, 49, 50, 51, 52, 53, 54, 55, 56, 57, 58, 59, 60, 61, 62, 63]
03-27 15:45:46.880 540-3714/? V/ActivityManager: Got obituary of 19444:com.example
03-27 15:45:46.881 540-560/? W/ActivityManager: setHasOverlayUi called on unknown pid: 19444
03-27 15:45:46.884 334-334/? I/Zygote: Process 19444 exited due to signal 9 (Killed)
03-27 15:45:46.886 19467-19467/? D/MPEG4Writer: reset()
03-27 15:45:46.886 19467-19489/? V/MediaWriter: Track event err/info msg:101, trackId:1, type:1000,val:-1011
03-27 15:45:46.886 19467-19467/? D/MPEG4Writer: Video track stopping. Stop source
03-27 15:45:46.886 19467-19467/? D/MPEG4Writer: Video track source stopping
03-27 15:45:46.886 19467-19467/? D/MPEG4Writer: Video track source stopped
03-27 15:45:46.886 19467-19490/? V/MediaWriter: Track event err/info ms
03-27 15:45:46.886 19467-19490/? V/MediaWriter: g:101, trackId:2, type:1000,val:-1011
03-27 15:45:46.886 19467-19489/? I/MPEG4Writer: Received total/0-length (20/0) buffers and encoded 20 frames. - Video
03-27 15:45:46.886 19467-19467/? D/MPEG4Writer: Video track stopped. Status:0. Stop source
03-27 15:45:46.887 19467-19467/? D/MPEG4Writer: Metadata track stopping. Stop source
03-27 15:45:46.887 19467-19490/? W/MPEG4Writer: 0-duration samples found: 1
03-27 15:45:46.887 19467-19467/? D/MPEG4Writer: Metadata track source stopping
03-27 15:45:46.887 19467-19467/? D/MPEG4Writer: Metadata track source stopped
03-27 15:45:46.887 19467-19490/? I/MPEG4Writer: Received total/0-length (1/0) buffers and encoded 1 frames. - Metadata
03-27 15:45:46.887 19467-19467/? D/MPEG4Writer: Metadata track stopped. Status:0. Stop source
03-27 15:45:46.887 19467-19467/? D/MPEG4Writer: Duration from tracks range is [0, 5361711] us
03-27 15:45:46.887 19467-19487/? D/MPEG4Writer: 0 chunks are written in the last batch
03-27 15:45:46.887 19467-19467/? D/MPEG4Writer: WriterThread stopped. Status:0
03-27 15:45:46.887 19467-19467/? I/MPEG4Writer: Adjust the moov start time from 2692521047 us -> 2692521047 us
03-27 15:45:46.887 19467-19467/? I/MPEG4Writer: MOOV atom was written to the file
03-27 15:45:46.887 19467-19467/? D/MPEG4Writer: release()
03-27 15:45:46.887 19467-19467/? D/MPEG4Writer: ftruncate mPreAllocateFileEndOffset:69141 mOffset:1468 mMdatEndOffset:66665 diff:2476
03-27 15:45:46.888 713-730/? I/ndroid.systemu: NativeAlloc concurrent copying GC freed 15438(772KB) AllocSpace objects, 0(0B) LOS objects, 49% free, 9747KB/19MB, paused 44us,18us total 116.309ms
03-27 15:45:46.891 19467-19467/? D/MPEG4Writer: final fsync() takes 2 ms, file size 66665
03-27 15:45:46.891 19467-19467/? D/MPEG4Writer: MP4WtrCtrlHlpLooper stopped
03-27 15:45:46.891 19467-19467/? D/MPEG4Writer: Top 5 write durations(microseconds): #1:16 #2:22 #3:234 #4:382 #5:569
03-27 15:45:46.892 19467-19472/? I/hw-BpHwBinder: onLastStrongRef automatically unlinking death recipients
03-27 15:45:46.892 458-6171/? I/hw-BpHwBinder: onLastStrongRef automatically unlinking death recipients
03-27 15:45:46.893 458-6171/? V/C2Store: in ~ComponentModule
03-27 15:45:46.893 458-6171/? V/C2Store: unloading dll
03-27 15:45:46.915 19467-19467/? D/ScreenRecord: success
03-27 15:45:46.916 19467-19467/? I/BpBinder: onLastStrongRef automatically unlinking death recipients: <uncached descriptor>
03-27 15:45:46.917 19467-19467/? I/BpBinder: onLastStrongRef automatically unlinking death recipients: <uncached descriptor>
03-27 15:45:46.917 1303-2216/? I/MediaProvider: Begin Intent { act=android.intent.action.MEDIA_SCANNER_SCAN_FILE dat=file:///sdcard/com.example.MainActivitySlowTest-testTextSlow-0854fd39-e933-4868-97aa-b858c69da152.mp4 flg=0x1400010 cmp=co
03-27 15:45:46.917 1303-2216/? I/MediaProvider: m.google.android.providers.media.module/com.android.providers.media.MediaService }
03-27 15:45:46.918 458-6171/? D/BufferPoolAccessor2.0: Destruction - bufferpool2 0x7de64862f628 cached: 0/0M, 0/0% in use; allocs: 21, 95% recycled; transfers: 21, 95% unfetched
03-27 15:45:46.930 713-732/? W/System: A resource failed to call close. 
03-27 15:45:46.930 713-732/? W/System: A resource failed to call close. 
03-27 15:45:46.931 713-732/? W/System: A resource failed to call release. 
03-27 15:45:46.931 713-732/? W/System: A resource failed to call close. 
03-27 15:45:46.931 713-732/? W/System: A resource failed to call close. 
03-27 15:45:46.931 713-732/? W/System: A resource failed to call release. 
03-27 15:45:46.932 713-732/? W/System: A resource failed to call release. 
03-27 15:45:46.940 1303-2216/? I/MediaProvider: End Intent { act=android.intent.action.MEDIA_SCANNER_SCAN_FILE dat=file:///sdcard/com.example.MainActivitySlowTest-testTextSlow-0854fd39-e933-4868-97aa-b858c69da152.mp4 flg=0x1400010 cmp=com.google.android.providers.media.module/com.android.providers.media.MediaService }
03-27 15:45:46.967 6721-6757/? I/NetworkScheduler.Stats: Task com.google.android.gms/com.google.android.gms.ipa.base.IpaGcmTaskService started execution. cause:9 exec_start_elapsed_seconds: 2698 [CONTEXT service_id=218 ]
03-27 15:45:46.971 6721-17547/? I/NetworkScheduler.Stats: Task com.google.android.gms/com.google.android.gms.ipa.base.IpaGcmTaskService finished executing. cause:9 result: 1 elapsed_millis: 14 uptime_millis: 14 exec_start_elapsed_seconds: 2698 [CONTEXT service_id=218 ]
03-27 15:45:47.200 540-2697/? W/InputManager-JNI: Input channel object 'f271122 com.example.test/androidx.test.core.app.InstrumentationActivityInvoker$EmptyActivity (client)' was disposed without first being removed with the input manager!
03-27 15:45:47.203 540-561/? W/ActivityTaskManager: Can't find TaskDisplayArea to determine support for multi window. Task id=125 attached=false
03-27 15:45:47.203 540-561/? W/ActivityTaskManager: Can't find TaskDisplayArea to determine support for multi window. Task id=125 attached=false
03-27 15:45:47.478 1303-1727/? I/MediaProvider: Deleted 0 0 0 1 0 0 0 items on external_primary due to com.android.shell
