03-27 15:45:03.199 17567-17588/? W/Settings: Setting always_finish_activities has moved from android.provider.Settings.System to android.provider.Settings.Global, returning read-only value.
03-27 15:45:03.204 540-554/? I/ActivityTaskManager: START u0 {act=android.intent.action.MAIN cat=[android.intent.category.LAUNCHER] flg=0x10008000 cmp=com.example/.MainActivity} from uid 10171
03-27 15:45:03.205 540-554/? W/ActivityTaskManager: Can't find TaskDisplayArea to determine support for multi window. Task id=106 attached=false
03-27 15:45:03.206 1303-1550/? W/MediaProvider: isAppCloneUserPair for user 0: false
03-27 15:45:03.206 540-554/? D/CompatibilityChangeReporter: Compat change id reported: 174042980; UID 10171; state: DISABLED
03-27 15:45:03.207 540-554/? D/CompatibilityChangeReporter: Compat change id reported: 184838306; UID 10171; state: DISABLED
03-27 15:45:03.207 540-554/? D/CompatibilityChangeReporter: Compat change id reported: 185004937; UID 10171; state: DISABLED
03-27 15:45:03.207 540-554/? D/CompatibilityChangeReporter: Compat change id reported: 181136395; UID 10171; state: DISABLED
03-27 15:45:03.207 540-554/? D/CompatibilityChangeReporter: Compat change id reported: 174042936; UID 10171; state: DISABLED
03-27 15:45:03.209 408-1179/? E/HWComposer: getSupportedContentTypes: getSupportedContentTypes failed for display 4619827259835644672: Unsupported (8)
03-27 15:45:03.212 17592-17592/? D/MediaCodecList: codecHandlesFormat: no format, so no extra checks
03-27 15:45:03.215 17592-17597/? D/CCodec: allocate(c2.android.avc.encoder)
03-27 15:45:03.216 17592-17597/? I/Codec2Client: Available Codec2 services: "default" "software"
03-27 15:45:03.217 17592-17597/? I/CCodec: setting up 'default' as default (vendor) store
03-27 15:45:03.221 458-6171/? V/C2Store: in init
03-27 15:45:03.221 458-6171/? V/C2Store: loading dll
03-27 15:45:03.222 458-6171/? I/mediaswcodec: missing struct descriptor #Param::CoreIndex(--004) for field values of struct #Param::CoreIndex(F-12004)
03-27 15:45:03.222 458-6171/? I/mediaswcodec: missing struct descriptor #Param::CoreIndex(--1812) for field values of struct #Param::CoreIndex(F-11812)
03-27 15:45:03.222 458-6171/? I/mediaswcodec: missing struct descriptor #Param::CoreIndex(--004) for field values o
03-27 15:45:03.222 458-6171/? I/mediaswcodec: f struct #Param::CoreIndex(F-12004)
03-27 15:45:03.222 458-6171/? I/mediaswcodec: missing struct descriptor #Param::CoreIndex(--1812) for field values of struct #Param::CoreIndex(F-11812)
03-27 15:45:03.225 17567-17603/? D/libEGL: loaded /vendor/lib64/egl/libEGL_emulation.so
03-27 15:45:03.226 17567-17603/? D/libEGL: loaded /vendor/lib64/egl/libGLESv1_CM_emulation.so
03-27 15:45:03.226 17592-17597/? I/CCodec: Created component [c2.android.avc.encoder]
03-27 15:45:03.226 17592-17597/? D/CCodecConfig: read media type: video/avc
03-27 15:45:03.227 17592-17597/? D/ReflectedParamUpdater: extent() != 1 for single value type: algo.buffers.max-count.values
03-27 15:45:03.227 17567-17603/? D/libEGL: loaded /vendor/lib64/egl/libGLESv2_emulation.so
03-27 15:45:03.227 17592-17597/? D/ReflectedParamUpdater: extent() != 1 for single value type: output.subscribed-indices.values
03-27 15:45:03.227 17592-17597/? D/ReflectedParamUpdater: extent() != 1 for single value type: input.buffers.allocator-ids.values
03-27 15:45:03.227 17592-17597/? D/ReflectedParamUpdater: extent() != 1 for single value type: output.buffers.allocator-ids.values
03-27 15:45:03.227 17592-17597/? D/ReflectedParamUpdater: extent() != 1 for single value type: algo.buffers.allocator-ids.values
03-27 15:45:03.227 17592-17597/? D/ReflectedParamUpdater: extent() != 1 for single value type: output.buffers.pool-ids.values
03-27 15:45:03.228 17592-17597/? D/ReflectedParamUpdater: extent() != 1 for single value type: algo.buffers.pool-ids.values
03-27 15:45:03.228 17592-17597/? D/ReflectedParamUpdater: ignored struct field coding.gop.values
03-27 15:45:03.228 17592-17597/? D/ReflectedParamUpdater: ignored struct field coding.qp.values
03-27 15:45:03.228 17592-17597/? D/CCodecConfig: ignoring local param raw.color (0xc2001809) as it is already supported
03-27 15:45:03.229 17592-17597/? I/CCodecConfig: query failed after returning 12 values (BAD_INDEX)
03-27 15:45:03.229 17592-17597/? D/CCodecConfig: c2 config diff is Dict {
03-27 15:45:03.229 17592-17597/? D/CCodecConfig:   c2::u32 coded.bitrate.value = 64000
03-27 15:45:03.229 17592-17597/? D/CCodecConfig:   c2::float coded.frame-rate.value = 1
03-27 15:45:03.229 17592-17597/? D/CCodecConfig:   c2::u32 coded.pl.level = 20492
03-27 15:45:03.229 17592-17597/? D/CCodecConfig:   c2::u32 coded.pl.profile = 20481
03-27 15:45:03.229 17592-17597/? D/CCodecConfig:   c2::u32 coded.vui.color.matrix = 0
03-27 15:45:03.229 17592-17597/? D/CCodecConfig:   c2::u32 coded.vui.color.prima
03-27 15:45:03.229 17592-17597/? D/CCodecConfig: ries = 0
03-27 15:45:03.229 17592-17597/? D/CCodecConfig:   c2::u32 coded.vui.color.range = 0
03-27 15:45:03.229 17592-17597/? D/CCodecConfig:   c2::u32 coded.vui.color.transfer = 0
03-27 15:45:03.229 17592-17597/? D/CCodecConfig:   c2::u32 coding.intra-refresh.mode = 0
03-27 15:45:03.229 17592-17597/? D/CCodecConfig:   c2::float coding.intra-refresh.period = 0
03-27 15:45:03.229 17592-17597/? D/CCodecConfig:   c2::u32 coding.request-sync-frame.value = 0
03-27 15:45:03.229 17592-17597/? D/CCodecConfig:   c2::i64 coding.sync-frame-interval.value = 1000000
03-27 15:45:03.229 17592-17597/? D/CCodecConfig:   c2::u32 input.delay.value = 0
03-27 15:45:03.229 17592-17597/? D/CCodecConfig:   string input.media-type.value = "video/raw"
03-27 15:45:03.229 17592-17597/? D/CCodecConfig:   string output.media-type.value = "video/avc"
03-27 15:45:03.229 17592-17597/? D/CCodecConfig:   c2::u32 raw.color.matrix = 0
03-27 15:45:03.229 17592-17597/? D/CCodecConfig:   c2::u32 raw.color.primaries = 0
03-27 15:45:03.229 17592-17597/? D/CCodecConfig:   c2::u32 raw.color.range = 0
03-27 15:45:03.229 17592-17597/? D/CCodecConfig:   c2::u32 raw.color.transfer = 0
03-27 15:45:03.229 17592-17597/? D/CCodecConfig:   c2::u32 raw.size.height = 16
03-27 15:45:03.229 17592-17597/? D/CCodecConfig:   c2::u32 raw.size.width = 16
03-27 15:45:03.229 17592-17597/? D/CCodecConfig: }
03-27 15:45:03.229 17592-17597/? W/ColorUtils: expected specified color aspects (0:0:0:0)
03-27 15:45:03.229 17567-17567/? D/LifecycleMonitor: Lifecycle status change: com.example.MainActivity@cc64fc3 in: PRE_ON_CREATE
03-27 15:45:03.230 17567-17567/? V/ActivityScenario: Activity lifecycle changed event received but ignored because the reported transition was not ON_CREATE while the last known transition was PRE_ON_CREATE
03-27 15:45:03.231 350-390/? D/goldfish-address-space: claimShared: Ask to claim region [0x3ef2c4000 0x3efbea000]
03-27 15:45:03.234 17592-17592/? D/CodecSeeding: Seed: codec c2.android.avc.encoder, mediatype video/avc, overrideable 1
03-27 15:45:03.234 17592-17592/? D/CodecProperties: setTuningValue(vq-target-bpp,0)
03-27 15:45:03.234 17592-17592/? D/CodecProperties: setTuningValue(vq-target-bpp-1080p,1.90)
03-27 15:45:03.234 17592-17592/? D/CodecProperties: setTuningValue(vq-target-bpp-720p,2.25)
03-27 15:45:03.234 17592-17592/? D/CodecProperties: setTuningValue(vq-target-bpp-540p,2.65)
03-27 15:45:03.234 17592-17592/? D/CodecProperties: setTuningValue(vq-target-bpp-480p,3.00)
03-27 15:45:03.234 17592-17592/? D/CodecProperties: setTuningValue(vq-target-bpp-320x240,0)
03-27 15:45:03.234 17592-17592/? D/CodecProperties: setTuningValue(vq-target-qpmax,-1)
03-27 15:45:03.234 17592-17592/? D/CodecProperties: setTuningValue(vq-target-qpmax-1080p,45)
03-27 15:45:03.234 17592-17592/? D/CodecProperties: setTuningValue(vq-target-qpmax-720p,43)
03-27 15:45:03.234 17592-17592/? D/CodecProperties: setTuningValue(vq-target-qpmax-540p,42)
03-27 15:45:03.234 17592-17592/? D/CodecProperties: setTuningValue(vq-target-qpmax-480p,38)
03-27 15:45:03.234 17592-17592/? D/CodecProperties: setTuningValue(vq-bitrate-phaseout,1.75)
03-27 15:45:03.234 17592-17592/? D/CodecProperties: setTuningValue(vq-boost-missing-qp,0.20)
03-27 15:45:03.234 17592-17592/? D/CodecProperties: setFeatureValue(intra-refresh,0)
03-27 15:45:03.234 17592-17592/? D/CodecProperties: setFeatureValue(qp-bounds,0)
03-27 15:45:03.234 17592-17592/? D/CodecProperties: setFeatureValue(_vq_eligible.device,1)
03-27 15:45:03.234 17592-17592/? D/CodecProperties: setFeatureValue(_quality.target,1)
03-27 15:45:03.234 17592-17592/? D/CodecSeeding: Seed: codec c2.android.avc.encoder, mediatype video/avc, overrideable 0
03-27 15:45:03.234 17592-17592/? D/VQApply: raise bitrate: configured 1000000 to floor 2073600
03-27 15:45:03.234 17592-17592/? D/VQApply: minquality by QP: inject video-qp-max=43
03-27 15:45:03.234 17592-17592/? D/VQApply: minqu
03-27 15:45:03.234 17592-17592/? D/VQApply: ality/target bitrate raised from 1000000 to 2073600 bps
03-27 15:45:03.234 17592-17592/? D/MediaCodec: shapeMediaFormat: deltas(6): AMessage(what = 0x00000000) = {
03-27 15:45:03.234 17592-17592/? D/MediaCodec:     int32_t bitrate = 2073600
03-27 15:45:03.234 17592-17592/? D/MediaCodec:     int32_t android._encoding-quality-level = 0
03-27 15:45:03.234 17592-17592/? D/MediaCodec:     int32_t video-qp-max = 43
03-27 15:45:03.234 17592-17592/? D/MediaCodec:     int32_t video-qp-i-max = 43
03-27 15:45:03.234 17592-17592/? D/MediaCodec:     int32_t video-qp-p-max = 46
03-27 15:45:03.234 17592-17592/? D/MediaCodec:     int32_t video-qp-b-max = 49
03-27 15:45:03.234 17592-17592/? D/MediaCodec:   }
03-27 15:45:03.234 17592-17597/? D/CCodec: [c2.android.avc.encoder] buffers are bound to CCodec for this session
03-27 15:45:03.234 17592-17597/? D/CCodecConfig: no c2 equivalents for color-format
03-27 15:45:03.234 17592-17597/? D/CCodecConfig: no c2 equivalents for max-bframes
03-27 15:45:03.234 17592-17597/? D/CCodecConfig: no c2 equivalents for video-qp-max
03-27 15:45:03.234 17592-17597/? D/CCodecConfig: no c2 equivalents for video-qp-i-max
03-27 15:45:03.234 17592-17597/? D/CCodecConfig: no c2 equivalents for video-qp-p-max
03-27 15:45:03.234 17592-17597/? D/CCodecConfig: no c2 equivalents for video-qp-b-max
03-27 15:45:03.234 17592-17597/? D/CCodecConfig: no c2 equivalents for flags
03-27 15:45:03.234 17592-17597/? D/CCodecConfig: no c2 equivalents for encoder
03-27 15:45:03.235 17592-17597/? D/CCodecConfig: c2 config diff is   c2::u32 coded.bitrate.value = 2073600
03-27 15:45:03.235 17592-17597/? D/CCodecConfig:   c2::float coded.frame-rate.value = 60
03-27 15:45:03.235 17592-17597/? D/CCodecConfig:   c2::i64 coding.sync-frame-interval.value = 10000000
03-27 15:45:03.235 17592-17597/? D/CCodecConfig:   c2::u32 raw.size.height = 1280
03-27 15:45:03.235 17592-17597/? D/CCodecConfig:   c2::u32 raw.size.width = 720
03-27 15:45:03.235 17592-17597/? W/ColorUtils: expected specified color aspects (0:0:0:0)
03-27 15:45:03.235 350-390/? D/goldfish-address-space: claimShared: Ask to claim region [0x3ed853000 0x3ee179000]
03-27 15:45:03.235 17592-17597/? D/CCodec: setup formats input: AMessage(what = 0x00000000) = {
03-27 15:45:03.235 17592-17597/? D/CCodec:   Rect crop(0, 0, 719, 1279)
03-27 15:45:03.235 17592-17597/? D/CCodec:   int32_t color-standard = 0
03-27 15:45:03.235 17592-17597/? D/CCodec:   int32_t color-range = 0
03-27 15:45:03.235 17592-17597/? D/CCodec:   int32_t color-transfer = 0
03-27 15:45:03.235 17592-17597/? D/CCodec:   int32_t frame-rate = 60
03-27 15:45:03.235 17592-17597/? D/CCodec:   int32_t height = 1280
03-27 15:45:03.235 17592-17597/? D/CCodec:   int32_t intra-refresh-period = 0
03-27 15:45:03.235 17592-17597/? D/CCodec:   string mime = "video/raw"
03-27 15:45:03.235 17592-17597/? D/CCodec:   int32_t width = 720
03-27 15:45:03.235 17592-17597/? D/CCodec:   int32_t android._dataspace = 0
03-27 15:45:03.235 17592-17597/? D/CCodec:   int32_t using-sw-read-often = 1
03-27 15:45:03.235 17592-17597/? D/CCodec:   int64_t android._C2MemoryUsage = 1
03-27 15:45:03.235 17592-17597/? D/CCodec:   int32_t color-format = 2130708361
03-27 15:45:03.235 17592-17597/? D/CCodec:   int32_t android._color-format = 2130708361
03-27 15:45:03.235 17592-17597/? D/CCodec: }
03-27 15:45:03.235 17592-17597/? D/CCodec: setup formats output: AMessage(what = 0x00000000) = {
03-27 15:45:03.235 17592-17597/? D/CCodec:   int32_t bitrate = 2073600
03-27 15:45:03.235 17592-17597/? D/CCodec:   Rect crop(0, 0, 719, 1279)
03-27 15:45:03.235 17592-17597/? D/CCodec:   int32_t color-standard = 0
03-27 15:45:03.235 17592-17597/? D/CCodec:   int32_t color-range = 0
03-27 15:45:03.235 17592-17597/? D/CCodec:   int32_t color-transfer = 0
03-27 15:45:03.235 17592-17597/? D/CCodec:   int32_t frame-rate = 60
03-27 15:45:03.235 17592-17597/? D/CCodec:   int32_t height = 1280
03-27 15:45:03.235 17592-17597/? D/CCodec:   int32_t intra-refresh-period = 0
03-27 15:45:03.235 17592-17597/? D/CCodec:   int32_t level = 4096
03-27 15:45:03.235 17592-17597/? D/CCodec:   int32_t max-bitrate = 2073600
03-27 15:45:03.235 17592-17597/? D/CCodec:   string mime = "video/avc"
03-27 15:45:03.235 17592-17597/? D/CCodec:   int32_t profile = 65536
03-27 15:45:03.235 17592-17597/? D/CCodec:   int32_t width = 720
03-27 15:45:03.235 17592-17597/? D/CCodec: }
03-27 15:45:03.235 17592-17597/? I/CCodecConfig: query failed after returning 13 values (BAD_INDEX)
03-27 15:45:03.235 17592-17597/? D/CCodec: input format changed to AMessage(what = 0x00000000) = {
03-27 15:45:03.235 17592-17597/? D/CCodec:   Rect crop(0, 0, 719, 1279)
03-27 15:45:03.235 17592-17597/? D/CCodec:   int32_t color-standard = 1
03-27 15:45:03.235 17592-17597/? D/CCodec:   int32_t color-range = 2
03-27 15:45:03.235 17592-17597/? D/CCodec:   int32_t color-transfer = 3
03-27 15:45:03.235 17592-17597/? D/CCodec:   int32_t frame-rate = 60
03-27 15:45:03.235 17592-17597/? D/CCodec:   int32_t height = 1280
03-27 15:45:03.235 17592-17597/? D/CCodec:   int32_t intra-refresh-period = 0
03-27 15:45:03.235 17592-17597/? D/CCodec:   string mime = "video/raw"
03-27 15:45:03.235 17592-17597/? D/CCodec:   int32_t width = 720
03-27 15:45:03.235 17592-17597/? D/CCodec:   int32_t android._dataspace = 260
03-27 15:45:03.235 17592-17597/? D/CCodec:   int32_t using-sw-read-often = 1
03-27 15:45:03.235 17592-17597/? D/CCodec:   int64_t android._C2MemoryUsage = 1
03-27 15:45:03.235 17592-17597/? D/CCodec:   int32_t color-format = 2130708361
03-27 15:45:03.235 17592-17597/? D/CCodec:   int32_t android._color-format = 2130708361
03-27 15:45:03.235 17592-17597/? D/CCodec: }
03-27 15:45:03.236 17592-17597/? D/GraphicBufferSource: setting dataspace: 0x104, acquired=0
03-27 15:45:03.236 17592-17597/? D/CCodec: ISConfig not changed
03-27 15:45:03.236 17592-17597/? W/Codec2Client: query -- param skipped: index = 1342179345.
03-27 15:45:03.236 17592-17597/? W/Codec2Client: query -- param skipped: index = 2415921170.
03-27 15:45:03.236 17592-17597/? D/CCodecBufferChannel: [c2.android.avc.encoder#541] Using basic input block pool with poolID 1 => got 1 - OK (0)
03-27 15:45:03.236 17592-17597/? D/C2Store: Using DMABUF Heaps
03-27 15:45:03.236 350-390/? D/goldfish-address-space: claimShared: Ask to claim region [0x3f1827000 0x3f214d000]
03-27 15:45:03.237 17592-17597/? I/CCodecBufferChannel: [c2.android.avc.encoder#541] Created output block pool with allocatorID 16 => poolID 51 - OK
03-27 15:45:03.237 17592-17597/? D/CCodecBufferChannel: [c2.android.avc.encoder#541] Configured output block pool ids 51 => OK
03-27 15:45:03.238 451-3008/? W/ResourceManagerService: Ignoring request to add new resource entry with value <= 0
03-27 15:45:03.244 408-408/? I/BpBinder: onLastStrongRef automatically unlinking death recipients: <uncached descriptor>
03-27 15:45:03.248 192-192/? I/hwservicemanager: getTransport: Cannot find entry android.hardware.graphics.mapper@4.0::IMapper/default in either framework or device VINTF manifest.
03-27 15:45:03.248 17592-17595/? I/Gralloc4: mapper 4.x is not supported
03-27 15:45:03.256 17592-17595/? D/HostConnection: createUnique: call
03-27 15:45:03.257 17592-17595/? D/HostConnection: HostConnection::get() New Host Connection established 0x75171d10f850, tid 17595
03-27 15:45:03.257 17592-17595/? D/goldfish-address-space: allocate: Ask for block of size 0x100
03-27 15:45:03.257 17592-17595/? D/goldfish-address-space: allocate: ioctl allocate returned offset 0x3ebffe000 size 0x2000
03-27 15:45:03.280 1303-1727/? I/MediaProvider: Deleted 0 0 0 1 0 0 0 items on external_primary due to com.android.shell
03-27 15:45:03.287 192-192/? I/hwservicemanager: getTransport: Cannot find entry android.hardware.graphics.allocator@4.0::IAllocator/default in either framework or device VINTF manifest.
03-27 15:45:03.288 17592-17595/? W/Gralloc4: allocator 4.x is not supported
03-27 15:45:03.289 350-390/? D/goldfish-address-space: claimShared: Ask to claim region [0x3efbea000 0x3eff6e000]
03-27 15:45:03.291 1303-11884/? W/MediaProvider: isAppCloneUserPair for user 0: false
03-27 15:45:03.292 540-1781/? W/ActivityManager: Unable to start service Intent { act=android.service.smartspace.SmartspaceService cmp=com.google.android.as/com.google.android.apps.miphone.aiai.app.AiAiSmartspaceService } U=0: not found
03-27 15:45:03.292 540-1781/? W/RemoteSmartspaceService: could not bind to Intent { act=android.service.smartspace.SmartspaceService cmp=com.google.android.as/com.google.android.apps.miphone.aiai.app.AiAiSmartspaceService } using flag
03-27 15:45:03.292 540-1781/? W/RemoteSmartspaceService: s 67112961
03-27 15:45:03.292 713-938/? D/EGL_emulation: app_time_stats: avg=3275.71ms min=3275.71ms max=3275.71ms count=1
03-27 15:45:03.292 540-540/? W/ActivityManager: Unbind failed: could not find connection for android.app.LoadedApk$ServiceDispatcher$InnerConnection@c0f706e
03-27 15:45:03.294 17592-17595/? D/HostConnection: HostComposition ext ANDROID_EMU_CHECKSUM_HELPER_v1 ANDROID_EMU_native_sync_v2 ANDROID_EMU_native_sync_v3 ANDROID_EMU_native_sync_v4 ANDROID_EMU_dma_v1 ANDROID_EMU_direct_mem ANDROID_EMU_vulkan ANDROID_EMU_deferred_vulkan_commands ANDROID_EMU_vulkan_null_optional_strings ANDROID_EMU_vulkan_create_resources_with_requirements ANDROID_EMU_YUV_Cache ANDROID_EMU_vulkan_ignored_handles ANDROID_EMU_has_shared_slots_host_memory_allocator ANDROID_EMU_vulkan_free_memory_sync ANDROID_EMU_vulkan_shader_float16_int8 ANDROID_EMU_vulkan_async_queue_submit ANDROID_EMU_vulkan_queue_submit_with_commands ANDROID_EMU_sync_buffer_data ANDROID_EMU_vulkan_async_qsri ANDROID_EMU_read_color_buffer_dma GL_OES_EGL_image_external_essl3 GL_OES_vertex_array_object GL_KHR_texture_compression_astc_ldr ANDROID_EMU_host_side_tracing ANDROID_EMU_gles_max_version_3_0 
03-27 15:45:03.297 17592-17595/? D/GraphicBufferSource: got buffer with new dataSpace #104
03-27 15:45:03.297 17592-17595/? D/C2OMXNode: dataspace changed to 0x104 pixel format: 0x1
03-27 15:45:03.297 17592-17592/? D/MPEG4Writer: PreAllocation enabled
03-27 15:45:03.299 1432-1432/? I/A: onApplyWindowInsets: systemWindowInsets=Insets{left=0, top=66, right=0, bottom=132}
03-27 15:45:03.299 1432-1432/? I/A: onApplyWindowInsets: systemWindowInsets=Insets{left=0, top=66, right=0, bottom=132}
03-27 15:45:03.300 458-17604/? D/SimpleC2Component: Using output block pool with poolID 51 => got 51 - 0
03-27 15:45:03.300 458-17604/? D/SimpleC2Component: applied 2 configUpdates => BAD_INDEX (6)
03-27 15:45:03.300 458-17604/? D/C2SoftAvcEnc: Params width 720 height 1280 level 41 colorFormat 0 bframes 0
03-27 15:45:03.300 458-17604/? E/C2SoftAvcEnc: Unable to set air params = 0x1ad
03-27 15:45:03.301 713-938/? D/EGL_emulation: app_time_stats: avg=3891.61ms min=8.53ms max=46203.75ms count=12
03-27 15:45:03.306 350-390/? D/goldfish-address-space: claimShared: Ask to claim region [0x3ee179000 0x3ee4fd000]
03-27 15:45:03.309 6721-10009/? I/NetworkScheduler.Stats: Task com.google.android.gms/com.google.android.gms.ipa.base.IpaGcmTaskService started execution. cause:9 exec_start_elapsed_seconds: 2654 [CONTEXT service_id=218 ]
03-27 15:45:03.314 350-390/? D/goldfish-address-space: claimShared: Ask to claim region [0x3ee4fd000 0x3ee881000]
03-27 15:45:03.319 17567-17567/? D/LifecycleMonitor: Lifecycle status change: com.example.MainActivity@cc64fc3 in: CREATED
03-27 15:45:03.319 17567-17567/? V/ActivityScenario: Update currentActivityStage to CREATED, currentActivity=com.example.MainActivity@cc64fc3
03-27 15:45:03.320 17567-17567/? D/LifecycleMonitor: Lifecycle status change: com.example.MainActivity@cc64fc3 in: STARTED
03-27 15:45:03.320 1305-1305/? I/GsaVoiceInteractionSrv: Handling ACTION_STOP_HOTWORD
03-27 15:45:03.321 1305-1305/? E/HwDetectorWithState: a: 3
03-27 15:45:03.321 17567-17567/? V/ActivityScenario: Update currentActivityStage to STARTED, currentActivity=com.example.MainActivity@cc64fc3
03-27 15:45:03.324 17567-17567/? D/LifecycleMonitor: Lifecycle status change: com.example.MainActivity@cc64fc3 in: RESUMED
03-27 15:45:03.324 17567-17567/? V/ActivityScenario: Update currentActivityStage to RESUMED, currentActivity=com.example.MainActivity@cc64fc3
03-27 15:45:03.324 17592-17597/? D/CCodecConfig: c2 config diff is   Buffer coded.init-data.value = {
03-27 15:45:03.324 17592-17597/? D/CCodecConfig:     00000000:  00 00 00 01 67 42 c0 29  8d 6
03-27 15:45:03.324 17592-17597/? D/CCodecConfig: 8 0b 40 a1 a4 20 20  ....gB.).h.@..  
03-27 15:45:03.324 17592-17597/? D/CCodecConfig:     00000010:  20 20 f0 88 46 a0 00 00  00 01 68 ce 01 a8 35 c8    ..F.....h...5.
03-27 15:45:03.324 17592-17597/? D/CCodecConfig:   }
03-27 15:45:03.326 17592-17592/? D/MPEG4Writer: fpathconf _PC_FILESIZEBITS:64
03-27 15:45:03.326 17592-17592/? D/MPEG4Writer: File size limit set to 4503599627370495 bytes implicitly
03-27 15:45:03.327 17592-17592/? D/MPEG4Writer: MP4WtrCtrlHlpLooper Started
03-27 15:45:03.327 17592-17592/? I/MPEG4Writer: limits: 4503599627370495/0 bytes/us, bit rate: -1 bps and the estimated moov size 3192 bytes
03-27 15:45:03.328 17592-17614/? I/MPEG4Writer: setStartTimestampUs: 2654424873
03-27 15:45:03.328 17592-17614/? I/MPEG4Writer: Earliest track starting time: 2654424873
03-27 15:45:03.330 6721-17547/? I/NetworkScheduler.Stats: Task com.google.android.gms/com.google.android.gms.ipa.base.IpaGcmTaskService finished executing. cause:9 result: 1 elapsed_millis: 103 uptime_millis: 103 exec_start_elapsed_seconds: 2654 [CONTEXT service_id=218 ]
03-27 15:45:03.364 540-561/? D/CompatibilityChangeReporter: Compat change id reported: 158002302; UID 10171; state: ENABLED
03-27 15:45:03.365 408-1179/? W/ServiceManager: Permission failure: android.permission.ACCESS_SURFACE_FLINGER from uid=10171 pid=17567
03-27 15:45:03.365 408-1179/? D/PermissionCache: checking android.permission.ACCESS_SURFACE_FLINGER for uid=10171 => denied (1200 us)
03-27 15:45:03.365 408-1179/? W/ServiceManager: Permission failure: android.permission.ROTATE_SURFACE_FLINGER from uid=10171 pid=17567
03-27 15:45:03.365 408-1179/? D/PermissionCache: checking android.permission.ROTATE_SURFA
03-27 15:45:03.365 408-1179/? D/PermissionCache: CE_FLINGER for uid=10171 => denied (170 us)
03-27 15:45:03.369 17567-17602/? D/HostConnection: createUnique: call
03-27 15:45:03.370 17567-17602/? D/HostConnection: HostConnection::get() New Host Connection established 0x7fa32f90f3d0, tid 17602
03-27 15:45:03.385 17567-17602/? D/HostConnection: HostComposition ext ANDROID_EMU_CHECKSUM_HELPER_v1 ANDROID_EMU_native_sync_v2 ANDROID_EMU_native_sync_v3 ANDROID_EMU_native_sync_v4 ANDROID_EMU_dma_v1 ANDROID_EMU_direct_mem ANDROID_EMU_vulkan ANDROID_EMU_deferred_vulkan_commands ANDROID_EMU_vulkan_null_optional_strings ANDROID_EMU_vulkan_create_resources_with_requirements ANDROID_EMU_YUV_Cache ANDROID_EMU_vulkan_ignored_handles ANDROID_EMU_has_shared_slots_host_memory_allocator ANDROID_EMU_vulkan_free_memory_sync ANDROID_EMU_vulkan_shader_float16_int8 ANDROID_EMU_vulkan_async_queue_submit ANDROID_EMU_vulkan_queue_submit_with_commands ANDROID_EMU_sync_buffer_data ANDROID_EMU_vulkan_async_qsri ANDROID_EMU_read_color_buffer_dma GL_OES_EGL_image_external_essl3 GL_OES_vertex_array_object GL_KHR_texture_compression_astc_ldr ANDROID_EMU_host_side_tracing ANDROID_EMU_gles_max_version_3_0 
03-27 15:45:03.395 192-192/? I/hwservicemanager: getTransport: Cannot find entry android.hardware.configstore@1.0::ISurfaceFlingerConfigs/default in either framework or device VINTF manifest.
03-27 15:45:03.396 17567-17602/? W/OpenGLRenderer: Failed to choose config with EGL_SWAP_BEHAVIOR_PRESERVED, retrying without...
03-27 15:45:03.396 17567-17602/? W/OpenGLRenderer: Failed to initialize 101010-2 format, error = EGL_SUCCESS
03-27 15:45:03.397 17567-17602/? D/EGL_emulation: eglCreateContext: 0x7fa32f90f0d0: maj 3 min 0 rcv 3
03-27 15:45:03.397 17567-17602/? D/EGL_emulation: eglMakeCurrent: 0x7fa32f90f0d0: ver 3 0 (tinfo 0x7fa54d615080) (first time)
03-27 15:45:03.403 408-1179/? E/HWComposer: getSupportedContentTypes: getSupportedContentTypes failed for display 4619827259835644672: Unsupported (8)
03-27 15:45:03.404 192-192/? I/hwservicemanager: getTransport: Cannot find entry android.hardware.graphics.mapper@4.0::IMapper/default in either framework or device VINTF manifest.
03-27 15:45:03.404 17567-17602/? I/Gralloc4: mapper 4.x is not supported
03-27 15:45:03.405 17567-17602/? D/HostConnection: createUnique: call
03-27 15:45:03.405 17567-17602/? D/HostConnection: HostConnection::get() New Host Connection established 0x7fa32f910210, tid 17602
03-27 15:45:03.405 17567-17602/? D/goldfish-address-space: allocate: Ask for block of size 0x100
03-27 15:45:03.405 17567-17602/? D/goldfish-address-space: allocate: ioctl allocate returned offset 0x3ebffe000 size 0x2000
03-27 15:45:03.424 192-192/? I/hwservicemanager: getTransport: Cannot find entry android.hardware.graphics.allocator@4.0::IAllocator/default in either framework or device VINTF manifest.
03-27 15:45:03.425 17567-17602/? W/Gralloc4: allocator 4.x is not supported
03-27 15:45:03.426 350-390/? D/goldfish-address-space: claimShared: Ask to claim region [0x3f214d000 0x3f2a73000]
03-27 15:45:03.436 17567-17602/? D/HostConnection: HostComposition ext ANDROID_EMU_CHECKSUM_HELPER_v1 ANDROID_EMU_native_sync_v2 ANDROID_EMU_native_sync_v3 ANDROID_EMU_native_sync_v4 ANDROID_EMU_dma_v1 ANDROID_EMU_direct_mem ANDROID_EMU_vulkan ANDROID_EMU_deferred_vulkan_commands ANDROID_EMU_vulkan_null_optional_strings ANDROID_EMU_vulkan_create_resources_with_requirements ANDROID_EMU_YUV_Cache ANDROID_EMU_vulkan_ignored_handles ANDROID_EMU_has_shared_slots_h
03-27 15:45:03.436 17567-17602/? D/HostConnection: ost_memory_allocator ANDROID_EMU_vulkan_free_memory_sync ANDROID_EMU_vulkan_shader_float16_int8 ANDROID_EMU_vulkan_async_queue_submit ANDROID_EMU_vulkan_queue_submit_with_commands ANDROID_EMU_sync_buffer_data ANDROID_EMU_vulkan_async_qsri ANDROID_EMU_read_color_buffer_dma GL_OES_EGL_image_external_essl3 GL_OES_vertex_array_object GL_KHR_texture_compression_astc_ldr ANDROID_EMU_host_side_tracing ANDROID_EMU_gles_max_version_3_0 
03-27 15:45:03.437 350-390/? D/goldfish-address-space: claimShared: Ask to claim region [0x3f2a73000 0x3f3399000]
03-27 15:45:03.438 350-390/? D/goldfish-address-space: claimShared: Ask to claim region [0x3f0000000 0x3f0926000]
03-27 15:45:03.477 540-557/? I/ActivityTaskManager: Displayed com.example/.MainActivity: +270ms
03-27 15:45:03.490 1267-1267/? I/GoogleInputMethodService: GoogleInputMethodService.onFinishInput():3420 
03-27 15:45:03.491 1267-1267/? I/GoogleInputMethodService: GoogleInputMethodService.onStartInput():2002 
03-27 15:45:03.493 1267-1267/? I/DeviceUnlockedTag: DeviceUnlockedTag.notifyDeviceLockStatusChanged():31 Notify device unlocked.
03-27 15:45:03.501 540-1767/? W/InputManager-JNI: Input channel object '2f0b5e6 Splash Screen com.example (client)' was disposed without first being removed with the input manager!
03-27 15:45:03.505 540-1767/? I/ActivityTaskManager: START u0 {act=android.intent.action.MAIN cat=[android.intent.category.LAUNCHER] flg=0x10000000 cmp=com.example.test/androidx.test.core.app.InstrumentationActivityInvoker$EmptyActivity} from uid 10171
03-27 15:45:03.508 540-1767/? W/ActivityTaskManager: Can't find TaskDisplayArea to determine support for multi window. Task id=107 attached=false
03-27 15:45:03.512 540-1767/? D/CompatibilityChangeReporter: Compat change id reported: 174042980; UID 10172; state: DISABLED
03-27 15:45:03.512 540-1767/? D/CompatibilityChangeReporter: Compat change id reported: 184838306; UID 10172; state: DISABLED
03-27 15:45:03.513 540-1767/? D/CompatibilityChangeReporter: Compat change id reported: 185004937; UID 10172; state: DISABLED
03-27 15:45:03.513 540-1767/? D/CompatibilityChangeReporter: Compat change id reported: 181136395; UID 10172; state: DISABLED
03-27 15:45:03.513 540-1767/? D/CompatibilityChangeReporter: Compat change id reported: 174042936; UID 10172; state: DISABLED
03-27 15:45:03.522 540-560/? D/CompatibilityChangeReporter: Compat change id reported: 135634846; UID 10172; state: DISABLED
03-27 15:45:03.522 540-560/? D/CompatibilityChangeReporter: Compat change id reported: 177438394; UID 10172; state: DISABLED
03-27 15:45:03.522 540-560/? D/CompatibilityChangeReporter: Compat change id reported: 135772972; UID 10172; state: DISABLED
03-27 15:45:03.522 540-560/? D/CompatibilityChangeReporter: [ 03-27 15:45:03.522   540:  560 D/Comp
03-27 15:45:03.522 540-560/? D/CompatibilityChangeReporter: atibilityChangeReporter ]
03-27 15:45:03.522 540-560/? D/CompatibilityChangeReporter: Compat change id reported: 135754954; UID 10172; state: ENABLED
03-27 15:45:03.522 17567-17567/? D/LifecycleMonitor: Lifecycle status change: com.example.MainActivity@cc64fc3 in: PAUSED
03-27 15:45:03.523 540-569/? D/CompatibilityChangeReporter: Compat change id reported: 143937733; UID 10172; state: ENABLED
03-27 15:45:03.523 17567-17567/? V/ActivityScenario: Update currentActivityStage to PAUSED, currentActivity=com.example.MainActivity@cc64fc3
03-27 15:45:03.531 350-390/? D/goldfish-address-space: claimShared: Ask to claim region [0x3ed853000 0x3ee179000]
03-27 15:45:03.534 350-390/? D/goldfish-address-space: claimShared: Ask to claim region [0x3f0926000 0x3f124c000]
03-27 15:45:03.536 350-390/? D/goldfish-address-space: claimShared: Ask to claim region [0x3f1827000 0x3f214d000]
03-27 15:45:03.539 350-390/? D/goldfish-address-space: claimShared: Ask to claim region [0x3f4000000 0x3f45db000]
03-27 15:45:03.542 334-334/? D/Zygote: Forked child process 17642
03-27 15:45:03.543 540-569/? I/ActivityManager: Start proc 17642:com.example.test/u0a172 for pre-top-activity {com.example.test/androidx.test.core.app.InstrumentationActivityInvoker$EmptyActivity}
03-27 15:45:03.547 408-408/? I/BpBinder: onLastStrongRef automatically unlinking death recipients: <uncached descriptor>
03-27 15:45:03.551 17642-17642/? I/om.example.tes: Late-enabling -Xcheck:jni
03-27 15:45:03.582 17642-17642/? W/om.example.tes: Unexpected CPU variant for X86 using defaults: x86_64
03-27 15:45:03.587 429-476/? I/adbd: jdwp connection from 17642
03-27 15:45:03.596 350-390/? D/goldfish-address-space: claimShared: Ask to claim region [0x3ee881000 0x3eec05000]
03-27 15:45:03.613 17642-17642/? D/CompatibilityChangeReporter: Compat change id reported: 171979766; UID 10172; state: ENABLED
03-27 15:45:03.620 17642-17642/? D/ApplicationLoaders: Returning zygote-cached class loader: /system/framework/android.test.base.jar
03-27 15:45:03.623 17642-17642/? D/ApplicationLoaders: Returning zygote-cached class loader: /system/framework/android.test.base.jar
03-27 15:45:03.624 17642-17642/? W/om.example.tes: ClassLoaderContext shared library size mismatch. Expected=0, found=2 (PCL[] | PCL[]{PCL[/system/framework/android.test.base.jar*3790657674]#PCL[/system/framework/android.test.mock.jar*2265025959]})
03-27 15:45:03.790 17642-17642/? V/GraphicsEnvironment: ANGLE Developer option for 'com.example.test' set to: 'default'
03-27 15:45:03.790 17642-17642/? V/GraphicsEnvironment: Neither updatable production driver nor prerelease driver is supported.
03-27 15:45:03.791 17642-17642/? D/NetworkSecurityConfig: No Network Security Config specified, using platform default
03-27 15:45:03.791 17642-17642/? D/NetworkSecurityConfig: No Network Security Config specified, using platform default
03-27 15:45:03.813 17642-17679/? D/libEGL: loaded /vendor/lib64/egl/libEGL_emulation.so
03-27 15:45:03.813 17642-17679/? D/libEGL: loaded /vendor/lib64/egl/libGLESv1_CM_emulation.so
03-27 15:45:03.815 17642-17679/? D/libEGL: loaded /vendor/lib64/egl/libGLESv2_emulation.so
03-27 15:45:03.830 17567-17567/? D/LifecycleMonitor: Lifecycle status change: com.example.MainActivity@cc64fc3 in: STOPPED
03-27 15:45:03.831 17567-17567/? V/ActivityScenario: Update currentActivityStage to STOPPED, currentActivity=com.example.MainActivity@cc64fc3
03-27 15:45:03.833 17567-17567/? D/LifecycleMonitor: Lifecycle status change: com.example.MainActivity@cc64fc3 in: DESTROYED
03-27 15:45:03.833 17567-17567/? V/ActivityScenario: Update currentActivityStage to DESTROYED, currentActivity=null
03-27 15:45:03.835 540-1767/? W/InputManager-JNI: Input channel object 'd343f21 com.example/com.example.MainActivity (client)' was disposed without first being removed with the input manager!
03-27 15:45:03.839 6721-6734/? I/FontLog: Received query Noto Color Emoji Compat, URI content://com.google.android.gms.fonts [CONTEXT service_id=132 ]
03-27 15:45:03.839 540-561/? W/ActivityTaskManager: Can't find TaskDisplayArea to determine support for multi window. Task id=106 attached=false
03-27 15:45:03.839 540-561/? W/ActivityTaskManager: Can't find TaskDisplayArea to determine support for multi window. Task id=106 attached=false
03-27 15:45:03.840 6721-6734/? I/FontLog: Query [emojicompat-emoji-font] resolved to {Noto Color Emoji Compat, wdth 100.0, wght 400, ital 0.0, bestEffort false} [CONTEXT service_id=132 ]
03-27 15:45:03.840 17567-17588/? E/TestRunner: failed: testUnsafeAccess(com.example.AdbActivityTest)
03-27 15:45:03.841 17567-17588/? E/TestRunner: ----- be
03-27 15:45:03.841 17567-17588/? E/TestRunner: gin exception -----
03-27 15:45:03.841 17567-17588/? E/TestRunner: java.lang.AssertionError: No access to adb port or device serial has been provided
03-27 15:45:03.841 17567-17588/? E/TestRunner: 	at com.malinskiy.adam.junit4.rule.AdbRule$apply$1.evaluate(AdbRule.kt:64)
03-27 15:45:03.841 17567-17588/? E/TestRunner: 	at org.junit.rules.ExternalResource$1.evaluate(ExternalResource.java:54)
03-27 15:45:03.841 17567-17588/? E/TestRunner: 	at org.junit.runners.ParentRunner$3.evaluate(ParentRunner.java:306)
03-27 15:45:03.841 17567-17588/? E/TestRunner: 	at org.junit.runners.BlockJUnit4ClassRunner$1.evaluate(BlockJUnit4
03-27 15:45:03.841 17567-17588/? E/TestRunner: ClassRunner.java:100)
03-27 15:45:03.841 17567-17588/? E/TestRunner: 	at org.junit.runners.ParentRunner.runLeaf(ParentRunner.java:366)
03-27 15:45:03.841 17567-17588/? E/TestRunner: 	at org.junit.runners.BlockJUnit4ClassRunner.runChild(BlockJUnit4ClassRunner.java:103)
03-27 15:45:03.841 17567-17588/? E/TestRunner: 	at org.junit.runners.BlockJUnit4ClassRunner.runChild(BlockJUnit4ClassRunner.java:63)
03-27 15:45:03.841 17567-17588/? E/TestRunner: 	at org.junit.runners.ParentRunner$4.run(ParentRunner.java:331)
03-27 15:45:03.841 17567-17588/? E/TestRunner: 	at org.junit.runners.ParentRunner$1.schedule(ParentRunner.java:79)
03-27 15:45:03.841 17567-17588/? E/TestRunner: 	at org.junit.runners.ParentRunner.runChildren(ParentRunner.java:329)
03-27 15:45:03.841 17567-17588/? E/TestRunner: 	at org.junit.runners.ParentRunner.access$100(ParentRunner.java:66)
03-27 15:45:03.841 17567-17588/? E/TestRunner: 	at org.junit.runners.ParentRunner$2.evaluate(ParentRunner.java:293)
03-27 15:45:03.841 17567-17588/? E/TestRunner: 	at org.junit.runners.ParentRunner$3.evaluate(ParentRunner.java:306)
03-27 15:45:03.841 17567-17588/? E/TestRunner: 	at org.junit.runners.ParentRunner.run(ParentRunner.java:413)
03-27 15:45:03.841 17567-17588/? E/TestRunner: 	at androidx.test.ext.junit.runners.AndroidJUnit4.run(AndroidJUnit4.java:162)
03-27 15:45:03.841 17567-17588/? E/TestRunner: 	at io.qameta.allure.android.runners.AllureAndroidJUnit4.run(AllureAndroidJUnitRunners.kt:29)
03-27 15:45:03.841 17567-17588/? E/TestRunner: 	at org.junit.runners.Suite.runChild(Suite.java:128)
03-27 15:45:03.841 17567-17588/? E/TestRunner: 	at org.junit.runners.Suite.runChild(Suite.java:27)
03-27 15:45:03.841 17567-17588/? E/TestRunner: 	at org.junit.runners.ParentRunner$4.run(ParentRunner.java:331)
03-27 15:45:03.841 17567-17588/? E/TestRunner: 	at org.junit.runners.ParentRunner$1.schedule(ParentRunner.java:79)
03-27 15:45:03.841 17567-17588/? E/TestRunner: 	at org.junit.runners.ParentRunner.runChildren(ParentRunner.java:329)
03-27 15:45:03.841 17567-17588/? E/TestRunner: 	at org.junit.runners.ParentRunner.access$100(ParentRunner.java:66)
03-27 15:45:03.841 17567-17588/? E/TestRunner: 	at org.junit.runners.ParentRunner$2.evaluate(ParentRunner.java:293)
03-27 15:45:03.841 17567-17588/? E/TestRunner: 	at org.junit.runners.ParentRunner$3.evaluate(ParentRunner.java:306)
03-27 15:45:03.841 17567-17588/? E/TestRunner: 	at org.junit.runners.ParentRunner.run(ParentRunner.java:413)
03-27 15:45:03.841 17567-17588/? E/TestRunner: 	at org.junit.runner.JUnitCore.run(JUnitCore.java:137)
03-27 15:45:03.841 17567-17588/? E/TestRunner: 	at org.junit.runner.JUnitCore.run(JUnitCore.java:115)
03-27 15:45:03.841 17567-17588/? E/TestRunner: 	at androidx.test.internal.runner.TestExecutor.execute(TestExecutor.java:67)
03-27 15:45:03.841 17567-17588/? E/TestRunner: 	at androidx.test.internal.runner.TestExecutor.execute(TestExecutor.java:58)
03-27 15:45:03.841 17567-17588/? E/TestRunner: 	at androidx.test.runner.AndroidJUnitRunner.onStart(AndroidJUnitRunner.java:446)
03-27 15:45:03.841 17567-17588/? E/TestRunner: 	at android.app.Instrumentation$InstrumentationThread.run(Instrumentation.java:2248)
03-27 15:45:03.841 17567-17588/? E/TestRunner: ----- end exception -----
03-27 15:45:03.843 350-390/? D/goldfish-address-space: claimShared: Ask to claim region [0x3eec05000 0x3ef1e0000]
03-27 15:45:03.843 6721-6734/? I/FontLog: Fetch {Noto Color Emoji Compat, wdth 100.0, wght 400, ital 0.0, bestEffort false} end status Status{statusCode=SUCCESS, resolution=null} [CONTEXT service_id=132 ]
03-27 15:45:03.847 17567-17588/? I/TestRunner: finished: testUnsafeAccess(com.example.AdbActivityTest)
03-27 15:45:03.847 6721-6734/? I/FontLog: Pulling font file for id = 26, cache size = 19 [CONTEXT service_id=132 ]
03-27 15:45:03.861 408-408/? I/BpBinder: onLastStrongRef automatically unlinking death recipients: <uncached descriptor>
03-27 15:45:03.864 540-561/? D/CompatibilityChangeReporter: Compat change id reported: 158002302; UID 10172; state: ENABLED
03-27 15:45:03.866 408-628/? W/ServiceManager: Permission failure: android.permission.ACCESS_SURFACE_FLINGER from uid=10172 pid=17642
03-27 15:45:03.866 408-628/? D/PermissionCache: checking android.permission.ACCESS_SURFACE_FLINGER for uid=10172 => denied (374 us)
03-27 15:45:03.866 408-628/? W/ServiceManager: Permission failure: android.permission.ROTATE_SURFACE_FLINGER from uid=10172 pid=17642
03-27 15:45:03.866 408-628/? D/PermissionCache: checking android.permission.ROTATE_SURFACE_FLINGER for uid=10172 => denied (132 us)
03-27 15:45:03.867 6721-6734/? I/FontLog: Pulling font file for id = 26, cache size = 19 [CONTEXT service_id=132 ]
03-27 15:45:03.873 17642-17677/? D/HostConnection: createUnique: call
03-27 15:45:03.873 17642-17677/? D/HostConnection: HostConnection::get() New Host Connection established 0x7fa32f90fb50, tid 17677
03-27 15:45:03.887 17642-17677/? D/HostConnection: HostComposition ext ANDROID_EMU_CHECKSUM_HELPER_v1 ANDROID_EMU_native_sync_v2 ANDROID_EMU_native_sync_v3 ANDROID_EMU_native_sync_v4 ANDROID_EMU_dma_v1 ANDROID_EMU_direct_mem ANDROID_EMU_vulkan ANDROID_EMU_deferred_vulkan_commands ANDROID_EMU_vulkan_null_optional_strings ANDROID_EMU_vulkan_create_resources_with_requirements ANDROID_EMU_YUV_Cache ANDROID_EMU_vulkan_ignored_handles ANDROID_EMU_has_shared_slots_host_memory_allocator ANDROID_EMU_vulkan_free_memory_sync ANDROID_EMU_vulkan_shader_float16_int8 ANDROID_EMU_vulkan_async_queue_submit ANDROID_EMU_vulkan_queue_submit_with_commands ANDROID_EMU_sync_buffer_data ANDROID_EMU_vulkan_async_qsri ANDROID_EMU_read_color_buffer_dma GL_OES_EGL_image_external_essl3 GL_OES_vertex_array_object GL_KHR_texture_compression_astc_ldr ANDROID_EMU_host_side_tracing ANDROID_EMU_gles_max_version_3_0 
03-27 15:45:03.888 192-192/? I/hwservicemanager: getTransport: Cannot find entry android.hardware.configstore@1.0::ISurfaceFlingerConfigs/default in either framework or device VINTF manifest.
03-27 15:45:03.889 17642-17677/? W/OpenGLRenderer: Failed to choose config with EGL_SWAP_BEHAVIOR_PRESERVED, retrying without...
03-27 15:45:03.889 17642-17677/? W/OpenGLRenderer: Failed to initialize 101010-2 format, error = EGL_SUCCESS
03-27 15:45:03.890 17642-17677/? D/EGL_emulation: eglCreateContext: 0x7fa32f90df90: maj 3 min 0 rcv 3
03-27 15:45:03.891 17642-17677/? D/EGL_emulation: eglMakeCurrent: 0x7fa32f90df90: ver 3 0 (tinfo 0x7fa54d778080) (first time)
03-27 15:45:03.897 17567-17588/? I/TestRunner: run finished: 1 tests, 1 failed, 0 ignored
03-27 15:45:03.900 408-628/? E/HWComposer: getSupportedContentTypes: getSupportedContentTypes failed for display 4619827259835644672: Unsupported (8)
03-27 15:45:03.900 192-192/? I/hwservicemanager: getTransport: Cannot find entry android.hardware.graphics.mapper@4.0::IMapper/default in either framework or device VINTF manifest.
03-27 15:45:03.900 17642-17677/? I/Gralloc4: mapper 4.x is not supported
03-27 15:45:03.901 17642-17677/? D/HostConnection: createUnique: call
03-27 15:45:03.901 17642-17677/? D/HostConnection: HostConnection::get() New Host Connection established 0x7fa32f90d990, tid 17677
03-27 15:45:03.901 17642-17677/? D/goldfish-address-space: allocate: Ask for block of size 0x100
03-27 15:45:03.901 17642-17677/? D/goldfish-address-space: allocate: ioctl allocate returned offset 0x3ebffe000 size 0x2000
03-27 15:45:03.929 540-1767/? I/ActivityManager: Force stopping com.example appid=10171 user=0: finished inst
03-27 15:45:03.931 17546-17546/? I/app_process: System.exit called, status: 0
03-27 15:45:03.931 17546-17546/? I/AndroidRuntime: VM exiting with result code 0.
03-27 15:45:03.944 540-1767/? I/ActivityManager: Killing 17567:com.example/u0a171 (adj 0): stop com.example due to finished inst
03-27 15:45:03.950 17592-17615/? I/MPEG4Writer: setStartTimestampUs: 2654424873
03-27 15:45:03.952 192-192/? I/hwservicemanager: getTransport: Cannot find entry android.hardware.graphics.allocator@4.0::IAllocator/default in either framework or device VINTF manifest.
03-27 15:45:03.963 17592-17595/? W/GraphicBufferSource: released unpopulated slots: [4, 5, 6, 7, 8, 9, 10, 11, 12, 13, 14, 15, 16, 17, 18, 19, 20, 21, 22, 23, 24, 25, 26, 27, 28, 29, 30, 31, 32, 33, 34, 35, 36, 37, 38, 39, 40, 41, 42, 43, 44, 45, 46, 47, 48, 49, 50, 51, 52, 53, 54, 55, 56, 57, 58, 59, 60, 61, 62, 63]
03-27 15:45:03.965 17592-17592/? D/MPEG4Writer: reset()
03-27 15:45:03.965 17592-17614/? V/MediaWriter: Track event err/info msg:101, trackId:1, type:1000,val:-1011
03-27 15:45:03.965 17592-17592/? D/MPEG4Writer: Video track stopping. Stop source
03-27 15:45:03.965 17592-17592/? D/MPEG4Writer: Video track source stopping
03-27 15:45:03.965 17592-17592/? D/MPEG4Writer: Video track source stopped
03-27 15:45:03.965 17592-17592/? D/MPEG4Writer: [ 03-27 15:45:03.965 17592:17614 I/MPEG4
03-27 15:45:03.965 17592-17592/? D/MPEG4Writer: Writer ]
03-27 15:45:03.965 17592-17592/? D/MPEG4Writer: Received total/0-length (13/0) buffers and encoded 13 frames. - Video
03-27 15:45:03.965 17592-17615/? V/MediaWriter: Track event err/info msg:101, trackId:2, type:1000,val:-1011
03-27 15:45:03.965 17592-17615/? W/MPEG4Writer: 0-duration samples found: 1
03-27 15:45:03.965 17592-17592/? D/MPEG4Writer: Video track stopped. Status:0. Stop source
03-27 15:45:03.965 17592-17592/? D/MPEG4Writer: Metadata track stopping. Stop source
03-27 15:45:03.965 17592-17592/? D/MPEG4Writer: Metadata track source stopping
03-27 15:45:03.965 17592-17615/? I/MPEG4Writer: Received total/0-length (1/0) buffers and encoded 1 frames. - Metadata
03-27 15:45:03.965 17592-17592/? D/MPEG4Writer: Metadata track source stopped
03-27 15:45:03.966 17592-17592/? D/MPEG4Writer: Metadata track stopped. Status:0. Stop source
03-27 15:45:03.966 17642-17677/? W/Gralloc4: allocator 4.x is not supported
03-27 15:45:03.966 17592-17592/? D/MPEG4Writer: Duration from tracks range is [0, 803677] us
03-27 15:45:03.966 17592-17612/? D/MPEG4Writer: 0 chunks are written in the last batch
03-27 15:45:03.966 540-1782/? W/InputManager-JNI: Input channel object '275ef18 Splash Screen com.example.test (client)' was disposed without first being removed with the input manager!
03-27 15:45:03.966 17592-17592/? D/MPEG4Writer: WriterThread stopped. Status:0
03-27 15:45:03.966 17592-17592/? I/MPEG4Writer: Adjust the moov start time from 2654424873 us -> 2654424873 us
03-27 15:45:03.966 17592-17592/? I/MPEG4Writer: MOOV atom was written to the file
03-27 15:45:03.966 17592-17592/? D/MPEG4Writer: release()
03-27 15:45:03.966 17592-17592/? D/MPEG4Writer: ftruncate mPreAllocateFileEndOffset:44243 mOffset:1356 mMdatEndOffset:41879 diff:2364
03-27 15:45:03.968 350-390/? D/goldfish-address-space: claimShared: Ask to claim region [0x3ec952000 0x3ed278000]
03-27 15:45:03.968 17592-17592/? D/MPEG4Writer: final fsync() takes 1 ms, file size 41879
03-27 15:45:03.968 17592-17592/? D/MPEG4Writer: MP4WtrCtrlHlpLooper stopped
03-27 15:45:03.968 17592-17592/? D/MPEG4Writer: Top 5 write durations(microseconds): #1:8 #2:9 #3:10 #4:147 #5:356
03-27 15:45:03.973 17592-17597/? I/hw-BpHwBinder: onLastStrongRef automatically unlinking death recipients
03-27 15:45:03.973 458-6072/? I/hw-BpHwBinder: onLastStrongRef automatically unlinking death recipients
03-27 15:45:03.973 458-6072/? V/C2Store: in ~ComponentModule
03-27 15:45:03.973 458-6072/? V/C2Store: unloading dll
03-27 15:45:03.976 17642-17677/? D/HostConnection: HostComposition ext ANDROID_EMU_CHECKSUM_HELPER_v1 ANDROID_EMU_native_sync_v2 ANDROID_EMU_native_sync_v3 ANDROID_EMU_native_sync_v4 ANDROID_EMU_dma_v1 ANDROID_EMU_direct_mem ANDROID_EMU_vulkan ANDROID_EMU_deferred_vulkan_commands ANDROID_EMU_vulkan_null_optional_strings ANDROID_EMU_vulkan_create_resources_with_requirements ANDROID_EMU_YUV_Cache ANDROID_EMU_vulkan_ignored_handles ANDROID_EMU_has_shared_slots_host_memory_allocator ANDROID_EMU_vulkan_free_memory_sync ANDROID_EMU_vulkan_shader_float16_int8 ANDROID_EMU_vulkan_async_queue_submit ANDROID_EMU_vulkan_queue_submit_with_commands ANDROID_EMU_sync_buffer_data ANDROID_EMU_vulkan_async_qsri ANDROID_EMU_read_color_buffer_dma GL_OES_EGL_image_external_essl3 GL_OES_vertex_array_object GL_KHR_texture_compression_astc_ldr ANDROID_EMU_host_side_tracing ANDROID_EMU_gles_max_version_3_0 
03-27 15:45:03.977 350-390/? D/goldfish-address-space: claimShared: Ask to claim region [0x3ef1e0000 0x3efb06000]
03-27 15:45:03.978 350-390/? D/goldfish-address-space: claimShared: Ask to claim region [0x3ee179000 0x3eea9f000]
03-27 15:45:03.983 540-1767/? V/ActivityManager: Got obituary of 17567:com.example
03-27 15:45:03.983 540-560/? W/ActivityManager: setHasOverlayUi called on unknown pid: 17567
03-27 15:45:03.984 334-334/? I/Zygote: Process 17567 exited due to signal 9 (Killed)
03-27 15:45:03.990 540-570/? I/libprocessgroup: Successfully killed process cgroup uid 10171 pid 17567 in 45ms
03-27 15:45:04.002 17592-17592/? D/ScreenRecord: success
03-27 15:45:04.002 1303-2216/? I/MediaProvider: Begin Intent { act=android.intent.action.MEDIA_SCANNER_SCAN_FILE dat=file:///sdcard/com.example.AdbActivityTest-testUnsafeAccess-5566b2e0-5ff1-4dc3-9708-ee759f517253.mp4 flg=0x1400010 cmp=com.google.android.providers.media.module/com.android.providers.media.MediaService }
03-27 15:45:04.003 17592-17592/? I/BpBinder: onLastStrongRef automatically unlinking death recipients: <uncached descriptor>
03-27 15:45:04.003 17592-17592/? I/BpBinder: [ 03-27 15:45:04.003 17592:17592 I/BpBinder 
03-27 15:45:04.003 17592-17592/? I/BpBinder: ]
03-27 15:45:04.003 17592-17592/? I/BpBinder: onLastStrongRef automatically unlinking death recipients: <uncached descriptor>
03-27 15:45:04.004 458-6072/? D/BufferPoolAccessor2.0: Destruction - bufferpool2 0x7de64862b0c8 cached: 0/0M, 0/0% in use; allocs: 14, 93% recycled; transfers: 14, 93% unfetched
03-27 15:45:04.015 1432-1432/? I/A: onApplyWindowInsets: systemWindowInsets=Insets{left=0, top=66, right=0, bottom=132}
03-27 15:45:04.016 1432-1432/? I/A: onApplyWindowInsets: systemWindowInsets=Insets{left=0, top=66, right=0, bottom=132}
03-27 15:45:04.018 350-390/? D/goldfish-address-space: claimShared: Ask to claim region [0x3f0000000 0x3f0926000]
03-27 15:45:04.019 540-2399/? W/ActivityManager: Unable to start service Intent { act=android.service.smartspace.SmartspaceService cmp=com.google.android.as/com.google.android.apps.miphone.aiai.app.AiAiSmartspaceService } U=0: not found
03-27 15:45:04.019 540-2399/? W/RemoteSmartspaceService: could not bind to Intent { act=android.service.smartspace.SmartspaceService cmp=com.google.android.as/com.google.android.apps.miphone.aiai.app.AiAiSmartspaceService } using flags 67112961
03-27 15:45:04.019 540-540/? W/ActivityManager: Unbind failed: could not find connection for android.app.LoadedApk$ServiceDispatcher$InnerConnection@a9660b5
03-27 15:45:04.019 350-390/? D/goldfish-address-space: claimShared: Ask to claim region [0x3f0926000 0x3f124c000]
03-27 15:45:04.021 350-390/? D/goldfish-address-space: claimShared: Ask to claim region [0x3f124c000 0x3f1b72000]
