03-27 15:45:17.237 18330-18351/? W/FileTestStorage: Output properties is not supported.
03-27 15:45:17.237 18330-18351/? I/Tracing: Tracer added: class androidx.test.platform.tracing.AndroidXTracer
03-27 15:45:17.241 18330-18351/? D/EventInjectionStrategy: Creating injection strategy with input manager.
03-27 15:45:17.241 18330-18351/? W/com.example: Accessing hidden method Landroid/hardware/input/InputManager;->getInstance()Landroid/hardware/input/InputManager; (unsupported, reflection, allowed)
03-27 15:45:17.242 18330-18351/? W/com.example: Accessing hidden method Landroid/hardware/input/InputManager;->injectInputEvent(Landroid/view/InputEvent;I)Z (unsupported, reflection, allowed)
03-27 15:45:17.242 18330-18351/? W/com.example: Accessing hidden field Landroid/hardware/input/InputManager;->INJECT_INPUT_EVENT_MODE_WAIT_FOR_FINISH:I (unsupported, reflection, allowed)
03-27 15:45:17.252 1303-1550/? W/MediaProvider: isAppCloneUserPair for user 0: false
03-27 15:45:17.255 408-433/? E/HWComposer: getSupportedContentTypes: getSupportedContentTypes failed for display 4619827259835644672: Unsupported (8)
03-27 15:45:17.255 18330-18351/? W/Settings: Setting always_finish_activities has moved from android.provider.Settings.System to android.provider.Settings.Global, returning read-only value.
03-27 15:45:17.256 18355-18355/? D/MediaCodecList: codecHandlesFormat: no format, so no extra checks
03-27 15:45:17.256 18355-18360/? D/CCodec: allocate(c2.android.avc.encoder)
03-27 15:45:17.258 18355-18360/? I/Codec2Client: Available Codec2 services: "default" "software"
03-27 15:45:17.258 18355-18360/? I/CCodec: setting up 'default' as default (vendor) store
03-27 15:45:17.259 540-854/? I/ActivityTaskManager: START u0 {act=android.intent.action.MAIN cat=[android.intent.category.LAUNCHER] flg=0x10008000 cmp=com.example/.MainActivity} from uid 10171
03-27 15:45:17.260 540-854/? W/ActivityTaskManager: Can't find TaskDisplayArea to determine support for multi window. Task id=112 attached=false
03-27 15:45:17.261 458-810/? V/C2Store: in init
03-27 15:45:17.261 458-810/? V/C2Store: loading dll
03-27 15:45:17.261 540-854/? D/CompatibilityChangeReporter: Compat change id reported: 174042980; UID 10171; state: DISABLED
03-27 15:45:17.261 540-854/? D/CompatibilityChangeReporter: Compat change id reported: 184838306; UID 10171; state: DISABLED
03-27 15:45:17.261 540-854/? D/CompatibilityChangeReporter: Compat change id reported: 185004937; UID 10171; state: DISABLED
03-27 15:45:17.261 458-810/? I/mediaswcodec: missing struct descriptor #Param::CoreIndex(--004) for field values of struct #Param::CoreIndex(F-12004)
03-27 15:45:17.261 458-810/? I/mediaswcodec: missing struct descriptor #Param::CoreIndex(--1812) for field values of struct 
03-27 15:45:17.261 458-810/? I/mediaswcodec: #Param::CoreIndex(F-11812)
03-27 15:45:17.262 540-854/? D/CompatibilityChangeReporter: Compat change id reported: 181136395; UID 10171; state: DISABLED
03-27 15:45:17.262 540-854/? D/CompatibilityChangeReporter: Compat change id reported: 174042936; UID 10171; state: DISABLED
03-27 15:45:17.262 458-810/? I/mediaswcodec: missing struct descriptor #Param::CoreIndex(--004) for field values of struct #Param::CoreIndex(F-12004)
03-27 15:45:17.262 458-810/? I/mediaswcodec: missing struct descriptor #Param::CoreIndex(--1812) for field values of struct #Param::CoreIndex(F-11812)
03-27 15:45:17.263 18355-18360/? I/CCodec: Created component [c2.android.avc.encoder]
03-27 15:45:17.263 18355-18360/? D/CCodecConfig: read media type: video/avc
03-27 15:45:17.264 18355-18360/? D/ReflectedParamUpdater: extent() != 1 for single value type: algo.buffers.max-count.values
03-27 15:45:17.264 18355-18360/? D/ReflectedParamUpdater: extent() != 1 for single value type: output.subscribed-indices.values
03-27 15:45:17.264 18355-18360/? D/ReflectedParamUpdater: extent() != 1 for single value type: input.buffers.allocator-ids.values
03-27 15:45:17.265 18355-18360/? D/ReflectedParamUpdater: extent() != 1 for single value type: output.buffers.allocator-ids.values
03-27 15:45:17.265 18355-18360/? D/ReflectedParamUpdater: extent() != 1 for single value type: algo.buffers.allocator-ids.values
03-27 15:45:17.265 18355-18360/? D/ReflectedParamUpdater: extent() != 1 for single value type: output.buffers.pool-ids.values
03-27 15:45:17.266 18355-18360/? D/ReflectedParamUpdater: extent() != 1 for single value type: algo.buffers.pool-ids.values
03-27 15:45:17.266 18355-18360/? D/ReflectedParamUpdater: ignored struct field coding.gop.values
03-27 15:45:17.266 18355-18360/? D/ReflectedParamUpdater: ignored struct field coding.qp.values
03-27 15:45:17.266 18355-18360/? D/CCodecConfig: ignoring local param raw.color (0xc2001809) as it is already supported
03-27 15:45:17.266 18355-18360/? I/CCodecConfig: query failed after returning 12 values (BAD_INDEX)
03-27 15:45:17.267 18355-18360/? D/CCodecConfig: c2 config diff is Dict {
03-27 15:45:17.267 18355-18360/? D/CCodecConfig:   c2::u32 coded.bitrate.value = 64000
03-27 15:45:17.267 18355-18360/? D/CCodecConfig:   c2::float coded.frame-rate.value = 1
03-27 15:45:17.267 18355-18360/? D/CCodecConfig:   c2::u32 coded.pl.level = 20492
03-27 15:45:17.267 18355-18360/? D/CCodecConfig:   c2::u32 coded.pl.profile = 20481
03-27 15:45:17.267 18355-18360/? D/CCodecConfig:   c2::u32 coded.vui.color.matrix = 0
03-27 15:45:17.267 18355-18360/? D/CCodecConfig:   c2::u32 coded.vui.color.primaries = 0
03-27 15:45:17.267 18355-18360/? D/CCodecConfig:   c2::u32 coded.vui.color.range = 0
03-27 15:45:17.267 18355-18360/? D/CCodecConfig:   c2::u32 coded.vui.color.transfer = 0
03-27 15:45:17.267 18355-18360/? D/CCodecConfig:   c2::
03-27 15:45:17.267 18355-18360/? D/CCodecConfig: u32 coding.intra-refresh.mode = 0
03-27 15:45:17.267 18355-18360/? D/CCodecConfig:   c2::float coding.intra-refresh.period = 0
03-27 15:45:17.267 18355-18360/? D/CCodecConfig:   c2::u32 coding.request-sync-frame.value = 0
03-27 15:45:17.267 18355-18360/? D/CCodecConfig:   c2::i64 coding.sync-frame-interval.value = 1000000
03-27 15:45:17.267 18355-18360/? D/CCodecConfig:   c2::u32 input.delay.value = 0
03-27 15:45:17.267 18355-18360/? D/CCodecConfig:   string input.media-type.value = "video/raw"
03-27 15:45:17.267 18355-18360/? D/CCodecConfig:   string output.media-type.value = "video/avc"
03-27 15:45:17.267 18355-18360/? D/CCodecConfig:   c2::u32 raw.color.matrix = 0
03-27 15:45:17.267 18355-18360/? D/CCodecConfig:   c2::u32 raw.color.primaries = 0
03-27 15:45:17.267 18355-18360/? D/CCodecConfig:   c2::u32 raw.color.range = 0
03-27 15:45:17.267 18355-18360/? D/CCodecConfig:   c2::u32 raw.color.transfer = 0
03-27 15:45:17.267 18355-18360/? D/CCodecConfig:   c2::u32 raw.size.height = 16
03-27 15:45:17.267 18355-18360/? D/CCodecConfig:   c2::u32 raw.size.width = 16
03-27 15:45:17.267 18355-18360/? D/CCodecConfig: }
03-27 15:45:17.267 18355-18360/? W/ColorUtils: expected specified color aspects (0:0:0:0)
03-27 15:45:17.270 18355-18355/? D/CodecSeeding: Seed: codec c2.android.avc.encoder, mediatype video/avc, overrideable 1
03-27 15:45:17.270 18355-18355/? D/CodecProperties: setTuningValue(vq-target-bpp,0)
03-27 15:45:17.270 18355-18355/? D/CodecProperties: setTuningValue(vq-target-bpp-1080p,1.90)
03-27 15:45:17.270 18355-18355/? D/CodecProperties: setTuningValue(vq-target-bpp-720p,2.25)
03-27 15:45:17.270 18355-18355/? D/CodecProperties: setTuningValue(vq-target-bpp-540p,2.65)
03-27 15:45:17.270 18355-18355/? D/CodecProperties: setTuningValue(vq-target-bpp-480p,3.00)
03-27 15:45:17.270 18355-18355/? D/CodecProperties: setTuningValue(vq-target-bpp-320x240,0)
03-27 15:45:17.270 18355-18355/? D/CodecProperties: setTuningValue(vq-target-qpmax,-1)
03-27 15:45:17.270 18355-18355/? D/CodecProperties: setTuningValue(vq-target-qpmax-1080p,45)
03-27 15:45:17.270 18355-18355/? D/CodecProperties: setTuningValue(vq-target-qpmax-720p,43)
03-27 15:45:17.270 18355-18355/? D/CodecProperties: setTuningValue(vq-target-qpmax-540p,42)
03-27 15:45:17.270 18355-18355/? D/CodecProperties: setTuningValue(vq-target-qpmax-480p,38)
03-27 15:45:17.270 18355-18355/? D/CodecProperties: setTuningValue(vq-bitrate-phaseout,1.75)
03-27 15:45:17.270 18355-18355/? D/CodecProperties: setTuningValue(vq-boost-missing-qp,0.20)
03-27 15:45:17.270 18355-18355/? D/CodecProperties: setFeatureValue(intra-refresh,0)
03-27 15:45:17.270 18355-18355/? D/CodecProperties: setFeatureValue(qp-bounds,0)
03-27 15:45:17.270 18355-18355/? D/CodecProperties: setFeatureValue(_vq_eligible.device,1)
03-27 15:45:17.270 18355-18355/? D/CodecProperties: setFeatureValue(_quality.target,1)
03-27 15:45:17.270 18355-18355/? D/CodecSeeding: Seed: codec c2.android.avc.encoder, mediatype video/avc, overrideable 0
03-27 15:45:17.270 18355-18355/? D/VQApply: raise bitrate: configured 1000000 to floor 2073600
03-27 15:45:17.270 18355-18355/? D/VQApply: minquality by QP: inject video-qp-max=43
03-27 15:45:17.270 18355-18355/? D/VQApply: minqu
03-27 15:45:17.270 18355-18355/? D/VQApply: ality/target bitrate raised from 1000000 to 2073600 bps
03-27 15:45:17.270 18355-18355/? D/MediaCodec: shapeMediaFormat: deltas(6): AMessage(what = 0x00000000) = {
03-27 15:45:17.270 18355-18355/? D/MediaCodec:     int32_t bitrate = 2073600
03-27 15:45:17.270 18355-18355/? D/MediaCodec:     int32_t android._encoding-quality-level = 0
03-27 15:45:17.270 18355-18355/? D/MediaCodec:     int32_t video-qp-max = 43
03-27 15:45:17.270 18355-18355/? D/MediaCodec:     int32_t video-qp-i-max = 43
03-27 15:45:17.270 18355-18355/? D/MediaCodec:     int32_t video-qp-p-max = 46
03-27 15:45:17.270 18355-18355/? D/MediaCodec:     int32_t video-qp-b-max = 49
03-27 15:45:17.270 18355-18355/? D/MediaCodec:   }
03-27 15:45:17.270 18355-18360/? D/CCodec: [c2.android.avc.encoder] buffers are bound to CCodec for this session
03-27 15:45:17.271 18355-18360/? D/CCodecConfig: no c2 equivalents for color-format
03-27 15:45:17.271 18355-18360/? D/CCodecConfig: no c2 equivalents for max-bframes
03-27 15:45:17.271 18355-18360/? D/CCodecConfig: no c2 equivalents for video-qp-max
03-27 15:45:17.271 18355-18360/? D/CCodecConfig: no c2 equivalents for video-qp-i-max
03-27 15:45:17.271 18355-18360/? D/CCodecConfig: no c2 equivalents for video-qp-p-max
03-27 15:45:17.271 18355-18360/? D/CCodecConfig: no c2 equivalents for video-qp-b-max
03-27 15:45:17.271 18355-18360/? D/CCodecConfig: no c2 equivalents for flags
03-27 15:45:17.271 18355-18360/? D/CCodecConfig: no c2 equivalents for encoder
03-27 15:45:17.271 18355-18360/? D/CCodecConfig: c2 config diff is   c2::u32 coded.bitrate.value = 2073600
03-27 15:45:17.271 18355-18360/? D/CCodecConfig:   c2::float coded.frame-rate.value = 60
03-27 15:45:17.271 18355-18360/? D/CCodecConfig:   c2::i64 coding.sync-frame-interval.value = 10000000
03-27 15:45:17.271 18355-18360/? D/CCodecConfig:   c2::u32 raw.size.height = 1280
03-27 15:45:17.271 18355-18360/? D/CCodecConfig:   c2::u32 raw.size.width = 720
03-27 15:45:17.271 18355-18360/? W/ColorUtils: expected specified color aspects (0:0:0:0)
03-27 15:45:17.271 18355-18360/? D/CCodec: setup formats input: AMessage(what = 0x00000000) = {
03-27 15:45:17.271 18355-18360/? D/CCodec:   Rect crop(0, 0, 719, 1279)
03-27 15:45:17.271 18355-18360/? D/CCodec:   int32_t color-standard = 0
03-27 15:45:17.271 18355-18360/? D/CCodec:   int32_t color-range = 0
03-27 15:45:17.271 18355-18360/? D/CCodec:   int32_t color-transfer = 0
03-27 15:45:17.271 18355-18360/? D/CCodec:   int32_t frame-rate = 60
03-27 15:45:17.271 18355-18360/? D/CCodec:   int32_t height = 1280
03-27 15:45:17.271 18355-18360/? D/CCodec:   int32_t intra-refresh-period = 0
03-27 15:45:17.271 18355-18360/? D/CCodec:   string mime = "video/raw"
03-27 15:45:17.271 18355-18360/? D/CCodec:   int32_t width = 720
03-27 15:45:17.271 18355-18360/? D/CCodec:   int32_t android._dataspace = 0
03-27 15:45:17.271 18355-18360/? D/CCodec:   int32_t using-sw-read-often = 1
03-27 15:45:17.271 18355-18360/? D/CCodec:   int64_t android._C2MemoryUsage = 1
03-27 15:45:17.271 18355-18360/? D/CCodec:   int32_t color-format = 2130708361
03-27 15:45:17.271 18355-18360/? D/CCodec:   int32_t android._color-format = 2130708361
03-27 15:45:17.271 18355-18360/? D/CCodec: }
03-27 15:45:17.271 18355-18360/? D/CCodec: setup formats output: AMessage(what = 0x00000000) = {
03-27 15:45:17.271 18355-18360/? D/CCodec:   int32_t bitrate = 2073600
03-27 15:45:17.271 18355-18360/? D/CCodec:   Rect crop(0, 0, 719, 1279)
03-27 15:45:17.271 18355-18360/? D/CCodec:   int32_t color-standard = 0
03-27 15:45:17.271 18355-18360/? D/CCodec:   int32_t color-range = 0
03-27 15:45:17.271 18355-18360/? D/CCodec:   int32_t color-transfer = 0
03-27 15:45:17.271 18355-18360/? D/CCodec:   int32_t frame-rate = 60
03-27 15:45:17.271 18355-18360/? D/CCodec:   int32_t height = 1280
03-27 15:45:17.271 18355-18360/? D/CCodec:   int32_t intra-refresh-period = 0
03-27 15:45:17.271 18355-18360/? D/CCodec:   int32_t level = 4096
03-27 15:45:17.271 18355-18360/? D/CCodec:   int32_t max-bitrate = 2073600
03-27 15:45:17.271 18355-18360/? D/CCodec:   string mime = "video/avc"
03-27 15:45:17.271 18355-18360/? D/CCodec:   int32_t profile = 65536
03-27 15:45:17.271 18355-18360/? D/CCodec:   int32_t width = 720
03-27 15:45:17.271 18355-18360/? D/CCodec: }
03-27 15:45:17.271 18355-18360/? I/CCodecConfig: query failed after returning 13 values (BAD_INDEX)
03-27 15:45:17.271 18355-18360/? D/CCodec: input format changed to AMessage(what = 0x00000000) = {
03-27 15:45:17.271 18355-18360/? D/CCodec:   Rect crop(0, 0, 719, 1279)
03-27 15:45:17.271 18355-18360/? D/CCodec:   int32_t color-standard = 1
03-27 15:45:17.271 18355-18360/? D/CCodec:   int32_t color-range = 2
03-27 15:45:17.271 18355-18360/? D/CCodec:   int32_t color-transfer = 3
03-27 15:45:17.271 18355-18360/? D/CCodec:   int32_t frame-rate = 60
03-27 15:45:17.271 18355-18360/? D/CCodec:   int32_t height = 1280
03-27 15:45:17.271 18355-18360/? D/CCodec:   int32_t intra-refresh-period = 0
03-27 15:45:17.271 18355-18360/? D/CCodec:   string mime = "video/raw"
03-27 15:45:17.271 18355-18360/? D/CCodec:   int32_t width = 720
03-27 15:45:17.271 18355-18360/? D/CCodec:   int32_t android._dataspace = 260
03-27 15:45:17.271 18355-18360/? D/CCodec:   int32_t using-sw-read-often = 1
03-27 15:45:17.271 18355-18360/? D/CCodec:   int64_t android._C2MemoryUsage = 1
03-27 15:45:17.271 18355-18360/? D/CCodec:   int32_t color-format = 2130708361
03-27 15:45:17.271 18355-18360/? D/CCodec:   int32_t android._color-format = 2130708361
03-27 15:45:17.271 18355-18360/? D/CCodec: }
03-27 15:45:17.271 18355-18360/? D/GraphicBufferSource: setting dataspace: 0x104, acquired=0
03-27 15:45:17.272 18355-18360/? D/CCodec: ISConfig not changed
03-27 15:45:17.272 18355-18360/? W/Codec2Client: query -- param skipped: index = 1342179345.
03-27 15:45:17.272 18355-18360/? W/Codec2Client: query -- param skipped: index = 2415921170.
03-27 15:45:17.272 18355-18360/? D/CCodecBufferChannel: [c2.android.avc.encoder#191] Using basic input block pool with poolID 1 => got 1 - OK (0)
03-27 15:45:17.272 18355-18360/? D/C2Store: Using DMABUF Heaps
03-27 15:45:17.273 18355-18360/? I/CCodecBufferChannel: [c2.android.avc.encoder#191] Created output block pool with allocatorID 16 => poolID 54 - OK
03-27 15:45:17.273 18355-18360/? D/CCodecBufferChannel: [c2.android.avc.encoder#191] Configured output block pool ids 54 => OK
03-27 15:45:17.273 451-3008/? W/ResourceManagerService: Ignoring request to add new resource entry with value <= 0
03-27 15:45:17.278 18330-18368/? D/libEGL: loaded /vendor/lib64/egl/libEGL_emulation.so
03-27 15:45:17.279 18330-18368/? D/libEGL: loaded /vendor/lib64/egl/libGLESv1_CM_emulation.so
03-27 15:45:17.279 18330-18330/? D/LifecycleMonitor: Lifecycle status change: com.example.MainActivity@cc64fc3 in: PRE_ON_CREATE
03-27 15:45:17.279 192-192/? I/hwservicemanager: getTransport: Cannot find entry android.hardware.graphics.mapper@4.0::IMapper/default in either framework or device VINTF manifest.
03-27 15:45:17.280 18330-18330/? V/ActivityScenario: Activity lifecycle changed event received but ignored because the reported transition was not ON_CREATE while the last known transition was PRE_ON_CREATE
03-27 15:45:17.280 18330-18368/? D/libEGL: loaded /vendor/lib64/egl/libGLESv2_emulation.so
03-27 15:45:17.281 18355-18358/? I/Gralloc4: mapper 4.x is not supported
03-27 15:45:17.281 350-390/? D/goldfish-address-space: claimShared: Ask to claim region [0x3ef1a7000 0x3efacd000]
03-27 15:45:17.287 18355-18358/? D/HostConnection: createUnique: call
03-27 15:45:17.288 18355-18358/? D/HostConnection: HostConnection::get() New Host Connection established 0x7949f362f190, tid 18358
03-27 15:45:17.288 350-390/? D/goldfish-address-space: claimShared: Ask to claim region [0x3edef6000 0x3ee81c000]
03-27 15:45:17.288 18355-18358/? D/goldfish-address-space: allocate: Ask for block of size 0x100
03-27 15:45:17.288 18355-18358/? D/goldfish-address-space: allocate: ioctl allocate returned offset 0x3ebffe000 size 0x2000
03-27 15:45:17.307 192-192/? I/hwservicemanager: getTransport: Cannot find entry android.hardware.graphics.allocator@4.0::IAllocator/default in either framework or device VINTF manifest.
03-27 15:45:17.307 18355-18358/? W/Gralloc4: allocator 4.x is not supported
03-27 15:45:17.308 350-15463/? D/goldfish-address-space: claimShared: Ask to claim region [0x3f0000000 0x3f0926000]
03-27 15:45:17.309 1303-11884/? I/MediaProvider: Deleted 0 0 0 1 0 0 0 items on external_primary due to com.android.shell
03-27 15:45:17.309 350-350/? D/goldfish-address-space: claimShared: Ask to claim region [0x3efacd000 0x3efe51000]
03-27 15:45:17.314 1303-1727/? W/MediaProvider: isAppCloneUserPair for user 0: false
03-27 15:45:17.316 18355-18355/? D/MPEG4Writer: PreAllocation enabled
03-27 15:45:17.317 18355-18358/? D/HostConnection: HostComposition ext ANDROID_EMU_CHECKSUM_HELPER_v1 ANDROID_EMU_native_sync_v2 ANDROID_EMU_native_sync_v3 ANDROID_EMU_native_sync_v4 ANDROID_EMU_dma_v1 ANDROID_EMU_direct_mem ANDROID_EMU_vulkan ANDROID_EMU_deferred_vulkan_commands ANDROID_EMU_vulkan_null_optional_strings ANDROID_EMU_vulkan_create_resources_with_requirements ANDROID_EMU_YUV_Cache ANDROID_EMU_vulkan_ignored_handle
03-27 15:45:17.317 18355-18358/? D/HostConnection: s ANDROID_EMU_has_shared_slots_host_memory_allocator ANDROID_EMU_vulkan_free_memory_sync ANDROID_EMU_vulkan_shader_float16_int8 ANDROID_EMU_vulkan_async_queue_submit ANDROID_EMU_vulkan_queue_submit_with_commands ANDROID_EMU_sync_buffer_data ANDROID_EMU_vulkan_async_qsri ANDROID_EMU_read_color_buffer_dma GL_OES_EGL_image_external_essl3 GL_OES_vertex_array_object GL_KHR_texture_compression_astc_ldr ANDROID_EMU_host_side_tracing ANDROID_EMU_gles_max_version_3_0 
03-27 15:45:17.320 18355-18358/? D/GraphicBufferSource: got buffer with new dataSpace #104
03-27 15:45:17.320 18355-18358/? D/C2OMXNode: dataspace changed to 0x104 pixel format: 0x1
03-27 15:45:17.322 458-18365/? D/SimpleC2Component: Using output block pool with poolID 54 => got 54 - 0
03-27 15:45:17.322 458-18365/? D/SimpleC2Component: applied 2 configUpdates => BAD_INDEX (6)
03-27 15:45:17.322 458-18365/? D/C2SoftAvcEnc: Params width 720 height 1280 level 41 colorFormat 0 bframes 0
03-27 15:45:17.322 408-408/? I/BpBinder: onLastStrongRef automatically unlinking death recipients: <uncached descriptor>
03-27 15:45:17.323 458-18365/? E/C2SoftAvcEnc: Unable to set air params = 0x1ad
03-27 15:45:17.323 350-350/? D/goldfish-address-space: claimShared: Ask to claim region [0x3ecf01000 0x3ed285000]
03-27 15:45:17.340 350-350/? D/goldfish-address-space: claimShared: Ask to claim region [0x3f26e2000 0x3f2a66000]
03-27 15:45:17.348 540-554/? W/ActivityManager: Unable to start service Intent { act=android.service.smartspace.SmartspaceService cmp=com.google.android.as/com.google.android.apps.miphone.aiai.app.AiAiSmartspaceService } U=0: not found
03-27 15:45:17.349 540-554/? W/RemoteSmartspaceService: could not bind to Intent { act=android.service.smartspace.SmartspaceService cmp=com.google.android.as/com.google.android.apps.miphone.aiai.app.AiAiSmartspaceService } using flags 67112961
03-27 15:45:17.349 540-540/? W/ActivityManager: Unbind failed: could not find connection for android.app.LoadedApk$ServiceDispatcher$InnerConnection@689af25
03-27 15:45:17.354 713-938/? D/EGL_emulation: app_time_stats: avg=348.43ms min=11.64ms max=1674.02ms count=5
03-27 15:45:17.357 713-938/? D/EGL_emulation: app_time_stats: avg=342.26ms min=2.67ms max=1674.82ms count=5
03-27 15:45:17.360 1432-1432/? I/A: onApplyWindowInsets: systemWindowInsets=Insets{left=0, top=66, right=0, bottom=132}
03-27 15:45:17.360 1432-1432/? I/A: onApplyWindowInsets: systemWindowInsets=Insets{left=0, top=66, right=0, bottom=132}
03-27 15:45:17.367 350-350/? D/goldfish-address-space: claimShared: Ask to claim region [0x3ee81c000 0x3eeba0000]
03-27 15:45:17.367 18355-18360/? D/CCodecConfig: c2 config diff is   Buffer coded.init-data.value = {
03-27 15:45:17.367 18355-18360/? D/CCodecConfig:     00000000:  00 00 00 01 67 42 c0 29  8d 68 0b 40 a1 a4 20 20  ....gB.).h.@..  
03-27 15:45:17.367 18355-18360/? D/CCodecConfig:     00000010:  20 20 f0 88 46 a0 00 00  00 01 68 ce 01 a8 35 c8    ..F.....h...5.
03-27 15:45:17.367 18355-18360/? D/CCodecConfig:   }
03-27 15:45:17.370 6721-10009/? I/NetworkScheduler.Stats: Task com.google.android.gms/com.google.android.gms.ipa.base.IpaGcmTaskService started execution. cause:9 exec_start_elapsed_seconds: 2668 [CONTEXT service_id=218 ]
03-27 15:45:17.371 18355-18355/? D/MPEG4Writer: fpathconf _PC_FILESIZEBITS:64
03-27 15:45:17.371 18355-18355/? D/MPEG4Writer: File size limit set to 4503599627370495 bytes implicitly
03-27 15:45:17.371 18355-18355/? D/MPEG4Writer: MP4WtrCtrlHlpLooper Started
03-27 15:45:17.373 18330-18330/? D/LifecycleMonitor: Lifecycle status change: com.example.MainActivity@cc64fc3 in: CREATED
03-27 15:45:17.374 18330-18330/? V/ActivityScenario: Update currentActivityStage to CREATED, currentActivity=com.example.MainActivity@cc64fc3
03-27 15:45:17.376 18355-18355/? I/MPEG4Writer: limits: 4503599627370495/0 bytes/us, bit rate: -1 bps and the estimated moov size 3192 bytes
03-27 15:45:17.376 18330-18330/? D/LifecycleMonitor: Lifecycle status change: com.example.MainActivity@cc64fc3 in: STARTED
03-27 15:45:17.376 18330-18330/? V/ActivityScenario: Update currentActivityStage to STARTED, currentActivity=com.example.MainActivity@cc64fc3
03-27 15:45:17.378 18355-18379/? I/MPEG4Writer: setStartTimestampUs: 2668448441
03-27 15:45:17.378 18355-18379/? I/MPEG4Writer: Earliest track starting time: 2668448441
03-27 15:45:17.379 18330-18330/? D/LifecycleMonitor: Lifecycle status change: com.example.MainActivity@cc64fc3 in: RESUMED
03-27 15:45:17.379 18330-18330/? V/ActivityScenario: Update currentActivityStage to RESUMED, currentActivity=com.example.MainActivity@cc64fc3
03-27 15:45:17.384 350-350/? D/goldfish-address-space: claimShared: Ask to claim region [0x3eeba0000 0x3eedea000]
03-27 15:45:17.388 540-4656/? D/HostConnection: createUnique: call
03-27 15:45:17.389 540-4656/? D/HostConnection: HostConnection::get() New Host Connection established 0x7fa32f99c610, tid 4656
03-27 15:45:17.395 540-4656/? D/HostConnection: HostComposition ext ANDROID_EMU_CHECKSUM_HELPER_v1 ANDROID_EMU_native_sync_v2 ANDROID_EMU_native_sync_v3 ANDROID_EMU_native_sync_v4 ANDROID_EMU_dma_v1 ANDROID_EMU_direct_mem ANDROID_EMU_vulkan ANDROID_EMU_deferred_vulkan_commands ANDROID_EMU_vulkan_null_optional_strings ANDROID_EMU_vulkan_create_res
03-27 15:45:17.395 540-4656/? D/HostConnection: ources_with_requirements ANDROID_EMU_YUV_Cache ANDROID_EMU_vulkan_ignored_handles ANDROID_EMU_has_shared_slots_host_memory_allocator ANDROID_EMU_vulkan_free_memory_sync ANDROID_EMU_vulkan_shader_float16_int8 ANDROID_EMU_vulkan_async_queue_submit ANDROID_EMU_vulkan_queue_submit_with_commands ANDROID_EMU_sync_buffer_data ANDROID_EMU_vulkan_async_qsri ANDROID_EMU_read_color_buffer_dma GL_OES_EGL_image_external_essl3 GL_OES_vertex_array_object GL_KHR_texture_compression_astc_ldr ANDROID_EMU_host_side_tracing ANDROID_EMU_gles_max_version_3_0 
03-27 15:45:17.396 1305-1305/? I/GsaVoiceInteractionSrv: Handling ACTION_STOP_HOTWORD
03-27 15:45:17.396 1305-1305/? E/HwDetectorWithState: a: 3
03-27 15:45:17.398 540-4656/? W/OpenGLRenderer: Failed to choose config with EGL_SWAP_BEHAVIOR_PRESERVED, retrying without...
03-27 15:45:17.398 540-4656/? W/OpenGLRenderer: Failed to initialize 101010-2 format, error = EGL_SUCCESS
03-27 15:45:17.399 540-4656/? D/EGL_emulation: eglCreateContext: 0x7fa32f956950: maj 3 min 0 rcv 3
03-27 15:45:17.401 540-4656/? D/EGL_emulation: eglMakeCurrent: 0x7fa32f956950: ver 3 0 (tinfo 0x7fa557182080) (first time)
03-27 15:45:17.407 540-554/? D/HostConnection: createUnique: call
03-27 15:45:17.408 540-554/? D/HostConnection: HostConnection::get() New Host Connection established 0x7fa32f957850, tid 554
03-27 15:45:17.413 540-554/? D/HostConnection: HostComposition ext ANDROID_EMU_CHECKSUM_HELPER_v1 ANDROID_EMU_native_sync_v2 ANDROID_EMU_native_sync_v3 ANDROID_EMU_native_sync_v4 ANDROID_EMU_dma_v1 ANDROID_EMU_direct_mem ANDROID_EMU_vulkan ANDROID_EMU_deferred_vulkan_commands ANDROID_EMU_vulkan_null_optional_strings ANDROID_EMU_vulkan_create_resources_with_requirements ANDROID_EMU_YUV_Cache ANDROID_EMU_vulkan_ignored_handles ANDROID_EMU_has_shared_slots_host_memory_allocator ANDROID_EMU_vulkan_free_memory_sync ANDROID_EMU_vulkan_shader_float16_int8 ANDROID_EMU_vulkan_async_queue_submit ANDROID_EMU_vulkan_queue_submit_with_commands ANDROID_EMU_sync_buffer_data ANDROID_EMU_vulkan_async_qsri ANDROID_EMU_read_color_buffer_dma GL_OES_EGL_image_external_essl3 GL_OES_vertex_array_object GL_KHR_texture_compression_astc_ldr ANDROID_EMU_host_side_tracing ANDROID_EMU_gles_max_version_3_0 
03-27 15:45:17.416 18330-18367/? D/HostConnection: createUnique: call
03-27 15:45:17.418 18330-18367/? D/HostConnection: Ho
03-27 15:45:17.418 18330-18367/? D/HostConnection: stConnection::get() New Host Connection established 0x7fa32f90c250, tid 18367
03-27 15:45:17.427 18330-18367/? D/HostConnection: HostComposition ext ANDROID_EMU_CHECKSUM_HELPER_v1 ANDROID_EMU_native_sync_v2 ANDROID_EMU_native_sync_v3 ANDROID_EMU_native_sync_v4 ANDROID_EMU_dma_v1 ANDROID_EMU_direct_mem ANDROID_EMU_vulkan ANDROID_EMU_deferred_vulkan_commands ANDROID_EMU_vulkan_null_optional_strings ANDROID_EMU_vulkan_create_resources_with_requirements ANDROID_EMU_YUV_Cache ANDROID_EMU_vulkan_ignored_handles ANDROID_EMU_has_shared_slots_host_memory_allocator ANDROID_EMU_vulkan_free_memory_sync ANDROID_EMU_vulkan_shader_float16_int8 ANDROID_EMU_vulkan_async_queue_submit ANDROID_EMU_vulkan_queue_submit_with_commands ANDROID_EMU_sync_buffer_data ANDROID_EMU_vulkan_async_qsri ANDROID_EMU_read_color_buffer_dma GL_OES_EGL_image_external_essl3 GL_OES_vertex_array_object GL_KHR_texture_compression_astc_ldr ANDROID_EMU_host_side_tracing ANDROID_EMU_gles_max_version_3_0 
03-27 15:45:17.434 192-192/? I/hwservicemanager: getTransport: Cannot find entry android.hardware.configstore@1.0::ISurfaceFlingerConfigs/default in either framework or device VINTF manifest.
03-27 15:45:17.435 18330-18367/? W/OpenGLRenderer: Failed to choose config with EGL_SWAP_BEHAVIOR_PRESERVED, retrying without...
03-27 15:45:17.435 18330-18367/? W/OpenGLRenderer: Failed to initialize 101010-2 format, error = EGL_SUCCESS
03-27 15:45:17.436 18330-18367/? D/EGL_emulation: eglCreateContext: 0x7fa32f9117d0: maj 3 min 0 rcv 3
03-27 15:45:17.437 18330-18367/? D/EGL_emulation: eglMakeCurrent: 0x7fa32f9117d0: ver 3 0 (tinfo 0x7fa54d615080) (first time)
03-27 15:45:17.442 408-864/? E/HWComposer: getSupportedContentTypes: getSupportedContentTypes failed for display 4619827259835644672: Unsupported (8)
03-27 15:45:17.443 192-192/? I/hwservicemanager: getTransport: Cannot find entry android.hardware.graphics.mapper@4.0::IMapper/default in either framework or device VINTF manifest.
03-27 15:45:17.443 18330-18367/? I/Gralloc4: mapper 4.x is not supported
03-27 15:45:17.443 6721-11478/? I/NetworkScheduler.Stats: Task com.google.android.gms/com.google.android.gms.ipa.base.IpaGcmTaskService finished executing. cause:9 result: 1 elapsed_millis: 165 uptime_millis: 165 exec_start_elapsed_seconds: 2668 [CONTEXT service_id=218 ]
03-27 15:45:17.443 18330-18367/? D/HostConnection: createUnique: call
03-27 15:45:17.444 18330-18367/? D/HostConnection: HostConnection::get() New Host Connection established 0x7fa32f911f50, tid 18367
03-27 15:45:17.444 18330-18367/? D/goldfish-address-space: allocate: Ask for block of size 0x100
03-27 15:45:17.444 18330-18367/? D/goldfish-address-space: allocate: ioctl allocate returned offset 0x3ebffe000 size 0x2000
03-27 15:45:17.461 192-192/? I/hwservicemanager: getTransport: Cannot find entry android.hardware.graphics.allocator@4.0::IAllocator/default in either framework or device VINTF manifest.
03-27 15:45:17.461 18330-18367/? W/Gralloc4: allocator 4.x is not supported
03-27 15:45:17.463 350-350/? D/goldfish-address-space: claimShared: Ask to claim region [0x3ed285000 0x3edbab000]
03-27 15:45:17.470 18330-18367/? D/HostConnection: HostComposition ext ANDROID_EMU_CHECKSUM_HELPER_v1 ANDROID_EMU_native_sync_v2 ANDROID_EMU_native_sync_v3 ANDROID_EMU_native_sync_v4 ANDROID_EMU_dma_v1 ANDROID_EMU_direct_mem ANDROID_EMU_vulkan ANDROID_EMU_deferred_vulkan_commands ANDROID_EMU_vulkan_null_optional_strings ANDROID_EMU_vulkan_create_resources_with_requirements ANDROID_EMU_YUV_Cache ANDROID_EMU_vulkan_ignored_handles ANDROID_EMU_has_shared_slots_host_memory_allocator ANDROID_EMU_vulkan_free_mem
03-27 15:45:17.470 18330-18367/? D/HostConnection: ory_sync ANDROID_EMU_vulkan_shader_float16_int8 ANDROID_EMU_vulkan_async_queue_submit ANDROID_EMU_vulkan_queue_submit_with_commands ANDROID_EMU_sync_buffer_data ANDROID_EMU_vulkan_async_qsri ANDROID_EMU_read_color_buffer_dma GL_OES_EGL_image_external_essl3 GL_OES_vertex_array_object GL_KHR_texture_compression_astc_ldr ANDROID_EMU_host_side_tracing ANDROID_EMU_gles_max_version_3_0 
03-27 15:45:17.473 350-350/? D/goldfish-address-space: claimShared: Ask to claim region [0x3f0926000 0x3f124c000]
03-27 15:45:17.474 350-350/? D/goldfish-address-space: claimShared: Ask to claim region [0x3f124c000 0x3f1b72000]
03-27 15:45:17.503 540-557/? I/ActivityTaskManager: Displayed com.example/.MainActivity: +242ms
03-27 15:45:17.517 1267-1267/? I/GoogleInputMethodService: GoogleInputMethodService.onFinishInput():3420 
03-27 15:45:17.518 540-703/? W/InputManager-JNI: Input channel object 'e571554 Splash Screen com.example (client)' was disposed without first being removed with the input manager!
03-27 15:45:17.518 1267-1267/? I/GoogleInputMethodService: GoogleInputMethodService.onStartInput():2002 
03-27 15:45:17.518 1267-1267/? I/DeviceUnlockedTag: DeviceUnlockedTag.notifyDeviceLockStatusChanged():31 Notify device unlocked.
03-27 15:45:17.545 408-408/? W/SurfaceFlinger: couldn't log to binary event log: overflow.
03-27 15:45:17.545 408-408/? W/SurfaceFlinger: couldn't log to binary event log: overflow.
03-27 15:45:17.894 6721-6735/? I/FontLog: Received query Noto Color Emoji Compat, URI content://com.google.android.gms.fonts [CONTEXT service_id=132 ]
03-27 15:45:17.894 6721-6735/? I/FontLog: Query [emojicompat-emoji-font] resolved to {Noto Color Emoji Compat, wdth 100.0, wght 400, ital 0.0, bestEffort false} [CONTEXT service_id=132 ]
03-27 15:45:17.898 6721-6735/? I/FontLog: Fetch {Noto Color Emoji Compat, wdth 100.0, wght 400, ital 0.0, bestEffort false} end status Status{statusCode=SUCCESS, resolution=null} [CONTEXT service_id=132 ]
03-27 15:45:17.903 6721-6735/? I/FontLog: Pulling font file for id = 29, cache size = 9 [CONTEXT service_id=132 ]
03-27 15:45:17.908 6721-6735/? I/FontLog: Pulling font file for id = 29, cache size = 9 [CONTEXT service_id=132 ]
03-27 15:45:17.948 458-768/? D/BufferPoolAccessor2.0: evictor expired: 1, evicted: 0
03-27 15:45:18.053 18330-18330/? W/com.example: Accessing hidden method Landroid/os/MessageQueue;->next()Landroid/os/Message; (unsupported, reflection, allowed)
03-27 15:45:18.053 18330-18330/? W/com.example: Accessing hidden field Landroid/os/MessageQueue;->mMessages:Landroid/os/Message; (unsupported, reflection, allowed)
03-27 15:45:18.053 18330-18330/? W/com.example: Accessing hidden method Landroid/os/Message;->recycleUnchecked()V (unsupported, reflection, allowed)
03-27 15:45:18.055 18330-18330/? W/com.example: Accessing hidden method Landroid/view/WindowManagerGlobal;->getInstance()Landroid/view/WindowManagerGlobal; (unsupported, reflection, allowed)
03-27 15:45:18.055 18330-18330/? W/com.example: Accessing hidden field Landroid/view/WindowManagerGlobal;->mViews:Ljava/util/ArrayList; (unsupported, reflection, allowed)
03-27 15:45:18.055 18330-18330/? W/com.example: Accessing hidden field Landroid/view/WindowManagerGlobal;->mParams:Ljava/util/ArrayList; (unsupported, reflection, allowed)
03-27 15:45:18.058 18330-18330/? I/ViewInteraction: Checking 'MatchesViewAssertion{viewMatcher=an instance of android.widget.TextView and view.getText() with or without transformation to match: is "Test"}' assertion on view (view.getId() is <2131230838/com.example:id/edittext>)
03-27 15:45:18.061 540-703/? I/ActivityTaskManager: START u0 {act=android.intent.action.MAIN cat=[android.intent.category.LAUNCHER] flg=0x10000000 cmp=com.example.test/androidx.test.core.app.InstrumentationActivityInvoker$EmptyActivity} from uid 10171
03-27 15:45:18.062 540-703/? W/ActivityTaskManager: Can't find TaskDisplayArea to determine support for multi window. Task id=113 attached=false
03-27 15:45:18.067 18330-18330/? D/LifecycleMonitor: Lifecycle status change: com.example.MainActivity@cc64fc3 in: PAUSED
03-27 15:45:18.067 18330-18330/? V/ActivityScenario: Update currentActivityStage to PAUSED, currentActivity=com.example.MainActivity@cc64fc3
03-27 15:45:18.068 540-1630/? W/ActivityTaskManager: Tried to set launchTime (0) < mLastActivityLaunchTime (2666482)
03-27 15:45:18.082 350-350/? D/goldfish-address-space: claimShared: Ask to claim region [0x3ec000000 0x3ec926000]
03-27 15:45:18.100 350-350/? D/goldfish-address-space: claimShared: Ask to claim region [0x3eedea000 0x3ef710000]
03-27 15:45:18.108 408-408/? I/BpBinder: onLastStrongRef automatically unlinking death recipients: <uncached descriptor>
03-27 15:45:18.115 350-350/? D/goldfish-address-space: claimShared: Ask to claim region [0x3edbab000 0x3ee4d1000]
03-27 15:45:18.116 350-390/? D/goldfish-address-space: claimShared: Ask to claim region [0x3f0000000 0x3f0926000]
03-27 15:45:18.119 350-390/? D/goldfish-address-space: claimShared: Ask to claim region [0x3f1b72000 0x3f2498000]
03-27 15:45:18.120 350-350/? D/goldfish-address-space: claimShared: Ask to claim region [0x3f361c000 0x3f3f42000]
03-27 15:45:18.122 350-350/? D/goldfish-address-space: claimShared: Ask to claim region [0x3f4f01000 0x3f54dc000]
03-27 15:45:18.131 350-350/? D/goldfish-address-space: claimShared: Ask to claim region [0x3f54dc000 0x3f5ab7000]
03-27 15:45:18.153 18330-18330/? D/LifecycleMonitor: Lifecycle status change: com.example.MainActivity@cc64fc3 in: STOPPED
03-27 15:45:18.154 18330-18330/? V/ActivityScenario: Update currentActivityStage to STOPPED, currentActivity=com.example.MainActivity@cc64fc3
03-27 15:45:18.156 18330-18330/? D/LifecycleMonitor: Lifecycle status change: com.example.MainActivity@cc64fc3 in: DESTROYED
03-27 15:45:18.157 18330-18330/? V/ActivityScenario: Update currentActivityStage to DESTROYED, currentActivity=null
03-27 15:45:18.158 18330-18351/? I/TestRunner: finished: testText5(com.example.MainActivityTest)
03-27 15:45:18.159 540-1630/? W/InputManager-JNI: Input channel object 'ccfcdb4 com.example/com.example.MainActivity (client)' was disposed without first being removed with the input manager!
03-27 15:45:18.167 540-2692/? W/ActivityTaskManager: Can't find TaskDisplayArea to determine support for multi window. Task id=112 attached=false
03-27 15:45:18.167 540-2692/? W/ActivityTaskManager: Can't find TaskDisplayArea to determine support for multi window. Task id=112 attached=false
03-27 15:45:18.172 540-1630/? W/InputManager-JNI: Input channel object 'dc09f80 Splash Screen com.example.test (client)' was disposed without first being removed with the input manager!
03-27 15:45:18.173 540-1630/? W/ActivityManager: Unable to start service Intent { act=android.service.smartspace.SmartspaceService cmp=com.google.android.as/com.google.android.apps.miphone.aiai.app.AiAiSmartspaceService } U=0: not found
03-27 15:45:18.173 540-1630/? W/RemoteSmartspaceService: could not bind to Intent { act=android.service.sm
03-27 15:45:18.173 540-1630/? W/RemoteSmartspaceService: artspace.SmartspaceService cmp=com.google.android.as/com.google.android.apps.miphone.aiai.app.AiAiSmartspaceService } using flags 67112961
03-27 15:45:18.174 1432-1432/? I/A: onApplyWindowInsets: systemWindowInsets=Insets{left=0, top=66, right=0, bottom=132}
03-27 15:45:18.174 1432-1432/? I/A: onApplyWindowInsets: systemWindowInsets=Insets{left=0, top=66, right=0, bottom=132}
03-27 15:45:18.175 350-350/? D/goldfish-address-space: claimShared: Ask to claim region [0x3f0000000 0x3f0926000]
03-27 15:45:18.181 350-350/? D/goldfish-address-space: claimShared: Ask to claim region [0x3f124c000 0x3f1b72000]
03-27 15:45:18.184 350-350/? D/goldfish-address-space: claimShared: Ask to claim region [0x3f1b72000 0x3f2498000]
03-27 15:45:18.186 350-390/? D/goldfish-address-space: claimShared: Ask to claim region [0x3f4000000 0x3f4926000]
03-27 15:45:18.190 350-390/? D/goldfish-address-space: claimShared: Ask to claim region [0x3f5ab7000 0x3f63dd000]
03-27 15:45:18.191 350-390/? D/goldfish-address-space: claimShared: Ask to claim region [0x3f63dd000 0x3f6d03000]
03-27 15:45:18.194 1432-1802/? I/OpenGLRenderer: Davey! duration=14170ms; Flags=1, FrameTimelineVsyncId=7894, IntendedVsync=2655138540131, Vsync=2655138540131, InputEventId=0, HandleInputStart=2655138881288, AnimationStart=2655138882089, PerformTraversalsStart=2655138882620, DrawStart=2655147319448, FrameDeadline=2655171873463, FrameInterval=2655138816934, FrameStartTime=16666666, SyncQueued=2655148730994, SyncStart=2655149049734, IssueDrawCommandsStart=2655149253815, SwapBuffers=2655149507617, FrameComp
03-27 15:45:18.194 1432-1802/? I/OpenGLRenderer: leted=2669309545106, DequeueBufferDuration=1887, QueueBufferDuration=449341, GpuCompleted=2669309545106, SwapBuffersCompleted=2655150321490, DisplayPresentTime=1418950817178787615, 
03-27 15:45:18.205 540-540/? W/ActivityManager: Unbind failed: could not find connection for android.app.LoadedApk$ServiceDispatcher$InnerConnection@d16873f
03-27 15:45:18.209 1305-1305/? I/GsaVoiceInteractionSrv: Handling ACTION_START_HOTWORD
03-27 15:45:18.209 1305-1305/? I/GsaVoiceInteractionSrv: disregardVoiceMatch: false
03-27 15:45:18.209 1305-1305/? I/GsaVoiceInteractionSrv: Cannot start hotword, hotword has been explicitly disabled.
03-27 15:45:18.210 540-703/? W/ActivityManager: Unable to start service Intent { act=android.service.smartspace.SmartspaceService cmp=com.google.android.as/com.google.android.apps.miphone.aiai.app.AiAiSmartspaceService } U=0: not found
03-27 15:45:18.210 540-703/? W/RemoteSmartspaceService: could not bind to Intent { act=android.service.smartspace.SmartspaceService cmp=com.google.android.as/com.google.android.apps.miphone.aiai.app.AiAiSmartspaceService } using flags 67112961
03-27 15:45:18.211 540-540/? W/ActivityManager: Unbind failed: could not find connection for android.app.LoadedApk$ServiceDispatcher$InnerConnection@f76585b
03-27 15:45:18.213 350-390/? D/goldfish-address-space: claimShared: Ask to claim region [0x3ef710000 0x3efa94000]
03-27 15:45:18.222 18330-18351/? I/TestRunner: run finished: 1 tests, 0 failed, 0 ignored
03-27 15:45:18.234 540-1630/? I/ActivityManager: Force stopping com.example appid=10171 user=0: finished inst
03-27 15:45:18.235 1267-1267/? I/GoogleInputMethodService: GoogleInputMethodService.onFinishInput():3420 
03-27 15:45:18.235 1267-1267/? I/GoogleInputMethodService: GoogleInputMethodService.onStartInput():2002 
03-27 15:45:18.237 1267-1267/? I/DeviceUnlockedTag: DeviceUnlockedTag.notifyDeviceLockStatusChanged():31 Notify device unlocked.
03-27 15:45:18.243 540-1630/? I/ActivityManager: Killing 18330:com.example/u0a171 (adj 0): stop com.example due to finished inst
03-27 15:45:18.246 18310-18310/? I/app_process: System.exit called, status: 0
03-27 15:45:18.246 18310-18310/? I/AndroidRuntime: VM exiting with result code 0.
03-27 15:45:18.266 540-2692/? W/InputManager-JNI: Input channel object 'e7b46f1 com.example.test/androidx.test.core.app.InstrumentationActivityInvoker$EmptyActivity (client)' was disposed without first being removed with the input manager!
03-27 15:45:18.290 540-570/? I/libprocessgroup: Successfully killed process cgroup uid 10171 pid 18330 in 45ms
03-27 15:45:18.291 540-561/? W/ActivityTaskManager: Can't find TaskDisplayArea to determine support for multi window. Task id=113 attached=false
03-27 15:45:18.291 540-561/? W/ActivityTaskManager: Can't find TaskDisplayArea to determine support for multi window. Task id=113 attached=false
03-27 15:45:18.302 350-390/? D/goldfish-address-space: claimShared: Ask to claim region [0x3eedea000 0x3ef034000]
03-27 15:45:18.311 540-703/? D/HostConnection: createUnique: call
03-27 15:45:18.311 540-703/? D/HostConnection: HostConnection::get() New Host Connection established 0x7fa32f986050, tid 703
03-27 15:45:18.312 18355-18380/? I/MPEG4Writer: setStartTimestampUs: 2668448441
03-27 15:45:18.319 540-703/? D/HostConnection: HostComposition ext ANDROID_EMU_CHECKSUM_HELPER_v1 ANDROID_EMU_native_sync_v2 ANDROID_EMU_native_sync_v3 ANDROID_EMU_native_sync_v4 ANDROID_EMU_dma_v1 ANDROID_EMU_direct_mem ANDROID_EMU_vulkan ANDROID_EMU_deferred_vulkan_commands ANDROID_EMU_vulkan_null_optional_strings ANDROID_EMU_vulkan_create_resources_with_requirements ANDROID_EMU_YUV_Cache ANDROID_EMU_vulkan_ignored_handle
03-27 15:45:18.319 540-703/? D/HostConnection: s ANDROID_EMU_has_shared_slots_host_memory_allocator ANDROID_EMU_vulkan_free_memory_sync ANDROID_EMU_vulkan_shader_float16_int8 ANDROID_EMU_vulkan_async_queue_submit ANDROID_EMU_vulkan_queue_submit_with_commands ANDROID_EMU_sync_buffer_data ANDROID_EMU_vulkan_async_qsri ANDROID_EMU_read_color_buffer_dma GL_OES_EGL_image_external_essl3 GL_OES_vertex_array_object GL_KHR_texture_compression_astc_ldr ANDROID_EMU_host_side_tracing ANDROID_EMU_gles_max_version_3_0 
03-27 15:45:18.325 713-730/? I/ndroid.systemu: NativeAlloc concurrent copying GC freed 18313(875KB) AllocSpace objects, 1(20KB) LOS objects, 49% free, 9741KB/19MB, paused 73us,29us total 171.579ms
03-27 15:45:18.327 18355-18358/? E/BufferQueueProducer: [GraphicBufferSource](id:47b300000000,api:1,p:408,c:18355) dequeueBuffer: BufferQueue has been abandoned
03-27 15:45:18.327 18355-18379/? V/MediaWriter: Track event err/info msg:101, trackId:1, type:1000,val:-1011
03-27 15:45:18.327 18355-18355/? D/MPEG4Writer: reset()
03-27 15:45:18.327 18355-18355/? D/MPEG4Writer: Video track stopping. Stop source
03-27 15:45:18.327 18355-18355/? D/MPEG4Writer: Video track source stopping
03-27 15:45:18.327 18355-18355/? D/MPEG4Writer: Video track source stopped
03-27 15:45:18.327 18355-18380/? V/MediaWriter: Track event err/info msg:101, trackId:2, type:1000,val:-1011
03-27 15:45:18.327 408-408/? E/CompositionEngine: ANativeWindow::dequeueBuffer failed for display [ScreenRecorder] with error: -19
03-27 15:45:18.327 408-408/? W/CompositionEngine: Dequeuing buffer for display [ScreenRecorder] failed, bailing out of client composition for this frame
03-27 15:45:18.327 18355-18380/? W/MPEG4Writer: 0-duration samples found: 1
03-27 15:45:18.327 18355-18380/? I/MPEG4Writer: Received total/0-length (1/0) buffers and encoded 1 frames. - Metadata
03-27 15:45:18.328 18355-18379/? I/MPEG4Writer: Received total/0-length (19/0) buffers and encoded 19 frames. - Video
03-27 15:45:18.329 18355-18355/? D/MPEG4Writer: Video track stopped. Status:0. Stop source
03-27 15:45:18.329 18355-18355/? D/MPEG4Writer: Metadata track stopping. Stop source
03-27 15:45:18.329 18355-18355/? D/MPEG4Writer: Metadata track source stopping
03-27 15:45:18.329 18355-18355/? D/MPEG4Writer: Metadata track source stopped
03-27 15:45:18.329 18355-18355/? D/MPEG4Writer: Metadata track stopped. Status:0. Stop source
03-27 15:45:18.329 18355-18355/? D/MPEG4Writer: Duration from tracks range is [0, 880970] us
03-27 15:45:18.329 18355-18374/? D/MPEG4Writer: 0 chunks are written in the last batch
03-27 15:45:18.329 18355-18355/? D/MPEG4Writer: WriterThread stopped. Status:0
03-27 15:45:18.329 18355-18355/? I/MPEG4Writer: Adjust the moov start time from 2668448441 us -> 2668448441 us
03-27 15:45:18.329 18355-18355/? I/MPEG4Writer: MOOV atom was written to the file
03-27 15:45:18.329 18355-18355/? D/MPEG4Writer: release()
03-27 15:45:18.329 18355-18355/? D/MPEG4Writer: ftruncate mPreAllocateFileEndOffset:71992 mOffset:1436 mMdatEndOffset:69548 diff:2444
03-27 15:45:18.329 713-732/? W/System: A resource failed to call close. 
03-27 15:45:18.330 713-732/? W/System: A resource failed to call close. 
03-27 15:45:18.330 713-732/? W/System: A resource failed to call release. 
03-27 15:45:18.330 713-732/? W/System: A resource failed to call close. 
03-27 15:45:18.330 713-732/? W/System: A resource failed to call close. 
03-27 15:45:18.330 713-732/? W/System: A resource failed to call release. 
03-27 15:45:18.331 18355-18355/? D/MPEG4Writer: final fsync() takes 1 ms, file size 69548
03-27 15:45:18.331 713-732/? W/System: A resource failed to call release. 
03-27 15:45:18.331 18355-18355/? D/MPEG4Writer: MP4WtrCtrlHlpLooper stopped
03-27 15:45:18.331 18355-18355/? D/MPEG4Writer: Top 5 write durations(microseconds): #1:9 #2:11 #3:29 #4:786 #5:4031
03-27 15:45:18.333 18355-18460/? I/hw-BpHwBinder: onLastStrongRef automatically unlinking death recipients
03-27 15:45:18.333 458-810/? I/hw-BpHwBinder: onLastStrongRef automatically unlinking death recipients
03-27 15:45:18.333 458-810/? V/C2Store: in ~ComponentModule
03-27 15:45:18.333 458-810/? V/C2Store: unloading dll
03-27 15:45:18.340 18355-18358/? I/BpBinder: onLastStrongRef automatically unlinking death recipients: <uncached descriptor>
03-27 15:45:18.344 334-334/? I/Zygote: Process 18330 exited due to signal 9 (Killed)
03-27 15:45:18.345 540-854/? V/ActivityManager: Got obituary of 18330:com.example
03-27 15:45:18.345 540-560/? W/ActivityManager: setHasOverlayUi called on unknown pid: 18330
03-27 15:45:18.357 18355-18355/? D/ScreenRecord: success
03-27 15:45:18.358 18355-18355/? I/BpBinder: onLastStrongRef automatically unlinking death recipients: <uncached descriptor>
03-27 15:45:18.358 18355-18355/? I/BpBinder: onLastStrongRef automatically unlinking death recipients: <uncached descriptor>
03-27 15:45:18.358 1303-2216/? I/MediaProvider: Begin Intent { act=android.intent.action.MEDIA_SCANNER_SCAN_FILE dat=file:///sdcard/com.example.MainActivityTest-testText5-687f36a3-90d2-49af-9
03-27 15:45:18.358 1303-2216/? I/MediaProvider: 5ac-0e6b435a4f33.mp4 flg=0x1400010 cmp=com.google.android.providers.media.module/com.android.providers.media.MediaService }
03-27 15:45:18.359 458-6072/? D/BufferPoolAccessor2.0: Destruction - bufferpool2 0x7de64862a9d8 cached: 0/0M, 0/0% in use; allocs: 20, 95% recycled; transfers: 20, 95% unfetched
03-27 15:45:18.383 1303-2216/? I/MediaProvider: End Intent { act=android.intent.action.MEDIA_SCANNER_SCAN_FILE dat=file:///sdcard/com.example.MainActivityTest-testText5-687f36a3-90d2-49af-95ac-0e6b435a4f33.mp4 flg=0x1400010 cmp=com.google.android.providers.media.module/com.android.providers.media.MediaService }
03-27 15:45:18.406 6721-10009/? I/NetworkScheduler.Stats: Task com.google.android.gms/com.google.android.gms.ipa.base.IpaGcmTaskService started execution. cause:9 exec_start_elapsed_seconds: 2669 [CONTEXT service_id=218 ]
03-27 15:45:18.409 6721-6757/? I/NetworkScheduler.Stats: Task com.google.android.gms/com.google.android.gms.ipa.base.IpaGcmTaskService finished executing. cause:9 result: 1 elapsed_millis: 9 uptime_millis: 9 exec_start_elapsed_seconds: 2669 [CONTEXT service_id=218 ]
03-27 15:45:18.518 540-551/? W/System: A resource failed to call close. 
03-27 15:45:18.518 540-551/? W/System: A resource failed to call close. 
03-27 15:45:18.519 540-551/? W/System: A resource failed to call close. 
03-27 15:45:18.519 540-551/? W/System: A resource failed to call close. 
03-27 15:45:18.519 540-551/? W/System: A resource failed to call release. 
03-27 15:45:18.519 540-551/? W/System: A resource failed to call close. 
03-27 15:45:18.519 540-551/? W/System: A resource failed to call release. 
03-27 15:45:18.519 540-551/? W/System: A resource failed to call close. 
03-27 15:45:18.519 540-551/? W/System: A resource failed to call close. 
03-27 15:45:18.519 540-551/? W/System: A resource failed to call release. 
03-27 15:45:18.519 540-551/? W/System: A resource failed to call release. 
03-27 15:45:18.901 11419-18474/? I/ProvidersCache: Provider returned no roots. Possibly naughty: com.google.android.apps.docs.storage
03-27 15:45:18.952 1303-1550/? I/MediaProvider: Deleted 0 0 0 1 0 0 0 items on external_primary due to com.android.shell
