03-27 15:46:12.315 1303-19408/? W/MediaProvider: isAppCloneUserPair for user 0: false
03-27 15:46:12.319 408-1179/? E/HWComposer: getSupportedContentTypes: getSupportedContentTypes failed for display 4619827259835644672: Unsupported (8)
03-27 15:46:12.320 21313-21313/? D/MediaCodecList: codecHandlesFormat: no format, so no extra checks
03-27 15:46:12.321 21313-21318/? D/CCodec: allocate(c2.android.avc.encoder)
03-27 15:46:12.322 21284-21309/? W/Settings: Setting always_finish_activities has moved from android.provider.Settings.System to android.provider.Settings.Global, returning read-only value.
03-27 15:46:12.323 21313-21318/? I/Codec2Client: Available Codec2 services: "default" "software"
03-27 15:46:12.323 21313-21318/? I/CCodec: setting up 'default' as default (vendor) store
03-27 15:46:12.325 458-6171/? V/C2Store: in init
03-27 15:46:12.325 458-6171/? V/C2Store: loading dll
03-27 15:46:12.325 458-6171/? I/mediaswcodec: missing struct descriptor #Param::CoreIndex(--004) for field values of struct #Param::CoreIndex(F-12004)
03-27 15:46:12.325 458-6171/? I/mediaswcodec: missing struct descriptor #Param::CoreIndex(--1812) for field values of struct #Param::CoreIndex(F-11812)
03-27 15:46:12.326 458-6171/? I/mediaswcodec: missing struct descriptor #Param::CoreIndex(--004) for field values of struct #Param::CoreIndex(F-12004)
03-27 15:46:12.326 458-6171/? I/mediaswcodec: missing struct descriptor #Param::CoreIndex(--1812) for field values of struct #Param::CoreIndex(F-11812)
03-27 15:46:12.326 540-2066/? I/ActivityTaskManager: START u0 {act=android.intent.action.MAIN cat=[android.intent.category.LAUNCHER] flg=0x10008000 cmp=com.example/.MainActivity} from uid 10171
03-27 15:46:12.326 21313-21318/? I/CCodec: Created component [c2.android.avc.encoder]
03-27 15:46:12.326 21313-21318/? D/CCodecConfig: read media type: video/avc
03-27 15:46:12.326 540-2066/? W/ActivityTaskManager: Can't find TaskDisplayArea to determine support for multi window. Task id=142 attached=false
03-27 15:46:12.327 21313-21318/? D/ReflectedParamUpdater: extent() != 1 for single value type: algo.buffers.max-count.values
03-27 15:46:12.327 21313-21318/? D/ReflectedParamUpdater: extent() != 1 for single value type: output.subscribed-indices.values
03-27 15:46:12.327 21313-21318/? D/ReflectedParamUpdater: extent() != 1 for single value type: input.buffers.allocator-ids.values
03-27 15:46:12.327 540-2066/? D/CompatibilityChangeReporter: Compat change id reported: 174042980; UID 10171; state: DISABLED
03-27 15:46:12.327 21313-21318/? D/ReflectedParamUpdater: extent() != 1 for single value type: output.buffers.allocator-ids.values
03-27 15:46:12.327 21313-21318/? D/ReflectedParamUpdater: [ 03-27 15:46:12.327 21313:21318 D/ReflectedParamUpd
03-27 15:46:12.327 21313-21318/? D/ReflectedParamUpdater: ater ]
03-27 15:46:12.327 21313-21318/? D/ReflectedParamUpdater: extent() != 1 for single value type: algo.buffers.allocator-ids.values
03-27 15:46:12.327 21313-21318/? D/ReflectedParamUpdater: extent() != 1 for single value type: output.buffers.pool-ids.values
03-27 15:46:12.327 21313-21318/? D/ReflectedParamUpdater: extent() != 1 for single value type: algo.buffers.pool-ids.values
03-27 15:46:12.328 540-2066/? D/CompatibilityChangeReporter: Compat change id reported: 184838306; UID 10171; state: DISABLED
03-27 15:46:12.328 21313-21318/? D/ReflectedParamUpdater: ignored struct field coding.gop.values
03-27 15:46:12.328 21313-21318/? D/ReflectedParamUpdater: ignored struct field coding.qp.values
03-27 15:46:12.328 21313-21318/? D/CCodecConfig: ignoring local param raw.color (0xc2001809) as it is already supported
03-27 15:46:12.329 21313-21318/? I/CCodecConfig: query failed after returning 12 values (BAD_INDEX)
03-27 15:46:12.329 21313-21318/? D/CCodecConfig: c2 config diff is Dict {
03-27 15:46:12.329 21313-21318/? D/CCodecConfig:   c2::u32 coded.bitrate.value = 64000
03-27 15:46:12.329 21313-21318/? D/CCodecConfig:   c2::float coded.frame-rate.value = 1
03-27 15:46:12.329 21313-21318/? D/CCodecConfig:   c2::u32 coded.pl.level = 20492
03-27 15:46:12.329 21313-21318/? D/CCodecConfig:   c2::u32 coded.pl.profile = 20481
03-27 15:46:12.329 21313-21318/? D/CCodecConfig:   c2::u32 coded.vui.color.matrix = 0
03-27 15:46:12.329 21313-21318/? D/CCodecConfig:   c2::u32 coded.vui.color.primaries = 0
03-27 15:46:12.329 21313-21318/? D/CCodecConfig:   c2::u32 coded.vui.color.range = 0
03-27 15:46:12.329 21313-21318/? D/CCodecConfig:   c2::u32 coded.vui.color.transfer = 0
03-27 15:46:12.329 21313-21318/? D/CCodecConfig:   c2::u32 coding.intra-refresh.mode = 0
03-27 15:46:12.329 21313-21318/? D/CCodecConfig:   c2::float coding.intra-refresh.period = 0
03-27 15:46:12.329 21313-21318/? D/CCodecConfig:   c2::u32 coding.request-sync-frame.value = 0
03-27 15:46:12.329 21313-21318/? D/CCodecConfig:   c2::i64 coding.sync-frame-interval.value = 1000000
03-27 15:46:12.329 21313-21318/? D/CCodecConfig:   c2::u32 input.delay.value = 0
03-27 15:46:12.329 21313-21318/? D/CCodecConfig:   string input.media-type.value = "video/raw"
03-27 15:46:12.329 21313-21318/? D/CCodecConfig:   string output.media-type.value = "video/avc"
03-27 15:46:12.329 21313-21318/? D/CCodecConfig:   c2::u32 raw.color.matrix = 0
03-27 15:46:12.329 21313-21318/? D/CCodecConfig:   c2::u32 raw.color.primaries = 0
03-27 15:46:12.329 21313-21318/? D/CCodecConfig:   c2::u32 raw.color.range = 0
03-27 15:46:12.329 21313-21318/? D/CCodecConfig:   c2::u32 raw.color.transfer = 0
03-27 15:46:12.329 21313-21318/? D/CCodecConfig:   c2::u32 raw.size.height = 16
03-27 15:46:12.329 21313-21318/? D/CCodecConfig:   c2::u32 raw.size.width = 16
03-27 15:46:12.329 21313-21318/? D/CCodecConfig: }
03-27 15:46:12.329 540-2066/? D/CompatibilityChangeReporter: Compat change id reported: 185004937; UID 10171; state: DISABLED
03-27 15:46:12.329 21313-21318/? W/ColorUtils: expected specified color aspects (0:0:0:0)
03-27 15:46:12.329 540-2066/? D/CompatibilityChangeReporter: Compat change id reported: 181136395; UID 10171; state: DISABLED
03-27 15:46:12.329 540-2066/? D/CompatibilityChangeReporter: Compat change id reported: 174042936; UID 10171; state: DISABLED
03-27 15:46:12.331 21313-21313/? D/CodecSeeding: Seed: codec c2.android.avc.encoder, mediatype video/avc, overrideable 1
03-27 15:46:12.331 21313-21313/? D/CodecProperties: setTuningValue(vq-target-bpp,0)
03-27 15:46:12.331 21313-21313/? D/CodecProperties: setTuningValue(vq-target-bpp-1080p,1.90)
03-27 15:46:12.331 21313-21313/? D/CodecProperties: setTuningValue(vq-target-bpp-720p,2.25)
03-27 15:46:12.331 21313-21313/? D/CodecProperties: setTuningValue(vq-target-bpp-540p,2.65)
03-27 15:46:12.331 21313-21313/? D/CodecProperties: setTuningValue(vq-target-bpp-480p,3.00)
03-27 15:46:12.331 21313-21313/? D/CodecProperties: setTuningValue(vq-target-bpp-320x240,0)
03-27 15:46:12.331 21313-21313/? D/CodecProperties: setTuningValue(vq-target-qpmax,-1)
03-27 15:46:12.331 21313-21313/? D/CodecProperties: setTuningValue(vq-target-qpmax-1080p,45)
03-27 15:46:12.331 21313-21313/? D/CodecProperties: setTuningValue(vq-target-qpmax-720p,43)
03-27 15:46:12.331 21313-21313/? D/CodecProperties: setTuningValue(vq-target-qpmax-540p,42)
03-27 15:46:12.331 21313-21313/? D/CodecProperties: setTuningValue(vq-target-qpmax-480p,38)
03-27 15:46:12.331 21313-21313/? D/CodecProperties: setTuningValue(vq-bitrate-phaseout,1.75)
03-27 15:46:12.331 21313-21313/? D/CodecProperties: setTuningValue(vq-boost-missing-qp,0.20)
03-27 15:46:12.331 21313-21313/? D/CodecProperties: setFeatureValue(intra-refresh,0)
03-27 15:46:12.331 21313-21313/? D/CodecProperties: setFeatureValue(qp-bounds,0)
03-27 15:46:12.331 21313-21313/? D/CodecProperties: setFeatureValue(_vq_eligible.device,1)
03-27 15:46:12.331 21313-21313/? D/CodecProperties: setFeatureValue(_quality.target,1)
03-27 15:46:12.331 21313-21313/? D/CodecSeeding: Seed: codec c2.android.avc.encoder, mediatype video/avc, overrideable 0
03-27 15:46:12.331 21313-21313/? D/VQApply: raise bitrate: configured 1000000 to floor 2073600
03-27 15:46:12.331 21313-21313/? D/VQApply: minquality by QP: inject video-qp-max=43
03-27 15:46:12.331 21313-21313/? D/VQApply: minqu
03-27 15:46:12.331 21313-21313/? D/VQApply: ality/target bitrate raised from 1000000 to 2073600 bps
03-27 15:46:12.331 21313-21313/? D/MediaCodec: shapeMediaFormat: deltas(6): AMessage(what = 0x00000000) = {
03-27 15:46:12.331 21313-21313/? D/MediaCodec:     int32_t bitrate = 2073600
03-27 15:46:12.331 21313-21313/? D/MediaCodec:     int32_t android._encoding-quality-level = 0
03-27 15:46:12.331 21313-21313/? D/MediaCodec:     int32_t video-qp-max = 43
03-27 15:46:12.331 21313-21313/? D/MediaCodec:     int32_t video-qp-i-max = 43
03-27 15:46:12.331 21313-21313/? D/MediaCodec:     int32_t video-qp-p-max = 46
03-27 15:46:12.331 21313-21313/? D/MediaCodec:     int32_t video-qp-b-max = 49
03-27 15:46:12.331 21313-21313/? D/MediaCodec:   }
03-27 15:46:12.331 21313-21318/? D/CCodec: [c2.android.avc.encoder] buffers are bound to CCodec for this session
03-27 15:46:12.332 21313-21318/? D/CCodecConfig: no c2 equivalents for color-format
03-27 15:46:12.332 21313-21318/? D/CCodecConfig: no c2 equivalents for max-bframes
03-27 15:46:12.332 21313-21318/? D/CCodecConfig: no c2 equivalents for video-qp-max
03-27 15:46:12.332 21313-21318/? D/CCodecConfig: no c2 equivalents for video-qp-i-max
03-27 15:46:12.332 21313-21318/? D/CCodecConfig: no c2 equivalents for video-qp-p-max
03-27 15:46:12.332 21313-21318/? D/CCodecConfig: no c2 equivalents for video-qp-b-max
03-27 15:46:12.332 21313-21318/? D/CCodecConfig: no c2 equivalents for flags
03-27 15:46:12.332 21313-21318/? D/CCodecConfig: no c2 equivalents for encoder
03-27 15:46:12.332 21313-21318/? D/CCodecConfig: c2 config diff is   c2::u32 coded.bitrate.value = 2073600
03-27 15:46:12.332 21313-21318/? D/CCodecConfig:   c2::float coded.frame-rate.value = 60
03-27 15:46:12.332 21313-21318/? D/CCodecConfig:   c2::i64 coding.sync-frame-interval.value = 10000000
03-27 15:46:12.332 21313-21318/? D/CCodecConfig:   c2::u32 raw.size.height = 1280
03-27 15:46:12.332 21313-21318/? D/CCodecConfig:   c2::u32 raw.size.width = 720
03-27 15:46:12.332 21313-21318/? W/ColorUtils: expected specified color aspects (0:0:0:0)
03-27 15:46:12.333 21313-21318/? D/CCodec: setup formats input: AMessage(what = 0x00000000) = {
03-27 15:46:12.333 21313-21318/? D/CCodec:   Rect crop(0, 0, 719, 1279)
03-27 15:46:12.333 21313-21318/? D/CCodec:   int32_t color-standard = 0
03-27 15:46:12.333 21313-21318/? D/CCodec:   int32_t color-range = 0
03-27 15:46:12.333 21313-21318/? D/CCodec:   int32_t color-transfer = 0
03-27 15:46:12.333 21313-21318/? D/CCodec:   int32_t frame-rate = 60
03-27 15:46:12.333 21313-21318/? D/CCodec:   int32_t height = 1280
03-27 15:46:12.333 21313-21318/? D/CCodec:   int32_t intra-refresh-period = 0
03-27 15:46:12.333 21313-21318/? D/CCodec:   string mime = "video/raw"
03-27 15:46:12.333 21313-21318/? D/CCodec:   int32_t width = 720
03-27 15:46:12.333 21313-21318/? D/CCodec:   int32_t android._dataspace = 0
03-27 15:46:12.333 21313-21318/? D/CCodec:   int32_t using-sw-read-often = 1
03-27 15:46:12.333 21313-21318/? D/CCodec:   int64_t android._C2MemoryUsage = 1
03-27 15:46:12.333 21313-21318/? D/CCodec:   int32_t color-format = 2130708361
03-27 15:46:12.333 21313-21318/? D/CCodec:   int32_t android._color-format = 2130708361
03-27 15:46:12.333 21313-21318/? D/CCodec: }
03-27 15:46:12.333 21313-21318/? D/CCodec: setup formats output: AMessage(what = 0x00000000) = {
03-27 15:46:12.333 21313-21318/? D/CCodec:   int32_t bitrate = 2073600
03-27 15:46:12.333 21313-21318/? D/CCodec:   Rect crop(0, 0, 719, 1279)
03-27 15:46:12.333 21313-21318/? D/CCodec:   int32_t color-standard = 0
03-27 15:46:12.333 21313-21318/? D/CCodec:   int32_t color-range = 0
03-27 15:46:12.333 21313-21318/? D/CCodec:   int32_t color-transfer = 0
03-27 15:46:12.333 21313-21318/? D/CCodec:   int32_t frame-rate = 60
03-27 15:46:12.333 21313-21318/? D/CCodec:   int32_t height = 1280
03-27 15:46:12.333 21313-21318/? D/CCodec:   int32_t intra-refresh-period = 0
03-27 15:46:12.333 21313-21318/? D/CCodec:   int32_t level = 4096
03-27 15:46:12.333 21313-21318/? D/CCodec:   int32_t max-bitrate = 2073600
03-27 15:46:12.333 21313-21318/? D/CCodec:   string mime = "video/avc"
03-27 15:46:12.333 21313-21318/? D/CCodec:   int32_t profile = 65536
03-27 15:46:12.333 21313-21318/? D/CCodec:   int32_t width = 720
03-27 15:46:12.333 21313-21318/? D/CCodec: }
03-27 15:46:12.333 21313-21318/? I/CCodecConfig: query failed after returning 13 values (BAD_INDEX)
03-27 15:46:12.333 21313-21318/? D/CCodec: input format changed to AMessage(what = 0x00000000) = {
03-27 15:46:12.333 21313-21318/? D/CCodec:   Rect crop(0, 0, 719, 1279)
03-27 15:46:12.333 21313-21318/? D/CCodec:   int32_t color-standard = 1
03-27 15:46:12.333 21313-21318/? D/CCodec:   int32_t color-range = 2
03-27 15:46:12.333 21313-21318/? D/CCodec:   int32_t color-transfer = 3
03-27 15:46:12.333 21313-21318/? D/CCodec:   int32_t frame-rate = 60
03-27 15:46:12.333 21313-21318/? D/CCodec:   int32_t height = 1280
03-27 15:46:12.333 21313-21318/? D/CCodec:   int32_t intra-refresh-period = 0
03-27 15:46:12.333 21313-21318/? D/CCodec:   string mime = "video/raw"
03-27 15:46:12.333 21313-21318/? D/CCodec:   int32_t width = 720
03-27 15:46:12.333 21313-21318/? D/CCodec:   int32_t android._dataspace = 260
03-27 15:46:12.333 21313-21318/? D/CCodec:   int32_t using-sw-read-often = 1
03-27 15:46:12.333 21313-21318/? D/CCodec:   int64_t android._C2MemoryUsage = 1
03-27 15:46:12.333 21313-21318/? D/CCodec:   int32_t color-format = 2130708361
03-27 15:46:12.333 21313-21318/? D/CCodec:   int32_t android._color-format = 2130708361
03-27 15:46:12.333 21313-21318/? D/CCodec: }
03-27 15:46:12.333 21313-21318/? D/GraphicBufferSource: setting dataspace: 0x104, acquired=0
03-27 15:46:12.333 21313-21318/? D/CCodec: ISConfig not changed
03-27 15:46:12.334 21313-21318/? W/Codec2Client: query -- param skipped: index = 1342179345.
03-27 15:46:12.334 21313-21318/? W/Codec2Client: query -- param skipped: index = 2415921170.
03-27 15:46:12.334 21313-21318/? D/CCodecBufferChannel: [c2.android.avc.encoder#953] Using basic input block pool with poolID 1 => got 1 - OK (0)
03-27 15:46:12.334 21313-21318/? D/C2Store: Using DMABUF Heaps
03-27 15:46:12.334 21313-21318/? I/CCodecBufferChannel: [c2.android.avc.encoder#953] Created output block pool with allocatorID 16 => poolID 70 - OK
03-27 15:46:12.334 21313-21318/? D/CCodecBufferChannel: [c2.android.avc.encoder#953] Configured output block pool ids 70 => OK
03-27 15:46:12.335 451-451/? W/ResourceManagerService: Ignoring request to add new resource entry with value <= 0
03-27 15:46:12.341 21284-21284/? D/LifecycleMonitor: Lifecycle status change: com.example.MainActivity@cc64fc3 in: PRE_ON_CREATE
03-27 15:46:12.342 21284-21284/? V/ActivityScenario: Activity lifecycle changed event received but ignored because the reported transition was not ON_CREATE while the last known transition was PRE_ON_CREATE
03-27 15:46:12.343 21284-21328/? D/libEGL: loaded /vendor/lib64/egl/libEGL_emulation.so
03-27 15:46:12.345 6721-6757/? I/NetworkScheduler.Stats: Task com.google.android.gms/com.google.android.gms.ipa.base.IpaGcmTaskService started execution. cause:9 exec_start_elapsed_seconds: 2723 [CONTEXT service_id=218 ]
03-27 15:46:12.345 21284-21328/? D/libEGL: loaded /vendor/lib64/egl/libGLESv1_CM_emulation.so
03-27 15:46:12.348 350-350/? D/goldfish-address-space: claimShared: Ask to claim region [0x3ec5ce000 0x3ecef4000]
03-27 15:46:12.348 6721-17547/? I/NetworkScheduler.Stats: Task com.google.android.gms/com.google.android.gms.ipa.base.IpaGcmTaskService finished executing. cause:9 result: 1 elapsed_millis: 8 uptime_millis: 8 exec_start_elapsed_seconds: 2723 [CONTEXT service_id=218 ]
03-27 15:46:12.350 21284-21328/? D/libEGL: loaded /vendor/lib64/egl/libGLESv2_emulation.so
03-27 15:46:12.352 192-192/? I/hwservicemanager: getTransport: Cannot find entry android.hardware.graphics.mapper@4.0::IMapper/default in either framework or device VINTF manifest.
03-27 15:46:12.352 21313-21316/? I/Gralloc4: mapper 4.x is not supported
03-27 15:46:12.352 350-350/? D/goldfish-address-space: claimShared: Ask to claim region [0x3ef3f1000 0x3efd17000]
03-27 15:46:12.354 350-350/? D/goldfish-address-space: claimShared: Ask to claim region [0x3f0000000 0x3f0926000]
03-27 15:46:12.362 1303-1551/? I/MediaProvider: Deleted 0 0 0 1 0 0 0 items on external_primary due to com.android.shell
03-27 15:46:12.363 1303-1727/? W/MediaProvider: isAppCloneUserPair for user 0: false
03-27 15:46:12.364 21313-21313/? D/MPEG4Writer: PreAllocation enabled
03-27 15:46:12.367 21313-21316/? D/HostConnection: createUnique: call
03-27 15:46:12.367 21313-21316/? D/HostConnection: HostConnection::get() New Host Connection established 0x7533f2454dd0,
03-27 15:46:12.367 21313-21316/? D/HostConnection:  tid 21316
03-27 15:46:12.367 21313-21316/? D/goldfish-address-space: allocate: Ask for block of size 0x100
03-27 15:46:12.367 21313-21316/? D/goldfish-address-space: allocate: ioctl allocate returned offset 0x3ebffe000 size 0x2000
03-27 15:46:12.393 540-1455/? W/ActivityManager: Unable to start service Intent { act=android.service.smartspace.SmartspaceService cmp=com.google.android.as/com.google.android.apps.miphone.aiai.app.AiAiSmartspaceService } U=0: not found
03-27 15:46:12.393 540-1455/? W/RemoteSmartspaceService: could not bind to Intent { act=android.service.smartspace.SmartspaceService cmp=com.google.android.as/com.google.android.apps.miphone.aiai.app.AiAiSmartspaceService } using flags 67112961
03-27 15:46:12.394 540-540/? W/ActivityManager: Unbind failed: could not find connection for android.app.LoadedApk$ServiceDispatcher$InnerConnection@b118c1a
03-27 15:46:12.397 192-192/? I/hwservicemanager: getTransport: Cannot find entry android.hardware.graphics.allocator@4.0::IAllocator/default in either framework or device VINTF manifest.
03-27 15:46:12.398 21313-21316/? W/Gralloc4: allocator 4.x is not supported
03-27 15:46:12.398 713-938/? D/EGL_emulation: app_time_stats: avg=158.11ms min=14.78ms max=1334.50ms count=10
03-27 15:46:12.399 713-938/? D/EGL_emulation: app_time_stats: avg=158.06ms min=14.78ms max=1334.87ms count=10
03-27 15:46:12.400 1432-1432/? I/A: onApplyWindowInsets: systemWindowInsets=Insets{left=0, top=66, right=0, bottom=132}
03-27 15:46:12.400 350-350/? D/goldfish-address-space: claimShared: Ask to claim region [0x3ec000000 0x3ec384000]
03-27 15:46:12.400 1432-1432/? I/A: onApplyWindowInsets: systemWindowInsets=Insets{left=0, top=66, right=0, bottom=132}
03-27 15:46:12.405 21313-21316/? D/HostConnection: HostComposition ext ANDROID_EMU_CHECKSUM_HELPER_v1 ANDROID_EMU_native_sync_v2 ANDROID_EMU_native_sync_v3 ANDROID_EMU_native_sync_v4 ANDROID_EMU_dma_v1 ANDROID_EMU_direct_mem ANDROID_EMU_vulkan ANDROID_EMU_deferred_vulkan_commands ANDROID_EMU_vulkan_null_optional_strings ANDROID_EMU_vulkan_create_resources_with_requirements ANDROID_EMU_YUV_Cache ANDROID_EMU_vulkan_ignored_handles ANDROID_EMU_has_shared_slots_host_memory_alloc
03-27 15:46:12.405 21313-21316/? D/HostConnection: ator ANDROID_EMU_vulkan_free_memory_sync ANDROID_EMU_vulkan_shader_float16_int8 ANDROID_EMU_vulkan_async_queue_submit ANDROID_EMU_vulkan_queue_submit_with_commands ANDROID_EMU_sync_buffer_data ANDROID_EMU_vulkan_async_qsri ANDROID_EMU_read_color_buffer_dma GL_OES_EGL_image_external_essl3 GL_OES_vertex_array_object GL_KHR_texture_compression_astc_ldr ANDROID_EMU_host_side_tracing ANDROID_EMU_gles_max_version_3_0 
03-27 15:46:12.408 21313-21316/? D/GraphicBufferSource: got buffer with new dataSpace #104
03-27 15:46:12.409 21313-21316/? D/C2OMXNode: dataspace changed to 0x104 pixel format: 0x1
03-27 15:46:12.410 458-21323/? D/SimpleC2Component: Using output block pool with poolID 70 => got 70 - 0
03-27 15:46:12.410 458-21323/? D/SimpleC2Component: applied 2 configUpdates => BAD_INDEX (6)
03-27 15:46:12.410 458-21323/? D/C2SoftAvcEnc: Params width 720 height 1280 level 41 colorFormat 0 bframes 0
03-27 15:46:12.411 458-21323/? E/C2SoftAvcEnc: Unable to set air params = 0x1ad
03-27 15:46:12.412 21284-21284/? D/LifecycleMonitor: Lifecycle status change: com.example.MainActivity@cc64fc3 in: CREATED
03-27 15:46:12.412 21284-21284/? V/ActivityScenario: Update currentActivityStage to CREATED, currentActivity=com.example.MainActivity@cc64fc3
03-27 15:46:12.413 21284-21284/? D/LifecycleMonitor: Lifecycle status change: com.example.MainActivity@cc64fc3 in: STARTED
03-27 15:46:12.413 21284-21284/? V/ActivityScenario: Update currentActivityStage to STARTED, currentActivity=com.example.MainActivity@cc64fc3
03-27 15:46:12.416 350-350/? D/goldfish-address-space: claimShared: Ask to claim region [0x3eddf5000 0x3ee179000]
03-27 15:46:12.416 21284-21284/? D/LifecycleMonitor: Lifecycle status change: com.example.MainActivity@cc64fc3 in: RESUMED
03-27 15:46:12.416 21284-21284/? V/ActivityScenario: Update currentActivityStage to RESUMED, currentActivity=com.example.MainActivity@cc64fc3
03-27 15:46:12.428 21313-21318/? D/CCodecConfig: c2 config diff is   Buffer coded.init-data.value = {
03-27 15:46:12.428 21313-21318/? D/CCodecConfig:     00000000:  00 00 00 01 67 42 c0 29  8d 68 0b 40 a1 a4 20 20  ....gB.).h.@..  
03-27 15:46:12.428 21313-21318/? D/CCodecConfig:     00000010:  20 20 f0 88 46 a0 00 00  00 01 68 ce 01 a8 35 c8    ..F.....h...5.
03-27 15:46:12.428 21313-21318/? D/CCodecConfig:   }
03-27 15:46:12.429 21313-21313/? D/MPEG4Writer: fpathconf _PC_FILESIZEBITS:64
03-27 15:46:12.429 21313-21313/? D/MPEG4Writer: File size limit set to 4503599627370495 bytes implicitly
03-27 15:46:12.429 21313-21313/? D/MPEG4Writer: MP4WtrCtrlHlpLooper Started
03-27 15:46:12.430 21313-21313/? I/MPEG4Writer: limits: 4503599627370495/0 bytes/us, bit rate: -1 bps and the estimated moov size 3192 bytes
03-27 15:46:12.435 1305-1305/? I/GsaVoiceInteractionSrv: Handling ACTION_STOP_HOTWORD
03-27 15:46:12.436 21313-21338/? I/MPEG4Writer: setStartTimestampUs: 2723536516
03-27 15:46:12.436 21313-21338/? I/MPEG4Writer: Earliest track starting time: 2723536516
03-27 15:46:12.436 1305-1305/? E/HwDetectorWithState: a: 3
03-27 15:46:12.445 350-350/? D/goldfish-address-space: claimShared: Ask to claim region [0x3efd17000 0x3eff61000]
03-27 15:46:12.447 540-4656/? D/HostConnection: createUnique: call
03-27 15:46:12.447 540-4656/? D/HostConnection: HostConnection::get() New Host Connection established 0x7fa32f99ccd0, tid 4656
03-27 15:46:12.447 21284-21326/? D/HostConnection: createUnique: call
03-27 15:46:12.448 21284-21326/? D/HostConnection: HostConnection::get() New Host Connection established 0x7fa32f906f10, tid 21326
03-27 15:46:12.452 540-4656/? D/HostConnection: HostComposition ext ANDROID_EMU_CHECKSUM_HELPER_v1 ANDROID_EMU_native_sync_v2 ANDROID_EMU_native_sync_v3 ANDROID_EMU_native_sync_v4 ANDROID_EMU_dma_v1 ANDROID_EMU_direct_mem ANDROID_EMU_vulkan ANDROID_EMU_deferred_vulkan_commands ANDROID_EMU_vulkan_null_optional_strings ANDROID_EMU_vulkan_create_resources_with_requirements ANDROID_EMU_YUV_Cache A
03-27 15:46:12.452 540-4656/? D/HostConnection: NDROID_EMU_vulkan_ignored_handles ANDROID_EMU_has_shared_slots_host_memory_allocator ANDROID_EMU_vulkan_free_memory_sync ANDROID_EMU_vulkan_shader_float16_int8 ANDROID_EMU_vulkan_async_queue_submit ANDROID_EMU_vulkan_queue_submit_with_commands ANDROID_EMU_sync_buffer_data ANDROID_EMU_vulkan_async_qsri ANDROID_EMU_read_color_buffer_dma GL_OES_EGL_image_external_essl3 GL_OES_vertex_array_object GL_KHR_texture_compression_astc_ldr ANDROID_EMU_host_side_tracing ANDROID_EMU_gles_max_version_3_0 
03-27 15:46:12.452 540-4656/? W/OpenGLRenderer: Failed to choose config with EGL_SWAP_BEHAVIOR_PRESERVED, retrying without...
03-27 15:46:12.453 540-4656/? W/OpenGLRenderer: Failed to initialize 101010-2 format, error = EGL_SUCCESS
03-27 15:46:12.452 21284-21326/? D/HostConnection: HostComposition ext ANDROID_EMU_CHECKSUM_HELPER_v1 ANDROID_EMU_native_sync_v2 ANDROID_EMU_native_sync_v3 ANDROID_EMU_native_sync_v4 ANDROID_EMU_dma_v1 ANDROID_EMU_direct_mem ANDROID_EMU_vulkan ANDROID_EMU_deferred_vulkan_commands ANDROID_EMU_vulkan_null_optional_strings ANDROID_EMU_vulkan_create_resources_with_requirements ANDROID_EMU_YUV_Cache ANDROID_EMU_vulkan_ignored_handles ANDROID_EMU_has_shared_slots_host_memory_allocator ANDROID_EMU_vulkan_free_memory_sync ANDROID_EMU_vulkan_shader_float16_int8 ANDROID_EMU_vulkan_async_queue_submit ANDROID_EMU_vulkan_queue_submit_with_commands ANDROID_EMU_sync_buffer_data ANDROID_EMU_vulkan_async_qsri ANDROID_EMU_read_color_buffer_dma GL_OES_EGL_image_external_essl3 GL_OES_vertex_array_object GL_KHR_texture_compression_astc_ldr ANDROID_EMU_host_side_tracing ANDROID_EMU_gles_max_version_3_0 
03-27 15:46:12.454 540-4656/? D/EGL_emulation: eglCreateContext: 0x7fa32f918910: maj 3 min 0 rcv 3
03-27 15:46:12.455 540-4656/? D/EGL_emulation: eglMakeCurrent: 0x7fa32f918910: ver 3 0 (tinfo 0x7fa557182080) (first time)
03-27 15:46:12.455 540-2066/? D/HostConnection: createUnique: call
03-27 15:46:12.455 192-192/? I/hwservicemanager: getTransport: Cannot find entry android.hardware.configstore@1.0::ISurfaceFlingerConfigs/default in either framework or device VINTF manifest.
03-27 15:46:12.456 540-2066/? D/HostConnection: HostConnection::get() New Host Connection established 0x7fa32f928bd0, tid 2066
03-27 15:46:12.456 21284-21326/? W/OpenGLRenderer: Failed to choose config with EGL_SWAP_BEHAVIOR_PRESERVED, retrying without...
03-27 15:46:12.456 21284-21326/? W/OpenGLRenderer: Failed to initialize 101010-2 format, error = EGL_SUCCESS
03-27 15:46:12.458 21284-21326/? D/EGL_emulation: eglCreateContext: 0x7fa32f9069d0: maj 3 min 0 rcv 3
03-27 15:46:12.458 21284-21326/? D/EGL_emulation: eglMakeCurrent: 0x7fa32f9069d0: ver 3 0 (tinfo 0x7fa54d615080) (first time)
03-27 15:46:12.462 408-433/? E/HWComposer: getSupportedContentTypes: getSupportedContentTypes failed for display 4619827259835644672: Unsupported (8)
03-27 15:46:12.463 192-192/? I/hwservicemanager: getTransport: Cannot find entry android.hardware.graphics.mapper@4.0::IMapper/default in either framework or device VINTF manifest.
03-27 15:46:12.463 21284-21326/? I/Gralloc4: mapper 4.x is not supported
03-27 15:46:12.463 21284-21326/? D/HostConnection: createUnique: call
03-27 15:46:12.464 21284-21326/? D/HostConnection: HostConnection::get() New Host Connection established 0x7fa32f908650, tid 21326
03-27 15:46:12.464 21284-21326/? D/goldfish-address-space: allocate: Ask for block of size 0x100
03-27 15:46:12.464 21284-21326/? D/goldfish-address-space: allocate: ioctl allocate returned offset 0x3ebffe000 size 0x2000
03-27 15:46:12.466 540-2066/? D/HostConnection: HostComposition ext ANDROID_EMU_CHECKSUM_HELPER_v1 ANDROID_EMU_native_sync_v2 ANDROID_EMU_native_sync_v3 ANDROID_EMU_native_sync_v4 ANDROID_EMU_dma_v1 ANDROID_EMU_direct_mem ANDROID_EMU_vulkan ANDROID_EMU_deferred_vulkan_commands ANDROID_EMU_vulkan_null_optional_strings ANDROID_EMU_vulkan_create_resources_with_requirements ANDROID_EMU_YUV_Cache ANDROID_EMU_vulkan_ignored_handles ANDROID_EMU_has_shared_slots_host_memory_allocator ANDROID_EMU
03-27 15:46:12.466 540-2066/? D/HostConnection: _vulkan_free_memory_sync ANDROID_EMU_vulkan_shader_float16_int8 ANDROID_EMU_vulkan_async_queue_submit ANDROID_EMU_vulkan_queue_submit_with_commands ANDROID_EMU_sync_buffer_data ANDROID_EMU_vulkan_async_qsri ANDROID_EMU_read_color_buffer_dma GL_OES_EGL_image_external_essl3 GL_OES_vertex_array_object GL_KHR_texture_compression_astc_ldr ANDROID_EMU_host_side_tracing ANDROID_EMU_gles_max_version_3_0 
03-27 15:46:12.485 192-192/? I/hwservicemanager: getTransport: Cannot find entry android.hardware.graphics.allocator@4.0::IAllocator/default in either framework or device VINTF manifest.
03-27 15:46:12.485 21284-21326/? W/Gralloc4: allocator 4.x is not supported
03-27 15:46:12.487 350-390/? D/goldfish-address-space: claimShared: Ask to claim region [0x3ee179000 0x3eea9f000]
03-27 15:46:12.496 21284-21326/? D/HostConnection: HostComposition ext ANDROID_EMU_CHECKSUM_HELPER_v1 ANDROID_EMU_native_sync_v2 ANDROID_EMU_native_sync_v3 ANDROID_EMU_native_sync_v4 ANDROID_EMU_dma_v1 ANDROID_EMU_direct_mem ANDROID_EMU_vulkan ANDROID_EMU_deferred_vulkan_commands ANDROID_EMU_vulkan_null_optional_strings ANDROID_EMU_vulkan_create_resources_with_requirements ANDROID_EMU_YUV_Cache ANDROID_EMU_vulkan_ignored_handles ANDROID_EMU_has_shared_slots_host_memory_allocator ANDROID_EMU_vulkan_free_memory_sync ANDROID_EMU_vulkan_shader_float16_int8 ANDROID_EMU_vulkan_async_queue_submit ANDROID_EMU_vulkan_queue_submit_with_commands ANDROID_EMU_sync_buffer_data ANDROID_EMU_vulkan_async_qsri ANDROID_EMU_read_color_buffer_dma GL_OES_EGL_image_external_essl3 GL_OES_vertex_array_object GL_KHR_texture_compression_astc_ldr ANDROID_EMU_host_side_tracing ANDROID_EMU_gles_max_version_3_0 
03-27 15:46:12.502 350-390/? D/goldfish-address-space: claimShared: Ask to claim region [0x3f0f01000 0x3f1827000]
03-27 15:46:12.503 350-390/? D/goldfish-address-space: claimShared: Ask to claim region [0x3f1827000 0x3f214d000]
03-27 15:46:12.531 540-557/? I/ActivityTaskManager: Displayed com.example/.MainActivity: +199ms
03-27 15:46:12.535 1267-1267/? I/GoogleInputMethodService: GoogleInputMethodService.onFinishInput():3420 
03-27 15:46:12.535 1267-1267/? I/GoogleInputMethodService: GoogleInputMethodService.onStartInput():2002 
03-27 15:46:12.536 1267-1267/? I/DeviceUnlockedTag: DeviceUnlockedTag.notifyDeviceLockStatusChanged():31 Notify device unlocked.
03-27 15:46:12.536 540-2066/? W/InputManager-JNI: Input channel object '93e8b61 Splash Screen com.example (client)' was disposed without first being remo
03-27 15:46:12.536 540-2066/? W/InputManager-JNI: ved with the input manager!
03-27 15:46:12.566 540-1455/? I/ActivityTaskManager: START u0 {act=android.intent.action.MAIN cat=[android.intent.category.LAUNCHER] flg=0x10000000 cmp=com.example.test/androidx.test.core.app.InstrumentationActivityInvoker$EmptyActivity} from uid 10171
03-27 15:46:12.566 540-1455/? W/ActivityTaskManager: Can't find TaskDisplayArea to determine support for multi window. Task id=143 attached=false
03-27 15:46:12.576 21284-21284/? D/LifecycleMonitor: Lifecycle status change: com.example.MainActivity@cc64fc3 in: PAUSED
03-27 15:46:12.576 21284-21284/? V/ActivityScenario: Update currentActivityStage to PAUSED, currentActivity=com.example.MainActivity@cc64fc3
03-27 15:46:12.576 540-1455/? W/ActivityTaskManager: Tried to set launchTime (0) < mLastActivityLaunchTime (2721903)
03-27 15:46:12.583 350-390/? D/goldfish-address-space: claimShared: Ask to claim region [0x3ec5ce000 0x3ecef4000]
03-27 15:46:12.588 350-390/? D/goldfish-address-space: claimShared: Ask to claim region [0x3ed4cf000 0x3eddf5000]
03-27 15:46:12.591 350-390/? D/goldfish-address-space: claimShared: Ask to claim region [0x3ef3f1000 0x3ef9cc000]
03-27 15:46:12.593 350-390/? D/goldfish-address-space: claimShared: Ask to claim region [0x3f0000000 0x3f0926000]
03-27 15:46:12.602 21284-21284/? D/LifecycleMonitor: Lifecycle status change: com.example.MainActivity@cc64fc3 in: STOPPED
03-27 15:46:12.602 21284-21284/? V/ActivityScenario: Update currentActivityStage to STOPPED, currentActivity=com.example.MainActivity@cc64fc3
03-27 15:46:12.607 21284-21284/? D/LifecycleMonitor: Lifecycle status change: com.example.MainActivity@cc64fc3 in: DESTROYED
03-27 15:46:12.607 21284-21284/? V/ActivityScenario: Update currentActivityStage to DESTROYED, currentActivity=null
03-27 15:46:12.609 540-1455/? W/InputManager-JNI: Input channel object '12537d4 com.example/com.example.MainActivity (client)' was disposed without first being removed with the input manager!
03-27 15:46:12.621 21284-21309/? E/TestRunner: failed: testVmState(com.example.AdbActivityTest)
03-27 15:46:12.621 21284-21309/? E/TestRunner: ----- begin exception -----
03-27 15:46:12.621 350-390/? D/goldfish-address-space: claimShared: Ask to claim region [0x3ee179000 0x3eea9f000]
03-27 15:46:12.622 21284-21309/? E/TestRunner: java.lang.AssertionError: No access to adb port or device serial has been provided
03-27 15:46:12.622 21284-21309/? E/TestRunner: 	at com.malinskiy.adam.junit4.rule.AdbRule$apply$1.ev
03-27 15:46:12.622 21284-21309/? E/TestRunner: aluate(AdbRule.kt:64)
03-27 15:46:12.622 21284-21309/? E/TestRunner: 	at org.junit.rules.ExternalResource$1.evaluate(ExternalResource.java:54)
03-27 15:46:12.622 21284-21309/? E/TestRunner: 	at org.junit.runners.ParentRunner$3.evaluate(ParentRunner.java:306)
03-27 15:46:12.622 21284-21309/? E/TestRunner: 	at org.junit.runners.BlockJUnit4ClassRunner$1.evaluate(BlockJUnit4ClassRunner.java:100)
03-27 15:46:12.622 21284-21309/? E/TestRunner: 	at org.junit.runners.ParentRunner.runLeaf(ParentRunner.java:366)
03-27 15:46:12.622 21284-21309/? E/TestRunner: 	at org.junit.runners.BlockJUnit4ClassRunner.runChild(BlockJUnit4ClassRunner.java:103)
03-27 15:46:12.622 21284-21309/? E/TestRunner: 	at org.junit.runners.BlockJUnit4ClassRunner.runChild(BlockJUnit4ClassRunner.java:63)
03-27 15:46:12.622 21284-21309/? E/TestRunner: 	at org.junit.runners.ParentRunner$4.run(ParentRunner.java:331)
03-27 15:46:12.622 21284-21309/? E/TestRunner: 	at org.junit.runners.ParentRunner$1.schedule(ParentRunner.java:79)
03-27 15:46:12.622 21284-21309/? E/TestRunner: 	at org.junit.runners.ParentRunner.runChildren(ParentRunner.java:329)
03-27 15:46:12.622 21284-21309/? E/TestRunner: 	at org.junit.runners.ParentRunner.access$100(ParentRunner.java:66)
03-27 15:46:12.622 21284-21309/? E/TestRunner: 	at org.junit.runners.ParentRunner$2.evaluate(ParentRunner.java:293)
03-27 15:46:12.622 21284-21309/? E/TestRunner: 	at org.junit.runners.ParentRunner$3.evaluate(ParentRunner.java:306)
03-27 15:46:12.622 21284-21309/? E/TestRunner: 	at org.junit.runners.ParentRunner.run(ParentRunner.java:413)
03-27 15:46:12.622 21284-21309/? E/TestRunner: 	at androidx.test.ext.junit.runners.AndroidJUnit4.run(AndroidJUnit4.java:162)
03-27 15:46:12.622 21284-21309/? E/TestRunner: 	at io.qameta.allure.android.runners.AllureAndroidJUnit4.run(AllureAndroidJUnitRunners.kt:29)
03-27 15:46:12.622 21284-21309/? E/TestRunner: 	at org.junit.runners.Suite.runChild(Suite.java:128)
03-27 15:46:12.622 21284-21309/? E/TestRunner: 	at org.junit.runners.Suite.runChild(Suite.java:27)
03-27 15:46:12.622 21284-21309/? E/TestRunner: 	at org.junit.runners.ParentRunner$4.run(ParentRunner.java:331)
03-27 15:46:12.622 21284-21309/? E/TestRunner: 	at org.junit.runners.ParentRunner$1.schedule(ParentRunner.java:79)
03-27 15:46:12.622 21284-21309/? E/TestRunner: 	at org.junit.runners.ParentRunner.runChildren(ParentRunner.java:329)
03-27 15:46:12.622 21284-21309/? E/TestRunner: 	at org.junit.runners.ParentRunner.access$100(ParentRunner.java:66)
03-27 15:46:12.622 21284-21309/? E/TestRunner: 	at org.junit.runners.ParentRunner$2.evaluate(ParentRunner.java:293)
03-27 15:46:12.622 21284-21309/? E/TestRunner: 	at org.junit.runners.ParentRunner$3.evaluate(ParentRunner.java:306)
03-27 15:46:12.622 21284-21309/? E/TestRunner: 	at org.junit.runners.ParentRunner.run(ParentRunner.java:413)
03-27 15:46:12.622 21284-21309/? E/TestRunner: 	at org.junit.runner.JUnitCore.run(JUnitCore.java:137)
03-27 15:46:12.622 21284-21309/? E/TestRunner: 	at org.junit.runner.JUnitCore.run(JUnitCore.java:115)
03-27 15:46:12.622 21284-21309/? E/TestRunner: 	at androidx.test.internal.runner.TestExecutor.execute(TestExecutor.java:67)
03-27 15:46:12.622 21284-21309/? E/TestRunner: 	at androidx.test.internal.runner.TestExecutor.execute(TestExecutor.java:58)
03-27 15:46:12.622 21284-21309/? E/TestRunner: 	at androidx.test.runner.AndroidJUnitRunner.onStart(AndroidJUnitRunner.java:446)
03-27 15:46:12.622 21284-21309/? E/TestRunner: 	at android.app.Instrumentation$InstrumentationThread.run(Instrumentation.java:2248)
03-27 15:46:12.622 21284-21309/? E/TestRunner: ----- end exception -----
03-27 15:46:12.622 540-561/? W/ActivityTaskManager: Can't find TaskDisplayArea to determine support for multi window. Task id=142 attached=false
03-27 15:46:12.622 540-561/? W/ActivityTaskManager: Can't find TaskDisplayArea to determine support for multi window. Task id=142 attached=false
03-27 15:46:12.623 350-390/? D/goldfish-address-space: claimShared: Ask to claim region [0x3f0f01000 0x3f1827000]
03-27 15:46:12.624 350-390/? D/goldfish-address-space: claimShared: Ask to claim region [0x3f1827000 0x3f214d000]
03-27 15:46:12.627 21284-21309/? I/TestRunner: finished: testVmState(com.example.AdbActivityTest)
03-27 15:46:12.629 350-390/? D/goldfish-address-space: claimShared: Ask to claim region [0x3f214d000 0x3f24d1000]
03-27 15:46:12.633 350-390/? D/goldfish-address-space: claimShared: Ask to claim region [0x3f24d1000 0x3f2aac000]
03-27 15:46:12.634 540-557/? I/ActivityTaskManager: Displayed com.example.test/androidx.test.core.app.InstrumentationActivityInvoker$EmptyActivity: +62ms
03-27 15:46:12.648 408-408/? I/BpBinder: onLastStrongRef automatically unlinking death recipients: <uncached descriptor>
03-27 15:46:12.650 21284-21309/? I/TestRunner: run finished: 1 tests, 1 failed, 0 ignored
03-27 15:46:12.654 350-390/? D/goldfish-address-space: claimShared: Ask to claim region [0x3ed4cf000 0x3ed853000]
03-27 15:46:12.664 540-600/? W/InputManager-JNI: Input channel object '4613034 Splash Screen com.example.test (client)' was disposed without first being removed with the input manager!
03-27 15:46:12.666 1432-1432/? I/A: onApplyWindowInsets: systemWindowInsets=Insets{left=0, top=66, right=0, bottom=132}
03-27 15:46:12.666 1432-1432/? I/A: onApplyWindowInsets: systemWindowInsets=Insets{left=0, top=66, right=0, bottom=132}
03-27 15:46:12.667 350-390/? D/goldfish-address-space: claimShared: Ask to claim region [0x3f0000000 0x3f0926000]
03-27 15:46:12.669 350-390/? D/goldfish-address-space: claimShared: Ask to claim region [0x3f2aac000 0x3f33d2000]
03-27 15:46:12.669 350-390/? D/goldfish-address-space: claimShared: Ask to claim region [0x3f4000000 0x3f4926000]
03-27 15:46:12.675 1305-1305/? I/GsaVoiceInteractionSrv: Handling ACTION_START_HOTWORD
03-27 15:46:12.675 1305-1305/? I/GsaVoiceInteractionSrv: disregardVoiceMatch: false
03-27 15:46:12.675 1305-1305/? I/GsaVoiceInteractionSrv: Cannot start hotword, hotword has been explicitly disabled.
03-27 15:46:12.676 540-554/? W/ActivityManager: Unable to start service Intent { act=android.service.smartspace.SmartspaceService cmp=com.google.android.as/com.google.android.apps.miphone.aiai.app.AiAiSmartspaceService } U=0: not found
03-27 15:46:12.676 540-554/? W/RemoteSmartspaceService: could not bind to Intent { act=android.service.smartspace.SmartspaceService cmp=com.google.android.as/com.google.android.apps.miphone.aiai.app.AiAiSmartspaceService } using flags 67112961
03-27 15:46:12.676 540-540/? W/ActivityManager: Unbind failed: could not find connection for android.app.LoadedApk$ServiceDispatcher$InnerConnection@a2df918
03-27 15:46:12.688 540-3443/? I/ActivityManager: Force stopping com.example appid=10171 user=0: finished inst
03-27 15:46:12.691 350-390/? D/goldfish-address-space: claimShared: Ask to claim region [0x3f4f01000 0x3f5827000]
03-27 15:46:12.694 350-390/? D/goldfish-address-space: claimShared: Ask to claim region [0x3f5827000 0x3f614d000]
03-27 15:46:12.696 540-3443/? I/ActivityManager: Killing 21284:com.example/u0a171 (adj 0): stop com.example due to finished inst
03-27 15:46:12.700 350-390/? D/goldfish-address-space: claimShared: Ask to claim region [0x3ed853000 0x3edbd7000]
03-27 15:46:12.703 350-390/? D/goldfish-address-space: claimShared: Ask to claim region [0x3f614d000 0x3f6a73000]
03-27 15:46:12.705 21264-21264/? I/app_process: System.exit called, status: 0
03-27 15:46:12.705 21264-21264/? I/AndroidRuntime: VM exiting with result code 0.
03-27 15:46:12.708 350-390/? D/goldfish-address-space: claimShared: Ask to claim region [0x3ec5ce000 0x3ec952000]
03-27 15:46:12.713 1432-2945/? I/OpenGLRenderer: Davey! duration=9692ms; Flags=1, FrameTimelineVsyncId=9948, IntendedVsync=2714138537771, Vsync=2714138537771, InputEventId=0, HandleInputStart=2714138710088, AnimationStart=2714138710529, PerformTraversalsStart=2714138710920, DrawStart=2714150758418, FrameDeadline=2714171871103, FrameInterval=2714138702405, FrameStartTime=16666666, SyncQueued=2714153570708, Sync
03-27 15:46:12.713 1432-2945/? I/OpenGLRenderer: Start=2714153860290, IssueDrawCommandsStart=2714154123579, SwapBuffers=2714154577815, FrameCompleted=2723830842940, DequeueBufferDuration=3176, QueueBufferDuration=440147, GpuCompleted=2723830842940, SwapBuffersCompleted=2714155328285, DisplayPresentTime=1419357335502979072, 
03-27 15:46:12.717 540-2066/? W/ActivityManager: Unable to start service Intent { act=android.service.smartspace.SmartspaceService cmp=com.google.android.as/com.google.android.apps.miphone.aiai.app.AiAiSmartspaceService } U=0: not found
03-27 15:46:12.717 540-2066/? W/RemoteSmartspaceService: could not bind to Intent { act=android.service.smartspace.SmartspaceService cmp=com.google.android.as/com.google.android.apps.miphone.aiai.app.AiAiSmartspaceService } using flags 67112961
03-27 15:46:12.718 540-540/? W/ActivityManager: Unbind failed: could not find connection for android.app.LoadedApk$ServiceDispatcher$InnerConnection@cbfd63a
03-27 15:46:12.718 350-390/? D/goldfish-address-space: claimShared: Ask to claim region [0x3ec952000 0x3eccd6000]
03-27 15:46:12.725 21313-21339/? I/MPEG4Writer: setStartTimestampUs: 2723536516
03-27 15:46:12.731 11419-21391/? I/ProvidersCache: Provider returned no roots. Possibly naughty: com.google.android.apps.docs.storage
03-27 15:46:12.732 1267-1267/? I/GoogleInputMethodService: GoogleInputMethodService.onFinishInput():3420 
03-27 15:46:12.732 1267-1267/? I/GoogleInputMethodService: GoogleInputMethodService.onStartInput():2002 
03-27 15:46:12.736 21313-21316/? W/GraphicBufferSource: released unpopulated slots: [7, 8, 9, 10, 11, 12, 13, 14, 15, 16, 17, 18, 19, 20, 21, 22, 23, 24, 25, 26, 27, 28, 29, 30, 31, 32, 33, 34, 35, 36, 37, 38, 39, 40, 41, 42, 43, 44, 45, 46, 47, 48, 49, 50, 51, 52, 53, 54, 55, 56, 57, 58, 59, 60, 61, 62, 63]
03-27 15:46:12.738 1267-1267/? I/DeviceUnlockedTag: DeviceUnlockedTag.notifyDeviceLockStatusChanged():31 Notify device unlocked.
03-27 15:46:12.742 540-570/? I/libprocessgroup: Successfully killed process cgroup uid 10171 pid 21284 in 45ms
03-27 15:46:12.745 21313-21313/? D/MPEG4Writer: reset()
03-27 15:46:12.745 21313-21313/? D/MPEG4Writer: Video track stopping. Stop source
03-27 15:46:12.745 21313-21313/? D/MPEG4Writer: Video track source stopping
03-27 15:46:12.745 21313-21313/? D/MPEG4Writer: Video track source stopped
03-27 15:46:12.745 21313-21338/? V/MediaWriter: Track event err/info msg:101, trackId:1, type:1000,val:-1011
03-27 15:46:12.745 21313-21338/? I/MPEG4Writer: Received total/0-length
03-27 15:46:12.745 21313-21338/? I/MPEG4Writer:  (10/0) buffers and encoded 10 frames. - Video
03-27 15:46:12.746 21313-21313/? D/MPEG4Writer: Video track stopped. Status:0. Stop source
03-27 15:46:12.746 21313-21339/? V/MediaWriter: Track event err/info msg:101, trackId:2, type:1000,val:-1011
03-27 15:46:12.746 21313-21339/? W/MPEG4Writer: 0-duration samples found: 1
03-27 15:46:12.746 21313-21339/? I/MPEG4Writer: Received total/0-length (1/0) buffers and encoded 1 frames. - Metadata
03-27 15:46:12.746 21313-21313/? D/MPEG4Writer: Metadata track stopping. Stop source
03-27 15:46:12.746 21313-21313/? D/MPEG4Writer: Metadata track source stopping
03-27 15:46:12.746 21313-21313/? D/MPEG4Writer: Metadata track source stopped
03-27 15:46:12.746 21313-21313/? D/MPEG4Writer: Metadata track stopped. Status:0. Stop source
03-27 15:46:12.746 21313-21313/? D/MPEG4Writer: Duration from tracks range is [0, 220907] us
03-27 15:46:12.746 21313-21335/? D/MPEG4Writer: 0 chunks are written in the last batch
03-27 15:46:12.746 21313-21313/? D/MPEG4Writer: WriterThread stopped. Status:0
03-27 15:46:12.746 21313-21313/? I/MPEG4Writer: Adjust the moov start time from 2723536516 us -> 2723536
03-27 15:46:12.746 21313-21313/? I/MPEG4Writer: 516 us
03-27 15:46:12.746 21313-21313/? I/MPEG4Writer: MOOV atom was written to the file
03-27 15:46:12.746 21313-21313/? D/MPEG4Writer: release()
03-27 15:46:12.746 21313-21313/? D/MPEG4Writer: ftruncate mPreAllocateFileEndOffset:53418 mOffset:1328 mMdatEndOffset:51082 diff:2336
03-27 15:46:12.749 21313-21313/? D/MPEG4Writer: final fsync() takes 2 ms, file size 51082
03-27 15:46:12.749 21313-21313/? D/MPEG4Writer: MP4WtrCtrlHlpLooper stopped
03-27 15:46:12.749 21313-21313/? D/MPEG4Writer: Top 5 write durations(microseconds): #1:6 #2:11 #3:24 #4:385 #5:788
03-27 15:46:12.750 21313-21318/? I/hw-BpHwBinder: onLastStrongRef automatically unlinking death recipients
03-27 15:46:12.750 458-6171/? I/hw-BpHwBinder: onLastStrongRef automatically unlinking death recipients
03-27 15:46:12.751 458-6171/? V/C2Store: in ~ComponentModule
03-27 15:46:12.751 458-6171/? V/C2Store: unloading dll
03-27 15:46:12.764 540-2399/? V/ActivityManager: Got obituary of 21284:com.example
03-27 15:46:12.766 540-560/? W/ActivityManager: setHasOverlayUi called on unknown pid: 21284
03-27 15:46:12.768 334-334/? I/Zygote: Process 21284 exited due to signal 9 (Killed)
03-27 15:46:12.771 21313-21313/? D/ScreenRecord: success
03-27 15:46:12.771 1303-2216/? I/MediaProvider: Begin Intent { act=android.intent.action.MEDIA_SCANNER_SCAN_FILE dat=file:///sdcard/com.example.AdbActivityTest-testVmState-754c4137-4758-4140-a7e4-a93cb6733530.mp4 flg=0x1400010 cmp=com.google.android.providers.media.module/com.android.providers.media.MediaService }
03-27 15:46:12.772 21313-21313/? I/BpBinder: onLastStrongRef automatically unlinking death recipients: <uncached descriptor>
03-27 15:46:12.772 21313-21313/? I/BpBinder: onLastStrongRef automatically unlinking death recipients: <uncached descriptor>
03-27 15:46:12.772 458-6172/? D/BufferPoolAccessor2.0: Destruction - bufferpool2 0x7de64862f3d8 cached: 0/0M, 0/0% in use; allocs: 11, 91% recycled; transfers: 11, 91% unfetched
03-27 15:46:12.781 11419-21407/? I/ProvidersCache: Provider returned no roots. Possibly naughty: com.google.android.apps.docs.storage
03-27 15:46:12.790 1303-2216/? I/MediaProvider: End Intent { act=android.intent.action.MEDIA_SCANNER_SCAN_FILE dat=file:///sdcard/com.example.AdbActivityTest-testVmState-754c4137-4758-4140-a7e4-a93cb6733530.mp4 flg=0x1400010 cmp=com.google.android.providers.media.module/com.android.providers.media.MediaService }
03-27 15:46:12.794 713-730/? I/ndroid.systemu: NativeAlloc concurrent copying GC freed 30086(1293KB) AllocSpace objects, 0(0B) LOS objects, 49% free, 9765KB/19MB, paused 139us,22us total 194.715ms
03-27 15:46:12.800 713-732/? W/System: A resource failed to call close. 
03-27 15:46:12.800 713-732/? W/System: A resource failed to call close. 
03-27 15:46:12.800 713-732/? W/System: A resource failed to call release. 
03-27 15:46:12.800 713-732/? W/System: A resource failed to call close. 
03-27 15:46:12.800 713-732/? W/System: A resource failed to call close. 
03-27 15:46:12.800 713-732/? W/System: A resource failed to call release. 
03-27 15:46:12.800 713-732/? W/System: A resource failed to call release. 
03-27 15:46:12.801 713-732/? W/System: A resource failed to call close. 
03-27 15:46:12.801 713-732/? W/System: [ 03
03-27 15:46:12.801 713-732/? W/System: -27 15:46:12.801   713:  732 W/System   ]
03-27 15:46:12.801 713-732/? W/System: A resource failed to call release. 
03-27 15:46:12.801 713-732/? W/System: A resource failed to call release. 
03-27 15:46:12.814 6721-6757/? I/NetworkScheduler.Stats: Task com.google.android.gms/com.google.android.gms.ipa.base.IpaGcmTaskService started execution. cause:9 exec_start_elapsed_seconds: 2723 [CONTEXT service_id=218 ]
03-27 15:46:12.817 6721-17547/? I/NetworkScheduler.Stats: Task com.google.android.gms/com.google.android.gms.ipa.base.IpaGcmTaskService finished executing. cause:9 result: 1 elapsed_millis: 11 uptime_millis: 11 exec_start_elapsed_seconds: 2723 [CONTEXT service_id=218 ]
03-27 15:46:12.979 458-768/? D/BufferPoolAccessor2.0: evictor expired: 1, evicted: 0
03-27 15:46:13.100 540-1630/? W/InputManager-JNI: Input channel object 'e0fff6 com.example.test/androidx.test.core.app.InstrumentationActivityInvoker$EmptyActivity (client)' was disposed without first being removed with the input manager!
03-27 15:46:13.102 540-561/? W/ActivityTaskManager: Can't find TaskDisplayArea to determine support for multi window. Task id=143 attached=false
03-27 15:46:13.102 540-561/? W/ActivityTaskManager: Can't find TaskDisplayArea to determine support for multi window. Task id=143 attached=false
03-27 15:46:13.169 540-551/? W/System: A resource failed to call release. 
03-27 15:46:13.169 540-551/? W/System: A resource failed to call close. 
03-27 15:46:13.169 540-551/? W/System: A resource failed to call release. 
03-27 15:46:13.169 540-551/? W/System: A resource failed to call close. 
03-27 15:46:13.169 540-551/? W/System: A resource failed to call close. 
03-27 15:46:13.169 540-551/? W/System: A resource failed to call release. 
03-27 15:46:13.169 540-551/? W/System: A resource failed to call release. 
03-27 15:46:13.170 540-551/? W/System: A resource failed to call close. 
03-27 15:46:13.170 540-551/? W/System: A resource failed to call close. 
03-27 15:46:13.170 540-551/? W/System: A resource failed to call release. 
03-27 15:46:13.170 540-551/? W/System: A resource failed to call release. 
03-27 15:46:13.170 540-551/? W/System: [ 
03-27 15:46:13.170 540-551/? W/System: 03-27 15:46:13.170   540:  551 W/System   ]
03-27 15:46:13.170 540-551/? W/System: A resource failed to call close. 
03-27 15:46:13.170 540-551/? W/System: A resource failed to call close. 
03-27 15:46:13.372 1303-1551/? I/MediaProvider: Deleted 0 0 0 1 0 0 0 items on external_primary due to com.android.shell
