03-27 15:45:50.572 1303-11884/? W/MediaProvider: isAppCloneUserPair for user 0: false
03-27 15:45:50.572 19824-19843/? W/FileTestStorage: Output properties is not supported.
03-27 15:45:50.572 19824-19843/? I/Tracing: Tracer added: class androidx.test.platform.tracing.AndroidXTracer
03-27 15:45:50.574 408-433/? E/HWComposer: getSupportedContentTypes: getSupportedContentTypes failed for display 4619827259835644672: Unsupported (8)
03-27 15:45:50.575 19847-19847/? D/MediaCodecList: codecHandlesFormat: no format, so no extra checks
03-27 15:45:50.577 19847-19852/? D/CCodec: allocate(c2.android.avc.encoder)
03-27 15:45:50.577 19824-19843/? D/EventInjectionStrategy: Creating injection strategy with input manager.
03-27 15:45:50.577 19824-19843/? W/com.example: Accessing hidden method Landroid/hardware/input/InputManager;->getInstance()Landroid/hardware/input/InputManager; (unsupported, reflection, allowed)
03-27 15:45:50.577 19824-19843/? W/com.example: Accessing hidden method Landroid/hardware/input/InputManager;->injectInputEvent(Landroid/view/InputEvent;I)Z (unsupported, reflection, allowed)
03-27 15:45:50.577 19824-19843/? W/com.example: Accessing hidden field Landroid/hardware/input/InputManager;->INJECT_INPUT_EVENT_MODE_WAIT_FOR_FINISH:I (unsupported, reflection, allowed)
03-27 15:45:50.578 19847-19852/? I/Codec2Client: Available Codec2 services: "default" "software"
03-27 15:45:50.579 19847-19852/? I/CCodec: setting up 'default' as default (vendor) store
03-27 15:45:50.580 458-6172/? V/C2Store: in init
03-27 15:45:50.580 458-6172/? V/C2Store: loading dll
03-27 15:45:50.581 458-6172/? I/mediaswcodec: missing struct descriptor #Param::CoreIndex(--004) for field values of struct #Param::CoreIndex(F-12004)
03-27 15:45:50.581 458-6172/? I/mediaswcodec: missing struct descriptor #Param::CoreIndex(--1812) for field values of struct #Param::CoreIndex(F-11812)
03-27 15:45:50.581 458-6172/? I/mediaswcodec: missing struct descriptor #Param::CoreIndex(--004) for field values of struct #Param::CoreIndex(F-12004)
03-27 15:45:50.581 458-6172/? I/mediaswcodec: missing struct descriptor #Param::CoreIndex(--1812) for field values of struct #Param::CoreIndex(F-11812)
03-27 15:45:50.582 19847-19852/? I/CCodec: Created component [c2.android.avc.encoder]
03-27 15:45:50.582 19847-19852/? D/CCodecConfig: read media type: video/avc
03-27 15:45:50.583 19847-19852/? D/ReflectedParamUpdater: extent() != 1 for single value type: algo.buffers.max-count.values
03-27 15:45:50.583 19847-19852/? D/ReflectedParamUpdater: extent() != 1 for single value type: output.subscribed-indices.values
03-27 15:45:50.583 19847-19852/? D/ReflectedParamUpdater: extent() != 1 for single value type: input.buffers.allocator-ids.values
03-27 15:45:50.583 19847-19852/? D/ReflectedParamUpdater: extent() != 1 for single value type: output.buffers.allocator-ids.values
03-27 15:45:50.583 19847-19852/? D/ReflectedParamUpdater: extent() != 1 for single value type: algo.buffers.allocator-ids.values
03-27 15:45:50.583 19847-19852/? D/ReflectedParamUpdater: extent() != 1 for single value type: output.buffers.pool-ids.values
03-27 15:45:50.583 19847-19852/? D/ReflectedParamUpdater: extent() != 1 for single value type: algo.buffers.pool-ids.values
03-27 15:45:50.584 19847-19852/? D/ReflectedParamUpdater: ignored struct field coding.gop.values
03-27 15:45:50.584 19847-19852/? D/ReflectedParamUpdater: ignored struct field coding.qp.values
03-27 15:45:50.584 19847-19852/? D/CCodecConfig: ignoring local param raw.color (0xc2001809) as it is already supported
03-27 15:45:50.584 19847-19852/? I/CCodecConfig: query failed after returning 12 values (BAD_INDEX)
03-27 15:45:50.584 19847-19852/? D/CCodecConfig: c2 config diff is Dict {
03-27 15:45:50.584 19847-19852/? D/CCodecConfig:   c2::u32 coded.bitrate.value = 64000
03-27 15:45:50.584 19847-19852/? D/CCodecConfig:   c2::float coded.frame-rate.value = 1
03-27 15:45:50.584 19847-19852/? D/CCodecConfig:   c2::u32 coded.pl.level = 20492
03-27 15:45:50.584 19847-19852/? D/CCodecConfig:   c2::u32 coded.pl.profile = 20481
03-27 15:45:50.584 19847-19852/? D/CCodecConfig:   c2::u32 coded.vui.color.matrix = 0
03-27 15:45:50.584 19847-19852/? D/CCodecConfig:   c2::u32 coded.vui.color.primaries = 0
03-27 15:45:50.584 19847-19852/? D/CCodecConfig:   c2::u32 coded.vui.color.range = 0
03-27 15:45:50.584 19847-19852/? D/CCodecConfig:   c2::u32 coded.vui.color.transfer = 0
03-27 15:45:50.584 19847-19852/? D/CCodecConfig:   c2::u32 coding.intra-refre
03-27 15:45:50.584 19847-19852/? D/CCodecConfig: sh.mode = 0
03-27 15:45:50.584 19847-19852/? D/CCodecConfig:   c2::float coding.intra-refresh.period = 0
03-27 15:45:50.584 19847-19852/? D/CCodecConfig:   c2::u32 coding.request-sync-frame.value = 0
03-27 15:45:50.584 19847-19852/? D/CCodecConfig:   c2::i64 coding.sync-frame-interval.value = 1000000
03-27 15:45:50.584 19847-19852/? D/CCodecConfig:   c2::u32 input.delay.value = 0
03-27 15:45:50.584 19847-19852/? D/CCodecConfig:   string input.media-type.value = "video/raw"
03-27 15:45:50.584 19847-19852/? D/CCodecConfig:   string output.media-type.value = "video/avc"
03-27 15:45:50.584 19847-19852/? D/CCodecConfig:   c2::u32 raw.color.matrix = 0
03-27 15:45:50.584 19847-19852/? D/CCodecConfig:   c2::u32 raw.color.primaries = 0
03-27 15:45:50.584 19847-19852/? D/CCodecConfig:   c2::u32 raw.color.range = 0
03-27 15:45:50.584 19847-19852/? D/CCodecConfig:   c2::u32 raw.color.transfer = 0
03-27 15:45:50.584 19847-19852/? D/CCodecConfig:   c2::u32 raw.size.height = 16
03-27 15:45:50.584 19847-19852/? D/CCodecConfig:   c2::u32 raw.size.width = 16
03-27 15:45:50.584 19847-19852/? D/CCodecConfig: }
03-27 15:45:50.584 19847-19852/? W/ColorUtils: expected specified color aspects (0:0:0:0)
03-27 15:45:50.587 19847-19847/? D/CodecSeeding: Seed: codec c2.android.avc.encoder, mediatype video/avc, overrideable 1
03-27 15:45:50.587 19847-19847/? D/CodecProperties: setTuningValue(vq-target-bpp,0)
03-27 15:45:50.587 19847-19847/? D/CodecProperties: setTuningValue(vq-target-bpp-1080p,1.90)
03-27 15:45:50.587 19847-19847/? D/CodecProperties: setTuningValue(vq-target-bpp-720p,2.25)
03-27 15:45:50.587 19847-19847/? D/CodecProperties: setTuningValue(vq-target-bpp-540p,2.65)
03-27 15:45:50.587 19847-19847/? D/CodecProperties: setTuningValue(vq-target-bpp-480p,3.00)
03-27 15:45:50.587 19847-19847/? D/CodecProperties: setTuningValue(vq-target-bpp-320x240,0)
03-27 15:45:50.587 19847-19847/? D/CodecProperties: setTuningValue(vq-target-qpmax,-1)
03-27 15:45:50.587 19847-19847/? D/CodecProperties: setTuningValue(vq-target-qpmax-1080p,45)
03-27 15:45:50.587 19847-19847/? D/CodecProperties: setTuningValue(vq-target-qpmax-720p,43)
03-27 15:45:50.587 19847-19847/? D/CodecProperties: setTuningValu
03-27 15:45:50.587 19847-19847/? D/CodecProperties: e(vq-target-qpmax-540p,42)
03-27 15:45:50.587 19847-19847/? D/CodecProperties: setTuningValue(vq-target-qpmax-480p,38)
03-27 15:45:50.587 19847-19847/? D/CodecProperties: setTuningValue(vq-bitrate-phaseout,1.75)
03-27 15:45:50.587 19847-19847/? D/CodecProperties: setTuningValue(vq-boost-missing-qp,0.20)
03-27 15:45:50.587 19847-19847/? D/CodecProperties: setFeatureValue(intra-refresh,0)
03-27 15:45:50.587 19847-19847/? D/CodecProperties: setFeatureValue(qp-bounds,0)
03-27 15:45:50.587 19847-19847/? D/CodecProperties: setFeatureValue(_vq_eligible.device,1)
03-27 15:45:50.587 19847-19847/? D/CodecProperties: setFeatureValue(_quality.target,1)
03-27 15:45:50.587 19847-19847/? D/CodecSeeding: Seed: codec c2.android.avc.encoder, mediatype video/avc, overrideable 0
03-27 15:45:50.587 19847-19847/? D/VQApply: raise bitrate: configured 1000000 to floor 2073600
03-27 15:45:50.587 19847-19847/? D/VQApply: minquality by QP: inject video-qp-max=43
03-27 15:45:50.587 19847-19847/? D/VQApply: minquality/target bitrate raised from 1000000 to 2073600 bps
03-27 15:45:50.587 19847-19847/? D/MediaCodec: shapeMediaFormat: deltas(6): AMessage(what = 0x00000000) = {
03-27 15:45:50.587 19847-19847/? D/MediaCodec:     int32_t bitrate = 2073600
03-27 15:45:50.587 19847-19847/? D/MediaCodec:     int32_t android._encoding-quality-level = 0
03-27 15:45:50.587 19847-19847/? D/MediaCodec:     int32_t video-qp-max = 43
03-27 15:45:50.587 19847-19847/? D/MediaCodec:     int32_t video-qp-i-max = 43
03-27 15:45:50.587 19847-19847/? D/MediaCodec:     int32_t video-qp-p-max = 46
03-27 15:45:50.587 19847-19847/? D/MediaCodec:     int32_t video-qp-b-max = 49
03-27 15:45:50.587 19847-19847/? D/MediaCodec:   }
03-27 15:45:50.587 19847-19852/? D/CCodec: [c2.android.avc.encoder] buffers are bound to CCodec for this session
03-27 15:45:50.588 19847-19852/? D/CCodecConfig: no c2 equivalents for color-format
03-27 15:45:50.588 19847-19852/? D/CCodecConfig: no c2 equivalents for max-bframes
03-27 15:45:50.588 19847-19852/? D/CCodecConfig: no c2 equivalents for video-qp-max
03-27 15:45:50.588 19847-19852/? D/CCodecConfig: no c2 equivalents for video-qp-i-max
03-27 15:45:50.588 19847-19852/? D/CCodecConfig: no c2 equivalents for video-qp-p-max
03-27 15:45:50.588 19847-19852/? D/CCodecConfig: no c2 equivalents for video-qp-b-max
03-27 15:45:50.588 19847-19852/? D/CCodecConfig: no c2 equivalents for flags
03-27 15:45:50.588 19847-19852/? D/CCodecConfig: no c2 equivalents for encoder
03-27 15:45:50.588 19847-19852/? D/CCodecConfig: c2 config diff is   c2::u32 coded.bitrate.value = 2073600
03-27 15:45:50.588 19847-19852/? D/CCodecConfig:   c2::float coded.frame-rate.value = 60
03-27 15:45:50.588 19847-19852/? D/CCodecConfig:   c2::i64 coding.sync-frame-interval.value = 10000000
03-27 15:45:50.588 19847-19852/? D/CCodecConfig:   c2::u32 raw.size.height = 1280
03-27 15:45:50.588 19847-19852/? D/CCodecConfig:   c2::u32 raw.size.width = 720
03-27 15:45:50.588 19847-19852/? W/ColorUtils: expected specified color aspects (0:0:0:0)
03-27 15:45:50.588 19847-19852/? D/CCodec: setup formats input: AMessage(what = 0x00000000) = {
03-27 15:45:50.588 19847-19852/? D/CCodec:   Rect crop(0, 0, 719, 1279)
03-27 15:45:50.588 19847-19852/? D/CCodec:   int32_t color-standard = 0
03-27 15:45:50.588 19847-19852/? D/CCodec:   int32_t color-range = 0
03-27 15:45:50.588 19847-19852/? D/CCodec:   int32_t color-transfer = 0
03-27 15:45:50.588 19847-19852/? D/CCodec:   int32_t frame-rate = 60
03-27 15:45:50.588 19847-19852/? D/CCodec:   int32_t height = 1280
03-27 15:45:50.588 19847-19852/? D/CCodec:   int32_t intra-refresh-period = 0
03-27 15:45:50.588 19847-19852/? D/CCodec:   string mime = "video/raw"
03-27 15:45:50.588 19847-19852/? D/CCodec:   int32_t width = 720
03-27 15:45:50.588 19847-19852/? D/CCodec:   int32_t android._dataspace = 0
03-27 15:45:50.588 19847-19852/? D/CCodec:   int32_t using-sw-read-often = 1
03-27 15:45:50.588 19847-19852/? D/CCodec:   int64_t android._C2MemoryUsage = 1
03-27 15:45:50.588 19847-19852/? D/CCodec:   int32_t color-format = 2130708361
03-27 15:45:50.588 19847-19852/? D/CCodec:   int32_t android._color-format = 2130708361
03-27 15:45:50.588 19847-19852/? D/CCodec: }
03-27 15:45:50.588 19847-19852/? D/CCodec: setup formats output: AMessage(what = 0x00000000) = {
03-27 15:45:50.588 19847-19852/? D/CCodec:   int32_t bitrate = 2073600
03-27 15:45:50.588 19847-19852/? D/CCodec:   Rect crop(0, 0, 719, 1279)
03-27 15:45:50.588 19847-19852/? D/CCodec:   int32_t color-standard = 0
03-27 15:45:50.588 19847-19852/? D/CCodec:   int32_t color-range = 0
03-27 15:45:50.588 19847-19852/? D/CCodec:   int32_t color-transfer = 0
03-27 15:45:50.588 19847-19852/? D/CCodec:   int32_t frame-rate = 60
03-27 15:45:50.588 19847-19852/? D/CCodec:   int32_t height = 1280
03-27 15:45:50.588 19847-19852/? D/CCodec:   int32_t intra-refresh-period = 0
03-27 15:45:50.588 19847-19852/? D/CCodec:   int32_t level = 4096
03-27 15:45:50.588 19847-19852/? D/CCodec:   int32_t max-bitrate = 2073600
03-27 15:45:50.588 19847-19852/? D/CCodec:   string mime = "video/avc"
03-27 15:45:50.588 19847-19852/? D/CCodec:   int32_t profile = 65536
03-27 15:45:50.588 19847-19852/? D/CCodec:   int32_t width = 720
03-27 15:45:50.588 19847-19852/? D/CCodec: }
03-27 15:45:50.588 19847-19852/? I/CCodecConfig: query failed after returning 13 values (BAD_INDEX)
03-27 15:45:50.589 19847-19852/? D/CCodec: input format changed to AMessage(what = 0x00000000) = {
03-27 15:45:50.589 19847-19852/? D/CCodec:   Rect crop(0, 0, 719, 1279)
03-27 15:45:50.589 19847-19852/? D/CCodec:   int32_t color-standard = 1
03-27 15:45:50.589 19847-19852/? D/CCodec:   int32_t color-range = 2
03-27 15:45:50.589 19847-19852/? D/CCodec:   int32_t color-transfer = 3
03-27 15:45:50.589 19847-19852/? D/CCodec:   int32_t frame-rate = 60
03-27 15:45:50.589 19847-19852/? D/CCodec:   int32_t height = 1280
03-27 15:45:50.589 19847-19852/? D/CCodec:   int32_t intra-refresh-period = 0
03-27 15:45:50.589 19847-19852/? D/CCodec:   string mime = "video/raw"
03-27 15:45:50.589 19847-19852/? D/CCodec:   int32_t width = 720
03-27 15:45:50.589 19847-19852/? D/CCodec:   int32_t android._dataspace = 260
03-27 15:45:50.589 19847-19852/? D/CCodec:   int32_t using-sw-read-often = 1
03-27 15:45:50.589 19847-19852/? D/CCodec:   int64_t android._C2MemoryUsage = 1
03-27 15:45:50.589 19847-19852/? D/CCodec:   int32_t color-format = 2130708361
03-27 15:45:50.589 19847-19852/? D/CCodec:   int32_t android._color-format = 2130708361
03-27 15:45:50.589 19847-19852/? D/CCodec: }
03-27 15:45:50.589 19847-19852/? D/GraphicBufferSource: setting dataspace: 0x104, acquired=0
03-27 15:45:50.589 19847-19852/? D/CCodec: ISConfig not changed
03-27 15:45:50.589 19847-19852/? W/Codec2Client: query -- param skipped: index = 1342179345.
03-27 15:45:50.589 19847-19852/? W/Codec2Client: query -- param skipped: index = 2415921170.
03-27 15:45:50.589 19847-19852/? D/CCodecBufferChannel: [c2.android.avc.encoder#110] Using basic input block pool with poolID 1 => got 1 - OK (0)
03-27 15:45:50.589 19847-19852/? D/C2Store: Using DMABUF Heaps
03-27 15:45:50.590 19847-19852/? I/CCodecBufferChannel: [c2.android.avc.encoder#110] Created output block pool with allocatorID 16 => poolID 62 - OK
03-27 15:45:50.590 19847-19852/? D/CCodecBufferChannel: [c2.android.avc.encoder#110] Configured output block pool ids 62 => OK
03-27 15:45:50.590 451-451/? W/ResourceManagerService: Ignoring request to add new resource entry with value <= 0
03-27 15:45:50.593 6721-6757/? I/NetworkScheduler.Stats: Task com.google.android.gms/com.google.android.gms.ipa.base.IpaGcmTaskService started execution. cause:9 exec_start_elapsed_seconds: 2701 [CONTEXT service_id=218 ]
03-27 15:45:50.596 192-192/? I/hwservicemanager: getTransport: Cannot find entry android.hardware.graphics.mapper@4.0::IMapper/default in either framework or device VINTF manifest.
03-27 15:45:50.596 1303-19408/? I/MediaProvider: Deleted 0 0 0 1 0 0 0 items on external_primary due to com.android.shell
03-27 15:45:50.596 19847-19850/? I/Gralloc4: mapper 4.x is not supported
03-27 15:45:50.598 1303-11884/? W/MediaProvider: isAppCloneUserPair for user 0: false
03-27 15:45:50.599 19824-19843/? W/Settings: Setting always_finish_activities has moved from android.provider.Settings.System to android.provider.Settings.Global, returning read-only value.
03-27 15:45:50.599 19847-19847/? D/MPEG4Writer: PreAllocation enabled
03-27 15:45:50.603 19847-19850/? D/HostConnection: createUnique: call
03-27 15:45:50.603 19847-19850/? D/HostConnection: HostConnection::ge
03-27 15:45:50.603 19847-19850/? D/HostConnection: t() New Host Connection established 0x78ec32c90ad0, tid 19850
03-27 15:45:50.603 19847-19850/? D/goldfish-address-space: allocate: Ask for block of size 0x100
03-27 15:45:50.603 19847-19850/? D/goldfish-address-space: allocate: ioctl allocate returned offset 0x3ebffe000 size 0x2000
03-27 15:45:50.603 6721-17547/? I/NetworkScheduler.Stats: Task com.google.android.gms/com.google.android.gms.ipa.base.IpaGcmTaskService finished executing. cause:9 result: 1 elapsed_millis: 15 uptime_millis: 15 exec_start_elapsed_seconds: 2701 [CONTEXT service_id=218 ]
03-27 15:45:50.605 540-2399/? I/ActivityTaskManager: START u0 {act=android.intent.action.MAIN cat=[android.intent.category.LAUNCHER] flg=0x10008000 cmp=com.example/.MainActivity} from uid 10171
03-27 15:45:50.609 540-2399/? W/ActivityTaskManager: Can't find TaskDisplayArea to determine support for multi window. Task id=128 attached=false
03-27 15:45:50.613 540-2399/? D/CompatibilityChangeReporter: Compat change id reported: 174042980; UID 10171; state: DISABLED
03-27 15:45:50.613 540-2399/? D/CompatibilityChangeReporter: Compat change id reported: 184838306; UID 10171; state: DISABLED
03-27 15:45:50.613 540-2399/? D/CompatibilityChangeReporter: Compat change id reported: 185004937; UID 10171; state: DISABLED
03-27 15:45:50.613 540-2399/? D/CompatibilityChangeReporter: Compat change id reported: 181136395; UID 10171; state: DISABLED
03-27 15:45:50.613 540-2399/? D/CompatibilityChangeReporter: Compat change id reported: 174042936; UID 10171; state: DISABLED
03-27 15:45:50.625 192-192/? I/hwservicemanager: getTransport: Cannot find entry android.hardware.graphics.allocator@4.0::IAllocator/default in either framework or device VINTF manifest.
03-27 15:45:50.626 19847-19850/? W/Gralloc4: allocator 4.x is not supported
03-27 15:45:50.627 350-350/? D/goldfish-address-space: claimShared: Ask to claim region [0x3ef399000 0x3ef71d000]
03-27 15:45:50.638 19847-19850/? D/HostConnection: HostComposition ext ANDROID_EMU_CHECKSUM_HELPER_v1 ANDROID_EMU_native_sync_v2 ANDROID_EMU_native_sync_v3 ANDROID_EMU_native_sync_v4 ANDROID_EMU_dma_v1 ANDROID_EMU_direct_mem ANDROID_EMU_vulkan ANDROID_EMU_deferred_vulkan_commands ANDROID_EMU_vulkan_null_optional_strings ANDROID_EMU_vulkan_create_resources_with_requirements ANDROID_EMU_YUV_Cache ANDROID_EMU_vulkan_ignored_handles ANDROID_EMU_has_shared_slots_host_memory_allocator ANDROID_EMU_vulkan_free_memory_sync ANDROID_EMU_vulkan_shader_float16_int8 ANDROID_EMU_vulkan_async_queue_submit ANDROID_EMU_vulkan_queue_submit_with_commands ANDROID_EMU_sync_buffer_data ANDROID_EMU_vulkan_async_qsri ANDROID_EMU_read_color_buffer_dma GL_OES_EGL_image_external_essl3 GL_OES_vertex_array_object GL_KHR_texture_compression_astc_ldr ANDROID_EMU_host_side_tracing ANDROID_EMU_gles_max_version_3_0 
03-27 15:45:50.640 11419-19863/? I/ProvidersCache: Provider returned no roots. Possibly naughty: com.google.android.apps.docs.storage
03-27 15:45:50.641 19847-19850/? D/GraphicBufferSource: got buffer with new dataSpace #104
03-27 15:45:50.641 19847-19850/? D/C2OMXNode: dataspace changed to 0x104 pixel format: 0x1
03-27 15:45:50.641 408-408/? I/BpBinder: onLastStrongRef automatically unlinking death recipients: <uncached descriptor>
03-27 15:45:50.642 458-19857/? D/SimpleC2Component: Using output block pool with poolID 62 => got 62 - 0
03-27 15:45:50.642 458-19857/? D/SimpleC2Component: applied 2 configUpdates => BAD_INDEX (6)
03-27 15:45:50.642 458-19857/? D/C2SoftAvcEnc: Params width 720 height 1280 level 41 colorFormat 0 bframes 0
03-27 15:45:50.642 350-350/? D/goldfish-address-space: claimShared: Ask to claim region [0x3ef71d000 0x3efaa1000]
03-27 15:45:50.643 458-19857/? E/C2SoftAvcEnc: Unable to set air params = 0x1ad
03-27 15:45:50.645 350-350/? D/goldfish-address-space: claimShared: Ask to claim region [0x3ee14d000 0x3eea73000]
03-27 15:45:50.646 19824-19824/? D/LifecycleMonitor: Lifecycle status change: com.example.MainActivity@8f9040 in: PRE_ON_CREATE
03-27 15:45:50.646 19824-19824/? V/ActivityScenario: Activity lifecycle changed event received but ignored because the reported transition was not ON_CREATE while the last known transition was PRE_ON_CREATE
03-27 15:45:50.660 350-350/? D/goldfish-address-space: claimShared: Ask to claim region [0x3ecf01000 0x3ed827000]
03-27 15:45:50.661 19824-19867/? D/libEGL: loaded /vendor/lib64/egl/libEGL_emulation.so
03-27 15:45:50.662 19824-19867/? D/libEGL: loaded /vendor/lib64/egl/libGLESv1_CM_emulation.so
03-27 15:45:50.663 19824-19867/? D/libEGL: loaded /vendor/lib64/egl/libGLESv2_emulation.so
03-27 15:45:50.670 350-350/? D/goldfish-address-space: claimShared: Ask to claim region [0x3f14dc000 0x3f1e02000]
03-27 15:45:50.696 19847-19852/? D/CCodecConfig: c2 config diff is   Buffer coded.init-data.value = {
03-27 15:45:50.696 19847-19852/? D/CCodecConfig:     00000000:  00 00 00 01 67 42 c0 29  8d 68 0b 40 a1 a4 20 20  ....gB.).h.@..  
03-27 15:45:50.696 19847-19852/? D/CCodecConfig:     00000010:  20 20 f0 88 46 a0 00 00  00 01 68 ce 01 a8 35 c8    ..F.....h...5.
03-27 15:45:50.696 19847-19852/? D/CCodecConfig:   }
03-27 15:45:50.698 19847-19847/? D/MPEG4Writer: fpathconf _PC_FILESIZEBITS:64
03-27 15:45:50.698 19847-19847/? D/MPEG4Writer: File size limit set to 4503599627370495 bytes implicitly
03-27 15:45:50.698 19847-19847/? D/MPEG4Writer: MP4WtrCtrlHlpLooper Started
03-27 15:45:50.699 19847-19847/? I/MPEG4Writer: limits: 4503599627370495/0 bytes/us, bit rate: -1 bps and the estimated moov size 3192 bytes
03-27 15:45:50.703 540-2399/? W/ActivityManager: Unable to start service Intent { act=android.service.smartspace.SmartspaceService cmp=com.google.android.as/com.google.android.apps.miphone.aiai.app.AiAiSmartspaceService } U=0: not found
03-27 15:45:50.703 540-2399/? W/RemoteSmartspaceService: could not bind to Intent { act=android.service.smartspace.SmartspaceService cmp=com.google.android.as/com.google.
03-27 15:45:50.703 540-2399/? W/RemoteSmartspaceService: android.apps.miphone.aiai.app.AiAiSmartspaceService } using flags 67112961
03-27 15:45:50.703 540-540/? W/ActivityManager: Unbind failed: could not find connection for android.app.LoadedApk$ServiceDispatcher$InnerConnection@8850571
03-27 15:45:50.703 1432-1432/? I/A: onApplyWindowInsets: systemWindowInsets=Insets{left=0, top=66, right=0, bottom=132}
03-27 15:45:50.703 1432-1432/? I/A: onApplyWindowInsets: systemWindowInsets=Insets{left=0, top=66, right=0, bottom=132}
03-27 15:45:50.705 19847-19874/? I/MPEG4Writer: setStartTimestampUs: 2701768573
03-27 15:45:50.705 19847-19874/? I/MPEG4Writer: Earliest track starting time: 2701768573
03-27 15:45:50.707 713-938/? D/EGL_emulation: app_time_stats: avg=594.69ms min=105.26ms max=1985.59ms count=4
03-27 15:45:50.711 713-938/? D/EGL_emulation: app_time_stats: avg=590.49ms min=96.70ms max=1984.92ms count=4
03-27 15:45:50.726 1305-1305/? I/GsaVoiceInteractionSrv: Handling ACTION_STOP_HOTWORD
03-27 15:45:50.726 1305-1305/? E/HwDetectorWithState: a: 3
03-27 15:45:50.731 19824-19824/? D/LifecycleMonitor: Lifecycle status change: com.example.MainActivity@8f9040 in: CREATED
03-27 15:45:50.731 19824-19824/? V/ActivityScenario: Update currentActivityStage to CREATED, currentActivity=com.example.MainActivity@8f9040
03-27 15:45:50.734 19824-19824/? D/LifecycleMonitor: Lifecycle status change: com.example.MainActivity@8f9040 in: STARTED
03-27 15:45:50.734 19824-19824/? V/ActivityScenario: Update currentActivityStage to STARTED, currentActivity=com.example.MainActivity@8f9040
03-27 15:45:50.739 19824-19824/? D/LifecycleMonitor: Lifecycle status change: com.example.MainActivity@8f9040 in: RESUMED
03-27 15:45:50.739 19824-19824/? V/ActivityScenario: Update currentActivityStage to RESUMED, currentActivity=com.example.MainActivity@8f9040
03-27 15:45:50.784 19824-19859/? D/HostConnection: createUnique: call
03-27 15:45:50.784 19824-19859/? D/HostConnection: HostConnection::get() New Host Connection established 0x7fa32f908290, tid 19859
03-27 15:45:50.791 19824-19859/? D/HostConnection: HostComposition ext ANDROID_EMU_CHECKSUM_HELPER_v1 ANDROID_EMU_native_sync_v2 ANDROID_EMU_native_sync_v3 ANDROID_EMU_native_sync_v4 ANDROID_EMU_dma_v1 ANDROID_EMU_direct_mem ANDROID_EMU_vulkan ANDROID_EMU_deferred_vulkan_commands ANDROID_EMU_vulkan_null_optional_strings ANDROID_EMU_vulkan_create_resources_with_requirements ANDROID_EMU_YUV_Cache ANDROID_EMU_vulkan_ignored_handles ANDROID_EMU_has_shared_slots_host_memory_alloc
03-27 15:45:50.791 19824-19859/? D/HostConnection: ator ANDROID_EMU_vulkan_free_memory_sync ANDROID_EMU_vulkan_shader_float16_int8 ANDROID_EMU_vulkan_async_queue_submit ANDROID_EMU_vulkan_queue_submit_with_commands ANDROID_EMU_sync_buffer_data ANDROID_EMU_vulkan_async_qsri ANDROID_EMU_read_color_buffer_dma GL_OES_EGL_image_external_essl3 GL_OES_vertex_array_object GL_KHR_texture_compression_astc_ldr ANDROID_EMU_host_side_tracing ANDROID_EMU_gles_max_version_3_0 
03-27 15:45:50.793 192-192/? I/hwservicemanager: getTransport: Cannot find entry android.hardware.configstore@1.0::ISurfaceFlingerConfigs/default in either framework or device VINTF manifest.
03-27 15:45:50.793 19824-19859/? W/OpenGLRenderer: Failed to choose config with EGL_SWAP_BEHAVIOR_PRESERVED, retrying without...
03-27 15:45:50.793 19824-19859/? W/OpenGLRenderer: Failed to initialize 101010-2 format, error = EGL_SUCCESS
03-27 15:45:50.794 19824-19859/? D/EGL_emulation: eglCreateContext: 0x7fa32f906010: maj 3 min 0 rcv 3
03-27 15:45:50.795 19824-19859/? D/EGL_emulation: eglMakeCurrent: 0x7fa32f906010: ver 3 0 (tinfo 0x7fa54d615080) (first time)
03-27 15:45:50.799 408-433/? E/HWComposer: getSupportedContentTypes: getSupportedContentTypes failed for display 4619827259835644672: Unsupported (8)
03-27 15:45:50.800 192-192/? I/hwservicemanager: getTransport: Cannot find entry android.hardware.graphics.mapper@4.0::IMapper/default in either framework or device VINTF manifest.
03-27 15:45:50.800 19824-19859/? I/Gralloc4: mapper 4.x is not supported
03-27 15:45:50.801 19824-19859/? D/HostConnection: createUnique: call
03-27 15:45:50.801 19824-19859/? D/HostConnection: HostConnection::get() New Host Connection established 0x7fa32f911710, tid 19859
03-27 15:45:50.801 19824-19859/? D/goldfish-address-space: allocate: Ask for block of size 0x100
03-27 15:45:50.801 19824-19859/? D/goldfish-address-space: allocate: ioctl allocate returned offset 0x3ebffe000 size 0x2000
03-27 15:45:50.822 192-192/? I/hwservicemanager: getTransport: Cannot find entry android.hardware.graphics.allocator@4.0::IAllocator/default in either framework or device VINTF manifest.
03-27 15:45:50.823 19824-19859/? W/Gralloc4: allocator 4.x is not supported
03-27 15:45:50.825 350-350/? D/goldfish-address-space: claimShared: Ask to claim region [0x3eea73000 0x3ef399000]
03-27 15:45:50.840 19824-19859/? D/HostConnection: HostComposition ext ANDROID_EMU_CHECKSUM_HELPER_v1 ANDROID_EMU_native_sync_v2 ANDROID_EMU_native_sync_v3 ANDROID_EMU_native_sync_v4 ANDROID_EMU_dma_v1 ANDROID_EMU_direct_mem ANDROID_EMU_vulkan ANDROID_EMU_deferred_vulkan_commands ANDROID_EMU_vulkan_null_optional_strings ANDROID_EMU_vulkan_create_resources_with_requirements ANDROID_EMU_YUV_Cache ANDROID_EMU_vulkan_ignored_handle
03-27 15:45:50.840 19824-19859/? D/HostConnection: s ANDROID_EMU_has_shared_slots_host_memory_allocator ANDROID_EMU_vulkan_free_memory_sync ANDROID_EMU_vulkan_shader_float16_int8 ANDROID_EMU_vulkan_async_queue_submit ANDROID_EMU_vulkan_queue_submit_with_commands ANDROID_EMU_sync_buffer_data ANDROID_EMU_vulkan_async_qsri ANDROID_EMU_read_color_buffer_dma GL_OES_EGL_image_external_essl3 GL_OES_vertex_array_object GL_KHR_texture_compression_astc_ldr ANDROID_EMU_host_side_tracing ANDROID_EMU_gles_max_version_3_0 
03-27 15:45:50.841 350-350/? D/goldfish-address-space: claimShared: Ask to claim region [0x3f1e02000 0x3f2728000]
03-27 15:45:50.842 350-350/? D/goldfish-address-space: claimShared: Ask to claim region [0x3f0000000 0x3f0926000]
03-27 15:45:50.879 540-557/? I/ActivityTaskManager: Displayed com.example/.MainActivity: +270ms
03-27 15:45:50.881 540-1767/? W/InputManager-JNI: Input channel object 'ee73cef Splash Screen com.example (client)' was disposed without first being removed with the input manager!
03-27 15:45:50.885 1267-1267/? I/GoogleInputMethodService: GoogleInputMethodService.onFinishInput():3420 
03-27 15:45:50.886 1267-1267/? I/GoogleInputMethodService: GoogleInputMethodService.onStartInput():2002 
03-27 15:45:50.886 1267-1267/? I/DeviceUnlockedTag: DeviceUnlockedTag.notifyDeviceLockStatusChanged():31 Notify device unlocked.
03-27 15:45:51.018 540-3251/? I/ActivityTaskManager: START u0 {act=android.intent.action.MAIN cat=[android.intent.category.LAUNCHER] flg=0x10000000 cmp=com.example.test/androidx.test.core.app.InstrumentationActivityInvoker$EmptyActivity} from uid 10171
03-27 15:45:51.019 540-3251/? W/ActivityTaskManager: Can't find TaskDisplayArea to determine support for multi window. Task id=129 attached=false
03-27 15:45:51.026 19824-19824/? D/LifecycleMonitor: Lifecycle status change: com.example.MainActivity@8f9040 in: PAUSED
03-27 15:45:51.026 19824-19824/? V/ActivityScenario: Update currentActivityStage to PAUSED, currentActivity=com.example.MainActivity@8f9040
03-27 15:45:51.027 540-3251/? W/ActivityTaskManager: Tried to set launchTime (0) < mLastActivityLaunchTime (2699686)
03-27 15:45:51.047 350-350/? D/goldfish-address-space: claimShared: Ask to claim region [0x3ec000000 0x3ec926000]
03-27 15:45:51.049 408-408/? I/BpBinder: onLastStrongRef automatically unlinking death recipients: <uncached descriptor>
03-27 15:45:51.052 350-350/? D/goldfish-address-space: claimShared: Ask to claim region [0x3ee14d000 0x3eea73000]
03-27 15:45:51.053 350-350/? D/goldfish-address-space: claimShared: Ask to claim region [0x3ecf01000 0x3ed827000]
03-27 15:45:51.056 350-350/? D/goldfish-address-space: claimShared: Ask to claim region [0x3f2728000 0x3f2d03000]
03-27 15:45:51.086 350-350/? D/goldfish-address-space: claimShared: Ask to claim region [0x3f2d03000 0x3f3629000]
03-27 15:45:51.087 350-350/? D/goldfish-address-space: claimShared: Ask to claim region [0x3f3629000 0x3f3f4f000]
03-27 15:45:51.088 350-350/? D/goldfish-address-space: claimShared: Ask to claim region [0x3f0926000 0x3f124c000]
03-27 15:45:51.093 350-350/? D/goldfish-address-space: claimShared: Ask to claim region [0x3f124c000 0x3f1827000]
03-27 15:45:51.096 350-350/? D/goldfish-address-space: claimShared: Ask to claim region [0x3f1827000 0x3f1bab000]
03-27 15:45:51.114 19824-19824/? D/LifecycleMonitor: Lifecycle status change: com.example.MainActivity@8f9040 in: STOPPED
03-27 15:45:51.114 19824-19824/? V/ActivityScenario: Update currentActivityStage to STOPPED, currentActivity=com.example.MainActivity@8f9040
03-27 15:45:51.116 408-408/? I/BpBinder: onLastStrongRef automatically unlinking death recipients: <uncached descriptor>
03-27 15:45:51.120 19824-19824/? D/LifecycleMonitor: Lifecycle status change: com.example.MainActivity@8f9040 in: DESTROYED
03-27 15:45:51.120 19824-19824/? V/ActivityScenario: Update currentActivityStage to DESTROYED, currentActivity=null
03-27 15:45:51.123 540-1767/? W/InputManager-JNI: Input channel object '56f2130 com.example/com.example.MainActivity (client)' was disposed without first being removed with the input manager!
03-27 15:45:51.130 540-561/? W/ActivityTaskManager: Can't find TaskDisplayArea to determine support for multi window. Task id=128 attached=false
03-27 15:45:51.130 540-561/? W/ActivityTaskManager: Can't find TaskDisplayArea to determine support for multi window. Task id=128 attached=false
03-27 15:45:51.134 1432-1432/? I/A: onApplyWindowInsets: systemWindowInsets=Insets{left=0, top=66, right=0, bottom=132}
03-27 15:45:51.135 1432-1432/? I/A: onApplyWindowInsets: systemWindowInsets=Insets{left=0, top=66, right=0, bottom=132}
03-27 15:45:51.135 350-350/? D/goldfish-address-space: claimShared: Ask to claim region [0x3ee14d000 0x3eea73000]
03-27 15:45:51.137 350-390/? D/goldfish-address-space: claimShared: Ask to claim region [0x3eea73000 0x3ef399000]
03-27 15:45:51.139 540-1782/? W/InputManager-JNI: Input channel object '8f17889 Splash Screen com.example.test (client)' was disposed without first being removed with the input manager!
03-27 15:45:51.139 350-390/? D/goldfish-address-space: claimShared: Ask to claim region [0x3ecf01000 0x3ed827000]
03-27 15:45:51.140 540-3537/? W/ActivityManager: Unable to start service Intent { act=android.service.smartspace.SmartspaceService cmp=com.google.android.as/com.google.android.apps.miphone.aiai.app.AiAiSmartspaceService } U=0: not found
03-27 15:45:51.140 540-3537/? W/RemoteSmartspaceService: could not bind to Intent { act=android.service.smartspace.SmartspaceService cmp=com.google.android.as/com.google.android.apps.miphone.aiai.app.AiAiSmartspaceService } using flags 67112961
03-27 15:45:51.141 540-540/? W/ActivityManager: Unbind failed: could not find connection for android.app.LoadedApk$ServiceDispatcher$InnerConnection@ed8891c
03-27 15:45:51.145 540-1782/? W/ActivityManager: Unable to start service Intent { act=android.service.smartspace.SmartspaceService cmp=com.google.android.as/com.google.android.apps.miphone.aiai.app.AiAiSmartspaceService } U=0: not found
03-27 15:45:51.145 540-1782/? W/RemoteSmartspaceService: could not bind to Intent { act=android.service.smartspace.SmartspaceService cmp=com.google.android.as/com.google.android.apps.miphone.aiai.app.AiAiSmartspaceService } using flags 67112961
03-27 15:45:51.146 540-540/? W/ActivityManager: Unbind failed: could not find connection for android.app.LoadedApk$ServiceDispatcher$InnerConnection@d731b08
03-27 15:45:51.147 350-390/? D/goldfish-address-space: claimShared: Ask to claim region [0x3f1bab000 0x3f1f2f000]
03-27 15:45:51.149 350-390/? D/goldfish-address-space: claimShared: Ask to claim region [0x3f0000000 0x3f0926000]
03-27 15:45:51.149 1432-1802/? I/OpenGLRenderer: Davey! duration=11295ms; Flags=1, FrameTimelineVsyncId=9014, IntendedVsync=2690971872031, Vsync=2690971872031, InputEventId=0, HandleInputStart=2690972070988, AnimationStart=2690972071979, PerformTraversalsStart=26909720
03-27 15:45:51.149 1432-1802/? I/OpenGLRenderer: 72540, DrawStart=2690978831265, FrameDeadline=2691005205363, FrameInterval=2690972064686, FrameStartTime=16666666, SyncQueued=2690979303023, SyncStart=2690979595874, IssueDrawCommandsStart=2690979778747, SwapBuffers=2690979919513, FrameCompleted=2702268001959, DequeueBufferDuration=1533829, QueueBufferDuration=278856, GpuCompleted=2702268001959, SwapBuffersCompleted=2690982032356, DisplayPresentTime=330421128, 
03-27 15:45:51.150 1305-1305/? I/GsaVoiceInteractionSrv: Handling ACTION_START_HOTWORD
03-27 15:45:51.151 350-390/? D/goldfish-address-space: claimShared: Ask to claim region [0x3f5827000 0x3f614d000]
03-27 15:45:51.152 1305-1305/? I/GsaVoiceInteractionSrv: disregardVoiceMatch: false
03-27 15:45:51.152 1305-1305/? I/GsaVoiceInteractionSrv: Cannot start hotword, hotword has been explicitly disabled.
03-27 15:45:51.155 350-390/? D/goldfish-address-space: claimShared: Ask to claim region [0x3f614d000 0x3f6a73000]
03-27 15:45:51.175 540-540/? D/BatterySaverPolicy: accessibility changed to true, updating policy.
03-27 15:45:51.193 350-390/? D/goldfish-address-space: claimShared: Ask to claim region [0x3ed827000 0x3edbab000]
03-27 15:45:51.199 350-350/? D/goldfish-address-space: claimShared: Ask to claim region [0x3ec000000 0x3ec926000]
03-27 15:45:51.201 540-3443/? W/InputManager-JNI: Input channel object '182afc1 com.example.test/androidx.test.core.app.InstrumentationActivityInvoker$EmptyActivity (client)' was disposed without first being removed with the input manager!
03-27 15:45:51.201 1432-1771/? I/A: NGA 
03-27 15:45:51.201 1432-1771/? I/A: disabled due to not being eligible.
03-27 15:45:51.206 1267-1267/? I/GoogleInputMethodService: GoogleInputMethodService.onFinishInput():3420 
03-27 15:45:51.207 1267-1267/? I/GoogleInputMethodService: GoogleInputMethodService.onStartInput():2002 
03-27 15:45:51.212 540-561/? W/ActivityTaskManager: Can't find TaskDisplayArea to determine support for multi window. Task id=129 attached=false
03-27 15:45:51.212 540-561/? W/ActivityTaskManager: Can't find TaskDisplayArea to determine support for multi window. Task id=129 attached=false
03-27 15:45:51.224 1267-1267/? I/DeviceUnlockedTag: DeviceUnlockedTag.notifyDeviceLockStatusChanged():31 Notify device unlocked.
03-27 15:45:51.243 192-192/? I/hwservicemanager: getTransport: Cannot find entry android.hardware.graphics.mapper@4.0::IMapper/default in either framework or device VINTF manifest.
03-27 15:45:51.243 19802-19816/? I/Gralloc4: mapper 4.x is not supported
03-27 15:45:51.245 350-390/? D/goldfish-address-space: claimShared: Ask to claim region [0x3edbab000 0x3edf2f000]
03-27 15:45:51.260 713-730/? I/ndroid.systemu: NativeAlloc concurrent copying GC freed 19742(902KB) AllocSpace objects, 0(0B) LOS objects, 49% free, 9707KB/18MB, paused 75us,53us total 150.694ms
03-27 15:45:51.263 350-390/? D/goldfish-address-space: claimShared: Ask to claim region [0x3f2d03000 0x3f3087000]
03-27 15:45:51.267 19802-19816/? D/HostConnection: createUnique: call
03-27 15:45:51.267 19802-19816/? D/HostConnection: HostConnection::get() New Host Connection established 0x7830c4624310, tid 19816
03-27 15:45:51.268 19802-19816/? D/goldfish-address-space: allocate: Ask for block of size 0x100
03-27 15:45:51.268 19802-19816/? D/goldfish-address-space: allocate: ioctl allocate returned offset 0x3ebffe000 size 0x2000
03-27 15:45:51.289 713-732/? W/System: A resource failed to call close. 
03-27 15:45:51.289 713-732/? W/System: A resource failed to call close. 
03-27 15:45:51.289 713-732/? W/System: A resource failed to call release. 
03-27 15:45:51.289 713-732/? W/System: A resource failed to call close. 
03-27 15:45:51.289 713-732/? W/System: A resource f
03-27 15:45:51.289 713-732/? W/System: ailed to call close. 
03-27 15:45:51.290 713-732/? W/System: A resource failed to call release. 
03-27 15:45:51.290 713-732/? W/System: A resource failed to call release. 
03-27 15:45:51.290 6721-7236/? I/FontLog: Received query Noto Color Emoji Compat, URI content://com.google.android.gms.fonts [CONTEXT service_id=132 ]
03-27 15:45:51.291 713-732/? W/System: A resource failed to call release. 
03-27 15:45:51.292 6721-7236/? I/FontLog: Query [emojicompat-emoji-font] resolved to {Noto Color Emoji Compat, wdth 100.0, wght 400, ital 0.0, bestEffort false} [CONTEXT service_id=132 ]
03-27 15:45:51.298 6721-7236/? I/FontLog: Fetch {Noto Color Emoji Compat, wdth 100.0, wght 400, ital 0.0, bestEffort false} end status Status{statusCode=SUCCESS, resolution=null} [CONTEXT service_id=132 ]
03-27 15:45:51.298 19802-19816/? D/HostConnection: HostComposition ext ANDROID_EMU_CHECKSUM_HELPER_v1 ANDROID_EMU_native_sync_v2 ANDROID_EMU_native_sync_v3 ANDROID_EMU_native_sync_v4 ANDROID_EMU_dma_v1 ANDROID_EMU_direct_mem ANDROID_EMU_vulkan ANDROID_EMU_deferred_vulkan_commands ANDROID_EMU_vulkan_null_optional_strings ANDROID_EMU_vulkan_create_resources_with_requirements ANDROID_EMU_YUV_Cache ANDROID_EMU_vulkan_ignored_handles ANDROID_EMU_has_shared_slots_host_memory_allocator ANDROID_EMU
03-27 15:45:51.298 19802-19816/? D/HostConnection: _vulkan_free_memory_sync ANDROID_EMU_vulkan_shader_float16_int8 ANDROID_EMU_vulkan_async_queue_submit ANDROID_EMU_vulkan_queue_submit_with_commands ANDROID_EMU_sync_buffer_data ANDROID_EMU_vulkan_async_qsri ANDROID_EMU_read_color_buffer_dma GL_OES_EGL_image_external_essl3 GL_OES_vertex_array_object GL_KHR_texture_compression_astc_ldr ANDROID_EMU_host_side_tracing ANDROID_EMU_gles_max_version_3_0 
03-27 15:45:51.312 19802-19949/? D/libEGL: loaded /vendor/lib64/egl/libEGL_emulation.so
03-27 15:45:51.313 19802-19949/? D/libEGL: loaded /vendor/lib64/egl/libGLESv1_CM_emulation.so
03-27 15:45:51.315 19802-19949/? D/libEGL: loaded /vendor/lib64/egl/libGLESv2_emulation.so
03-27 15:45:51.331 6721-7236/? I/FontLog: Pulling font file for id = 37, cache size = 12 [CONTEXT service_id=132 ]
03-27 15:45:51.332 19802-19949/? D/HostConnection: createUnique: call
03-27 15:45:51.333 19802-19949/? D/HostConnection: HostConnection::get() New Host Connection established 0x7830c4624cd0, tid 19949
03-27 15:45:51.336 350-390/? D/goldfish-address-space: claimShared: Ask to claim region [0x3ec926000 0x3eccaa000]
03-27 15:45:51.340 6721-7236/? I/FontLog: Pulling font file for id = 37, cache size = 12 [CONTEXT service_id=132 ]
03-27 15:45:51.341 19802-19949/? D/HostConnection: HostComposition ext ANDROID_EMU_CHECKSUM_HELPER_v1 ANDROID_EMU_native_sync_v2 ANDROID_EMU_native_sync_v3 ANDROID_EMU_native_sync_v4 ANDROID_EMU_dma_v1 ANDROID_EMU_direct_mem ANDROID_EMU_vulkan ANDROID_EMU_deferred_vulkan_commands ANDROID_EMU_vulkan_null_optional_strings ANDROID_EMU_vulkan_create_resources_with_requirements ANDROID_EMU_YUV_Cache ANDROID_EMU_vulkan_ignored_handles ANDROID_EMU_has_shared_slots_host_memory_allocator ANDROID_EMU_vulkan_free_memory_sync ANDROID_EMU_vulkan_shader_float16_int8 ANDROID_EMU_vulkan_async_queue_submit ANDROID_EMU_vulkan_queue_submit_with_commands ANDROID_EMU_sync_buffer_data ANDROID_EMU_vulkan_async_qsri ANDROID_EMU_read_color_buffer_dma GL_OES_EGL_image_external_essl3 GL_OES_vertex
03-27 15:45:51.341 19802-19949/? D/HostConnection: _array_object GL_KHR_texture_compression_astc_ldr ANDROID_EMU_host_side_tracing ANDROID_EMU_gles_max_version_3_0 
03-27 15:45:51.342 192-192/? I/hwservicemanager: getTransport: Cannot find entry android.hardware.configstore@1.0::ISurfaceFlingerConfigs/default in either framework or device VINTF manifest.
03-27 15:45:51.343 19802-19949/? W/OpenGLRenderer: Failed to choose config with EGL_SWAP_BEHAVIOR_PRESERVED, retrying without...
03-27 15:45:51.343 19802-19949/? W/OpenGLRenderer: Failed to initialize 101010-2 format, error = EGL_SUCCESS
03-27 15:45:51.344 19802-19949/? D/EGL_emulation: eglCreateContext: 0x7830c46240d0: maj 3 min 0 rcv 3
03-27 15:45:51.346 19802-19949/? D/EGL_emulation: eglMakeCurrent: 0x7830c46240d0: ver 3 0 (tinfo 0x7832edbd6080) (first time)
03-27 15:45:51.417 11419-19962/? I/ProvidersCache: Provider returned no roots. Possibly naughty: com.google.android.apps.docs.storage
03-27 15:45:51.644 19824-19843/? I/TestRunner: finished: testTextFlaky4(com.example.MainActivityFlakyTest)
03-27 15:45:51.654 19824-19843/? I/TestRunner: run finished: 1 tests, 0 failed, 0 ignored
03-27 15:45:51.661 540-540/? D/BatterySaverPolicy: accessibility changed to false, updating policy.
03-27 15:45:51.663 540-3537/? I/ActivityManager: Force stopping com.example appid=10171 user=0: finished inst
03-27 15:45:51.664 1432-1749/? I/A: NGA disabled due to not being eligible.
03-27 15:45:51.665 19802-19802/? I/app_process: System.exit called, status: 0
03-27 15:45:51.665 19802-19802/? I/AndroidRuntime: VM exiting with result code 0.
03-27 15:45:51.666 540-3537/? I/ActivityManager: Killing 19824:com.example/u0a171 (adj 0): stop com.example due to finished inst
03-27 15:45:51.709 540-1767/? V/ActivityManager: Got obituary of 19824:com.example
03-27 15:45:51.710 540-560/? W/ActivityManager: setHasOverlayUi called on unknown pid: 19824
03-27 15:45:51.711 334-334/? I/Zygote: Process 19824 exited due to signal 9 (Killed)
03-27 15:45:51.713 540-570/? I/libprocessgroup: Successfully killed process cgroup uid 10171 pid 19824 in 45ms
03-27 15:45:51.956 540-1782/? D/WifiNl80211Manager: Scan result ready event
03-27 15:45:51.956 540-1782/? D/WifiNative: Scan result ready event
03-27 15:45:51.957 19847-19875/? I/MPEG4Writer: setStartTimestampUs: 2701768573
03-27 15:45:51.958 19847-19847/? D/MPEG4Writer: reset()
03-27 15:45:51.958 19847-19847/? D/MPEG4Writer: Video track stopping. Stop source
03-27 15:45:51.958 19847-19847/? D/MPEG4Writer: Video track source stopping
03-27 15:45:51.958 19847-19847/? D/MPEG4Writer: Video track source stopped
03-27 15:45:51.958 19847-19874/? V/MediaWriter: Track event err/info msg:101, trackId:1, type:1000,val:-1011
03-27 15:45:51.959 19847-19875/? V/MediaWriter: Track e
03-27 15:45:51.959 19847-19875/? V/MediaWriter: vent err/info msg:101, trackId:2, type:1000,val:-1011
03-27 15:45:51.959 19847-19875/? W/MPEG4Writer: 0-duration samples found: 1
03-27 15:45:51.959 19847-19874/? I/MPEG4Writer: Received total/0-length (30/0) buffers and encoded 30 frames. - Video
03-27 15:45:51.959 19847-19875/? I/MPEG4Writer: Received total/0-length (1/0) buffers and encoded 1 frames. - Metadata
03-27 15:45:51.959 19847-19847/? D/MPEG4Writer: Video track stopped. Status:0. Stop source
03-27 15:45:51.959 19847-19847/? D/MPEG4Writer: Metadata track stopping. Stop source
03-27 15:45:51.959 19847-19847/? D/MPEG4Writer: Metadata track source stopping
03-27 15:45:51.959 19847-19847/? D/MPEG4Writer: Metadata track source stopped
03-27 15:45:51.959 19847-19847/? D/MPEG4Writer: Metadata track stopped. Status:0. Stop source
03-27 15:45:51.959 19847-19847/? D/MPEG4Writer: Duration from tracks range is [0, 1107577] us
03-27 15:45:51.959 19847-19872/? D/MPEG4Writer: 0 chunks are written in the last batch
03-27 15:45:51.959 19847-19847/? D/MPEG4Writer: WriterThread stopped. Status:0
03-27 15:45:51.959 19847-19847/? I/MPEG4Writer: Adjust the moov start time from 2701768573 us -> 2701768573 us
03-27 15:45:51.959 19847-19847/? I/MPEG4Writer: MOOV atom was written to the file
03-27 15:45:51.959 19847-19847/? D/MPEG4Writer: release()
03-27 15:45:51.959 19847-19847/? D/MPEG4Writer: ftruncate mPreAllocateFileEndOffset:201029 mOffset:1568 mMdatEndOffset:198433 diff:2596
03-27 15:45:51.962 19847-19847/? D/MPEG4Writer: final fsync() takes 2 ms, file size 198433
03-27 15:45:51.962 19847-19847/? D/MPEG4Writer: MP4WtrCtrlHlpLooper stopped
03-27 15:45:51.962 19847-19847/? D/MPEG4Writer: Top 5 write durations(microseconds): #1:57 #2:129 #3:154 #4:361 #5:935
03-27 15:45:51.964 19847-20001/? I/hw-BpHwBinder: onLastStrongRef automatically unlinking death recipients
03-27 15:45:51.964 458-6072/? I/hw-BpHwBinder: onLastStrongRef automatically unlinking death recipients
03-27 15:45:51.965 458-6072/? V/C2Store: in ~ComponentModule
03-27 15:45:51.965 458-6072/? V/C2Store: unloading dll
03-27 15:45:51.965 19847-19847/? I/BpBinder: onLastStrongRef automatically unlinking death recipients: <uncached descriptor>
03-27 15:45:51.970 458-768/? D/BufferPoolAccessor2.0: evictor expired: 1, evicted: 0
03-27 15:45:51.990 19847-19847/? D/ScreenRecord: success
03-27 15:45:51.991 1303-2216/? I/MediaProvider: Begin Intent { act=android.intent.action.MEDIA_SCANNER_SCAN_FILE dat=file:///sdcard/com.example.MainActivityFlakyTest-testTextFlaky4-73e63e78-a3a4-4739-8f0c-e6210276c968.mp4 flg=0x1400010 cmp=com.google.android.providers.media.module/com.android.providers.media.MediaService }
03-27 15:45:51.991 19847-19847/? I/BpBinder: onLastStrongRef automatically unlinking death recipients: <uncached descriptor>
03-27 15:45:51.991 19847-19847/? I/BpBinder: onLastStrongRef automatically unlinking death recipients: <uncached descriptor>
03-27 15:45:51.992 458-6072/? D/BufferPoolAccessor2.0: Destruction - bufferpool2 0x7de64862ea98 cached: 0/0M, 0/0% in use; allocs: 30, 97% recycled; transfers: 30, 97% unfetched
03-27 15:45:52.022 1303-2216/? I/MediaProvider: End Intent { act=android.intent.action.MEDIA_SCANNER_SCAN_FILE dat=file:///sdcard/com.example.MainActivityFlakyTest-testTextFlaky4-73e63e78-a3a4-4739-8f0c-e6210276c968.mp4 flg=0x1400010 cmp=com.google.android.providers.media.module/com.android.providers.media.MediaService }
03-27 15:45:52.048 6721-17547/? I/NetworkScheduler.Stats: Task com.google.android.gms/com.google.android.gms.ipa.base.IpaGcmTaskService started execution. cause:9 exec_start_elapsed_seconds: 2703 [CONTEXT service_id=218 ]
03-27 15:45:52.051 6721-10009/? I/NetworkScheduler.Stats: Task com.google.android.gms/com.google.android.gms.ipa.base.IpaGcmTaskService finished executing. cause:9 result: 1 elapsed_millis: 15 uptime_millis: 15 exec_start_elapsed_seconds: 2703 [CONTEXT service_id=218 ]
03-27 15:45:52.389 1303-11884/? I/MediaProvider: Deleted 0 0 0 1 0 0 0 items on external_primary due to com.android.shell
