03-27 15:45:48.996 540-1782/? I/ActivityManager: Killing 19646:com.example/u0a171 (adj 0): stop com.example due to finished inst
03-27 15:45:48.998 540-540/? D/BatterySaverPolicy: accessibility changed to false, updating policy.
03-27 15:45:48.999 1432-1705/? I/A: NGA disabled due to not being eligible.
03-27 15:45:49.000 19626-19626/? I/app_process: System.exit called, status: 0
03-27 15:45:49.000 19626-19626/? I/AndroidRuntime: VM exiting with result code 0.
03-27 15:45:49.023 540-642/? V/ActivityManager: Got obituary of 19646:com.example
03-27 15:45:49.026 540-560/? W/ActivityManager: setHasOverlayUi called on unknown pid: 19646
03-27 15:45:49.026 334-334/? I/Zygote: Process 19646 exited due to signal 9 (Killed)
03-27 15:45:49.029 19671-19696/? I/MPEG4Writer: setStartTimestampUs: 2699408065
03-27 15:45:49.030 19671-19671/? D/MPEG4Writer: reset()
03-27 15:45:49.030 19671-19695/? V/MediaWriter: Track event err/info msg:101, trackId:1, type:1000,val:-1011
03-27 15:45:49.030 19671-19671/? D/MPEG4Writer: Video track stopping. Stop source
03-27 15:45:49.030 19671-19671/? D/MPEG4Writer: Video track source stopping
03-27 15:45:49.030 19671-19671/? D/MPEG4Writer: Video track source stopped
03-27 15:45:49.030 19671-19696/? V/MediaWriter: Track event err/info msg:101, trackId:2, type:1000,val:-1011
03-27 15:45:49.030 19671-19695/? I/MPEG4Writer: Received total/0-length (22/0) buffers and encoded 22 frames. - Video
03-27 15:45:49.030 19671-19671/? D/MPEG4Writer: Video track stopped. Status:0. Stop source
03-27 15:45:49.031 19671-19696/? W/MPEG4Writer: 0-duration samples found: 1
03-27 15:45:49.031 19671-19696/? I/MPEG4Writer: Received total/0-length (1/0) buffers and encoded 1 frames. - Metadata
03-27 15:45:49.031 19671-19671/? D/MPEG4Writer: Metadata track stopping. Stop source
03-27 15:45:49.031 19671-19671/? D/MPEG4Writer: Metadata track source stopping
03-27 15:45:49.031 19671-19671/? D/MPEG4Writer: Metadata track source stopped
03-27 15:45:49.031 19671-19671/? D/MPEG4Writer: Metadata track stopped. Status:0. Stop source
03-27 15:45:49.031 19671-19671/? D/MPEG4Writer: Duration from tracks range is [0, 782023] us
03-27 15:45:49.031 19671-19693/? D/MPEG4Writer: 0 chunks are written in the last batch
03-27 15:45:49.031 19671-19671/? D/MPEG4Writer: WriterThread stopped. Status:0
03-27 15:45:49.031 19671-19671/? I/MPEG4Writer: Adjust the moov start time from 2699408065 us -> 2699408065 us
03-27 15:45:49.031 19671-19671/? I/MPEG4Writer: MOOV atom was written to the file
03-27 15:45:49.031 19671-19671/? D/MPEG4Writer: release()
03-27 15:45:49.031 19671-19671/? D/MPEG4Writer: ftruncate mPreAllocateFileEndOffset:192615 mOffset:1472 mMdatEndOffset:190135 diff:2480
03-27 15:45:49.034 540-570/? I/libprocessgroup: Successfully killed process cgroup uid 10171 pid 19646 in 37ms
03-27 15:45:49.048 19671-19671/? D/MPEG4Writer: final fsync() takes 16 ms, file size 190135
03-27 15:45:49.048 19671-19671/? D/MPEG4Writer: MP4WtrCtrlHlpLooper stopped
03-27 15:45:49.048 19671-19671/? D/MPEG4Writer: Top 5 write durations(microseconds): #1:9 #2:28 #3:83 #4:103 #5:328
03-27 15:45:49.050 19671-19676/? I/hw-BpHwBinder: onLastStrongRef automatically unlinking death recipients
03-27 15:45:49.050 458-6172/? I/hw-BpHwBinder: onLastStrongRef automatically unlinking death recipients
03-27 15:45:49.051 458-6172/? V/C2Store: in ~ComponentModule
03-27 15:45:49.051 458-6172/? V/C2Store: unloading dll
03-27 15:45:49.051 19671-19671/? I/BpBinder: onLastStrongRef automatically unlinking death recipients: <uncached descriptor>
03-27 15:45:49.066 1303-2216/? I/MediaProvider: Begin Intent { act=android.intent.action.MEDIA_SCANNER_SCAN_FILE dat=file:///sdcard/com.example.MainActivityFlakyTest-testTextFlaky6-f7cffce7-ecfe-47ae-b6ec-2c01c27c0b8a.mp4 flg=0x1400010 cmp=com.google.android.providers.media.module/com.android.providers.media.MediaService }
03-27 15:45:49.066 19671-19671/? D/ScreenRecord: success
03-27 15:45:49.067 19671-19671/? I/BpBinder: onLastStrongRef automatically unlinking death recipients: <uncached descriptor>
03-27 15:45:49.068 19671-19671/? I/BpBinder: onLastStrongRef automatically unlinking death recipients: <uncached descriptor>
03-27 15:45:49.069 458-6172/? D/BufferPoolAccessor2.0: Destruction - bufferpool2 0x7de648628978 cached: 0/0M, 0/0% in use; allocs: 22, 95% recycled; transfers: 22, 95% unfetched
03-27 15:45:49.090 1303-2216/? I/MediaProvider: End Intent { act=android.intent.action.MEDIA_SCANNER_SCAN_FILE dat=file:///sdcard/com.example.MainActivityFlakyTest-testTextFlaky6-f7cffce7-ecfe-47ae-b6ec-2c01c27c0b8a.mp4 flg=0x1400010 cmp=com.google.android.providers.media.module/com.android.providers.media.MediaService }
03-27 15:45:49.109 6721-6757/? I/NetworkScheduler.Stats: Task com.google.android.gms/com.google.android.gms.ipa.base.IpaGcmTaskService started execution. cause:9 exec_start_elapsed_seconds: 2700 [CONTEXT service_id=218 ]
03-27 15:45:49.113 6721-6748/? I/NetworkScheduler.Stats: Task com.google.android.gms/com.google.android.gms.ipa.base.IpaGcmTaskService finished executing. cause:9 result: 1 elapsed_millis: 10 uptime_millis: 10 exec_start_elapsed_seconds: 2700 [CONTEXT service_id=218 ]
03-27 15:45:49.698 1303-19408/? I/MediaProvider: Deleted 0 0 0 1 0 0 0 items on external_primary due to com.android.shell
