03-27 15:46:04.619 20880-20901/? W/Settings: Setting always_finish_activities has moved from android.provider.Settings.System to android.provider.Settings.Global, returning read-only value.
03-27 15:46:04.624 540-703/? I/ActivityTaskManager: START u0 {act=android.intent.action.MAIN cat=[android.intent.category.LAUNCHER] flg=0x10008000 cmp=com.example/.MainActivity} from uid 10171
03-27 15:46:04.625 540-703/? W/ActivityTaskManager: Can't find TaskDisplayArea to determine support for multi window. Task id=138 attached=false
03-27 15:46:04.626 540-703/? D/CompatibilityChangeReporter: Compat change id reported: 174042980; UID 10171; state: DISABLED
03-27 15:46:04.626 540-703/? D/CompatibilityChangeReporter: Compat change id reported: 184838306; UID 10171; state: DISABLED
03-27 15:46:04.627 540-703/? D/CompatibilityChangeReporter: Compat change id reported: 185004937; UID 10171; state: DISABLED
03-27 15:46:04.627 540-703/? D/CompatibilityChangeReporter: Compat change id reported: 181136395; UID 10171; state: DISABLED
03-27 15:46:04.628 540-703/? D/CompatibilityChangeReporter: Compat change id reported: 174042936; UID 10171; state: DISABLED
03-27 15:46:04.642 20880-20908/? D/libEGL: loaded /vendor/lib64/egl/libEGL_emulation.so
03-27 15:46:04.643 20880-20880/? D/LifecycleMonitor: Lifecycle status change: com.example.MainActivity@9ced26b in: PRE_ON_CREATE
03-27 15:46:04.643 20880-20908/? D/libEGL: loaded /vendor/lib64/egl/libGLESv1_CM_emulation.so
03-27 15:46:04.644 20880-20880/? V/ActivityScenario: Activity lifecycle changed event received but ignored because the reported transition was not ON_CREATE while the last known transition was PRE_ON_CREATE
03-27 15:46:04.645 20880-20908/? D/libEGL: loaded /vendor/lib64/egl/libGLESv2_emulation.so
03-27 15:46:04.649 350-390/? D/goldfish-address-space: claimShared: Ask to claim region [0x3edf2f000 0x3ee855000]
03-27 15:46:04.654 350-390/? D/goldfish-address-space: claimShared: Ask to claim region [0x3f05db000 0x3f0f01000]
03-27 15:46:04.654 350-390/? D/goldfish-address-space: claimShared: Ask to claim region [0x3f1827000 0x3f214d000]
03-27 15:46:04.657 1303-1550/? W/MediaProvider: isAppCloneUserPair for user 0: false
03-27 15:46:04.660 408-434/? E/HWComposer: getSupportedContentTypes: getSupportedContentTypes failed for display 4619827259835644672: Unsupported (8)
03-27 15:46:04.661 20905-20905/? D/MediaCodecList: codecHandlesFormat: no format, so no extra checks
03-27 15:46:04.662 408-408/? I/BpBinder: onLastStrongRef automatically unlinking death recipients: <uncached descriptor>
03-27 15:46:04.664 20905-20913/? D/CCodec: allocate(c2.android.avc.encoder)
03-27 15:46:04.665 20905-20913/? I/Codec2Client: Available Codec2 services: "default" "software"
03-27 15:46:04.666 20905-20913/? I/CCodec: setting up 'default' as default (vendor) store
03-27 15:46:04.668 458-6171/? V/C2Store: in init
03-27 15:46:04.668 458-6171/? V/C2Store: loading dll
03-27 15:46:04.669 458-6171/? I/mediaswcodec: missing struct descriptor #Param::CoreIndex(--004) for field values of struct #Param::CoreIndex(F-12004)
03-27 15:46:04.669 458-6171/? I/mediaswcodec: missing struct descriptor #Param::CoreIndex(--1812) for field values of struct #Param::CoreIndex(F-11812)
03-27 15:46:04.669 458-6171/? I/mediaswcodec: missing struct descriptor #Param::CoreIndex(--004) for field values of struct #Param::CoreIndex(F-12004)
03-27 15:46:04.669 458-6171/? I/mediaswcodec: missing struct descriptor #Param::CoreIndex(--1812) for field values of struct #Param::CoreIndex(F-11812)
03-27 15:46:04.670 20905-20913/? I/CCodec: Created component [c2.android.avc.encoder]
03-27 15:46:04.670 20905-20913/? D/CCodecConfig: read media type: video/avc
03-27 15:46:04.671 20905-20913/? D/ReflectedParamUpdater: extent() != 1 for single value type: algo.buffers.max-count.values
03-27 15:46:04.671 20905-20913/? D/ReflectedParamUpdater: extent() != 1 for single value type: output.subscribed-indices.values
03-27 15:46:04.671 20905-20913/? D/ReflectedParamUpdater: extent() != 1 for single value type: input.buffers.allocator-ids.values
03-27 15:46:04.671 20905-20913/? D/ReflectedParamUpdater: extent() != 1 for single value type: output.buffers.allocator-ids.values
03-27 15:46:04.671 20905-20913/? D/ReflectedParamUpdater: extent() != 1 for single value type: algo.buffers.allocator-ids.values
03-27 15:46:04.671 20905-20913/? D/ReflectedParamUpdater: [ 03-27 15:46:04.672 20905:20913 D/Refle
03-27 15:46:04.671 20905-20913/? D/ReflectedParamUpdater: ctedParamUpdater ]
03-27 15:46:04.671 20905-20913/? D/ReflectedParamUpdater: extent() != 1 for single value type: output.buffers.pool-ids.values
03-27 15:46:04.672 20905-20913/? D/ReflectedParamUpdater: extent() != 1 for single value type: algo.buffers.pool-ids.values
03-27 15:46:04.672 20905-20913/? D/ReflectedParamUpdater: ignored struct field coding.gop.values
03-27 15:46:04.672 20905-20913/? D/ReflectedParamUpdater: ignored struct field coding.qp.values
03-27 15:46:04.673 20905-20913/? D/CCodecConfig: ignoring local param raw.color (0xc2001809) as it is already supported
03-27 15:46:04.673 20905-20913/? I/CCodecConfig: query failed after returning 12 values (BAD_INDEX)
03-27 15:46:04.673 20905-20913/? D/CCodecConfig: c2 config diff is Dict {
03-27 15:46:04.673 20905-20913/? D/CCodecConfig:   c2::u32 coded.bitrate.value = 64000
03-27 15:46:04.673 20905-20913/? D/CCodecConfig:   c2::float coded.frame-rate.value = 1
03-27 15:46:04.673 20905-20913/? D/CCodecConfig:   c2::u32 coded.pl.level = 20492
03-27 15:46:04.673 20905-20913/? D/CCodecConfig:   c2::u32 coded.pl.profile = 20481
03-27 15:46:04.673 20905-20913/? D/CCodecConfig:   c2::u32 coded.vui.color.matrix = 0
03-27 15:46:04.673 20905-20913/? D/CCodecConfig:   c2::u32 coded.vui.color.primaries = 0
03-27 15:46:04.673 20905-20913/? D/CCodecConfig:   c2::u32 coded.vui.color.range = 0
03-27 15:46:04.673 20905-20913/? D/CCodecConfig:   c2::u32 coded.vui.color.transfer = 0
03-27 15:46:04.673 20905-20913/? D/CCodecConfig:   c2::u32 coding.intra-refre
03-27 15:46:04.673 20905-20913/? D/CCodecConfig: sh.mode = 0
03-27 15:46:04.673 20905-20913/? D/CCodecConfig:   c2::float coding.intra-refresh.period = 0
03-27 15:46:04.673 20905-20913/? D/CCodecConfig:   c2::u32 coding.request-sync-frame.value = 0
03-27 15:46:04.673 20905-20913/? D/CCodecConfig:   c2::i64 coding.sync-frame-interval.value = 1000000
03-27 15:46:04.673 20905-20913/? D/CCodecConfig:   c2::u32 input.delay.value = 0
03-27 15:46:04.673 20905-20913/? D/CCodecConfig:   string input.media-type.value = "video/raw"
03-27 15:46:04.673 20905-20913/? D/CCodecConfig:   string output.media-type.value = "video/avc"
03-27 15:46:04.673 20905-20913/? D/CCodecConfig:   c2::u32 raw.color.matrix = 0
03-27 15:46:04.673 20905-20913/? D/CCodecConfig:   c2::u32 raw.color.primaries = 0
03-27 15:46:04.673 20905-20913/? D/CCodecConfig:   c2::u32 raw.color.range = 0
03-27 15:46:04.673 20905-20913/? D/CCodecConfig:   c2::u32 raw.color.transfer = 0
03-27 15:46:04.673 20905-20913/? D/CCodecConfig:   c2::u32 raw.size.height = 16
03-27 15:46:04.673 20905-20913/? D/CCodecConfig:   c2::u32 raw.size.width = 16
03-27 15:46:04.673 20905-20913/? D/CCodecConfig: }
03-27 15:46:04.673 20905-20913/? W/ColorUtils: expected specified color aspects (0:0:0:0)
03-27 15:46:04.677 20905-20905/? D/CodecSeeding: Seed: codec c2.android.avc.encoder, mediatype video/avc, overrideable 1
03-27 15:46:04.677 20905-20905/? D/CodecProperties: setTuningValue(vq-target-bpp,0)
03-27 15:46:04.678 20905-20905/? D/CodecProperties: setTuningValue(vq-target-bpp-1080p,1.90)
03-27 15:46:04.678 20905-20905/? D/CodecProperties: setTuningValue(vq-target-bpp-720p,2.25)
03-27 15:46:04.678 20905-20905/? D/CodecProperties: setTuningValue(vq-target-bpp-540p,2.65)
03-27 15:46:04.678 20905-20905/? D/CodecProperties: setTuningValue(vq-target-bpp-480p,3.00)
03-27 15:46:04.678 20905-20905/? D/CodecProperties: setTuningValue(vq-target-bpp-320x240,0)
03-27 15:46:04.678 20905-20905/? D/CodecProperties: setTuningValue(vq-target-qpmax,-1)
03-27 15:46:04.678 20905-20905/? D/CodecProperties: setTuningValue(vq-target-qpmax-1080p,45)
03-27 15:46:04.678 20905-20905/? D/CodecProperties: setTuningValue(vq-target-qpmax-720p,43)
03-27 15:46:04.678 20905-20905/? D/CodecProperties: setTuningValue(vq-target-qpmax-540p,42)
03-27 15:46:04.678 20905-20905/? D/CodecProperties: setTuningValue(vq-target-qpmax-480p,38)
03-27 15:46:04.678 20905-20905/? D/CodecProperties: [
03-27 15:46:04.678 20905-20905/? D/CodecProperties:  03-27 15:46:04.678 20905:20905 D/CodecProperties ]
03-27 15:46:04.678 20905-20905/? D/CodecProperties: setTuningValue(vq-bitrate-phaseout,1.75)
03-27 15:46:04.678 20905-20905/? D/CodecProperties: setTuningValue(vq-boost-missing-qp,0.20)
03-27 15:46:04.678 20905-20905/? D/CodecProperties: setFeatureValue(intra-refresh,0)
03-27 15:46:04.678 20905-20905/? D/CodecProperties: setFeatureValue(qp-bounds,0)
03-27 15:46:04.678 20905-20905/? D/CodecProperties: setFeatureValue(_vq_eligible.device,1)
03-27 15:46:04.678 20905-20905/? D/CodecProperties: setFeatureValue(_quality.target,1)
03-27 15:46:04.678 20905-20905/? D/CodecSeeding: Seed: codec c2.android.avc.encoder, mediatype video/avc, overrideable 0
03-27 15:46:04.678 20905-20905/? D/VQApply: raise bitrate: configured 1000000 to floor 2073600
03-27 15:46:04.678 20905-20905/? D/VQApply: minquality by QP: inject video-qp-max=43
03-27 15:46:04.678 20905-20905/? D/VQApply: minquality/target bitrate raised from 1000000 to 2073600 bps
03-27 15:46:04.678 20905-20905/? D/MediaCodec: shapeMediaFormat: deltas(6): AMessage(what = 0x00000000) = {
03-27 15:46:04.678 20905-20905/? D/MediaCodec:     int32_t bitrate = 2073600
03-27 15:46:04.678 20905-20905/? D/MediaCodec:     int32_t android._encoding-quality-level = 0
03-27 15:46:04.678 20905-20905/? D/MediaCodec:     int32_t video-qp-max = 43
03-27 15:46:04.678 20905-20905/? D/MediaCodec:     int32_t video-qp-i-max = 43
03-27 15:46:04.678 20905-20905/? D/MediaCodec:     int32_t video-qp-p-max = 46
03-27 15:46:04.678 20905-20905/? D/MediaCodec:     int32_t video-qp-b-max = 49
03-27 15:46:04.678 20905-20905/? D/MediaCodec:   }
03-27 15:46:04.678 20905-20913/? D/CCodec: [c2.android.avc.encoder] buffers are bound to CCodec for this session
03-27 15:46:04.679 20905-20913/? D/CCodecConfig: no c2 equivalents for color-format
03-27 15:46:04.679 20905-20913/? D/CCodecConfig: no c2 equivalents for max-bframes
03-27 15:46:04.679 20905-20913/? D/CCodecConfig: no c2 equivalents for video-qp-max
03-27 15:46:04.679 20905-20913/? D/CCodecConfig: no c2 equivalents for video-qp-i-max
03-27 15:46:04.679 20905-20913/? D/CCodecConfig: no c2 equivalents for video-qp-p-max
03-27 15:46:04.679 20905-20913/? D/CCodecConfig: no c2 equivalents for video-qp-b-max
03-27 15:46:04.679 20905-20913/? D/CCodecConfig: no c2 equivalents for flags
03-27 15:46:04.679 20905-20913/? D/CCodecConfig: no c2 equivalents for encoder
03-27 15:46:04.681 20905-20913/? D/CCodecConfig: c2 config diff is   c2::u32 coded.bitrate.value = 2073600
03-27 15:46:04.681 20905-20913/? D/CCodecConfig:   c2::float coded.frame-rate.value = 60
03-27 15:46:04.681 20905-20913/? D/CCodecConfig:   c2::i64 coding.sync-frame-interval.value = 10000000
03-27 15:46:04.681 20905-20913/? D/CCodecConfig:   c2::u32 raw.size.height = 1280
03-27 15:46:04.681 20905-20913/? D/CCodecConfig:   c2::u32 raw.size.width = 720
03-27 15:46:04.681 20905-20913/? W/ColorUtils: expected specified color aspects (0:0:0:0)
03-27 15:46:04.681 20905-20913/? D/CCodec: setup formats input: AMessage(what = 0x00000000) = {
03-27 15:46:04.681 20905-20913/? D/CCodec:   Rect crop(0, 0, 719, 1279)
03-27 15:46:04.681 20905-20913/? D/CCodec:   int32_t color-standard = 0
03-27 15:46:04.681 20905-20913/? D/CCodec:   int32_t color-range = 0
03-27 15:46:04.681 20905-20913/? D/CCodec:   int32_t color-transfer = 0
03-27 15:46:04.681 20905-20913/? D/CCodec:   int32_t frame-rate = 60
03-27 15:46:04.681 20905-20913/? D/CCodec:   int32_t height = 1280
03-27 15:46:04.681 20905-20913/? D/CCodec:   int32_t intra-refresh-period = 0
03-27 15:46:04.681 20905-20913/? D/CCodec:   string mime = "video/raw"
03-27 15:46:04.681 20905-20913/? D/CCodec:   int32_t width = 720
03-27 15:46:04.681 20905-20913/? D/CCodec:   int32_t android._dataspace = 0
03-27 15:46:04.681 20905-20913/? D/CCodec:   int32_t using-sw-read-often = 1
03-27 15:46:04.681 20905-20913/? D/CCodec:   int64_t android._C2MemoryUsage = 1
03-27 15:46:04.681 20905-20913/? D/CCodec:   int32_t color-format = 2130708361
03-27 15:46:04.681 20905-20913/? D/CCodec:   int32_t android._color-format = 2130708361
03-27 15:46:04.681 20905-20913/? D/CCodec: }
03-27 15:46:04.681 20905-20913/? D/CCodec: setup formats output: AMessage(what = 0x00000000) = {
03-27 15:46:04.681 20905-20913/? D/CCodec:   int32_t bitrate = 2073600
03-27 15:46:04.681 20905-20913/? D/CCodec:   Rect crop(0, 0, 719, 1279)
03-27 15:46:04.681 20905-20913/? D/CCodec:   int32_t color-standard = 0
03-27 15:46:04.681 20905-20913/? D/CCodec:   int32_t color-range = 0
03-27 15:46:04.681 20905-20913/? D/CCodec:   int32_t color-transfer = 0
03-27 15:46:04.681 20905-20913/? D/CCodec:   int32_t frame-rate = 60
03-27 15:46:04.681 20905-20913/? D/CCodec:   int32_t height = 1280
03-27 15:46:04.681 20905-20913/? D/CCodec:   int32_t intra-refresh-period = 0
03-27 15:46:04.681 20905-20913/? D/CCodec:   int32_t level = 4096
03-27 15:46:04.681 20905-20913/? D/CCodec:   int32_t max-bitrate = 2073600
03-27 15:46:04.681 20905-20913/? D/CCodec:   string mime = "video/avc"
03-27 15:46:04.681 20905-20913/? D/CCodec:   int32_t profile = 65536
03-27 15:46:04.681 20905-20913/? D/CCodec:   int32_t width = 720
03-27 15:46:04.681 20905-20913/? D/CCodec: }
03-27 15:46:04.681 20905-20913/? I/CCodecConfig: query failed after returning 13 values (BAD_INDEX)
03-27 15:46:04.681 20905-20913/? D/CCodec: input format changed to AMessage(what = 0x00000000) = {
03-27 15:46:04.681 20905-20913/? D/CCodec:   Rect crop(0, 0, 719, 1279)
03-27 15:46:04.681 20905-20913/? D/CCodec:   int32_t color-standard = 1
03-27 15:46:04.681 20905-20913/? D/CCodec:   int32_t color-range = 2
03-27 15:46:04.681 20905-20913/? D/CCodec:   int32_t color-transfer = 3
03-27 15:46:04.681 20905-20913/? D/CCodec:   int32_t frame-rate = 60
03-27 15:46:04.681 20905-20913/? D/CCodec:   int32_t height = 1280
03-27 15:46:04.681 20905-20913/? D/CCodec:   int32_t intra-refresh-period = 0
03-27 15:46:04.681 20905-20913/? D/CCodec:   string mime = "video/raw"
03-27 15:46:04.681 20905-20913/? D/CCodec:   int32_t width = 720
03-27 15:46:04.681 20905-20913/? D/CCodec:   int32_t android._dataspace = 260
03-27 15:46:04.681 20905-20913/? D/CCodec:   int32_t using-sw-read-often = 1
03-27 15:46:04.681 20905-20913/? D/CCodec:   int64_t android._C2MemoryUsage = 1
03-27 15:46:04.681 20905-20913/? D/CCodec:   int32_t color-format = 2130708361
03-27 15:46:04.681 20905-20913/? D/CCodec:   int32_t android._color-format = 2130708361
03-27 15:46:04.681 20905-20913/? D/CCodec: }
03-27 15:46:04.681 20905-20913/? D/GraphicBufferSource: setting dataspace: 0x104, acquired=0
03-27 15:46:04.681 20905-20913/? D/CCodec: ISConfig not changed
03-27 15:46:04.682 20905-20913/? W/Codec2Client: query -- param skipped: index = 1342179345.
03-27 15:46:04.682 20905-20913/? W/Codec2Client: query -- param skipped: index = 2415921170.
03-27 15:46:04.682 20905-20913/? D/CCodecBufferChannel: [c2.android.avc.encoder#291] Using basic input block pool with poolID 1 => got 1 - OK (0)
03-27 15:46:04.682 20905-20913/? D/C2Store: Using DMABUF Heaps
03-27 15:46:04.683 20905-20913/? I/CCodecBufferChannel: [c2.android.avc.encoder#291] Created output block pool with allocatorID 16 => poolID 67 - OK
03-27 15:46:04.683 20905-20913/? D/CCodecBufferChannel: [c2.android.avc.encoder#291] Configured output block pool ids 67 => OK
03-27 15:46:04.684 451-2693/? W/ResourceManagerService: Ignoring request to add new resource entry with value <= 0
03-27 15:46:04.685 713-938/? D/EGL_emulation: app_time_stats: avg=478.50ms min=43.90ms max=1620.79ms count=4
03-27 15:46:04.687 713-938/? D/EGL_emulation: app_time_stats: avg=470.86ms min=43.61ms max=1622.04ms count=4
03-27 15:46:04.695 540-2697/? W/UriGrantsManagerService: No permission grants found for com.google.android.apps.photos
03-27 15:46:04.696 540-2122/? W/UriGrantsManagerService: No permission grants found for com.google.android.apps.photos
03-27 15:46:04.697 6721-6721/? W/SystemServiceRegistry: No service published for: persistent_data_block
03-27 15:46:04.703 1432-1432/? I/A: onApplyWindowInsets: systemWindowInsets=Insets{left=0, top=66, right=0, bottom=132}
03-27 15:46:04.703 1432-1432/? I/A: onApplyWindowInsets: systemWindowInsets=Insets{left=0, top=66, right=0, bottom=132}
03-27 15:46:04.706 6721-6748/? I/NetworkScheduler.Stats: Task com.google.android.gms/com.google.android.gms.ipa.base.IpaGcmTaskService started execution. cause:9 exec_start_elapsed_seconds: 2715 [CONTEXT service_id=218 ]
03-27 15:46:04.708 20880-20880/? D/LifecycleMonitor: Lifecycle status change: com.example.MainActivity@9ced26b in: CREATED
03-27 15:46:04.708 20880-20880/? V/ActivityScenario: Update currentActivityStage to CREATED, currentActivity=com.example.MainActivity@9ced26b
03-27 15:46:04.709 20880-20880/? D/LifecycleMonitor: Lifecycle status change: com.example.MainActivity@9ced26b in: STARTED
03-27 15:46:04.709 20880-20880/? V/ActivityScenario: Update currentAc
03-27 15:46:04.709 20880-20880/? V/ActivityScenario: tivityStage to STARTED, currentActivity=com.example.MainActivity@9ced26b
03-27 15:46:04.711 192-192/? I/hwservicemanager: getTransport: Cannot find entry android.hardware.graphics.mapper@4.0::IMapper/default in either framework or device VINTF manifest.
03-27 15:46:04.711 20905-20911/? I/Gralloc4: mapper 4.x is not supported
03-27 15:46:04.713 1303-1551/? I/MediaProvider: Deleted 0 0 0 1 0 0 0 items on external_primary due to com.android.shell
03-27 15:46:04.713 20880-20880/? D/LifecycleMonitor: Lifecycle status change: com.example.MainActivity@9ced26b in: RESUMED
03-27 15:46:04.714 20880-20880/? V/ActivityScenario: Update currentActivityStage to RESUMED, currentActivity=com.example.MainActivity@9ced26b
03-27 15:46:04.714 1303-1551/? W/MediaProvider: isAppCloneUserPair for user 0: false
03-27 15:46:04.715 540-703/? W/ActivityManager: Unable to start service Intent { act=android.service.smartspace.SmartspaceService cmp=com.google.android.as/com.google.android.apps.miphone.aiai.app.AiAiSmartspaceService } U=0: not found
03-27 15:46:04.715 540-703/? W/RemoteSmartspaceService: could not bind to Intent { act=android.service.smartspace.SmartspaceService cmp=com.google.android.as/com.google.android.apps.miphone.aiai.app.AiAiSmartspaceService } using flags 67112961
03-27 15:46:04.716 540-540/? W/ActivityManager: Unbind failed: could not find connection for android.app.LoadedApk$ServiceDispatcher$InnerConnection@41307d7
03-27 15:46:04.718 20905-20911/? D/HostConnection: createUnique: call
03-27 15:46:04.718 20905-20911/? D/HostConnection: HostConnection::get() New Host Connection established 0x79582f98ba10, tid 20911
03-27 15:46:04.718 20905-20911/? D/goldfish-address-space: allocate: Ask for block of size 0x100
03-27 15:46:04.718 20905-20911/? D/goldfish-address-space: allocate: ioctl allocate returned offset 0x3ebffe000 size 0x2000
03-27 15:46:04.737 192-192/? I/hwservicemanager: getTransport: Cannot find entry android.hardware.graphics.allocator@4.0::IAllocator/default in either framework or device VINTF manifest.
03-27 15:46:04.737 20905-20911/? W/Gralloc4: allocator 4.x is not supported
03-27 15:46:04.738 350-390/? D/goldfish-address-space: claimShared: Ask to claim region [0x3ec000000 0x3ec384000]
03-27 15:46:04.738 20905-20905/? D/MPEG4Writer: PreAllocation enabled
03-27 15:46:04.740 6721-10009/? I/NetworkScheduler.Stats: Task com.google.android.gms/com.google.android.gms.ipa.base.IpaGcmTaskService finished executing. cause:9 result: 1 elapsed_millis: 28 uptime_millis: 28 exec_start_elapsed_seconds: 2715 [CONTEXT service_id=218 ]
03-27 15:46:04.746 1305-1305/? I/GsaVoiceInteractionSrv: Handling ACTION_STOP_HOTWORD
03-27 15:46:04.747 1305-1305/? E/HwDetectorWithState: a: 3
03-27 15:46:04.747 20905-20911/? D/HostConnection: HostComposition ext ANDROID_EMU_CHECKSUM_HELPER_v1 ANDROID_EMU_native_sync_v2 ANDROID_EMU_native_sync_v3 ANDROID_EMU_native_sync_v4 ANDROID_EMU_dma_v1 ANDROID_EMU_direct_mem ANDROID_EMU_vulkan ANDROID_EMU_deferred_vulkan_commands ANDROID_EMU_vulkan_null_optional_strings ANDROID_EMU_vulkan_create_resources_with_requirements ANDROID_EMU_YUV_Cache ANDROID_EMU_vulka
03-27 15:46:04.747 20905-20911/? D/HostConnection: n_ignored_handles ANDROID_EMU_has_shared_slots_host_memory_allocator ANDROID_EMU_vulkan_free_memory_sync ANDROID_EMU_vulkan_shader_float16_int8 ANDROID_EMU_vulkan_async_queue_submit ANDROID_EMU_vulkan_queue_submit_with_commands ANDROID_EMU_sync_buffer_data ANDROID_EMU_vulkan_async_qsri ANDROID_EMU_read_color_buffer_dma GL_OES_EGL_image_external_essl3 GL_OES_vertex_array_object GL_KHR_texture_compression_astc_ldr ANDROID_EMU_host_side_tracing ANDROID_EMU_gles_max_version_3_0 
03-27 15:46:04.749 1491-1491/? I/SetupWizard: [bsu] [logReason:Get Notification Priority, UserDismissed: false, PersonalizationComplete: false, DPEnable: false, DPExisted: false, DPComplete: false, DAHPActions: 2, DAMPActions:3 , DAPAReason:Just a few more steps]
03-27 15:46:04.750 20905-20911/? D/GraphicBufferSource: got buffer with new dataSpace #104
03-27 15:46:04.750 20905-20911/? D/C2OMXNode: dataspace changed to 0x104 pixel format: 0x1
03-27 15:46:04.751 540-2122/? W/UriGrantsManagerService: No permission grants found for com.google.android.apps.photos
03-27 15:46:04.752 540-2122/? W/UriGrantsManagerService: No permission grants found for com.google.android.apps.photos
03-27 15:46:04.752 458-20918/? D/SimpleC2Component: Using output block pool with poolID 67 => got 67 - 0
03-27 15:46:04.752 458-20918/? D/SimpleC2Component: applied 2 configUpdates => BAD_INDEX (6)
03-27 15:46:04.752 458-20918/? D/C2SoftAvcEnc: Params width 720 height 1280 level 41 colorFormat 0 bframes 0
03-27 15:46:04.753 458-20918/? E/C2SoftAvcEnc: Unable to set air params = 0x1ad
03-27 15:46:04.757 350-390/? D/goldfish-address-space: claimShared: Ask to claim region [0x3ed5d0000 0x3ed954000]
03-27 15:46:04.775 350-390/? D/goldfish-address-space: claimShared: Ask to claim region [0x3ef4ff000 0x3ef883000]
03-27 15:46:04.779 350-390/? D/goldfish-address-space: claimShared: Ask to claim region [0x3ef883000 0x3efc07000]
03-27 15:46:04.782 20880-20906/? D/HostConnection: createUnique: call
03-27 15:46:04.783 20880-20906/? D/HostConnection: HostConnection::get() New Host Connection established 0x7fa32f90f3d0, tid 20906
03-27 15:46:04.788 20880-20906/? D/HostConnection: HostComposition ext ANDROID_EMU_CHECKSUM_HELPER_v1 ANDROID_EMU_native_sync_v2 ANDROID_EMU_native_sync_v3 ANDROID_EMU_native_sync_v4 ANDROID_EMU_dma_v1 ANDROID_EMU_direct_mem ANDROID_EMU_vulkan ANDROID_EMU_deferred_vulkan_commands ANDROID_EMU_vulkan_null_optional_strings ANDROID_EMU_vulkan_create_resources_with_requirements ANDROID_EMU_YUV_Cache ANDROID_EMU_vulkan_ignored_handle
03-27 15:46:04.788 20880-20906/? D/HostConnection: s ANDROID_EMU_has_shared_slots_host_memory_allocator ANDROID_EMU_vulkan_free_memory_sync ANDROID_EMU_vulkan_shader_float16_int8 ANDROID_EMU_vulkan_async_queue_submit ANDROID_EMU_vulkan_queue_submit_with_commands ANDROID_EMU_sync_buffer_data ANDROID_EMU_vulkan_async_qsri ANDROID_EMU_read_color_buffer_dma GL_OES_EGL_image_external_essl3 GL_OES_vertex_array_object GL_KHR_texture_compression_astc_ldr ANDROID_EMU_host_side_tracing ANDROID_EMU_gles_max_version_3_0 
03-27 15:46:04.789 192-192/? I/hwservicemanager: getTransport: Cannot find entry android.hardware.configstore@1.0::ISurfaceFlingerConfigs/default in either framework or device VINTF manifest.
03-27 15:46:04.790 20880-20906/? W/OpenGLRenderer: Failed to choose config with EGL_SWAP_BEHAVIOR_PRESERVED, retrying without...
03-27 15:46:04.790 20880-20906/? W/OpenGLRenderer: Failed to initialize 101010-2 format, error = EGL_SUCCESS
03-27 15:46:04.791 20880-20906/? D/EGL_emulation: eglCreateContext: 0x7fa32f90f0d0: maj 3 min 0 rcv 3
03-27 15:46:04.792 20880-20906/? D/EGL_emulation: eglMakeCurrent: 0x7fa32f90f0d0: ver 3 0 (tinfo 0x7fa54d5ae080) (first time)
03-27 15:46:04.792 1491-1491/? I/SetupWizard: [DeferredSetupNotificationSchedulerService] Deferred notification scheduled at Fri Mar 17 22:18:20 GMT+07:00 2023
03-27 15:46:04.796 350-390/? D/goldfish-address-space: claimShared: Ask to claim region [0x3efc07000 0x3eff8b000]
03-27 15:46:04.799 408-864/? E/HWComposer: getSupportedContentTypes: getSupportedContentTypes failed for display 4619827259835644672: Unsupported (8)
03-27 15:46:04.800 192-192/? I/hwservicemanager: getTransport: Cannot find entry android.hardware.graphics.mapper@4.0::IMapper/default in either framework or device VINTF manifest.
03-27 15:46:04.800 20880-20906/? I/Gralloc4: mapper 4.x is not supported
03-27 15:46:04.802 20880-20906/? D/HostConnection: createUnique: call
03-27 15:46:04.802 20880-20906/? D/HostConnection: HostConnection::get() New Host Connection established 0x7fa32f910210, tid 20906
03-27 15:46:04.803 20880-20906/? D/goldfish-address-space: allocate: Ask for block of size 0x100
03-27 15:46:04.803 20880-20906/? D/goldfish-address-space: allocate: ioctl allocate returned offset 0x3ebffe000 size 0x2000
03-27 15:46:04.820 192-192/? I/hwservicemanager: getTransport: Cannot find entry android.hardware.graphics.allocator@4.0::IAllocator/default in either framework or device VINTF manifest.
03-27 15:46:04.822 20880-20906/? W/Gralloc4: allocator 4.x is not supported
03-27 15:46:04.825 350-390/? D/goldfish-address-space: claimShared: Ask to claim region [0x3f0f01000 0x3f1827000]
03-27 15:46:04.837 20880-20906/? D/HostConnection: HostComposition ext ANDROID_EMU_CHECKSUM_HELPER_v1 ANDROID_EMU_native_sync_v2 ANDROID_EMU_native_sync_v3 ANDROID_EMU_native_sync_v4 ANDROID_EMU_dma_v1 ANDROID_EMU_direct_mem ANDROID_EMU_vulkan ANDROID_EMU_deferred_vulkan_commands ANDROID_EMU_vulkan_null_optional_strings ANDROID_EMU_vulkan_create_resources_with_requirements ANDROID_EMU_YUV_Cache ANDROID_EMU_vulkan_ignored_handles ANDROID_EMU_ha
03-27 15:46:04.837 20880-20906/? D/HostConnection: s_shared_slots_host_memory_allocator ANDROID_EMU_vulkan_free_memory_sync ANDROID_EMU_vulkan_shader_float16_int8 ANDROID_EMU_vulkan_async_queue_submit ANDROID_EMU_vulkan_queue_submit_with_commands ANDROID_EMU_sync_buffer_data ANDROID_EMU_vulkan_async_qsri ANDROID_EMU_read_color_buffer_dma GL_OES_EGL_image_external_essl3 GL_OES_vertex_array_object GL_KHR_texture_compression_astc_ldr ANDROID_EMU_host_side_tracing ANDROID_EMU_gles_max_version_3_0 
03-27 15:46:04.840 350-390/? D/goldfish-address-space: claimShared: Ask to claim region [0x3f214d000 0x3f2a73000]
03-27 15:46:04.841 350-390/? D/goldfish-address-space: claimShared: Ask to claim region [0x3f2a73000 0x3f3399000]
03-27 15:46:04.847 540-703/? W/UriGrantsManagerService: No permission grants found for com.google.android.apps.photos
03-27 15:46:04.853 540-703/? W/UriGrantsManagerService: No permission grants found for com.google.android.apps.photos
03-27 15:46:04.879 20905-20913/? D/CCodecConfig: c2 config diff is   Buffer coded.init-data.value = {
03-27 15:46:04.879 20905-20913/? D/CCodecConfig:     00000000:  00 00 00 01 67 42 c0 29  8d 68 0b 40 a1 a4 20 20  ....gB.).h.@..  
03-27 15:46:04.879 20905-20913/? D/CCodecConfig:     00000010:  20 20 f0 88 46 a0 00 00  00 01 68 ce 01 a8 35 c8    ..F.....h...5.
03-27 15:46:04.879 20905-20913/? D/CCodecConfig:   }
03-27 15:46:04.881 20905-20905/? D/MPEG4Writer: fpathconf _PC_FILESIZEBITS:64
03-27 15:46:04.881 20905-20905/? D/MPEG4Writer: File size limit set to 4503599627370495 bytes implicitly
03-27 15:46:04.881 20905-20905/? D/MPEG4Writer: MP4WtrCtrlHlpLooper Started
03-27 15:46:04.882 20905-20905/? I/MPEG4Writer: limits: 4503599627370495/0 bytes/us, bit rate: -1 bps and the estimated moov size 3192 bytes
03-27 15:46:04.887 20905-20933/? I/MPEG4Writer: setStartTimestampUs: 2715878420
03-27 15:46:04.887 20905-20933/? I/MPEG4Writer: Earliest track starting time: 2715878420
03-27 15:46:04.903 1491-1491/? I/SetupWizard: [bsu] [logReason:Get Notification Priority, UserDismissed: false, PersonalizationComplete: false, DPEnable: false, DPExisted: false, DPComplete: false, DAHPActions: 2, DAMPActions:3 , DAPAReason:Just a few more steps]
03-27 15:46:04.920 540-557/? I/ActivityTaskManager: Displayed com.example/.MainActivity: +292ms
03-27 15:46:04.937 540-2400/? W/InputManager-JNI: Input channel object '1e45321 Splash Screen com.example (client)' was disposed without first being removed with the input manager!
03-27 15:46:04.966 350-390/? D/goldfish-address-space: claimShared: Ask to claim region [0x3eea9f000 0x3eee23000]
03-27 15:46:04.984 1267-1267/? I/GoogleInputMethodService: GoogleInputMethodService.onFinishInput():3420 
03-27 15:46:04.985 1267-1267/? I/GoogleInputMethodService: GoogleInputMethodService.onStartInput():2002 
03-27 15:46:04.989 1267-1267/? I/DeviceUnlockedTag: DeviceUnlockedTag.notifyDeviceLockStatusChanged():31 Notify device unlocked.
03-27 15:46:04.997 408-408/? W/SurfaceFlinger: couldn't log to binary event log: overflow.
03-27 15:46:04.998 408-408/? W/SurfaceFlinger: couldn't log to binary event log: overflow.
03-27 15:46:05.011 350-390/? D/goldfish-address-space: claimShared: Ask to claim region [0x3edf2f000 0x3ee2b3000]
03-27 15:46:05.018 540-1455/? I/ActivityTaskManager: START u0 {act=android.intent.action.MAIN cat=[android.intent.category.LAUNCHER] flg=0x10000000 cmp=com.example.test/androidx.test.core.app.InstrumentationActivityInvoker$EmptyActivity} from uid 10171
03-27 15:46:05.022 540-1455/? W/ActivityTaskManager: Can't find TaskDisplayArea to determine support for multi window. Task id=139 attached=false
03-27 15:46:05.041 20880-20880/? D/LifecycleMonitor: Lifecycle status change: com.example.MainActivity@9ced26b in: PAUSED
03-27 15:46:05.041 20880-20880/? V/ActivityScenario: Update currentActivityStage to PAUSED, currentActivity=com.example.MainActivity@9ced26b
03-27 15:46:05.042 540-2697/? W/ActivityTaskManager: Tried to set launchTime (0) < mLastActivityLaunchTime (2714072)
03-27 15:46:05.051 1491-1491/? I/SetupWizard: [SetupNotificationService] RegisterNotification:4
03-27 15:46:05.051 1491-1491/? I/SetupWizard: [SetupNotificationService] updateStatus notificationType = 4
03-27 15:46:05.066 350-390/? D/goldfish-address-space: claimShared: Ask to claim region [0x3ec5ce000 0x3ecef4000]
03-27 15:46:05.076 350-390/? D/goldfish-address-space: claimShared: Ask to claim region [0x3f05db000 0x3f0f01000]
03-27 15:46:05.091 1491-1491/? I/SetupWizard: [SetupNotificationService] updateStatus portalNow(false)
03-27 15:46:05.091 1491-1491/? I/SetupWizard: [DeferredSetupNotificationSchedulerService] Register deferred notification succeed.
03-27 15:46:05.094 350-390/? D/goldfish-address-space: claimShared: Ask to claim region [0x3f1827000 0x3f214d000]
03-27 15:46:05.090 713-713/? D/InterruptionStateProvider: No bubble up: not allowed to bubble: 0|com.google.android.setupwizard|9|null|10091
03-27 15:46:05.104 713-713/? D/InterruptionStateProvider: No heads up: unimportant notification: 0|com.google.android.setupwizard|9|null|10091
03-27 15:46:05.106 350-390/? D/goldfish-address-space: claimShared: Ask to claim region [0x3f4000000 0x3f4926000]
03-27 15:46:05.109 350-390/? D/goldfish-address-space: claimShared: Ask to claim region [0x3f4f01000 0x3f5827000]
03-27 15:46:05.109 408-408/? I/BpBinder: onLastStrongRef automatically unlinking death recipients: <uncached descriptor>
03-27 15:46:05.112 350-350/? D/goldfish-address-space: claimShared: Ask to claim region [0x3f5827000 0x3f614d000]
03-27 15:46:05.128 540-1455/? W/InputManager-JNI: Input channel object 'f2afe23 com.example.test/androidx.test.core.app.InstrumentationActivityInvoker$EmptyActivity (client)' was disposed without first being removed with the input manager!
03-27 15:46:05.133 1432-1432/? I/A: onApplyWindowInsets: systemWindowInsets=Insets{left=0, top=66, right=0, bottom=132}
03-27 15:46:05.133 540-2692/? W/InputManager-JNI: Input channel object 'e8a4ab Splash Screen com.example.test (client)' was disposed without first being removed with the input manager!
03-27 15:46:05.133 1432-1432/? I/A: onApplyWindowInsets: systemWindowInsets=Insets{left=0, top=66, right=0, bottom=132}
03-27 15:46:05.133 350-350/? D/goldfish-address-space: claimShared: Ask to claim region [0x3f05db000 0x3f0f01000]
03-27 15:46:05.137 350-390/? D/goldfish-address-space: claimShared: Ask to claim region [0x3f1827000 0x3f214d000]
03-27 15:46:05.137 713-971/? D/PeopleSpaceWidgetMgr: Sbn doesn't contain valid PeopleTileKey: null/0/com.google.android.setupwizard
03-27 15:46:05.138 350-390/? D/goldfish-address-space: claimShared: Ask to claim region [0x3f4f01000 0x3f5827000]
03-27 15:46:05.140 540-2697/? W/ActivityManager: Unable to start service Intent { act=android.service.smartspace.SmartspaceService cmp=com.google.android.as/com.google.android.apps.miphone.aiai.app.AiAiSmartspaceService } U=0: not found
03-27 15:46:05.140 540-2697/? W/RemoteSmartspaceService: could not bind to Intent { act=android.service.smartspace.SmartspaceService cmp=com.google.android.as/com.google.android.apps.miphone.aiai.app.AiAiSmartspaceService } using flags 67112961
03-27 15:46:05.140 540-540/? W/ActivityManager: Unbind failed: could not find connection for android.app.LoadedApk$ServiceDispatcher$InnerConnection@997fe4d
03-27 15:46:05.147 540-703/? W/ActivityManager: Unable to start service Intent { act=android.service.smartspace.SmartspaceService cmp=com.google.android.as/com.google.android.apps.miphone.aiai.app.AiAiSmartspaceService } U=0: not found
03-27 15:46:05.148 540-703/? W/RemoteSmartspaceService: could not bind to Intent { act=android.service.smartspace.SmartspaceService cmp=com.google.android.as/com.google.android.apps.miphone.aiai.app.AiAiSmartspaceService } using flags 67112961
03-27 15:46:05.148 540-540/? W/ActivityManager: Unbind failed: could not find connection for android.app.LoadedApk$ServiceDispatcher$InnerConnection@8e7b613
03-27 15:46:05.149 1432-2945/? I/OpenGLRenderer: Davey! duration=8179ms; Flags=1, FrameTimelineVsyncId=9689, IntendedVsync=2708088538013, Vsync=2708088538013, InputEventId=0, HandleInputStart=2708088963306, AnimationStart=2708088964318, PerformTraversalsStart=2708088964969, DrawStart=2708113372560, FrameDeadline=2708121871345, FrameInterval=2708088948098, FrameStartTime=16666666, SyncQueued=2708114431537, Sync
03-27 15:46:05.149 1432-2945/? I/OpenGLRenderer: Start=2708115159309, IssueDrawCommandsStart=2708115489680, SwapBuffers=2708115769709, FrameCompleted=2716268952268, DequeueBufferDuration=6723, QueueBufferDuration=4499922, GpuCompleted=2716268952268, SwapBuffersCompleted=2708120768051, DisplayPresentTime=1419308003835648626, 
03-27 15:46:05.150 1305-1305/? I/GsaVoiceInteractionSrv: Handling ACTION_START_HOTWORD
03-27 15:46:05.150 1305-1305/? I/GsaVoiceInteractionSrv: disregardVoiceMatch: false
03-27 15:46:05.150 1305-1305/? I/GsaVoiceInteractionSrv: Cannot start hotword, hotword has been explicitly disabled.
03-27 15:46:05.156 350-390/? D/goldfish-address-space: claimShared: Ask to claim region [0x3ec5ce000 0x3ecef4000]
03-27 15:46:05.161 350-390/? D/goldfish-address-space: claimShared: Ask to claim region [0x3f4000000 0x3f4926000]
03-27 15:46:05.163 350-390/? D/goldfish-address-space: claimShared: Ask to claim region [0x3f5827000 0x3f614d000]
03-27 15:46:05.171 350-390/? D/goldfish-address-space: claimShared: Ask to claim region [0x3ecef4000 0x3ed4cf000]
03-27 15:46:05.182 540-561/? W/ActivityTaskManager: Can't find TaskDisplayArea to determine support for multi window. Task id=139 attached=false
03-27 15:46:05.182 540-561/? W/ActivityTaskManager: Can't find TaskDisplayArea to determine support for multi window. Task id=139 attached=false
03-27 15:46:05.198 350-390/? D/goldfish-address-space: claimShared: Ask to claim region [0x3ee2b3000 0x3ee637000]
03-27 15:46:05.201 1267-1267/? I/GoogleInputMethodService: GoogleInputMethodService.onFinishInput():3420 
03-27 15:46:05.201 1267-1267/? I/GoogleInputMethodService: GoogleInputMethodService.onStartInput():2002 
03-27 15:46:05.202 1267-1267/? I/DeviceUnlockedTag: DeviceUnlockedTag.notifyDeviceLockStatusChanged():31 Notify device unlocked.
03-27 15:46:05.205 20880-20880/? D/LifecycleMonitor: Lifecycle status change: com.example.MainActivity@9ced26b in: STOPPED
03-27 15:46:05.205 20880-20880/? V/ActivityScenario: Update currentActivityStage to STOPPED, currentActivity=com.example.MainActivity@9ced26b
03-27 15:46:05.207 20880-20880/? D/LifecycleMonitor: Lifecycle status change: com.example.Ma
03-27 15:46:05.207 20880-20880/? D/LifecycleMonitor: inActivity@9ced26b in: DESTROYED
03-27 15:46:05.207 20880-20880/? V/ActivityScenario: Update currentActivityStage to DESTROYED, currentActivity=null
03-27 15:46:05.216 20880-20901/? E/TestRunner: failed: testExternalFolderPresent(com.example.FilePushTest)
03-27 15:46:05.216 20880-20901/? E/TestRunner: ----- begin exception -----
03-27 15:46:05.217 20880-20901/? E/TestRunner: java.io.FileNotFoundException: /data/local/tmp/external-folder/external-file-2: open failed: ENOENT (No such file or directory)
03-27 15:46:05.217 20880-20901/? E/TestRunner: 	at libcore.io.IoBridge.open(IoBridge.java:575)
03-27 15:46:05.217 20880-20901/? E/TestRunner: 	at java.io.FileInputStream.<init>(FileInputStream.java:160)
03-27 15:46:05.217 20880-20901/? E/TestRunner: 	at kotlin.io.FilesKt__FileReadWriteKt.readText(FileReadWrite.kt:125)
03-27 15:46:05.217 20880-20901/? E/TestRunner: 	at kotlin.io.FilesKt__FileReadWriteKt.readText$default(FileReadWrite.kt:125)
03-27 15:46:05.217 20880-20901/? E/TestRunner: 	at com.example.FilePushTest.testExternalFolderPresent(FilePushTest.kt:22)
03-27 15:46:05.217 20880-20901/? E/TestRunner: 	at java.lang.reflect.Method.invoke(Native Method)
03-27 15:46:05.217 20880-20901/? E/TestRunner: 	at org.junit.runners.model.FrameworkMethod$1.runReflectiveCall(FrameworkMethod.java:59)
03-27 15:46:05.217 20880-20901/? E/TestRunner: 	at org.junit.internal.runners.model.ReflectiveCallable.run(ReflectiveCallable.java:12)
03-27 15:46:05.217 20880-20901/? E/TestRunner: 	at org.junit.runners.model.FrameworkMethod.invokeExplosively(FrameworkMethod.java:56)
03-27 15:46:05.217 20880-20901/? E/TestRunner: 	at org.junit.internal.runners.statements.InvokeMethod.evaluate(InvokeMethod.java:17)
03-27 15:46:05.217 20880-20901/? E/TestRunner: 	at org.junit.rules.ExternalResource$1.evaluate(ExternalResource.java:54)
03-27 15:46:05.217 20880-20901/? E/TestRunner: 	at org.junit.runners.ParentRunner$3.evaluate(ParentRunner.java:306)
03-27 15:46:05.217 20880-20901/? E/TestRunner: 	at org.junit.runners.BlockJUnit4ClassRunner$1.evaluate(BlockJUnit4ClassRunner.java:100)
03-27 15:46:05.217 20880-20901/? E/TestRunner: 	at org.junit.runners.ParentRunner.runLeaf(ParentRunner.java:366)
03-27 15:46:05.217 20880-20901/? E/TestRunner: 	at org.junit.runners.BlockJUnit4ClassRunner.runChild(BlockJUnit4ClassRunner.java:103)
03-27 15:46:05.217 20880-20901/? E/TestRunner: 	at org.junit.runners.BlockJUnit4ClassRunner.runChild(BlockJUnit4ClassRunner.java:63)
03-27 15:46:05.217 20880-20901/? E/TestRunner: 	at org.junit.runners.ParentRunner$4.run(ParentRunner.java:331)
03-27 15:46:05.217 20880-20901/? E/TestRunner: 	at org.junit.runners.ParentRunner$1.schedule(ParentRunner.java:79)
03-27 15:46:05.217 20880-20901/? E/TestRunner: 	at org.junit.runners.ParentRunner.runChildren(ParentRunner.java:329)
03-27 15:46:05.217 20880-20901/? E/TestRunner: 	at org.junit.runners.ParentRunner.access$100(ParentRunner.java:66)
03-27 15:46:05.217 20880-20901/? E/TestRunner: 	at org.junit.runners.ParentRunner$2.evaluate(ParentRunner.java:293)
03-27 15:46:05.217 20880-20901/? E/TestRunner: 	at org.junit.runners.ParentRunner$3.evaluate(ParentRunner.java:306)
03-27 15:46:05.217 20880-20901/? E/TestRunner: 	at org.junit.runners.ParentRunner.run(ParentRunner.java:413)
03-27 15:46:05.217 20880-20901/? E/TestRunner: 	at org.junit.runners.Suite.runChild(Suite.java:128)
03-27 15:46:05.217 20880-20901/? E/TestRunner: 	at org.junit.runners.Suite.runChild(Suite.java:27)
03-27 15:46:05.217 20880-20901/? E/TestRunner: 	at org.junit.runners.ParentRunner$4.run(ParentRunner.java:331)
03-27 15:46:05.217 20880-20901/? E/TestRunner: 	at org.junit.runners.ParentRunner$1.schedule(ParentRunner.java:79)
03-27 15:46:05.217 20880-20901/? E/TestRunner: 	at org.junit.runners.ParentRunner.runChildren(ParentRunner.java:329)
03-27 15:46:05.217 20880-20901/? E/TestRunner: 	at org.junit.runners.ParentRunner.access$100(ParentRunner.java:66)
03-27 15:46:05.217 20880-20901/? E/TestRunner: 	at org.junit.runners.ParentRunner$2.evaluate(ParentRunner.java:293)
03-27 15:46:05.217 20880-20901/? E/TestRunner: 	at org.junit.runners.ParentRunner$3.evaluate(ParentRunner.java:306)
03-27 15:46:05.217 20880-20901/? E/TestRunner: 	at org.junit.runners.ParentRunner.run(ParentRunner.java:413)
03-27 15:46:05.217 20880-20901/? E/TestRunner: 	at org.junit.runner.JUnitCore.run(JUnitCore.java:137)
03-27 15:46:05.217 20880-20901/? E/TestRunner: 	at org.junit.runner.JUnitCore.run(JUnitCore.java:115)
03-27 15:46:05.217 20880-20901/? E/TestRunner: 	at androidx.test.internal.runner.TestExecutor.execute(TestExecutor.java:67)
03-27 15:46:05.217 20880-20901/? E/TestRunner: 	at androidx.test.internal.runner.TestExecutor.execute(TestExecutor.java:58)
03-27 15:46:05.217 20880-20901/? E/TestRunner: 	at androidx.test.runner.AndroidJUnitRunner.onStart(AndroidJUnitRunner.java:446)
03-27 15:46:05.217 20880-20901/? E/TestRunner: 	at android.app.Instrumentation$InstrumentationThread.run(Instrumentation.java:2248)
03-27 15:46:05.217 20880-20901/? E/TestRunner: Caused by: android.system.ErrnoException: open failed: ENOENT (No such file or directory)
03-27 15:46:05.217 20880-20901/? E/TestRunner: 	at libcore.io.Linux.open(Native Method)
03-27 15:46:05.217 20880-20901/? E/TestRunner: 	at libcore.io.ForwardingOs.open(ForwardingOs.java:567)
03-27 15:46:05.217 20880-20901/? E/TestRunner: 	at libcore.io.BlockGuardOs.open(BlockGuardOs.java:273)
03-27 15:46:05.217 20880-20901/? E/TestRunner: 	at libcore.io.ForwardingOs.open(ForwardingOs.java:567)
03-27 15:46:05.217 20880-20901/? E/TestRunner: 	at android.app.ActivityThread$AndroidOs.open(ActivityThread.java:7725)
03-27 15:46:05.217 20880-20901/? E/TestRunner: 	at libcore.io.IoBridge.open(IoBridge.java:561)
03-27 15:46:05.217 20880-20901/? E/TestRunner: 	... 37 more
03-27 15:46:05.217 20880-20901/? E/TestRunner: ----- end exception -----
03-27 15:46:05.222 20880-20901/? I/TestRunner: finished: testExternalFolderPresent(com.example.FilePushTest)
03-27 15:46:05.227 1023-1038/? W/System: A resource failed to call release. 
03-27 15:46:05.228 1023-1038/? W/System: A resource failed to call release. 
03-27 15:46:05.228 1023-1038/? W/System: A resource failed to call release. 
03-27 15:46:05.228 1023-1038/? W/System: A resource failed to call release. 
03-27 15:46:05.228 1023-1038/? W/System: A resource failed to call release. 
03-27 15:46:05.228 1023-1038/? W/System: A resource failed to call release. 
03-27 15:46:05.228 1023-1038/? W/System: A resource failed to call release. 
03-27 15:46:05.228 1023-1038/? W/System: A resource failed to call release. 
03-27 15:46:05.228 1023-1038/? W/System: A resource failed to call release. 
03-27 15:46:05.228 1023-1038/? W/System: A resource failed to call release. 
03-27 15:46:05.230 540-703/? W/InputManager-JNI: Input channel object '20fcda9 com.example/com.example.MainActivity (client)' was disposed without first being removed with the input manager!
03-27 15:46:05.238 540-561/? W/ActivityTaskManager: Can't find TaskDisplayArea to determine support for multi window. Task id=138 attached=false
03-27 15:46:05.238 540-561/? W/ActivityTaskManager: Can't find TaskDisplayArea to determine support for multi window. Task id=138 attached=false
03-27 15:46:05.240 350-390/? D/goldfish-address-space: claimShared: Ask to claim region [0x3eee23000 0x3ef1a7000]
03-27 15:46:05.249 350-390/? D/goldfish-address-space: claimShared: Ask to claim region [0x3ee637000 0x3ee9bb000]
03-27 15:46:05.256 350-390/? D/goldfish-address-space: claimShared: Ask to claim region [0x3ef1a7000 0x3ef3f1000]
03-27 15:46:05.260 20880-20901/? I/TestRunner: run finished: 1 tests, 1 failed, 0 ignored
03-27 15:46:05.266 540-1455/? I/ActivityManager: Force stopping com.example appid=10171 user=0: finished inst
03-27 15:46:05.269 540-1455/? I/ActivityManager: Killing 20880:com.example/u0a171 (adj 0): stop com.example due to finished inst
03-27 15:46:05.270 11419-20979/? I/ProvidersCache: Provider returned no roots. Possibly naughty: com.google.android.apps.docs.storage
03-27 15:46:05.272 350-390/? D/goldfish-address-space: claimShared: Ask to claim region [0x3ed954000 0x3ed
03-27 15:46:05.272 350-390/? D/goldfish-address-space: cd8000]
03-27 15:46:05.284 20860-20860/? I/app_process: System.exit called, status: 0
03-27 15:46:05.284 20860-20860/? I/AndroidRuntime: VM exiting with result code 0.
03-27 15:46:05.316 20905-20934/? I/MPEG4Writer: setStartTimestampUs: 2715878420
03-27 15:46:05.320 540-570/? I/libprocessgroup: Successfully killed process cgroup uid 10171 pid 20880 in 42ms
03-27 15:46:05.330 20905-20911/? W/GraphicBufferSource: released unpopulated slots: [11, 12, 13, 14, 15, 16, 17, 18, 19, 20, 21, 22, 23, 24, 25, 26, 27, 28, 29, 30, 31, 32, 33, 34, 35, 36, 37, 38, 39, 40, 41, 42, 43, 44, 45, 46, 47, 48, 49, 50, 51, 52, 53, 54, 55, 56, 57, 58, 59, 60, 61, 62, 63]
03-27 15:46:05.334 20905-20905/? D/MPEG4Writer: reset()
03-27 15:46:05.334 20905-20933/? V/MediaWriter: Track event err/info msg:101, trackId:1, type:1000,val:-1011
03-27 15:46:05.334 20905-20905/? D/MPEG4Writer: Video track stopping. Stop source
03-27 15:46:05.334 20905-20905/? D/MPEG4Writer: Video track source stopping
03-27 15:46:05.334 20905-20905/? D/MPEG4Writer: Video track source stopped
03-27 15:46:05.334 20905-20934/? V/MediaWriter: Track event err/info msg:101, trackId:2, type:1000,val:-1011
03-27 15:46:05.334 20905-20933/? I/MPEG4Writer: Received total/0-length (12/0) buffers and encoded 12 frames. - Video
03-27 15:46:05.334 20905-20905/? D/MPEG4Writer: Video track stopped. Status:0. Stop source
03-27 15:46:05.335 20905-20934/? W/MPEG4Writer: 0-duration samples found: 1
03-27 15:46:05.335 20905-20934/? I/MPEG4Writer: Received total/0-length (1/0) buffers and encoded 1 frames. - Metadata
03-27 15:46:05.335 20905-20905/? D/MPEG4Writer: Metadata track stopping. Stop source
03-27 15:46:05.335 20905-20905/? D/MPEG4Writer: Metadata track source stopping
03-27 15:46:05.335 20905-20905/? D/MPEG4Writer: Metadata track source stopped
03-27 15:46:05.335 20905-20905/? D/MPEG4Writer: Metadata track stopped. Status:0. Stop source
03-27 15:46:05.335 20905-20905/? D/MPEG4Writer: Duration from tracks range is [0, 438133] us
03-27 15:46:05.335 20905-20931/? D/MPEG4Writer: 0 chunks are written in the last batch
03-27 15:46:05.335 20905-20905/? D/MPEG4Writer: WriterThread stopped. Status:0
03-27 15:46:05.335 20905-20905/? I/MPEG4Writer: Adjust the moov start time from 2715878420 us -> 2715878420 us
03-27 15:46:05.335 20905-20905/? I/MPEG4Writer: MOOV atom was written to the file
03-27 15:46:05.335 20905-20905/? I/MPEG4Writer: [ 03-27 15:46:05.33
03-27 15:46:05.335 20905-20905/? I/MPEG4Writer: 5 20905:20905 D/MPEG4Writer ]
03-27 15:46:05.335 20905-20905/? I/MPEG4Writer: release()
03-27 15:46:05.335 20905-20905/? D/MPEG4Writer: ftruncate mPreAllocateFileEndOffset:32465 mOffset:1352 mMdatEndOffset:30105 diff:2360
03-27 15:46:05.336 20905-20905/? D/MPEG4Writer: final fsync() takes 1 ms, file size 30105
03-27 15:46:05.336 20905-20905/? D/MPEG4Writer: MP4WtrCtrlHlpLooper stopped
03-27 15:46:05.336 20905-20905/? D/MPEG4Writer: Top 5 write durations(microseconds): #1:4 #2:6 #3:18 #4:397 #5:452
03-27 15:46:05.337 20905-20913/? I/hw-BpHwBinder: onLastStrongRef automatically unlinking death recipients
03-27 15:46:05.338 458-6172/? I/hw-BpHwBinder: onLastStrongRef automatically unlinking death recipients
03-27 15:46:05.338 458-6172/? V/C2Store: in ~ComponentModule
03-27 15:46:05.338 458-6172/? V/C2Store: unloading dll
03-27 15:46:05.353 334-334/? I/Zygote: Process 20880 exited due to signal 9 (Killed)
03-27 15:46:05.354 540-2400/? V/ActivityManager: Got obituary of 20880:com.example
03-27 15:46:05.354 540-560/? W/ActivityManager: setHasOverlayUi called on unknown pid: 20880
03-27 15:46:05.357 1303-2216/? I/MediaProvider: Begin Intent { act=android.intent.action.MEDIA_SCANNER_SCAN_FILE dat=file:///sdcard/com.example.FilePushTest-testExternalFolderPresent-a823da48-87a6-443c-9002-ee0033952fd1.mp4 flg=0x1400010 cmp=com.google.android.providers.media.module/com.android.providers.media.MediaService }
03-27 15:46:05.358 20905-20905/? D/ScreenRecord: success
03-27 15:46:05.359 20905-20905/? I/BpBinder: onLastStrongRef automatically unlinking death recipients: <uncached descriptor>
03-27 15:46:05.359 20905-20905/? I/BpBinder: onLastStrongRef automatically unlinking death recipients: <uncached descriptor>
03-27 15:46:05.360 458-6172/? D/BufferPoolAccessor2.0: Destruction - bufferpool2 0x7de64862a9d8 cached: 0/0M, 0/0% in use; allocs: 13, 92% recycled; transfers: 13, 92% unfetched
03-27 15:46:05.375 1303-2216/? I/MediaProvider: End Intent { act=android.intent.action.MEDIA_SCANNER_SCAN_FILE dat=file:///sdcard/com.example.FilePushTest-testExternalFolderPresent-a823da48-87a6-443c-9002-ee0033952fd1.mp4 flg=0x1400010 cmp=com.google.android.providers.media.module/com.android.providers.media.MediaService }
03-27 15:46:05.396 6721-17547/? I/NetworkScheduler.Stats: Task com.google.android.gms/com.google.android.gms.ipa.base.IpaGcmTaskService started execution. cause:9 exec_start_elapsed_seconds: 2716 [CONTEXT service_id=218 ]
