03-27 15:45:57.529 20233-20254/? I/TestRunner: run finished: 1 tests, 1 failed, 0 ignored
03-27 15:45:57.538 540-540/? D/BatterySaverPolicy: accessibility changed to false, updating policy.
03-27 15:45:57.541 1432-1705/? I/A: NGA disabled due to not being eligible.
03-27 15:45:57.541 540-1455/? I/ActivityManager: Force stopping com.example appid=10171 user=0: finished inst
03-27 15:45:57.544 20213-20213/? I/app_process: System.exit called, status: 0
03-27 15:45:57.544 20213-20213/? I/AndroidRuntime: VM exiting with result code 0.
03-27 15:45:57.544 540-1455/? I/ActivityManager: Killing 20233:com.example/u0a171 (adj 0): stop com.example due to finished inst
03-27 15:45:57.588 540-570/? I/libprocessgroup: Successfully killed process cgroup uid 10171 pid 20233 in 42ms
03-27 15:45:57.589 334-334/? I/Zygote: Process 20233 exited due to signal 9 (Killed)
03-27 15:45:57.589 540-560/? W/ActivityManager: setHasOverlayUi called on unknown pid: 20233
03-27 15:45:57.589 540-1782/? V/ActivityManager: Got obituary of 20233:com.example
03-27 15:45:57.817 20258-20280/? I/MPEG4Writer: setStartTimestampUs: 2707335319
03-27 15:45:57.819 20258-20258/? D/MPEG4Writer: reset()
03-27 15:45:57.819 20258-20258/? D/MPEG4Writer: Video track stopping. Stop source
03-27 15:45:57.819 20258-20258/? D/MPEG4Writer: Video track source stopping
03-27 15:45:57.819 20258-20258/? D/MPEG4Writer: Video track source stopped
03-27 15:45:57.819 20258-20279/? V/MediaWriter: Track event err/info msg:101, trackId:1, type:1000,val:-1011
03-27 15:45:57.819 20258-20280/? V/MediaWriter: Track event err/info msg:101, trackId:2, type:1000,val:-1011
03-27 15:45:57.820 20258-20280/? W/MPEG4Writer: 0-duration samples found: 1
03-27 15:45:57.820 20258-20279/? I/MPEG4Writer: Received total/0-length (41/0) buffers and encoded 41 frames. - Video
03-27 15:45:57.820 20258-20280/? I/MPEG4Writer: Received total/0-length (1/0) buffers and encoded 1 frames. - Metadata
03-27 15:45:57.820 20258-20258/? D/MPEG4Writer: Video track stopped. Status:0. Stop source
03-27 15:45:57.820 20258-20258/? D/MPEG4Writer: Metadata track stopping. Stop source
03-27 15:45:57.820 20258-20258/? D/MPEG4Writer: Metadata track source stopping
03-27 15:45:57.820 20258-20258/? D/MPEG4Writer: Metadata track source stopped
03-27 15:45:57.820 20258-20258/? D/MPEG4Writer: Metadata track stopped. Status:0. Stop source
03-27 15:45:57.820 20258-20258/? D/MPEG4Writer: Duration from tracks range is [0, 1462495] us
03-27 15:45:57.820 20258-20277/? D/MPEG4Writer: 0 chunks are written in the last batch
03-27 15:45:57.820 20258-20258/? D/MPEG4Writer: WriterThread stopped. Status:0
03-27 15:45:57.820 20258-20258/? I/MPEG4Writer: Adjust the moov start time from 2707335319 us -> 2707335319 us
03-27 15:45:57.820 20258-20258/? I/MPEG4Writer: MOOV atom was written to the file
03-27 15:45:57.820 20258-20258/? D/MPEG4Writer: release()
03-27 15:45:57.820 20258-20258/? D/MPEG4Writer: ftruncate mPreAllocateFileEndOffset:198134 mOffset:1720 mMdatEndOffset:195406 diff:2728
03-27 15:45:57.823 20258-20258/? D/MPEG4Writer: final fsync() takes 2 ms, file size 195406
03-27 15:45:57.823 20258-20258/? D/MPEG4Writer: MP4WtrCtrlHlpLooper stopped
03-27 15:45:57.823 20258-20258/? D/MPEG4Writer: Top 5 write durations(microseconds): #1:25 #2:58 #3:304 #4:312 #5:377
03-27 15:45:57.825 20258-20263/? I/hw-BpHwBinder: onLastStrongRef automatically unlinking death recipients
03-27 15:45:57.826 458-6171/? I/hw-BpHwBinder: onLastStrongRef automatically unlinking death recipients
03-27 15:45:57.828 458-6171/? V/C2Store: in ~ComponentModule
03-27 15:45:57.828 458-6171/? V/C2Store: unloading dll
03-27 15:45:57.834 20258-20439/? I/BpBinder: onLastStrongRef automatically unlinking death recipients: <uncached descriptor>
03-27 15:45:57.870 20258-20258/? D/ScreenRecord: success
03-27 15:45:57.871 1303-2216/? I/MediaProvider: Begin Intent { act=android.intent.action.MEDIA_SCANNER_SCAN_FILE dat=file:///sdcard/com.example.MainActivityFlakyTest-testTextFlaky1-cacea8a4-313f-44e2-b0f5-a58b60b87773.mp4 flg=0x1400010 cmp=com.google.android.providers.media.module/com.android.providers.media.MediaService }
03-27 15:45:57.872 20258-20258/? I/BpBinder: onLastStrongRef automatically unlinking death recipients: <uncached descriptor>
03-27 15:45:57.873 20258-20258/? I/BpBinder: onLastStrongRef automatically unlinking death recipients: <uncached descriptor>
03-27 15:45:57.874 458-6171/? D/BufferPoolAccessor2.0: Destruction - bufferpool2 0x7de64862b0c8 cached: 0/0M, 0/0% in use; allocs: 41, 98% recycled; transfers: 41, 98% unfetched
03-27 15:45:57.920 1303-2216/? I/MediaProvider: End Intent { act=android.intent.action.MEDIA_SCANNER_SCAN_FILE dat=file:///sdcard/com.example.MainActivityFlakyTest-testTextFlaky1-cacea8a4-313f-44e2-b0f5-a58b60b87773.mp4 flg=0x1400010 cmp=com.google.android.providers.media.module/com.android.providers.media.MediaService }
03-27 15:45:57.951 6721-10009/? I/NetworkScheduler.Stats: Task com.google.android.gms/com.google.android.gms.ipa.base.IpaGcmTaskService started execution. cause:9 exec_start_elapsed_seconds: 2709 [CONTEXT service_id=218 ]
03-27 15:45:57.956 6721-6748/? I/NetworkScheduler.Stats: Task com.google.android.gms/com.google.android.gms.ipa.base.IpaGcmTaskService finished executing. cause:9 result: 1 elapsed_millis: 17 uptime_millis: 17 exec_start_elapsed_seconds: 2709 [CONTEXT service_id=218 ]
03-27 15:45:58.253 11419-20453/? I/ProvidersCache: Provider returned no roots. Possibly naughty: com.google.android.apps.docs.storage
03-27 15:45:58.291 1303-11884/? I/MediaProvider: Deleted 0 0 0 1 0 0 0 items on external_primary due to com.android.shell
