03-27 15:45:59.590 20489-20508/? W/FileTestStorage: Output properties is not supported.
03-27 15:45:59.590 20489-20508/? I/Tracing: Tracer added: class androidx.test.platform.tracing.AndroidXTracer
03-27 15:45:59.594 1303-1551/? W/MediaProvider: isAppCloneUserPair for user 0: false
03-27 15:45:59.594 20489-20508/? D/EventInjectionStrategy: Creating injection strategy with input manager.
03-27 15:45:59.595 20489-20508/? W/com.example: Accessing hidden method Landroid/hardware/input/InputManager;->getInstance()Landroid/hardware/input/InputManager; (unsupported, reflection, allowed)
03-27 15:45:59.595 20489-20508/? W/com.example: Accessing hidden method Landroid/hardware/input/InputManager;->injectInputEvent(Landroid/view/InputEvent;I)Z (unsupported, reflection, allowed)
03-27 15:45:59.595 20489-20508/? W/com.example: Accessing hidden field Landroid/hardware/input/InputMa
03-27 15:45:59.595 20489-20508/? W/com.example: nager;->INJECT_INPUT_EVENT_MODE_WAIT_FOR_FINISH:I (unsupported, reflection, allowed)
03-27 15:45:59.596 408-433/? E/HWComposer: getSupportedContentTypes: getSupportedContentTypes failed for display 4619827259835644672: Unsupported (8)
03-27 15:45:59.597 20512-20512/? D/MediaCodecList: codecHandlesFormat: no format, so no extra checks
03-27 15:45:59.598 20512-20517/? D/CCodec: allocate(c2.android.avc.encoder)
03-27 15:45:59.599 20512-20517/? I/Codec2Client: Available Codec2 services: "default" "software"
03-27 15:45:59.600 20512-20517/? I/CCodec: setting up 'default' as default (vendor) store
03-27 15:45:59.602 458-6172/? V/C2Store: in init
03-27 15:45:59.602 458-6172/? V/C2Store: loading dll
03-27 15:45:59.602 458-6172/? I/mediaswcodec: missing struct descriptor #Param::CoreIndex(--004) for field values of struct #Param::CoreIndex(F-12004)
03-27 15:45:59.602 458-6172/? I/mediaswcodec: missing struct descriptor #Param::CoreIndex(--1812) for field values of struct #Param::CoreIndex(F-11812)
03-27 15:45:59.603 458-6172/? I/mediaswcodec: missing struct descriptor #Param::CoreIndex(--004) for field values of struct #Param::CoreIndex(F-12004)
03-27 15:45:59.603 458-6172/? I/mediaswcodec: missing struct descriptor #Param::CoreIndex(--1812) for field values of struct #Param::CoreIndex(F-11812)
03-27 15:45:59.603 20512-20517/? I/CCodec: Created component [c2.android.avc.encoder]
03-27 15:45:59.603 20512-20517/? D/CCodecConfig: read media type: video/avc
03-27 15:45:59.604 20512-20517/? D/ReflectedParamUpdater: extent() != 1 for single value type: algo.buffers.max-count.values
03-27 15:45:59.604 20512-20517/? D/ReflectedParamUpdater: extent() != 1 for single value type: output.subscribed-indices.values
03-27 15:45:59.605 20512-20517/? D/ReflectedParamUpdater: extent() != 1 for single value type: input.buffers.allocator-ids.values
03-27 15:45:59.605 20512-20517/? D/ReflectedParamUpdater: extent() != 1 for single value type: output.buffers.allocator-ids.values
03-27 15:45:59.605 20512-20517/? D/ReflectedParamUpdater: extent() !
03-27 15:45:59.605 20512-20517/? D/ReflectedParamUpdater: = 1 for single value type: algo.buffers.allocator-ids.values
03-27 15:45:59.605 20512-20517/? D/ReflectedParamUpdater: extent() != 1 for single value type: output.buffers.pool-ids.values
03-27 15:45:59.605 20512-20517/? D/ReflectedParamUpdater: extent() != 1 for single value type: algo.buffers.pool-ids.values
03-27 15:45:59.605 20512-20517/? D/ReflectedParamUpdater: ignored struct field coding.gop.values
03-27 15:45:59.605 20512-20517/? D/ReflectedParamUpdater: ignored struct field coding.qp.values
03-27 15:45:59.605 20512-20517/? D/CCodecConfig: ignoring local param raw.color (0xc2001809) as it is already supported
03-27 15:45:59.606 20512-20517/? I/CCodecConfig: query failed after returning 12 values (BAD_INDEX)
03-27 15:45:59.606 20512-20517/? D/CCodecConfig: c2 config diff is Dict {
03-27 15:45:59.606 20512-20517/? D/CCodecConfig:   c2::u32 coded.bitrate.value = 64000
03-27 15:45:59.606 20512-20517/? D/CCodecConfig:   c2::float coded.frame-rate.value = 1
03-27 15:45:59.606 20512-20517/? D/CCodecConfig:   c2::u32 coded.pl.level = 20492
03-27 15:45:59.606 20512-20517/? D/CCodecConfig:   c2::u32 coded.pl.profile = 20481
03-27 15:45:59.606 20512-20517/? D/CCodecConfig:   c2::u32 coded.vui.color.matrix = 0
03-27 15:45:59.606 20512-20517/? D/CCodecConfig:   c2::u32 coded.vui.color.primaries = 0
03-27 15:45:59.606 20512-20517/? D/CCodecConfig:   c2::u32 coded.vui.color.range = 0
03-27 15:45:59.606 20512-20517/? D/CCodecConfig:   c2::u32 coded.vui.color.transfer = 0
03-27 15:45:59.606 20512-20517/? D/CCodecConfig:   c2::u32 coding.intra-refresh.mode = 0
03-27 15:45:59.606 20512-20517/? D/CCodecConfig:   c2::float coding.intra-refresh.period = 0
03-27 15:45:59.606 20512-20517/? D/CCodecConfig:   c2::u32 coding.request-sync-frame.valu
03-27 15:45:59.606 20512-20517/? D/CCodecConfig: e = 0
03-27 15:45:59.606 20512-20517/? D/CCodecConfig:   c2::i64 coding.sync-frame-interval.value = 1000000
03-27 15:45:59.606 20512-20517/? D/CCodecConfig:   c2::u32 input.delay.value = 0
03-27 15:45:59.606 20512-20517/? D/CCodecConfig:   string input.media-type.value = "video/raw"
03-27 15:45:59.606 20512-20517/? D/CCodecConfig:   string output.media-type.value = "video/avc"
03-27 15:45:59.606 20512-20517/? D/CCodecConfig:   c2::u32 raw.color.matrix = 0
03-27 15:45:59.606 20512-20517/? D/CCodecConfig:   c2::u32 raw.color.primaries = 0
03-27 15:45:59.606 20512-20517/? D/CCodecConfig:   c2::u32 raw.color.range = 0
03-27 15:45:59.606 20512-20517/? D/CCodecConfig:   c2::u32 raw.color.transfer = 0
03-27 15:45:59.606 20512-20517/? D/CCodecConfig:   c2::u32 raw.size.height = 16
03-27 15:45:59.606 20512-20517/? D/CCodecConfig:   c2::u32 raw.size.width = 16
03-27 15:45:59.606 20512-20517/? D/CCodecConfig: }
03-27 15:45:59.606 20512-20517/? W/ColorUtils: expected specified color aspects (0:0:0:0)
03-27 15:45:59.608 20512-20512/? D/CodecSeeding: Seed: codec c2.android.avc.encoder, mediatype video/avc, overrideable 1
03-27 15:45:59.608 20512-20512/? D/CodecProperties: setTuningValue(vq-target-bpp,0)
03-27 15:45:59.608 20512-20512/? D/CodecProperties: setTuningValue(vq-target-bpp-1080p,1.90)
03-27 15:45:59.608 20512-20512/? D/CodecProperties: setTuningValue(vq-target-bpp-720p,2.25)
03-27 15:45:59.608 20512-20512/? D/CodecProperties: setTuningValue(vq-target-bpp-540p,2.65)
03-27 15:45:59.608 20512-20512/? D/CodecProperties: setTuningValue(vq-target-bpp-480p,3.00)
03-27 15:45:59.608 20512-20512/? D/CodecProperties: setTuningValue(vq-target-bpp-320x240,0)
03-27 15:45:59.608 20512-20512/? D/CodecProperties: setTuningValue(vq-target-qpmax,-1)
03-27 15:45:59.608 20512-20512/? D/CodecProperties: setTuningValue(vq-target-qpmax-1080p,45)
03-27 15:45:59.608 20512-20512/? D/CodecProperties: setTuningValue(vq-target-qpmax-720p,43)
03-27 15:45:59.608 20512-20512/? D/CodecProperties: setTuningValue(vq-target-qpmax-540p,42)
03-27 15:45:59.608 20512-20512/? D/CodecProperties: setTuningValue(vq-target-qpmax-480p,38)
03-27 15:45:59.608 20512-20512/? D/CodecProperties: setTuningValue(vq-bitrate-phaseout,1.75)
03-27 15:45:59.608 20512-20512/? D/CodecProperties: setTuningValue(vq-boost-missing-qp,0.20)
03-27 15:45:59.609 20512-20512/? D/CodecProperties: setFeatureValue(intra-refresh,0)
03-27 15:45:59.609 20512-20512/? D/CodecProperties: setFeatureValue(qp-bounds,0)
03-27 15:45:59.609 20512-20512/? D/CodecProperties: setFeatureValue(_vq_eligible.device,1)
03-27 15:45:59.609 20512-20512/? D/CodecProperties: setFeatureValue(_quality.target,1)
03-27 15:45:59.609 20512-20512/? D/CodecSeeding: Seed: codec c2.android.avc.encoder, mediatype video/avc, overrideable 0
03-27 15:45:59.609 20512-20512/? D/VQApply: raise bitrate: configured 1000000 to floor 2073600
03-27 15:45:59.609 20512-20512/? D/VQApply: minquality by QP: inject video-qp-max=43
03-27 15:45:59.609 20512-20512/? D/VQApply: minquality/target bitrate raised from 1000000 to 2073600 bps
03-27 15:45:59.609 20512-20512/? D/MediaCodec: shapeMediaFormat: deltas(6): AMessage(what = 0x00000000) = {
03-27 15:45:59.609 20512-20512/? D/MediaCodec:     int32_t bitrate = 2073600
03-27 15:45:59.609 20512-20512/? D/MediaCodec:     int32_t android._encoding-quality-level = 0
03-27 15:45:59.609 20512-20512/? D/MediaCodec:     int32_t video-qp-max = 43
03-27 15:45:59.609 20512-20512/? D/MediaCodec:     int32_t video-qp-i-max = 43
03-27 15:45:59.609 20512-20512/? D/MediaCodec:     int32_t video-qp-p-max = 46
03-27 15:45:59.609 20512-20512/? D/MediaCodec:     int32_t video-qp-b-max = 49
03-27 15:45:59.609 20512-20512/? D/MediaCodec:   }
03-27 15:45:59.609 20512-20517/? D/CCodec: [c2.android.avc.encoder] buffers are bound to CCodec for this session
03-27 15:45:59.609 20512-20517/? D/CCodecConfig: no c2 equivalents for color-format
03-27 15:45:59.609 20512-20517/? D/CCodecConfig: no c2 equivalents for max-bframes
03-27 15:45:59.609 20512-20517/? D/CCodecConfig: no c2 equivalents for video-qp-max
03-27 15:45:59.609 20512-20517/? D/CCodecConfig: no c2 equivalents for video-qp-i-max
03-27 15:45:59.609 20512-20517/? D/CCodecConfig: no c2 equivalents for video-qp-p-max
03-27 15:45:59.609 20512-20517/? D/CCodecConfig: no c2 equivalents for video-qp-b-max
03-27 15:45:59.609 20512-20517/? D/CCodecConfig: no c2 equivalents for flags
03-27 15:45:59.609 20512-20517/? D/CCodecConfig: no c2 equivalents for encoder
03-27 15:45:59.609 20512-20517/? D/CCodecConfig: c2 config diff is   c2::u32 coded.bitrate.value = 2073600
03-27 15:45:59.609 20512-20517/? D/CCodecConfig:   c2::float coded.frame-rate.value = 60
03-27 15:45:59.609 20512-20517/? D/CCodecConfig:   c2::i64 coding.sync-frame-interval.value = 10000000
03-27 15:45:59.609 20512-20517/? D/CCodecConfig:   c2::u32 raw.size.height = 1280
03-27 15:45:59.609 20512-20517/? D/CCodecConfig:   c2::u32 raw.size.width = 720
03-27 15:45:59.609 20512-20517/? W/ColorUtils: expected specified color aspects (0:0:0:0)
03-27 15:45:59.609 20512-20517/? D/CCodec: setup formats input: AMessage(what = 0x00000000) = {
03-27 15:45:59.609 20512-20517/? D/CCodec:   Rect crop(0, 0, 719, 1279)
03-27 15:45:59.609 20512-20517/? D/CCodec:   int32_t color-standard = 0
03-27 15:45:59.609 20512-20517/? D/CCodec:   int32_t color-range = 0
03-27 15:45:59.609 20512-20517/? D/CCodec:   int32_t color-transfer = 0
03-27 15:45:59.609 20512-20517/? D/CCodec:   int32_t frame-rate = 60
03-27 15:45:59.609 20512-20517/? D/CCodec:   int32_t height = 1280
03-27 15:45:59.609 20512-20517/? D/CCodec:   int32_t intra-refresh-period = 0
03-27 15:45:59.609 20512-20517/? D/CCodec:   string mime = "video/raw"
03-27 15:45:59.609 20512-20517/? D/CCodec:   int32_t width = 720
03-27 15:45:59.609 20512-20517/? D/CCodec:   int32_t android._dataspace = 0
03-27 15:45:59.609 20512-20517/? D/CCodec:   int32_t using-sw-read-often = 1
03-27 15:45:59.609 20512-20517/? D/CCodec:   int64_t android._C2MemoryUsage = 1
03-27 15:45:59.609 20512-20517/? D/CCodec:   int32_t color-format = 2130708361
03-27 15:45:59.609 20512-20517/? D/CCodec:   int32_t android._color-format = 2130708361
03-27 15:45:59.609 20512-20517/? D/CCodec: }
03-27 15:45:59.609 20512-20517/? D/CCodec: setup formats output: AMessage(what = 0x00000000) = {
03-27 15:45:59.609 20512-20517/? D/CCodec:   int32_t bitrate = 2073600
03-27 15:45:59.609 20512-20517/? D/CCodec:   Rect crop(0, 0, 719, 1279)
03-27 15:45:59.609 20512-20517/? D/CCodec:   int32_t color-standard = 0
03-27 15:45:59.609 20512-20517/? D/CCodec:   int32_t color-range = 0
03-27 15:45:59.609 20512-20517/? D/CCodec:   int32_t color-transfer = 0
03-27 15:45:59.609 20512-20517/? D/CCodec:   int32_t frame-rate = 60
03-27 15:45:59.609 20512-20517/? D/CCodec:   int32_t height = 1280
03-27 15:45:59.609 20512-20517/? D/CCodec:   int32_t intra-refresh-period = 0
03-27 15:45:59.609 20512-20517/? D/CCodec:   int32_t level = 4096
03-27 15:45:59.609 20512-20517/? D/CCodec:   int32_t max-bitrate = 2073600
03-27 15:45:59.609 20512-20517/? D/CCodec:   string mime = "video/avc"
03-27 15:45:59.609 20512-20517/? D/CCodec:   int32_t profile = 65536
03-27 15:45:59.609 20512-20517/? D/CCodec:   int32_t width = 720
03-27 15:45:59.609 20512-20517/? D/CCodec: }
03-27 15:45:59.609 20512-20517/? I/CCodecConfig: query failed after returning 13 values (BAD_INDEX)
03-27 15:45:59.610 20512-20517/? D/CCodec: input format changed to AMessage(what = 0x00000000) = {
03-27 15:45:59.610 20512-20517/? D/CCodec:   Rect crop(0, 0, 719, 1279)
03-27 15:45:59.610 20512-20517/? D/CCodec:   int32_t color-standard = 1
03-27 15:45:59.610 20512-20517/? D/CCodec:   int32_t color-range = 2
03-27 15:45:59.610 20512-20517/? D/CCodec:   int32_t color-transfer = 3
03-27 15:45:59.610 20512-20517/? D/CCodec:   int32_t frame-rate = 60
03-27 15:45:59.610 20512-20517/? D/CCodec:   int32_t height = 1280
03-27 15:45:59.610 20512-20517/? D/CCodec:   int32_t intra-refresh-period = 0
03-27 15:45:59.610 20512-20517/? D/CCodec:   string mime = "video/raw"
03-27 15:45:59.610 20512-20517/? D/CCodec:   int32_t width = 720
03-27 15:45:59.610 20512-20517/? D/CCodec:   int32_t android._dataspace = 260
03-27 15:45:59.610 20512-20517/? D/CCodec:   int32_t using-sw-read-often = 1
03-27 15:45:59.610 20512-20517/? D/CCodec:   int64_t android._C2MemoryUsage = 1
03-27 15:45:59.610 20512-20517/? D/CCodec:   int32_t color-format = 2130708361
03-27 15:45:59.610 20512-20517/? D/CCodec:   int32_t android._color-format = 2130708361
03-27 15:45:59.610 20512-20517/? D/CCodec: }
03-27 15:45:59.610 20512-20517/? D/GraphicBufferSource: setting dataspace: 0x104, acquired=0
03-27 15:45:59.610 20512-20517/? D/CCodec: ISConfig not changed
03-27 15:45:59.610 20512-20517/? W/Codec2Client: query -- param skipped: index = 1342179345.
03-27 15:45:59.610 20512-20517/? W/Codec2Client: query -- param skipped: index = 2415921170.
03-27 15:45:59.610 20512-20517/? D/CCodecBufferChannel: [c2.android.avc.encoder#690] Using basic input block pool with poolID 1 => got 1 - OK (0)
03-27 15:45:59.610 20512-20517/? D/C2Store: Using DMABUF Heaps
03-27 15:45:59.611 20512-20517/? I/CCodecBufferChannel: [c2.android.avc.encoder#690] Created output block pool with allocatorID 16 => poolID 65 - OK
03-27 15:45:59.611 20512-20517/? D/CCodecBufferChannel: [c2.android.avc.encoder#690] Configured output block pool ids 65 => OK
03-27 15:45:59.612 451-2693/? W/ResourceManagerService: Ignoring request to add new resource entry with value <= 0
03-27 15:45:59.616 540-540/? D/BatterySaverPolicy: accessibility changed to true, updating policy.
03-27 15:45:59.618 1432-1771/? I/A: NGA disabled due to not being eligible.
03-27 15:45:59.622 6721-6748/? I/NetworkScheduler.Stats: Task com.google.android.gms/com.google.android.gms.ipa.base.IpaGcmTaskService started execution. cause:9 exec_start_elapsed_seconds: 2710 [CONTEXT service_id=218 ]
03-27 15:45:59.625 6721-6757/? I/NetworkScheduler.Stats: Task com.google.android.gms/com.google.android.gms.ipa.base.IpaGcmTaskService finished executing. cause:9 result: 1 elapsed_millis: 13 uptime_millis: 13 exec_start_elapsed_seconds: 2710 [CONTEXT service_id=218 ]
03-27 15:45:59.630 192-192/? I/hwservicemanager: getTransport: Cannot find entry android.hardware.graphics.mapper@4.0::IMapper/default in either framework or device VINTF manifest.
03-27 15:45:59.630 20512-20516/? I/Gralloc4: mapper 4.x is not supported
03-27 15:45:59.631 1303-11884/? I/MediaProvider: Deleted 0 0 0 1 0 0 0 items on external_primary due to com.android.shell
03-27 15:45:59.633 20489-20508/? W/Settings: Setting always_finish_activities has moved from android.provider.Settings.System to android.provider.Settings.Global, returning read-only value.
03-27 15:45:59.635 1303-1551/? W/MediaProvider: isAppCloneUserPair for user 0: false
03-27 15:45:59.636 20512-20512/? D/MPEG4Writer: PreAllocation enabled
03-27 15:45:59.638 20512-20516/? D/HostConnection: createUnique: call
03-27 15:45:59.639 20512-20516/? D/HostConnection: HostConnection::get() New Host Connection established 0x7e2b9b54ecd0, tid 20516
03-27 15:45:59.639 20512-20516/? D/goldfish-address-space: allocate: Ask for block of size 0x100
03-27 15:45:59.639 20512-20516/? D/goldfish-address-space: allocate: ioctl allocate returned offset 0x3ebffe000 size 0x2000
03-27 15:45:59.639 540-1377/? I/ActivityTaskManager: START u0 {act=android.intent.action.MAIN cat=[android.intent.category.LAUNCHER] flg=0x10008000 cmp=com.example/.Main
03-27 15:45:59.639 540-1377/? I/ActivityTaskManager: Activity} from uid 10171
03-27 15:45:59.640 540-1377/? W/ActivityTaskManager: Can't find TaskDisplayArea to determine support for multi window. Task id=134 attached=false
03-27 15:45:59.651 540-1377/? D/CompatibilityChangeReporter: Compat change id reported: 174042980; UID 10171; state: DISABLED
03-27 15:45:59.652 540-1377/? D/CompatibilityChangeReporter: Compat change id reported: 184838306; UID 10171; state: DISABLED
03-27 15:45:59.652 540-1377/? D/CompatibilityChangeReporter: Compat change id reported: 185004937; UID 10171; state: DISABLED
03-27 15:45:59.652 540-1377/? D/CompatibilityChangeReporter: Compat change id reported: 181136395; UID 10171; state: DISABLED
03-27 15:45:59.652 540-1377/? D/CompatibilityChangeReporter: Compat change id reported: 174042936; UID 10171; state: DISABLED
03-27 15:45:59.661 192-192/? I/hwservicemanager: getTransport: Cannot find entry android.hardware.graphics.allocator@4.0::IAllocator/default in either framework or device VINTF manifest.
03-27 15:45:59.661 20512-20516/? W/Gralloc4: allocator 4.x is not supported
03-27 15:45:59.662 350-350/? D/goldfish-address-space: claimShared: Ask to claim region [0x3ec926000 0x3eccaa000]
03-27 15:45:59.675 20512-20516/? D/HostConnection: HostComposition ext ANDROID_EMU_CHECKSUM_HELPER_v1 ANDROID_EMU_native_sync_v2 ANDROID_EMU_native_sync_v3 ANDROID_EMU_native_sync_v4 ANDROID_EMU_dma_v1 ANDROID_EMU_direct_mem ANDROID_EMU_vulkan ANDROID_EMU_deferred_vulkan_commands ANDROID_EMU_vulkan_null_optional_strings ANDROID_EMU_vulkan_create_resources_with_requirements ANDROID_EMU_YUV_Cache ANDROID_EMU_vulkan_ignored_handles ANDROID_EMU_has_shared_slots_host_memory_allocator ANDROID_EMU_vulkan_free_memory_sync ANDROID_EMU_vulkan_shader_float16_int8 ANDROID_EMU_vulkan_async_queue_submit ANDROID_EMU_vulkan_queue_submit_with_commands ANDROID_EMU_sync_buffer_data ANDROID_EMU_vulkan_async_qsri ANDROID_EMU_read_color_buffer_dma GL_OES_EGL_image_external_essl3 GL_OES_vertex_array_object GL_KHR_texture_compression_astc_ldr ANDROID_EMU_host_side_tracing ANDROID_EMU_gles_max_version_3_0 
03-27 15:45:59.679 20512-20516/? D/GraphicBufferSource: got buffer with new dataSpace #104
03-27 15:45:59.679 20512-20516/? D/C2OMXNode: dataspace changed to 0x104 pixel format: 0x1
03-27 15:45:59.680 458-20522/? D/SimpleC2Component: Using output block pool with poolID 65 => got 65 - 0
03-27 15:45:59.680 458-20522/? D/SimpleC2Component: applied 2 configUpdates => BAD_INDEX (6)
03-27 15:45:59.680 458-20522/? D/C2SoftAvcEnc: Params width 720 height 1280 level 41 colorFormat 0 bframes 0
03-27 15:45:59.681 458-20522/? E/C2SoftAvcEnc: Unable to set air params = 0x1ad
03-27 15:45:59.682 350-350/? D/goldfish-address-space: claimShared: Ask to claim region [0x3ed5d0000 0x3ed954000]
03-27 15:45:59.686 20489-20532/? D/libEGL: loaded /vendor/lib64/egl/libEGL_emulation.so
03-27 15:45:59.687 20489-20532/? D/libEGL: loaded /vendor/lib64/egl/libGLESv1_CM_emulation.so
03-27 15:45:59.688 20489-20532/? D/libEGL: loaded /vendor/lib64/egl/libGLESv2_emulation.so
03-27 15:45:59.693 350-350/? D/goldfish-address-space: claimShared: Ask to claim region [0x3ef4ff000 0x3efe25000]
03-27 15:45:59.696 350-350/? D/goldfish-address-space: claimShared: Ask to claim region [0x3ee27a000 0x3eeba0000]
03-27 15:45:59.697 350-350/? D/goldfish-address-space: claimShared: Ask to claim region [0x3f0000000 0x3f0926000]
03-27 15:45:59.701 408-408/? I/BpBinder: onLastStrongRef automatically unlinking death recipients: <uncached descriptor>
03-27 15:45:59.705 20489-20489/? D/LifecycleMonitor: Lifecycle status change: com.example.MainActivity@9fd706c in: PRE_ON_CREATE
03-27 15:45:59.705 20489-20489/? V/ActivityScenario: Activity lifecycle changed event received but ignored because the reported transition was not ON_CREATE while the last known transition was PRE_ON_CREATE
03-27 15:45:59.708 350-350/? D/goldfish-address-space: claimShared: Ask to claim region [0x3eeba0000 0x3eef24000]
03-27 15:45:59.712 350-350/? D/goldfish-address-space: claimShared: Ask to claim region [0x3f32de000 0x3f3662000]
03-27 15:45:59.717 1023-1489/? D/EGL_emulation: app_time_stats: avg=522.15ms min=3.05ms max=2303.47ms count=5
03-27 15:45:59.719 713-938/? D/EGL_emulation: app_time_stats: avg=840.67ms min=189.24ms max=2620.41ms count=4
03-27 15:45:59.721 713-938/? D/EGL_emulation: app_time_stats: avg=835.82ms min=208.81ms max=2608.81ms count=4
03-27 15:45:59.729 6721-17547/? I/NetworkScheduler.Stats: Task com.google.android.gms/com.google.android.gms.ipa.base.IpaGcmTaskService started execution. cause:9 exec_start_elapsed_seconds: 2710 [CONTEXT service_id=218 ]
03-27 15:45:59.731 350-350/? D/goldfish-address-space: claimShared: Ask to claim region [0x3f1827000 0x3f1bab000]
03-27 15:45:59.735 11419-20541/? I/ProvidersCache: Provider returned no roots. Possibly naughty: com.google.android.apps.docs.storage
03-27 15:45:59.735 20512-20517/? D/CCodecConfig: c2 config diff is   Buffer coded.init-data.value = {
03-27 15:45:59.735 20512-20517/? D/CCodecConfig:     00000000:  00 00 00 01 67 42 c0 29  8d 68 0b 40 a1 a4 20 20  ....gB.).h.@..  
03-27 15:45:59.735 20512-20517/? D/CCodecConfig:     00000010:  20 20 f0 88 46 a0 00 00  00 01 68 ce 01 a8 35 c8    ..F.....h...5.
03-27 15:45:59.735 20512-20517/? D/CCodecConfig:   }
03-27 15:45:59.740 20512-20512/? D/MPEG4Writer: fpathconf _PC_FILESIZEBITS:64
03-27 15:45:59.740 20512-20512/? D/MPEG4Writer: File size limit set to 4503599627370495 bytes implicitly
03-27 15:45:59.740 20512-20512/? D/MPEG4Writer: MP4WtrCtrlHlpLooper Started
03-27 15:45:59.740 20512-20512/? I/MPEG4Writer: limits: 4503599627370495/0 bytes/us, bit rate: -1 bps and the estimated moov size 3192
03-27 15:45:59.740 20512-20512/? I/MPEG4Writer:  bytes
03-27 15:45:59.744 20512-20546/? I/MPEG4Writer: setStartTimestampUs: 2710806962
03-27 15:45:59.744 20512-20546/? I/MPEG4Writer: Earliest track starting time: 2710806962
03-27 15:45:59.753 20489-20489/? D/LifecycleMonitor: Lifecycle status change: com.example.MainActivity@9fd706c in: CREATED
03-27 15:45:59.753 20489-20489/? V/ActivityScenario: Update currentActivityStage to CREATED, currentActivity=com.example.MainActivity@9fd706c
03-27 15:45:59.754 20489-20489/? D/LifecycleMonitor: Lifecycle status change: com.example.MainActivity@9fd706c in: STARTED
03-27 15:45:59.754 20489-20489/? V/ActivityScenario: Update currentActivityStage to STARTED, currentActivity=com.example.MainActivity@9fd706c
03-27 15:45:59.755 6721-6748/? I/NetworkScheduler.Stats: Task com.google.android.gms/com.google.android.gms.ipa.base.IpaGcmTaskService finished executing. cause:9 result: 1 elapsed_millis: 75 uptime_millis: 75 exec_start_elapsed_seconds: 2710 [CONTEXT service_id=218 ]
03-27 15:45:59.756 20489-20489/? D/LifecycleMonitor: Lifecycle status change: com.example.MainActivity@9fd706c in: RESUMED
03-27 15:45:59.756 20489-20489/? V/ActivityScenario: Update currentActivityStage to RESUMED, currentActivity=com.example.MainActivity@9fd706c
03-27 15:45:59.768 1305-1305/? I/GsaVoiceInteractionSrv: Handling ACTION_STOP_HOTWORD
03-27 15:45:59.769 1305-1305/? E/HwDetectorWithState: a: 3
03-27 15:45:59.775 350-350/? D/goldfish-address-space: claimShared: Ask to claim region [0x3f3662000 0x3f38ac000]
03-27 15:45:59.777 540-4656/? D/HostConnection: createUnique: call
03-27 15:45:59.777 540-4656/? D/HostConnection: HostConnection::get() New Host Connection established 0x7fa32f92b510, tid 4656
03-27 15:45:59.784 540-4656/? D/HostConnection: HostComposition ext ANDROID_EMU_CHECKSUM_HELPER_v1 ANDROID_EMU_native_sync_v2 ANDROID_EMU_native_sync_v3 ANDROID_EMU_native_sync_v4 ANDROID_EMU_dma_v1 ANDROID_EMU_direct_mem ANDROID_EMU_vulkan ANDROID_EMU_deferred_vulkan_commands ANDROID_EMU_vulkan_null_optional_strings ANDROID_EMU_vulkan_create_resources_with_requirements ANDROID
03-27 15:45:59.784 540-4656/? D/HostConnection: _EMU_YUV_Cache ANDROID_EMU_vulkan_ignored_handles ANDROID_EMU_has_shared_slots_host_memory_allocator ANDROID_EMU_vulkan_free_memory_sync ANDROID_EMU_vulkan_shader_float16_int8 ANDROID_EMU_vulkan_async_queue_submit ANDROID_EMU_vulkan_queue_submit_with_commands ANDROID_EMU_sync_buffer_data ANDROID_EMU_vulkan_async_qsri ANDROID_EMU_read_color_buffer_dma GL_OES_EGL_image_external_essl3 GL_OES_vertex_array_object GL_KHR_texture_compression_astc_ldr ANDROID_EMU_host_side_tracing ANDROID_EMU_gles_max_version_3_0 
03-27 15:45:59.784 540-4656/? W/OpenGLRenderer: Failed to choose config with EGL_SWAP_BEHAVIOR_PRESERVED, retrying without...
03-27 15:45:59.784 540-4656/? W/OpenGLRenderer: Failed to initialize 101010-2 format, error = EGL_SUCCESS
03-27 15:45:59.784 540-4656/? D/EGL_emulation: eglCreateContext: 0x7fa32f9a8910: maj 3 min 0 rcv 3
03-27 15:45:59.785 540-4656/? D/EGL_emulation: eglMakeCurrent: 0x7fa32f9a8910: ver 3 0 (tinfo 0x7fa557182080) (first time)
03-27 15:45:59.797 20489-20531/? D/HostConnection: createUnique: call
03-27 15:45:59.797 20489-20531/? D/HostConnection: HostConnection::get() New Host Connection established 0x7fa32f90f010, tid 20531
03-27 15:45:59.802 20489-20531/? D/HostConnection: HostComposition ext ANDROID_EMU_CHECKSUM_HELPER_v1 ANDROID_EMU_native_sync_v2 ANDROID_EMU_native_sync_v3 ANDROID_EMU_native_sync_v4 ANDROID_EMU_dma_v1 ANDROID_EMU_direct_mem ANDROID_EMU_vulkan ANDROID_EMU_deferred_vulkan_commands ANDROID_EMU_vulkan_null_optional_strings ANDROID_EMU_vulkan_create_resources_with_requirements ANDROID_EMU_YUV_Cache ANDROID_EMU_vulkan_ignored_handles ANDROID_EMU_has_shared_slots_host_memory_allocator ANDROID_EMU_vulkan_free_memory_sync ANDROID_EMU_vulkan_shader_float16_int8 ANDROID_EMU_vulkan_async_queue_submit ANDROID_EMU_vulkan_queue_submit_with_commands ANDROID_EMU_sync_buffer_data ANDROID_EMU_vulkan_async_qsri ANDROID_EMU_read_color_buffer_dma GL_OES_EGL_image_external_essl3 GL_OES_vertex_array_object GL_KHR_texture_compression_astc_ldr ANDROID_EMU_host_side_tracing ANDROID_EMU_gles_max_version_3_0 
03-27 15:45:59.803 192-192/? I/hwservicemanager: getTransport: Cannot find entry android.hardware.configstore@1.0::ISurfaceFlingerConfigs/default in either framework or device VINTF manifest.
03-27 15:45:59.804 20489-20531/? W/OpenGLRenderer: Failed to choose config with EGL_SWAP_BEHAVIOR_PRESERVED, retrying without...
03-27 15:45:59.804 20489-20531/? W/OpenGLRenderer: Failed to initialize 101010-2 format, error = EGL_SUCCESS
03-27 15:45:59.805 20489-20531/? D/EGL_emulation: eglCreateContext: 0x7fa32f90f3d0: maj 3 min 0 rcv 3
03-27 15:45:59.805 20489-20531/? D/EGL_emulation: eglMakeCurrent: 0x7fa32f90f3d0: ver 3 0 (tinfo 0x7fa54d5a9080) (first time)
03-27 15:45:59.809 408-864/? E/HWComposer: getSupportedContentTypes: getSupportedContentTypes failed for display 4619827259835644672: Unsupported (8)
03-27 15:45:59.809 192-192/? I/hwservicemanager: getTransport: Cannot find entry android.hardware.graphics.mapper@4.0::IMapper/default in either framework or device VINTF manifest.
03-27 15:45:59.809 20489-20531/? I/Gralloc4: mapper 4.x is not supported
03-27 15:45:59.810 20489-20531/? D/HostConnection: createUnique: call
03-27 15:45:59.810 20489-20531/? D/HostConnection: HostConnection::get() New Host Connection established 0x7fa32f911710, tid 20531
03-27 15:45:59.810 20489-20531/? D/goldfish-address-space: allocate: Ask for block of size 0x100
03-27 15:45:59.810 20489-20531/? D/goldfish-address-space: allocate: ioctl allocate returned offset 0x3ebffe000 size 0x2000
03-27 15:45:59.831 192-192/? I/hwservicemanager: getTransport: Cannot find entry android.hardware.graphics.allocator@4.0::IAllocator/default in either framework or device VINTF manifest.
03-27 15:45:59.832 20489-20531/? W/Gralloc4: allocator 4.x is not supported
03-27 15:45:59.835 350-350/? D/goldfish-address-space: claimShared: Ask to claim region [0x3f614d000 0x3f6a73000]
03-27 15:45:59.846 20489-20531/? D/HostConnection: HostComposition ext ANDROID_EMU_CHECKSUM_HELPER_v1 ANDROID_EMU_native_sync_v2 ANDROID_EMU_native_sync_v3 ANDROID_EMU_native_sync_v4 ANDROID_EMU_dma_v1 ANDROID_EMU_direct_mem ANDROID_EMU_vulkan ANDROID_EMU_deferred_vulkan_commands ANDROID_EMU_vulkan_null_optional_strings ANDROID_EMU_vulkan_create_resources_with_requirements ANDROID_EMU_YUV_Cache ANDROID_EMU_vulkan_ignored_handles ANDROID_EMU_has_shared_slots_host_memory_alloc
03-27 15:45:59.846 20489-20531/? D/HostConnection: ator ANDROID_EMU_vulkan_free_memory_sync ANDROID_EMU_vulkan_shader_float16_int8 ANDROID_EMU_vulkan_async_queue_submit ANDROID_EMU_vulkan_queue_submit_with_commands ANDROID_EMU_sync_buffer_data ANDROID_EMU_vulkan_async_qsri ANDROID_EMU_read_color_buffer_dma GL_OES_EGL_image_external_essl3 GL_OES_vertex_array_object GL_KHR_texture_compression_astc_ldr ANDROID_EMU_host_side_tracing ANDROID_EMU_gles_max_version_3_0 
03-27 15:45:59.847 350-350/? D/goldfish-address-space: claimShared: Ask to claim region [0x3f7399000 0x3f7cbf000]
03-27 15:45:59.853 350-350/? D/goldfish-address-space: claimShared: Ask to claim region [0x3f4000000 0x3f4926000]
03-27 15:45:59.903 540-557/? I/ActivityTaskManager: Displayed com.example/.MainActivity: +260ms
03-27 15:45:59.928 1267-1267/? I/GoogleInputMethodService: GoogleInputMethodService.onFinishInput():3420 
03-27 15:45:59.929 1267-1267/? I/GoogleInputMethodService: GoogleInputMethodService.onStartInput():2002 
03-27 15:45:59.930 1267-1267/? I/DeviceUnlockedTag: DeviceUnlockedTag.notifyDeviceLockStatusChanged():31 Notify device unlocked.
03-27 15:45:59.932 540-1455/? W/InputManager-JNI: Input channel object '6c96689 Splash Screen com.example (client)' was disposed without first being removed with the input manager!
03-27 15:45:59.976 458-768/? D/BufferPoolAccessor2.0: evictor expired: 1, evicted: 0
03-27 15:45:59.987 350-350/? D/goldfish-address-space: claimShared: Ask to claim region [0x3ef4ff000 0x3ef883000]
03-27 15:45:59.999 350-350/? D/goldfish-address-space: claimShared: Ask to claim region [0x3ef883000 0x3efc07000]
03-27 15:46:00.002 540-1377/? W/ActivityManager: Unable to start service Intent { act=android.service.smartspace.SmartspaceService cmp=com.google.android.as/com.google.android.apps.miphone.aiai.app.AiAiSmartspaceService } U=0: not found
03-27 15:46:00.002 540-1377/? W/RemoteSmartspaceService: could not bind to Intent { act=android.service.smartspace.SmartspaceService cmp=com.google.android.as/com.google.android.apps.miphone.aiai.app.AiAiSmartspaceServ
03-27 15:46:00.002 540-1377/? W/RemoteSmartspaceService: ice } using flags 67112961
03-27 15:46:00.005 540-540/? W/ActivityManager: Unbind failed: could not find connection for android.app.LoadedApk$ServiceDispatcher$InnerConnection@b239a50
03-27 15:46:00.009 1432-1432/? I/A: onApplyWindowInsets: systemWindowInsets=Insets{left=0, top=66, right=0, bottom=132}
03-27 15:46:00.010 1432-1432/? I/A: onApplyWindowInsets: systemWindowInsets=Insets{left=0, top=66, right=0, bottom=132}
03-27 15:46:00.061 408-408/? W/SurfaceFlinger: couldn't log to binary event log: overflow.
03-27 15:46:00.062 408-408/? W/SurfaceFlinger: couldn't log to binary event log: overflow.
03-27 15:46:00.066 350-350/? D/goldfish-address-space: claimShared: Ask to claim region [0x3efc07000 0x3eff8b000]
03-27 15:46:00.268 6721-7562/? I/FontLog: Received query Noto Color Emoji Compat, URI content://com.google.android.gms.fonts [CONTEXT service_id=132 ]
03-27 15:46:00.269 6721-7562/? I/FontLog: Query [emojicompat-emoji-font] resolved to {Noto Color Emoji Compat, wdth 100.0, wght 400, ital 0.0, bestEffort false} [CONTEXT service_id=132 ]
03-27 15:46:00.271 6721-7562/? I/FontLog: Fetch {Noto Color Emoji Compat, wdth 100.0, wght 400, ital 0.0, bestEffort false} end status Status{statusCode=SUCCESS, resolution=null} [CONTEXT service_id=132 ]
03-27 15:46:00.276 6721-7562/? I/FontLog: Pulling font file for id = 40, cache size = 15 [CONTEXT service_id=132 ]
03-27 15:46:00.279 6721-7562/? I/FontLog: Pulling font file for id = 40, cache size = 15 [CONTEXT service_id=132 ]
03-27 15:46:00.494 20489-20489/? W/com.example: Accessing hidden method Landroid/os/MessageQueue;->next()Landroid/os/Message; (unsupported, reflection, allowed)
03-27 15:46:00.494 20489-20489/? W/com.example: Accessing hidden field Landroid/os/MessageQueue;->mMessages:Landroid/os/Message; (unsupported, reflection, allowed)
03-27 15:46:00.494 20489-20489/? W/com.example: Accessing hidden method Landroid/os/Message;->recycleU
03-27 15:46:00.494 20489-20489/? W/com.example: nchecked()V (unsupported, reflection, allowed)
03-27 15:46:00.495 20489-20489/? W/com.example: Accessing hidden method Landroid/view/WindowManagerGlobal;->getInstance()Landroid/view/WindowManagerGlobal; (unsupported, reflection, allowed)
03-27 15:46:00.495 20489-20489/? W/com.example: Accessing hidden field Landroid/view/WindowManagerGlobal;->mViews:Ljava/util/ArrayList; (unsupported, reflection, allowed)
03-27 15:46:00.495 20489-20489/? W/com.example: Accessing hidden field Landroid/view/WindowManagerGlobal;->mParams:Ljava/util/Arr
03-27 15:46:00.495 20489-20489/? W/com.example: ayList; (unsupported, reflection, allowed)
03-27 15:46:00.498 20489-20489/? I/ViewInteraction: Checking 'MatchesViewAssertion{viewMatcher=an instance of android.widget.TextView and view.getText() with or without transformation to match: is "Test"}' assertion on view (view.getId() is <2131230838/com.example:id/edittext>)
03-27 15:46:00.503 350-350/? D/goldfish-address-space: claimShared: Ask to claim region [0x3ec000000 0x3ec926000]
03-27 15:46:00.507 192-192/? I/hwservicemanager: getTransport: Cannot find entry android.hardware.graphics.mapper@4.0::IMapper/default in either framework or device VINTF manifest.
03-27 15:46:00.507 20469-20527/? I/Gralloc4: mapper 4.x is not supported
03-27 15:46:00.517 20469-20527/? D/HostConnection: createUnique: call
03-27 15:46:00.517 20469-20527/? D/HostConnection: HostConnection::get() New Host Connection established 0x7d38f52ce350, tid 20527
03-27 15:46:00.517 20469-20527/? D/goldfish-address-space: allocate: Ask for block of size 0x100
03-27 15:46:00.517 20469-20527/? D/goldfish-address-space: allocate: ioctl allocate returned offset 0x3ebffe000 size 0x2000
03-27 15:46:00.562 20469-20527/? D/HostConnection: HostComposition ext ANDROID_EMU_CHECKSUM_HELPER_v1 ANDROID_EMU_native_sync_v2 ANDROID_EMU_native_sync_v3 ANDROID_EMU_native_sync_v4 ANDROID_EMU_dma_v1 ANDROID_EMU_direct_mem ANDROID_EMU_vulkan ANDROID_EMU_deferred_vulkan_commands ANDROID_EMU_vulkan_null_optional_strings ANDROID_EMU_vulkan_create_resources_with_requirements ANDROID_EMU_YUV_Cache ANDROID_EMU_vulkan_ignored_handles ANDROID_EMU_has_shared_slots_host_memory_allocator ANDROID_EMU_vulkan_free_mem
03-27 15:46:00.562 20469-20527/? D/HostConnection: ory_sync ANDROID_EMU_vulkan_shader_float16_int8 ANDROID_EMU_vulkan_async_queue_submit ANDROID_EMU_vulkan_queue_submit_with_commands ANDROID_EMU_sync_buffer_data ANDROID_EMU_vulkan_async_qsri ANDROID_EMU_read_color_buffer_dma GL_OES_EGL_image_external_essl3 GL_OES_vertex_array_object GL_KHR_texture_compression_astc_ldr ANDROID_EMU_host_side_tracing ANDROID_EMU_gles_max_version_3_0 
03-27 15:46:00.571 20469-20627/? D/libEGL: loaded /vendor/lib64/egl/libEGL_emulation.so
03-27 15:46:00.572 20469-20627/? D/libEGL: loaded /vendor/lib64/egl/libGLESv1_CM_emulation.so
03-27 15:46:00.573 20469-20627/? D/libEGL: loaded /vendor/lib64/egl/libGLESv2_emulation.so
03-27 15:46:00.584 20469-20627/? D/HostConnection: createUnique: call
03-27 15:46:00.584 20469-20627/? D/HostConnection: HostConnection::get() New Host Connection established 0x7d38f52ccf10, tid 20627
03-27 15:46:00.591 20469-20627/? D/HostConnection: HostComposition ext ANDROID_EMU_CHECKSUM_HELPER_v1 ANDROID_EMU_native_sync_v2 ANDROID_EMU_native_sync_v3 ANDROID_EMU_native_sync_v4 ANDROID_EMU_dma_v1 ANDROID_EMU_direct_mem ANDROID_EMU_vulkan ANDROID_EMU_deferred_vulkan_commands ANDROID_EMU_vulkan_null_optional_strings ANDROID_EMU_vulkan_create_resources_with_requirements ANDROID_EMU_YUV_Cache ANDROID_EMU_vulkan_ignored_handles ANDROID_EMU_has_shared_slots_host_memory_allocator ANDROID_EMU_vulkan_free_memory_sync ANDROID_EMU_vulkan_shader_float16_int8 ANDROID_EMU_vulkan_async_queue_submit ANDROID_EMU_vulkan_queue_submit_with_commands ANDROID_EMU_sync_buffer_data ANDROID_EMU_vulkan_async_qsri ANDROID_EMU_read_color_buffer_dma GL_OES_EGL_image_external_essl3 GL_OES_vertex_array_object GL_KHR_texture_compression_astc_ldr ANDROID_EMU_host_side_tracing ANDROID_EMU_gles_max_version_3_0 
03-27 15:46:00.592 192-192/? I/hwservicemanager: getTransport: Cannot find entry android.hardware.configstore@1.0::ISurfaceFlingerConfigs/default in either framework or device VINTF manifest.
03-27 15:46:00.592 20469-20627/? W/OpenGLRenderer: Failed to choose config with EGL_SWAP_BEHAVIOR_PRESERVED, retrying without...
03-27 15:46:00.593 20469-20627/? W/OpenGLRenderer: Failed to initialize 101010-2 format, error = EGL_SUCCESS
03-27 15:46:00.593 20469-20627/? D/EGL_emulation: eglCreateContext: 0x7d38f52ce410: maj 3 min 0 rcv 3
03-27 15:46:00.594 20469-20627/? D/EGL_emulation: eglMakeCurrent: 0x7d38f52ce410: ver 3 0 (tinfo 0x7d3b1f6cf080) (first time)
03-27 15:46:00.658 11419-20631/? I/ProvidersCache: Provider returned no roots. Possibly naughty: com.google.android.apps.docs.storage
03-27 15:46:00.775 540-2121/? I/ActivityTaskManager: START u0 {act=android.intent.action.MAIN cat=[android.intent.category.LAUNCHER] flg=0x10000000 cmp=com.example.test/androidx.test.core.app.InstrumentationActivityInvoker$EmptyActivity} from uid 10171
03-27 15:46:00.777 540-2121/? W/ActivityTaskManager: Can't find TaskDisplayArea to determine support for multi window. Task id=135 attached=false
03-27 15:46:00.788 20489-20489/? D/LifecycleMonitor: Lifecycle status change: com.example.MainActivity@9fd706c in: PAUSED
03-27 15:46:00.788 20489-20489/? V/ActivityScenario: Update currentActivityStage to PAUSED, currentActivity=com.example.MainActivity@9fd706c
03-27 15:46:00.789 540-1377/? W/ActivityTaskManager: Tried to set launchTime (0) < mLastActivityLaunchTime (2707884)
03-27 15:46:00.810 350-350/? D/goldfish-address-space: claimShared: Ask to claim region [0x3eccaa000 0x3ed5d0000]
03-27 15:46:00.812 408-408/? I/BpBinder: onLastStrongRef automatically unlinking death recipients: <uncached descriptor>
03-27 15:46:00.820 350-350/? D/goldfish-address-space: claimShared: Ask to claim region [0x3ed954000 0x3ee27a000]
03-27 15:46:00.821 350-350/? D/goldfish-address-space: claimShared: Ask to claim region [0x3ee27a000 0x3eeba0000]
03-27 15:46:00.827 350-350/? D/goldfish-address-space: claimShared: Ask to claim region [0x3f0000000 0x3f05db000]
03-27 15:46:00.857 713-938/? D/EGL_emulation: app_time_stats: avg=379.18ms min=90.76ms max=813.15ms count=3
03-27 15:46:00.860 713-938/? D/EGL_emulation: app_time_stats: avg=569.41ms min=234.57ms max=904.26ms count=2
03-27 15:46:00.872 350-350/? D/goldfish-address-space: claimShared: Ask to claim region [0x3f05db000 0x3f0f01000]
03-27 15:46:00.876 350-350/? D/goldfish-address-space: claimShared: Ask to claim region [0x3f6a73000 0x3f7399000]
03-27 15:46:00.877 350-350/? D/goldfish-address-space: claimShared: Ask to claim region [0x3f4926000 0x3f524c000]
03-27 15:46:00.884 540-557/? I/ActivityTaskManager: Displayed com.example.test/androidx.test.core.app.InstrumentationActivityInvoker$EmptyActivity: +107ms
03-27 15:46:00.900 540-1782/? W/InputManager-JNI: Input channel object 'f02d067 Splash Screen com.example.test (client)' was disposed without first being removed with the input manager!
03-27 15:46:00.903 1267-1267/? I/GoogleInputMethodService: GoogleInputMethodService.onFinishInput():3420 
03-27 15:46:00.904 1267-1267/? I/GoogleInputMethodService: GoogleInputMethodService.onStartInput():2002 
03-27 15:46:00.904 1267-1267/? I/DeviceUnlockedTag: DeviceUnlockedTag.notifyDeviceLockStatusChanged():31 Notify device unlocked.
03-27 15:46:00.905 350-350/? D/goldfish-address-space: claimShared: Ask to claim region [0x3ed954000 0x3edf2f000]
03-27 15:46:00.906 20489-20489/? D/LifecycleMonitor: Lifecycle status change: com.example.MainActivity@9fd706c i
03-27 15:46:00.906 20489-20489/? D/LifecycleMonitor: n: STOPPED
03-27 15:46:00.907 20489-20489/? V/ActivityScenario: Update currentActivityStage to STOPPED, currentActivity=com.example.MainActivity@9fd706c
03-27 15:46:00.909 20489-20489/? D/LifecycleMonitor: Lifecycle status change: com.example.MainActivity@9fd706c in: DESTROYED
03-27 15:46:00.910 20489-20489/? V/ActivityScenario: Update currentActivityStage to DESTROYED, currentActivity=null
03-27 15:46:00.923 540-854/? W/InputManager-JNI: Input channel object 'b48dd69 com.example/com.example.MainActivity (client)' was disposed without first being removed with the input manager!
03-27 15:46:00.932 1432-1432/? I/A: onApplyWindowInsets: systemWindowInsets=Insets{left=0, top=66, right=0, bottom=132}
03-27 15:46:00.932 1432-1432/? I/A: onApplyWindowInsets: systemWindowInsets=Insets{left=0, top=66, right=0, bottom=132}
03-27 15:46:00.934 350-350/? D/goldfish-address-space: claimShared: Ask to claim region [0x3eccaa000 0x3ed5d0000]
03-27 15:46:00.936 540-1377/? W/ActivityManager: Unable to start service Intent { act=android.service.smartspace.SmartspaceService cmp=com.google.android.as/com.google.android.apps.miphone.aiai.app.AiAiSmartspaceService } U=0: not found
03-27 15:46:00.936 540-1377/? W/RemoteSmartspaceService: could not bind to Intent { act=android.service.smartspace.SmartspaceService cmp=com.google.android.as/com.google.android.apps.miphone.aiai.app.AiAiSmartspaceService } using flags 67112961
03-27 15:46:00.936 350-350/? D/goldfish-address-space: claimShared: Ask to claim region [0x3edf2f000 0x3ee855000]
03-27 15:46:00.937 350-350/? D/goldfish-address-space: claimShared: Ask to claim region [0x3f4000000 0x3f4926000]
03-27 15:46:00.939 540-540/? W/ActivityManager: Unbind failed: could not find connection for android.app.LoadedApk$ServiceDispatcher$InnerConnection@17575c2
03-27 15:46:00.943 540-561/? W/ActivityTaskManager: Can't find TaskDisplayArea to determine support for multi window. Task id=134 attached=false
03-27 15:46:00.943 540-561/? W/ActivityTaskManager: Can't find TaskDisplayArea to determine support for multi window. Task id=134 attached=false
03-27 15:46:00.945 540-1377/? W/ActivityManager: Unable to start service Intent { act=android.service.smartspace.SmartspaceService cmp=com.google.android.as/com.google.android.apps.miphone.aiai.app.AiAiSmartspaceService } U=0: not found
03-27 15:46:00.945 540-1377/? W/RemoteSmartspaceService: could not bind to Intent { act=android.service.smartspace.SmartspaceService cmp=com.google.android.as/com.google.
03-27 15:46:00.945 540-1377/? W/RemoteSmartspaceService: android.apps.miphone.aiai.app.AiAiSmartspaceService } using flags 67112961
03-27 15:46:00.945 540-540/? W/ActivityManager: Unbind failed: could not find connection for android.app.LoadedApk$ServiceDispatcher$InnerConnection@3292c0e
03-27 15:46:00.947 350-350/? D/goldfish-address-space: claimShared: Ask to claim region [0x3f7399000 0x3f7cbf000]
03-27 15:46:00.948 20489-20508/? I/TestRunner: finished: testText(com.example.MainActivityAllureTest)
03-27 15:46:00.949 350-350/? D/goldfish-address-space: claimShared: Ask to claim region [0x3f524c000 0x3f5b72000]
03-27 15:46:00.950 350-350/? D/goldfish-address-space: claimShared: Ask to claim region [0x3f5b72000 0x3f6498000]
03-27 15:46:00.953 1305-1305/? I/GsaVoiceInteractionSrv: Handling ACTION_START_HOTWORD
03-27 15:46:00.953 1305-1305/? I/GsaVoiceInteractionSrv: disregardVoiceMatch: false
03-27 15:46:00.953 1305-1305/? I/GsaVoiceInteractionSrv: Cannot start hotword, hotword has been explicitly disabled.
03-27 15:46:00.955 1432-6711/? I/OpenGLRenderer: Davey! duration=9811ms; Flags=1, FrameTimelineVsyncId=9454, IntendedVsync=2702255204913, Vsync=2702255204913, InputEventId=0, HandleInputStart=2702255758357,
03-27 15:46:00.955 1432-6711/? I/OpenGLRenderer:  AnimationStart=2702255759379, PerformTraversalsStart=2702255759951, DrawStart=2702265531789, FrameDeadline=2702288538245, FrameInterval=2702255749452, FrameStartTime=16666666, SyncQueued=2702266252901, SyncStart=2702266648102, IssueDrawCommandsStart=2702266804186, SwapBuffers=2702267063267, FrameCompleted=2712067402875, DequeueBufferDuration=2565, QueueBufferDuration=400338, GpuCompleted=2712067402875, SwapBuffersCompleted=2702268043775, DisplayPresentTime=8125572142854733830, 
03-27 15:46:00.961 408-408/? I/BpBinder: onLastStrongRef automatically unlinking death recipients: <uncached descriptor>
03-27 15:46:00.970 20489-20508/? I/TestRunner: run finished: 1 tests, 0 failed, 0 ignored
03-27 15:46:00.983 1267-1267/? I/GoogleInputMethodService: GoogleInputMethodService.onFinishInput():3420 
03-27 15:46:00.983 1267-1267/? I/GoogleInputMethodService: GoogleInputMethodService.onStartInput():2002 
03-27 15:46:00.984 1267-1267/? I/DeviceUnlockedTag: DeviceUnlockedTag.notifyDeviceLockStatusChanged():31 Notify device unlocked.
03-27 15:46:00.991 540-1782/? W/InputManager-JNI: Input channel object 'df77698 com.example.test/androidx.test.core.app.InstrumentationActivityInvoker$EmptyActivity (client)' was disposed without first being removed with the input manager!
03-27 15:46:00.994 540-540/? D/BatterySaverPolicy: accessibility changed to false, updating policy.
03-27 15:46:00.994 1432-1749/? I/A: NGA disabled due to not being eligible.
03-27 15:46:00.997 540-1767/? I/ActivityManager: Force stopping com.example appid=10171 user=0: finished inst
03-27 15:46:00.999 540-1767/? I/ActivityManager: Killing 20489:com.example/u0a171 (adj 0): stop com.example due to finished inst
03-27 15:46:01.002 20469-20469/? I/app_process: System.exit called, status: 0
03-27 15:46:01.002 20469-20469/? I/AndroidRuntime: VM exiting with result code 0.
03-27 15:46:01.012 540-561/? W/ActivityTaskManager: Can't find TaskDisplayArea to determine support for multi window. Task id=135 attached=false
03-27 15:46:01.012 540-561/? W/ActivityTaskManager: Can't find TaskDisplayArea to determine support for multi window. Task id=135 attached=false
03-27 15:46:01.043 20512-20547/? I/MPEG4Writer: setStartTimestampUs: 2710806962
03-27 15:46:01.054 20512-20521/? D/PipelineWatcher: onInputBufferReleased: frameIndex not found (36); ignored
03-27 15:46:01.062 350-350/? D/goldfish-address-space: claimShared: Ask to claim region [0x3ee855000 0x3eea9f000]
03-27 15:46:01.063 20512-20512/? D/MPEG4Writer: reset()
03-27 15:46:01.063 20512-20512/? D/MPEG4Writer: Video track stopping. Stop source
03-27 15:46:01.063 20512-20512/? D/MPEG4Writer: Video track source stopping
03-27 15:46:01.063 20512-20512/? D/MPEG4Writer: Video track source stopped
03-27 15:46:01.063 20512-20512/? D/MPEG4Writer: [ 03-27 15:46:01.063 20512:20546 V/MediaWriter
03-27 15:46:01.063 20512-20512/? D/MPEG4Writer:  ]
03-27 15:46:01.063 20512-20512/? D/MPEG4Writer: Track event err/info msg:101, trackId:1, type:1000,val:-1011
03-27 15:46:01.063 20512-20546/? I/MPEG4Writer: Received total/0-length (31/0) buffers and encoded 31 frames. - Video
03-27 15:46:01.063 20512-20512/? D/MPEG4Writer: Video track stopped. Status:0. Stop source
03-27 15:46:01.063 20512-20547/? V/MediaWriter: Track event err/info msg:101, trackId:2, type:1000,val:-1011
03-27 15:46:01.063 20512-20547/? W/MPEG4Writer: 0-duration samples found: 1
03-27 15:46:01.063 20512-20547/? I/MPEG4Writer: Received total/0-length (1/0) buffers and encoded 1 frames. - Metadata
03-27 15:46:01.063 20512-20512/? D/MPEG4Writer: Metadata track stopping. Stop source
03-27 15:46:01.063 20512-20512/? D/MPEG4Writer: Metadata track source stopping
03-27 15:46:01.063 20512-20512/? D/MPEG4Writer: Metadata track source stopped
03-27 15:46:01.063 20512-20512/? D/MPEG4Writer: Metadata track stopped. Status:0. Stop source
03-27 15:46:01.063 20512-20512/? D/MPEG4Writer: Duration from tracks range is [0, 1243760] us
03-27 15:46:01.063 20512-20544/? D/MPEG4Writer: 0 chunks are written in the last batch
03-27 15:46:01.063 20512-20512/? D/MPEG4Writer: WriterThread stopped. Status:0
03-27 15:46:01.063 20512-20512/? I/MPEG4Writer: Adjust the moov start time from 2710806962 us -> 2710806962 us
03-27 15:46:01.063 20512-20512/? I/MPEG4Writer: MOOV atom was written to the file
03-27 15:46:01.063 20512-20512/? D/MPEG4Writer: release()
03-27 15:46:01.063 20512-20512/? D/MPEG4Writer: ftruncate mPreAllocateFileEndOffset:135225 mOffset:1600 mMdatEndOffset:132617 diff:2608
03-27 15:46:01.063 540-1377/? D/HostConnection: createUnique: call
03-27 15:46:01.064 540-1377/? D/HostConnection: HostConnection::get() New Host Connection established 0x7fa32f99c610, tid 1377
03-27 15:46:01.065 20512-20512/? D/MPEG4Writer: final fsync() takes 2 ms, file size 132617
03-27 15:46:01.066 20512-20512/? D/MPEG4Writer: MP4WtrCtrlHlpLooper stopped
03-27 15:46:01.066 20512-20512/? D/MPEG4Writer: Top 5 write durations(microseconds): #1:10 #2:36 #3:147 #4:308 #5:419
03-27 15:46:01.067 540-1782/? V/ActivityManager: Got obituary of 20489:com.example
03-27 15:46:01.070 334-334/? I/Zygote: Process 20489 exited due to signal 9 (Killed)
03-27 15:46:01.070 540-560/? W/ActivityManager: setHasOverlayUi called on unknown pid: 20489
03-27 15:46:01.072 20512-20517/? I/hw-BpHwBinder: onLastStrongRef automatically unlinking death recipients
03-27 15:46:01.073 458-6072/? I/hw-BpHwBinder: onLastStrongRef automatically unlinking death recipients
03-27 15:46:01.074 458-6072/? V/C2Store: in ~ComponentModule
03-27 15:46:01.074 458-6072/? V/C2Store: unloading dll
03-27 15:46:01.074 20512-20512/? I/BpBinder: onLastStrongRef automatically unlinking death recipients: <uncached descriptor>
